2025-12-02 16:33 - INFO - Creating dataset with 60 examples
2025-12-02 16:33 - INFO - Starting training:
        Model:           main64-cloud_occlusion
        Loss rate:       (0.6, 0.4)
        Epochs:          100
        Batch size:      2
        Learning rate:   0.0001
        Training size:   54
        Validation size: 6
        Device:          cuda
        Checkpoints:     True
    
2025-12-02 16:33 - INFO - Model config saved to F:\Bo Yu\Bsinet_yb\Mymodel\noise\SC\main64\cloud_occlusion\model_config_main64-cloud_occlusion.yaml
2025-12-02 16:33 - INFO - Epoch 1 - Train loss: 0.7330 - Val loss: 0.9488 - Boundary loss: 0.6303 - Mask loss: 1.1612 - LR: 0.00010
2025-12-02 16:33 - INFO - Epoch 2 - Train loss: 0.6569 - Val loss: 0.9893 - Boundary loss: 0.5766 - Mask loss: 1.2644 - LR: 0.00010
2025-12-02 16:33 - INFO - Epoch 3 - Train loss: 0.6298 - Val loss: 0.6731 - Boundary loss: 0.4542 - Mask loss: 0.8191 - LR: 0.00010
2025-12-02 16:34 - INFO - Epoch 4 - Train loss: 0.6074 - Val loss: 0.6512 - Boundary loss: 0.4330 - Mask loss: 0.7966 - LR: 0.00010
2025-12-02 16:34 - INFO - Epoch 5 - Train loss: 0.5910 - Val loss: 0.6843 - Boundary loss: 0.4237 - Mask loss: 0.8581 - LR: 0.00010
2025-12-02 16:34 - INFO - Epoch 6 - Train loss: 0.5930 - Val loss: 0.6733 - Boundary loss: 0.4173 - Mask loss: 0.8440 - LR: 0.00010
2025-12-02 16:34 - INFO - Epoch 7 - Train loss: 0.5805 - Val loss: 0.6283 - Boundary loss: 0.4079 - Mask loss: 0.7753 - LR: 0.00010
2025-12-02 16:34 - INFO - Epoch 8 - Train loss: 0.5684 - Val loss: 0.6136 - Boundary loss: 0.3920 - Mask loss: 0.7613 - LR: 0.00010
2025-12-02 16:34 - INFO - Epoch 9 - Train loss: 0.5613 - Val loss: 0.6556 - Boundary loss: 0.3922 - Mask loss: 0.8313 - LR: 0.00010
2025-12-02 16:35 - INFO - Epoch 10 - Train loss: 0.5481 - Val loss: 0.6177 - Boundary loss: 0.3878 - Mask loss: 0.7710 - LR: 0.00010
2025-12-02 16:35 - INFO - Checkpoint 10 saved!
2025-12-02 16:35 - INFO - Epoch 11 - Train loss: 0.5484 - Val loss: 0.6151 - Boundary loss: 0.3783 - Mask loss: 0.7730 - LR: 0.00010
2025-12-02 16:35 - INFO - Epoch 12 - Train loss: 0.5430 - Val loss: 0.6279 - Boundary loss: 0.3736 - Mask loss: 0.7975 - LR: 0.00010
2025-12-02 16:35 - INFO - Epoch 13 - Train loss: 0.5381 - Val loss: 0.6364 - Boundary loss: 0.3745 - Mask loss: 0.8110 - LR: 0.00010
2025-12-02 16:35 - INFO - Epoch 14 - Train loss: 0.5287 - Val loss: 0.6032 - Boundary loss: 0.3685 - Mask loss: 0.7597 - LR: 0.00010
2025-12-02 16:36 - INFO - Epoch 15 - Train loss: 0.5271 - Val loss: 0.6267 - Boundary loss: 0.3525 - Mask loss: 0.8096 - LR: 0.00010
2025-12-02 16:36 - INFO - Epoch 16 - Train loss: 0.5283 - Val loss: 0.5811 - Boundary loss: 0.3520 - Mask loss: 0.7339 - LR: 0.00010
2025-12-02 16:36 - INFO - Epoch 17 - Train loss: 0.5250 - Val loss: 0.6063 - Boundary loss: 0.3369 - Mask loss: 0.7860 - LR: 0.00010
2025-12-02 16:36 - INFO - Epoch 18 - Train loss: 0.5058 - Val loss: 0.5642 - Boundary loss: 0.3352 - Mask loss: 0.7169 - LR: 0.00010
2025-12-02 16:36 - INFO - Epoch 19 - Train loss: 0.5023 - Val loss: 0.5894 - Boundary loss: 0.3409 - Mask loss: 0.7551 - LR: 0.00010
2025-12-02 16:37 - INFO - Epoch 20 - Train loss: 0.4966 - Val loss: 0.5991 - Boundary loss: 0.3400 - Mask loss: 0.7718 - LR: 0.00010
2025-12-02 16:37 - INFO - Checkpoint 20 saved!
2025-12-02 16:37 - INFO - Epoch 21 - Train loss: 0.4924 - Val loss: 0.5952 - Boundary loss: 0.3349 - Mask loss: 0.7687 - LR: 0.00010
2025-12-02 16:37 - INFO - Epoch 22 - Train loss: 0.4842 - Val loss: 0.5935 - Boundary loss: 0.3109 - Mask loss: 0.7818 - LR: 0.00010
2025-12-02 16:37 - INFO - Epoch 23 - Train loss: 0.4899 - Val loss: 0.5648 - Boundary loss: 0.3115 - Mask loss: 0.7337 - LR: 0.00010
2025-12-02 16:37 - INFO - Epoch 24 - Train loss: 0.4827 - Val loss: 0.5958 - Boundary loss: 0.3263 - Mask loss: 0.7755 - LR: 0.00010
2025-12-02 16:37 - INFO - Epoch 25 - Train loss: 0.4720 - Val loss: 0.5886 - Boundary loss: 0.3059 - Mask loss: 0.7770 - LR: 0.00010
2025-12-02 16:38 - INFO - Epoch 26 - Train loss: 0.4758 - Val loss: 0.5515 - Boundary loss: 0.3007 - Mask loss: 0.7187 - LR: 0.00010
2025-12-02 16:38 - INFO - Epoch 27 - Train loss: 0.4801 - Val loss: 0.5455 - Boundary loss: 0.3147 - Mask loss: 0.6994 - LR: 0.00010
2025-12-02 16:38 - INFO - Epoch 28 - Train loss: 0.4688 - Val loss: 0.5924 - Boundary loss: 0.3026 - Mask loss: 0.7856 - LR: 0.00010
2025-12-02 16:38 - INFO - Epoch 29 - Train loss: 0.4650 - Val loss: 0.5487 - Boundary loss: 0.2974 - Mask loss: 0.7163 - LR: 0.00010
2025-12-02 16:38 - INFO - Epoch 30 - Train loss: 0.4540 - Val loss: 0.5581 - Boundary loss: 0.2911 - Mask loss: 0.7361 - LR: 0.00010
2025-12-02 16:38 - INFO - Checkpoint 30 saved!
2025-12-02 16:39 - INFO - Epoch 31 - Train loss: 0.4381 - Val loss: 0.5382 - Boundary loss: 0.2827 - Mask loss: 0.7085 - LR: 0.00010
2025-12-02 16:39 - INFO - Epoch 32 - Train loss: 0.4407 - Val loss: 0.5424 - Boundary loss: 0.2722 - Mask loss: 0.7225 - LR: 0.00010
2025-12-02 16:39 - INFO - Epoch 33 - Train loss: 0.4313 - Val loss: 0.5343 - Boundary loss: 0.2744 - Mask loss: 0.7076 - LR: 0.00010
2025-12-02 16:39 - INFO - Epoch 34 - Train loss: 0.4304 - Val loss: 0.5736 - Boundary loss: 0.2791 - Mask loss: 0.7698 - LR: 0.00010
2025-12-02 16:39 - INFO - Epoch 35 - Train loss: 0.4271 - Val loss: 0.5484 - Boundary loss: 0.2552 - Mask loss: 0.7439 - LR: 0.00010
2025-12-02 16:39 - INFO - Epoch 36 - Train loss: 0.4264 - Val loss: 0.5447 - Boundary loss: 0.2531 - Mask loss: 0.7391 - LR: 0.00010
2025-12-02 16:40 - INFO - Epoch 37 - Train loss: 0.4177 - Val loss: 0.5156 - Boundary loss: 0.2320 - Mask loss: 0.7046 - LR: 0.00010
2025-12-02 16:40 - INFO - Epoch 38 - Train loss: 0.4135 - Val loss: 0.5082 - Boundary loss: 0.2658 - Mask loss: 0.6698 - LR: 0.00010
2025-12-02 16:40 - INFO - Epoch 39 - Train loss: 0.4132 - Val loss: 0.5296 - Boundary loss: 0.2323 - Mask loss: 0.7278 - LR: 0.00010
2025-12-02 16:40 - INFO - Epoch 40 - Train loss: 0.4011 - Val loss: 0.5286 - Boundary loss: 0.2377 - Mask loss: 0.7224 - LR: 0.00010
2025-12-02 16:40 - INFO - Checkpoint 40 saved!
2025-12-02 16:40 - INFO - Epoch 41 - Train loss: 0.4005 - Val loss: 0.5078 - Boundary loss: 0.2443 - Mask loss: 0.6834 - LR: 0.00010
2025-12-02 16:41 - INFO - Epoch 42 - Train loss: 0.4247 - Val loss: 0.5002 - Boundary loss: 0.2219 - Mask loss: 0.6857 - LR: 0.00010
2025-12-02 16:41 - INFO - Epoch 43 - Train loss: 0.4059 - Val loss: 0.5019 - Boundary loss: 0.2088 - Mask loss: 0.6972 - LR: 0.00010
2025-12-02 16:41 - INFO - Epoch 44 - Train loss: 0.3919 - Val loss: 0.5343 - Boundary loss: 0.2446 - Mask loss: 0.7274 - LR: 0.00010
2025-12-02 16:41 - INFO - Epoch 45 - Train loss: 0.3875 - Val loss: 0.4990 - Boundary loss: 0.2192 - Mask loss: 0.6855 - LR: 0.00010
2025-12-02 16:41 - INFO - Epoch 46 - Train loss: 0.3830 - Val loss: 0.5135 - Boundary loss: 0.2263 - Mask loss: 0.7050 - LR: 0.00010
2025-12-02 16:41 - INFO - Epoch 47 - Train loss: 0.3648 - Val loss: 0.5128 - Boundary loss: 0.2273 - Mask loss: 0.7031 - LR: 0.00010
2025-12-02 16:42 - INFO - Epoch 48 - Train loss: 0.3661 - Val loss: 0.5204 - Boundary loss: 0.2149 - Mask loss: 0.7240 - LR: 0.00010
2025-12-02 16:42 - INFO - Epoch 49 - Train loss: 0.3654 - Val loss: 0.4957 - Boundary loss: 0.2293 - Mask loss: 0.6733 - LR: 0.00010
2025-12-02 16:42 - INFO - Epoch 50 - Train loss: 0.3526 - Val loss: 0.4931 - Boundary loss: 0.2116 - Mask loss: 0.6808 - LR: 0.00010
2025-12-02 16:42 - INFO - Checkpoint 50 saved!
2025-12-02 16:42 - INFO - Epoch 51 - Train loss: 0.3641 - Val loss: 0.5058 - Boundary loss: 0.2004 - Mask loss: 0.7094 - LR: 0.00010
2025-12-02 16:42 - INFO - Epoch 52 - Train loss: 0.3584 - Val loss: 0.5244 - Boundary loss: 0.2215 - Mask loss: 0.7263 - LR: 0.00010
2025-12-02 16:43 - INFO - Epoch 53 - Train loss: 0.3511 - Val loss: 0.5030 - Boundary loss: 0.1887 - Mask loss: 0.7126 - LR: 0.00010
2025-12-02 16:43 - INFO - Epoch 54 - Train loss: 0.3526 - Val loss: 0.4941 - Boundary loss: 0.2003 - Mask loss: 0.6900 - LR: 0.00010
2025-12-02 16:43 - INFO - Epoch 55 - Train loss: 0.3379 - Val loss: 0.5127 - Boundary loss: 0.1966 - Mask loss: 0.7234 - LR: 0.00010
2025-12-02 16:43 - INFO - Epoch 56 - Train loss: 0.3338 - Val loss: 0.5088 - Boundary loss: 0.2010 - Mask loss: 0.7141 - LR: 0.00010
2025-12-02 16:43 - INFO - Epoch 57 - Train loss: 0.3333 - Val loss: 0.5452 - Boundary loss: 0.1900 - Mask loss: 0.7820 - LR: 0.00010
2025-12-02 16:43 - INFO - Epoch 58 - Train loss: 0.3208 - Val loss: 0.4870 - Boundary loss: 0.2013 - Mask loss: 0.6774 - LR: 0.00010
2025-12-02 16:44 - INFO - Epoch 59 - Train loss: 0.3241 - Val loss: 0.5230 - Boundary loss: 0.2032 - Mask loss: 0.7362 - LR: 0.00010
2025-12-02 16:44 - INFO - Epoch 60 - Train loss: 0.3217 - Val loss: 0.4793 - Boundary loss: 0.1871 - Mask loss: 0.6741 - LR: 0.00010
2025-12-02 16:44 - INFO - Checkpoint 60 saved!
2025-12-02 16:44 - INFO - Epoch 61 - Train loss: 0.3188 - Val loss: 0.5001 - Boundary loss: 0.1758 - Mask loss: 0.7164 - LR: 0.00010
2025-12-02 16:44 - INFO - Epoch 62 - Train loss: 0.3102 - Val loss: 0.5167 - Boundary loss: 0.1905 - Mask loss: 0.7342 - LR: 0.00010
2025-12-02 16:44 - INFO - Epoch 63 - Train loss: 0.3025 - Val loss: 0.4751 - Boundary loss: 0.2020 - Mask loss: 0.6571 - LR: 0.00010
2025-12-02 16:45 - INFO - Epoch 64 - Train loss: 0.2990 - Val loss: 0.5011 - Boundary loss: 0.1799 - Mask loss: 0.7152 - LR: 0.00010
2025-12-02 16:45 - INFO - Epoch 65 - Train loss: 0.3077 - Val loss: 0.5006 - Boundary loss: 0.1681 - Mask loss: 0.7223 - LR: 0.00010
2025-12-02 16:45 - INFO - Epoch 66 - Train loss: 0.3020 - Val loss: 0.4680 - Boundary loss: 0.1760 - Mask loss: 0.6627 - LR: 0.00010
2025-12-02 16:45 - INFO - Epoch 67 - Train loss: 0.2878 - Val loss: 0.5232 - Boundary loss: 0.1832 - Mask loss: 0.7498 - LR: 0.00010
2025-12-02 16:45 - INFO - Epoch 68 - Train loss: 0.2854 - Val loss: 0.5050 - Boundary loss: 0.1723 - Mask loss: 0.7267 - LR: 0.00010
2025-12-02 16:45 - INFO - Epoch 69 - Train loss: 0.2839 - Val loss: 0.4824 - Boundary loss: 0.1760 - Mask loss: 0.6867 - LR: 0.00010
2025-12-02 16:46 - INFO - Epoch 70 - Train loss: 0.2662 - Val loss: 0.4989 - Boundary loss: 0.1582 - Mask loss: 0.7260 - LR: 0.00010
2025-12-02 16:46 - INFO - Checkpoint 70 saved!
2025-12-02 16:46 - INFO - Epoch 71 - Train loss: 0.2731 - Val loss: 0.4825 - Boundary loss: 0.1592 - Mask loss: 0.6981 - LR: 0.00010
2025-12-02 16:46 - INFO - Epoch 72 - Train loss: 0.2768 - Val loss: 0.4816 - Boundary loss: 0.1613 - Mask loss: 0.6952 - LR: 0.00010
2025-12-02 16:46 - INFO - Epoch 73 - Train loss: 0.2794 - Val loss: 0.4980 - Boundary loss: 0.1634 - Mask loss: 0.7210 - LR: 0.00010
2025-12-02 16:46 - INFO - Epoch 74 - Train loss: 0.2602 - Val loss: 0.4984 - Boundary loss: 0.1613 - Mask loss: 0.7231 - LR: 0.00010
2025-12-02 16:47 - INFO - Epoch 75 - Train loss: 0.2552 - Val loss: 0.4956 - Boundary loss: 0.1685 - Mask loss: 0.7137 - LR: 0.00010
2025-12-02 16:47 - INFO - Epoch 76 - Train loss: 0.2537 - Val loss: 0.4813 - Boundary loss: 0.1513 - Mask loss: 0.7013 - LR: 0.00010
2025-12-02 16:47 - INFO - Epoch 77 - Train loss: 0.2487 - Val loss: 0.5032 - Boundary loss: 0.1558 - Mask loss: 0.7349 - LR: 0.00010
2025-12-02 16:47 - INFO - Epoch 78 - Train loss: 0.2454 - Val loss: 0.5156 - Boundary loss: 0.1461 - Mask loss: 0.7619 - LR: 0.00010
2025-12-02 16:47 - INFO - Epoch 79 - Train loss: 0.2564 - Val loss: 0.5112 - Boundary loss: 0.1659 - Mask loss: 0.7415 - LR: 0.00010
2025-12-02 16:47 - INFO - Epoch 80 - Train loss: 0.2541 - Val loss: 0.4970 - Boundary loss: 0.1574 - Mask loss: 0.7234 - LR: 0.00010
2025-12-02 16:47 - INFO - Checkpoint 80 saved!
2025-12-02 16:48 - INFO - Epoch 81 - Train loss: 0.2412 - Val loss: 0.4668 - Boundary loss: 0.1617 - Mask loss: 0.6703 - LR: 0.00010
2025-12-02 16:48 - INFO - Epoch 82 - Train loss: 0.2363 - Val loss: 0.4752 - Boundary loss: 0.1448 - Mask loss: 0.6955 - LR: 0.00010
2025-12-02 16:48 - INFO - Epoch 83 - Train loss: 0.2415 - Val loss: 0.4940 - Boundary loss: 0.1440 - Mask loss: 0.7273 - LR: 0.00010
2025-12-02 16:48 - INFO - Epoch 84 - Train loss: 0.2294 - Val loss: 0.4880 - Boundary loss: 0.1416 - Mask loss: 0.7190 - LR: 0.00010
2025-12-02 16:48 - INFO - Epoch 85 - Train loss: 0.2182 - Val loss: 0.4918 - Boundary loss: 0.1474 - Mask loss: 0.7213 - LR: 0.00010
2025-12-02 16:49 - INFO - Epoch 86 - Train loss: 0.2233 - Val loss: 0.5023 - Boundary loss: 0.1518 - Mask loss: 0.7360 - LR: 0.00010
2025-12-02 16:49 - INFO - Epoch 87 - Train loss: 0.2235 - Val loss: 0.5056 - Boundary loss: 0.1464 - Mask loss: 0.7451 - LR: 0.00010
2025-12-02 16:49 - INFO - Epoch 88 - Train loss: 0.2221 - Val loss: 0.4948 - Boundary loss: 0.1418 - Mask loss: 0.7301 - LR: 0.00010
2025-12-02 16:49 - INFO - Epoch 89 - Train loss: 0.2179 - Val loss: 0.4905 - Boundary loss: 0.1404 - Mask loss: 0.7238 - LR: 0.00010
2025-12-02 16:49 - INFO - Epoch 90 - Train loss: 0.2085 - Val loss: 0.5012 - Boundary loss: 0.1557 - Mask loss: 0.7316 - LR: 0.00010
2025-12-02 16:49 - INFO - Checkpoint 90 saved!
2025-12-02 16:49 - INFO - Epoch 91 - Train loss: 0.2066 - Val loss: 0.4729 - Boundary loss: 0.1399 - Mask loss: 0.6949 - LR: 0.00010
2025-12-02 16:50 - INFO - Epoch 92 - Train loss: 0.2092 - Val loss: 0.5301 - Boundary loss: 0.1443 - Mask loss: 0.7873 - LR: 0.00010
2025-12-02 16:50 - INFO - Epoch 93 - Train loss: 0.1991 - Val loss: 0.5125 - Boundary loss: 0.1369 - Mask loss: 0.7630 - LR: 0.00010
2025-12-02 16:50 - INFO - Epoch 94 - Train loss: 0.2024 - Val loss: 0.4892 - Boundary loss: 0.1399 - Mask loss: 0.7220 - LR: 0.00010
2025-12-02 16:50 - INFO - Epoch 95 - Train loss: 0.1977 - Val loss: 0.4770 - Boundary loss: 0.1418 - Mask loss: 0.7004 - LR: 0.00010
2025-12-02 16:50 - INFO - Epoch 96 - Train loss: 0.1927 - Val loss: 0.4950 - Boundary loss: 0.1321 - Mask loss: 0.7369 - LR: 0.00010
2025-12-02 16:51 - INFO - Epoch 97 - Train loss: 0.1918 - Val loss: 0.4888 - Boundary loss: 0.1284 - Mask loss: 0.7291 - LR: 0.00010
2025-12-02 16:51 - INFO - Epoch 98 - Train loss: 0.1878 - Val loss: 0.4834 - Boundary loss: 0.1350 - Mask loss: 0.7157 - LR: 0.00010
2025-12-02 16:51 - INFO - Epoch 99 - Train loss: 0.1841 - Val loss: 0.4830 - Boundary loss: 0.1356 - Mask loss: 0.7147 - LR: 0.00010
2025-12-02 16:51 - INFO - Epoch 100 - Train loss: 0.1818 - Val loss: 0.4935 - Boundary loss: 0.1349 - Mask loss: 0.7326 - LR: 0.00010
2025-12-02 16:51 - INFO - Checkpoint 100 saved!
