2025-06-10 15:27 - INFO - Creating dataset with 171 examples
2025-06-10 15:27 - INFO - Starting training:
        Model:           model
        Loss rate:       (0.6, 0.4)
        Epochs:          100
        Batch size:      1
        Learning rate:   0.0001
        Training size:   154
        Validation size: 17
        Device:          cuda
        Checkpoints:     True
    
2025-06-10 15:27 - INFO - Model config saved to F:\Bo Yu\Bsinet_yb\Mymodel\para\sd\model\model_config_model.yaml
2025-06-10 15:27 - INFO - Epoch 1 - Train loss: 0.6541 - Val loss: 0.5841 - Boundary loss: 0.6583 - Mask loss: 0.5347 - LR: 0.00010
2025-06-10 15:28 - INFO - Epoch 2 - Train loss: 0.5675 - Val loss: 0.5097 - Boundary loss: 0.5635 - Mask loss: 0.4738 - LR: 0.00010
2025-06-10 15:29 - INFO - Epoch 3 - Train loss: 0.5270 - Val loss: 0.4882 - Boundary loss: 0.5344 - Mask loss: 0.4574 - LR: 0.00010
2025-06-10 15:30 - INFO - Epoch 4 - Train loss: 0.4952 - Val loss: 0.4698 - Boundary loss: 0.5048 - Mask loss: 0.4465 - LR: 0.00010
2025-06-10 15:31 - INFO - Epoch 5 - Train loss: 0.4697 - Val loss: 0.4629 - Boundary loss: 0.4727 - Mask loss: 0.4564 - LR: 0.00010
2025-06-10 15:32 - INFO - Epoch 6 - Train loss: 0.4428 - Val loss: 0.4462 - Boundary loss: 0.4641 - Mask loss: 0.4343 - LR: 0.00010
2025-06-10 15:33 - INFO - Epoch 7 - Train loss: 0.4171 - Val loss: 0.3838 - Boundary loss: 0.3768 - Mask loss: 0.3884 - LR: 0.00010
2025-06-10 15:34 - INFO - Epoch 8 - Train loss: 0.3941 - Val loss: 0.3667 - Boundary loss: 0.4328 - Mask loss: 0.3226 - LR: 0.00010
2025-06-10 15:35 - INFO - Epoch 9 - Train loss: 0.3733 - Val loss: 0.3477 - Boundary loss: 0.3305 - Mask loss: 0.3592 - LR: 0.00010
2025-06-10 15:37 - INFO - Epoch 10 - Train loss: 0.3559 - Val loss: 0.3371 - Boundary loss: 0.2934 - Mask loss: 0.3663 - LR: 0.00010
2025-06-10 15:37 - INFO - Checkpoint 10 saved!
2025-06-10 15:38 - INFO - Epoch 11 - Train loss: 0.3419 - Val loss: 0.3218 - Boundary loss: 0.3043 - Mask loss: 0.3335 - LR: 0.00010
2025-06-10 15:39 - INFO - Epoch 12 - Train loss: 0.3253 - Val loss: 0.2977 - Boundary loss: 0.2588 - Mask loss: 0.3236 - LR: 0.00010
2025-06-10 15:40 - INFO - Epoch 13 - Train loss: 0.3114 - Val loss: 0.3262 - Boundary loss: 0.2789 - Mask loss: 0.3577 - LR: 0.00010
2025-06-10 15:41 - INFO - Epoch 14 - Train loss: 0.2961 - Val loss: 0.2924 - Boundary loss: 0.2869 - Mask loss: 0.2961 - LR: 0.00010
2025-06-10 15:42 - INFO - Epoch 15 - Train loss: 0.2858 - Val loss: 0.2774 - Boundary loss: 0.2144 - Mask loss: 0.3195 - LR: 0.00010
2025-06-10 15:43 - INFO - Epoch 16 - Train loss: 0.2742 - Val loss: 0.2637 - Boundary loss: 0.1983 - Mask loss: 0.3074 - LR: 0.00010
2025-06-10 15:44 - INFO - Epoch 17 - Train loss: 0.2683 - Val loss: 0.2694 - Boundary loss: 0.2213 - Mask loss: 0.3014 - LR: 0.00010
2025-06-10 15:45 - INFO - Epoch 18 - Train loss: 0.2620 - Val loss: 0.2424 - Boundary loss: 0.1910 - Mask loss: 0.2767 - LR: 0.00010
2025-06-10 15:47 - INFO - Epoch 19 - Train loss: 0.2455 - Val loss: 0.2492 - Boundary loss: 0.1930 - Mask loss: 0.2867 - LR: 0.00010
2025-06-10 15:48 - INFO - Epoch 20 - Train loss: 0.2427 - Val loss: 0.2693 - Boundary loss: 0.2016 - Mask loss: 0.3144 - LR: 0.00010
2025-06-10 15:48 - INFO - Checkpoint 20 saved!
2025-06-10 15:49 - INFO - Epoch 21 - Train loss: 0.2377 - Val loss: 0.2172 - Boundary loss: 0.1592 - Mask loss: 0.2559 - LR: 0.00010
2025-06-10 15:50 - INFO - Epoch 22 - Train loss: 0.2284 - Val loss: 0.2769 - Boundary loss: 0.1546 - Mask loss: 0.3585 - LR: 0.00010
2025-06-10 15:51 - INFO - Epoch 23 - Train loss: 0.2206 - Val loss: 0.2181 - Boundary loss: 0.1572 - Mask loss: 0.2586 - LR: 0.00010
2025-06-10 15:52 - INFO - Epoch 24 - Train loss: 0.2082 - Val loss: 0.2586 - Boundary loss: 0.1632 - Mask loss: 0.3222 - LR: 0.00010
2025-06-10 15:53 - INFO - Epoch 25 - Train loss: 0.2045 - Val loss: 0.2123 - Boundary loss: 0.1365 - Mask loss: 0.2629 - LR: 0.00010
2025-06-10 15:54 - INFO - Epoch 26 - Train loss: 0.2115 - Val loss: 0.2294 - Boundary loss: 0.1441 - Mask loss: 0.2863 - LR: 0.00010
2025-06-10 15:55 - INFO - Epoch 27 - Train loss: 0.1936 - Val loss: 0.2258 - Boundary loss: 0.1456 - Mask loss: 0.2793 - LR: 0.00010
2025-06-10 15:57 - INFO - Epoch 28 - Train loss: 0.1860 - Val loss: 0.2077 - Boundary loss: 0.1334 - Mask loss: 0.2572 - LR: 0.00010
2025-06-10 15:58 - INFO - Epoch 29 - Train loss: 0.1795 - Val loss: 0.2049 - Boundary loss: 0.1345 - Mask loss: 0.2518 - LR: 0.00010
2025-06-10 15:59 - INFO - Epoch 30 - Train loss: 0.1786 - Val loss: 0.2085 - Boundary loss: 0.1507 - Mask loss: 0.2471 - LR: 0.00010
2025-06-10 15:59 - INFO - Checkpoint 30 saved!
2025-06-10 16:00 - INFO - Epoch 31 - Train loss: 0.1708 - Val loss: 0.1890 - Boundary loss: 0.1294 - Mask loss: 0.2288 - LR: 0.00010
2025-06-10 16:01 - INFO - Epoch 32 - Train loss: 0.1668 - Val loss: 0.2133 - Boundary loss: 0.1283 - Mask loss: 0.2700 - LR: 0.00010
2025-06-10 16:02 - INFO - Epoch 33 - Train loss: 0.1785 - Val loss: 0.2062 - Boundary loss: 0.1241 - Mask loss: 0.2610 - LR: 0.00010
2025-06-10 16:03 - INFO - Epoch 34 - Train loss: 0.1653 - Val loss: 0.1780 - Boundary loss: 0.1285 - Mask loss: 0.2110 - LR: 0.00010
2025-06-10 16:04 - INFO - Epoch 35 - Train loss: 0.1593 - Val loss: 0.2024 - Boundary loss: 0.1292 - Mask loss: 0.2512 - LR: 0.00010
2025-06-10 16:05 - INFO - Epoch 36 - Train loss: 0.1591 - Val loss: 0.1918 - Boundary loss: 0.1231 - Mask loss: 0.2376 - LR: 0.00010
2025-06-10 16:06 - INFO - Epoch 37 - Train loss: 0.1559 - Val loss: 0.2042 - Boundary loss: 0.1250 - Mask loss: 0.2570 - LR: 0.00010
2025-06-10 16:08 - INFO - Epoch 38 - Train loss: 0.1496 - Val loss: 0.2454 - Boundary loss: 0.1228 - Mask loss: 0.3271 - LR: 0.00010
2025-06-10 16:09 - INFO - Epoch 39 - Train loss: 0.1454 - Val loss: 0.2640 - Boundary loss: 0.1210 - Mask loss: 0.3593 - LR: 0.00010
2025-06-10 16:10 - INFO - Epoch 40 - Train loss: 0.1441 - Val loss: 0.2154 - Boundary loss: 0.1198 - Mask loss: 0.2791 - LR: 0.00010
2025-06-10 16:10 - INFO - Checkpoint 40 saved!
2025-06-10 16:11 - INFO - Epoch 41 - Train loss: 0.1443 - Val loss: 0.2311 - Boundary loss: 0.1206 - Mask loss: 0.3047 - LR: 0.00010
2025-06-10 16:12 - INFO - Epoch 42 - Train loss: 0.1369 - Val loss: 0.2094 - Boundary loss: 0.1191 - Mask loss: 0.2696 - LR: 0.00010
2025-06-10 16:13 - INFO - Epoch 43 - Train loss: 0.1333 - Val loss: 0.2070 - Boundary loss: 0.1202 - Mask loss: 0.2649 - LR: 0.00010
2025-06-10 16:14 - INFO - Epoch 44 - Train loss: 0.1297 - Val loss: 0.2116 - Boundary loss: 0.1195 - Mask loss: 0.2730 - LR: 0.00010
2025-06-10 16:15 - INFO - Epoch 45 - Train loss: 0.1255 - Val loss: 0.2399 - Boundary loss: 0.1181 - Mask loss: 0.3211 - LR: 0.00010
2025-06-10 16:16 - INFO - Epoch 46 - Train loss: 0.1209 - Val loss: 0.2145 - Boundary loss: 0.1180 - Mask loss: 0.2787 - LR: 0.00010
2025-06-10 16:18 - INFO - Epoch 47 - Train loss: 0.1196 - Val loss: 0.1960 - Boundary loss: 0.1176 - Mask loss: 0.2483 - LR: 0.00010
2025-06-10 16:19 - INFO - Epoch 48 - Train loss: 0.1200 - Val loss: 0.1943 - Boundary loss: 0.1190 - Mask loss: 0.2445 - LR: 0.00010
2025-06-10 16:20 - INFO - Epoch 49 - Train loss: 0.1178 - Val loss: 0.1836 - Boundary loss: 0.1196 - Mask loss: 0.2262 - LR: 0.00010
2025-06-10 16:21 - INFO - Epoch 50 - Train loss: 0.1142 - Val loss: 0.2041 - Boundary loss: 0.1173 - Mask loss: 0.2620 - LR: 0.00010
2025-06-10 16:21 - INFO - Checkpoint 50 saved!
2025-06-10 16:22 - INFO - Epoch 51 - Train loss: 0.1114 - Val loss: 0.2633 - Boundary loss: 0.1199 - Mask loss: 0.3589 - LR: 0.00010
2025-06-10 16:23 - INFO - Epoch 52 - Train loss: 0.1102 - Val loss: 0.2120 - Boundary loss: 0.1175 - Mask loss: 0.2751 - LR: 0.00010
2025-06-10 16:24 - INFO - Epoch 53 - Train loss: 0.1049 - Val loss: 0.2061 - Boundary loss: 0.1182 - Mask loss: 0.2648 - LR: 0.00010
2025-06-10 16:25 - INFO - Epoch 54 - Train loss: 0.1046 - Val loss: 0.1917 - Boundary loss: 0.1168 - Mask loss: 0.2416 - LR: 0.00010
2025-06-10 16:26 - INFO - Epoch 55 - Train loss: 0.1033 - Val loss: 0.2204 - Boundary loss: 0.1174 - Mask loss: 0.2891 - LR: 0.00010
2025-06-10 16:27 - INFO - Epoch 56 - Train loss: 0.1040 - Val loss: 0.1954 - Boundary loss: 0.1240 - Mask loss: 0.2430 - LR: 0.00010
2025-06-10 16:27 - INFO - Epoch 57 - Train loss: 0.1081 - Val loss: 0.2053 - Boundary loss: 0.1187 - Mask loss: 0.2631 - LR: 0.00010
2025-06-10 16:28 - INFO - Epoch 58 - Train loss: 0.1025 - Val loss: 0.2183 - Boundary loss: 0.1188 - Mask loss: 0.2847 - LR: 0.00010
2025-06-10 16:29 - INFO - Epoch 59 - Train loss: 0.0989 - Val loss: 0.2080 - Boundary loss: 0.1194 - Mask loss: 0.2671 - LR: 0.00010
2025-06-10 16:29 - INFO - Epoch 60 - Train loss: 0.0969 - Val loss: 0.2193 - Boundary loss: 0.1211 - Mask loss: 0.2847 - LR: 0.00010
2025-06-10 16:29 - INFO - Checkpoint 60 saved!
2025-06-10 16:30 - INFO - Epoch 61 - Train loss: 0.0944 - Val loss: 0.2007 - Boundary loss: 0.1188 - Mask loss: 0.2553 - LR: 0.00010
2025-06-10 16:31 - INFO - Epoch 62 - Train loss: 0.0902 - Val loss: 0.2266 - Boundary loss: 0.1200 - Mask loss: 0.2977 - LR: 0.00010
2025-06-10 16:31 - INFO - Epoch 63 - Train loss: 0.0881 - Val loss: 0.2324 - Boundary loss: 0.1183 - Mask loss: 0.3084 - LR: 0.00010
2025-06-10 16:32 - INFO - Epoch 64 - Train loss: 0.0873 - Val loss: 0.2271 - Boundary loss: 0.1185 - Mask loss: 0.2994 - LR: 0.00010
2025-06-10 16:33 - INFO - Epoch 65 - Train loss: 0.0867 - Val loss: 0.2199 - Boundary loss: 0.1194 - Mask loss: 0.2869 - LR: 0.00010
2025-06-10 16:33 - INFO - Epoch 66 - Train loss: 0.0867 - Val loss: 0.1881 - Boundary loss: 0.1214 - Mask loss: 0.2326 - LR: 0.00010
2025-06-10 16:34 - INFO - Epoch 67 - Train loss: 0.0855 - Val loss: 0.2286 - Boundary loss: 0.1204 - Mask loss: 0.3007 - LR: 0.00010
2025-06-10 16:35 - INFO - Epoch 68 - Train loss: 0.0830 - Val loss: 0.2336 - Boundary loss: 0.1226 - Mask loss: 0.3076 - LR: 0.00010
2025-06-10 16:36 - INFO - Epoch 69 - Train loss: 0.0802 - Val loss: 0.2236 - Boundary loss: 0.1234 - Mask loss: 0.2904 - LR: 0.00010
2025-06-10 16:37 - INFO - Epoch 70 - Train loss: 0.0801 - Val loss: 0.2491 - Boundary loss: 0.1211 - Mask loss: 0.3344 - LR: 0.00010
2025-06-10 16:37 - INFO - Checkpoint 70 saved!
2025-06-10 16:38 - INFO - Epoch 71 - Train loss: 0.0797 - Val loss: 0.2300 - Boundary loss: 0.1242 - Mask loss: 0.3005 - LR: 0.00010
2025-06-10 16:39 - INFO - Epoch 72 - Train loss: 0.0800 - Val loss: 0.2235 - Boundary loss: 0.1227 - Mask loss: 0.2907 - LR: 0.00010
2025-06-10 16:40 - INFO - Epoch 73 - Train loss: 0.0786 - Val loss: 0.2423 - Boundary loss: 0.1270 - Mask loss: 0.3192 - LR: 0.00010
2025-06-10 16:42 - INFO - Epoch 74 - Train loss: 0.0776 - Val loss: 0.2027 - Boundary loss: 0.1218 - Mask loss: 0.2567 - LR: 0.00010
2025-06-10 16:43 - INFO - Epoch 75 - Train loss: 0.0756 - Val loss: 0.2702 - Boundary loss: 0.1236 - Mask loss: 0.3679 - LR: 0.00010
2025-06-10 16:44 - INFO - Epoch 76 - Train loss: 0.0757 - Val loss: 0.2230 - Boundary loss: 0.1249 - Mask loss: 0.2884 - LR: 0.00010
2025-06-10 16:45 - INFO - Epoch 77 - Train loss: 0.0733 - Val loss: 0.2446 - Boundary loss: 0.1285 - Mask loss: 0.3220 - LR: 0.00010
2025-06-10 16:46 - INFO - Epoch 78 - Train loss: 0.0715 - Val loss: 0.2090 - Boundary loss: 0.1239 - Mask loss: 0.2658 - LR: 0.00010
2025-06-10 16:48 - INFO - Epoch 79 - Train loss: 0.0738 - Val loss: 0.2110 - Boundary loss: 0.1231 - Mask loss: 0.2696 - LR: 0.00010
2025-06-10 16:49 - INFO - Epoch 80 - Train loss: 0.0719 - Val loss: 0.2091 - Boundary loss: 0.1271 - Mask loss: 0.2637 - LR: 0.00010
2025-06-10 16:49 - INFO - Checkpoint 80 saved!
2025-06-10 16:50 - INFO - Epoch 81 - Train loss: 0.0705 - Val loss: 0.2656 - Boundary loss: 0.1286 - Mask loss: 0.3569 - LR: 0.00010
2025-06-10 16:51 - INFO - Epoch 82 - Train loss: 0.0701 - Val loss: 0.2619 - Boundary loss: 0.1264 - Mask loss: 0.3522 - LR: 0.00010
2025-06-10 16:52 - INFO - Epoch 83 - Train loss: 0.0682 - Val loss: 0.2312 - Boundary loss: 0.1245 - Mask loss: 0.3023 - LR: 0.00010
2025-06-10 16:53 - INFO - Epoch 84 - Train loss: 0.0689 - Val loss: 0.2350 - Boundary loss: 0.1261 - Mask loss: 0.3076 - LR: 0.00010
2025-06-10 16:55 - INFO - Epoch 85 - Train loss: 0.0793 - Val loss: 0.2632 - Boundary loss: 0.1313 - Mask loss: 0.3511 - LR: 0.00010
2025-06-10 16:56 - INFO - Epoch 86 - Train loss: 0.0724 - Val loss: 0.2260 - Boundary loss: 0.1339 - Mask loss: 0.2874 - LR: 0.00010
2025-06-10 16:57 - INFO - Epoch 87 - Train loss: 0.0669 - Val loss: 0.3115 - Boundary loss: 0.1343 - Mask loss: 0.4297 - LR: 0.00010
2025-06-10 16:58 - INFO - Epoch 88 - Train loss: 0.0654 - Val loss: 0.2272 - Boundary loss: 0.1334 - Mask loss: 0.2898 - LR: 0.00010
2025-06-10 16:59 - INFO - Epoch 89 - Train loss: 0.0635 - Val loss: 0.2464 - Boundary loss: 0.1309 - Mask loss: 0.3234 - LR: 0.00010
2025-06-10 17:00 - INFO - Epoch 90 - Train loss: 0.0640 - Val loss: 0.2390 - Boundary loss: 0.1288 - Mask loss: 0.3125 - LR: 0.00010
2025-06-10 17:00 - INFO - Checkpoint 90 saved!
2025-06-10 17:02 - INFO - Epoch 91 - Train loss: 0.0628 - Val loss: 0.2534 - Boundary loss: 0.1306 - Mask loss: 0.3353 - LR: 0.00010
2025-06-10 17:03 - INFO - Epoch 92 - Train loss: 0.0634 - Val loss: 0.2960 - Boundary loss: 0.1308 - Mask loss: 0.4061 - LR: 0.00010
2025-06-10 17:04 - INFO - Epoch 93 - Train loss: 0.0615 - Val loss: 0.2534 - Boundary loss: 0.1301 - Mask loss: 0.3355 - LR: 0.00010
2025-06-10 17:05 - INFO - Epoch 94 - Train loss: 0.0616 - Val loss: 0.2291 - Boundary loss: 0.1331 - Mask loss: 0.2931 - LR: 0.00010
2025-06-10 17:06 - INFO - Epoch 95 - Train loss: 0.0594 - Val loss: 0.2797 - Boundary loss: 0.1350 - Mask loss: 0.3761 - LR: 0.00010
2025-06-10 17:08 - INFO - Epoch 96 - Train loss: 0.0592 - Val loss: 0.2362 - Boundary loss: 0.1374 - Mask loss: 0.3021 - LR: 0.00010
2025-06-10 17:09 - INFO - Epoch 97 - Train loss: 0.0590 - Val loss: 0.2350 - Boundary loss: 0.1359 - Mask loss: 0.3011 - LR: 0.00010
2025-06-10 17:10 - INFO - Epoch 98 - Train loss: 0.0587 - Val loss: 0.2607 - Boundary loss: 0.1339 - Mask loss: 0.3453 - LR: 0.00010
2025-06-10 17:11 - INFO - Epoch 99 - Train loss: 0.0600 - Val loss: 0.3204 - Boundary loss: 0.1328 - Mask loss: 0.4455 - LR: 0.00010
2025-06-10 17:12 - INFO - Epoch 100 - Train loss: 0.0577 - Val loss: 0.2541 - Boundary loss: 0.1379 - Mask loss: 0.3316 - LR: 0.00010
2025-06-10 17:12 - INFO - Checkpoint 100 saved!
