2025-12-09 17:45 - INFO - Creating dataset with 171 examples
2025-12-09 17:45 - INFO - Starting training:
        Model:           main64-1
        Loss rate:       (0.6, 0.4)
        Epochs:          100
        Batch size:      2
        Learning rate:   0.0001
        Training size:   154
        Validation size: 17
        Device:          cuda
        Checkpoints:     True
    
2025-12-09 17:45 - INFO - Model config saved to F:\Bo Yu\Bsinet_yb\Mymodel\Mloss\sd\main64-1\model_config_main64-1.yaml
2025-12-09 17:46 - INFO - Epoch 1 - Train loss: 0.6575 - Val loss: 0.6381 - Boundary loss: 0.7234 - Mask loss: 0.5813 - LR: 0.00010
2025-12-09 17:47 - INFO - Epoch 2 - Train loss: 0.5809 - Val loss: 0.4829 - Boundary loss: 0.6223 - Mask loss: 0.3901 - LR: 0.00010
2025-12-09 17:47 - INFO - Epoch 3 - Train loss: 0.5442 - Val loss: 0.4839 - Boundary loss: 0.6041 - Mask loss: 0.4037 - LR: 0.00010
2025-12-09 17:48 - INFO - Epoch 4 - Train loss: 0.5171 - Val loss: 0.4720 - Boundary loss: 0.5674 - Mask loss: 0.4084 - LR: 0.00010
2025-12-09 17:48 - INFO - Epoch 5 - Train loss: 0.5016 - Val loss: 0.4534 - Boundary loss: 0.5928 - Mask loss: 0.3605 - LR: 0.00010
2025-12-09 17:49 - INFO - Epoch 6 - Train loss: 0.4795 - Val loss: 0.4061 - Boundary loss: 0.5222 - Mask loss: 0.3286 - LR: 0.00010
2025-12-09 17:49 - INFO - Epoch 7 - Train loss: 0.4646 - Val loss: 0.4202 - Boundary loss: 0.5245 - Mask loss: 0.3507 - LR: 0.00010
2025-12-09 17:50 - INFO - Epoch 8 - Train loss: 0.4456 - Val loss: 0.4019 - Boundary loss: 0.4917 - Mask loss: 0.3421 - LR: 0.00010
2025-12-09 17:50 - INFO - Epoch 9 - Train loss: 0.4294 - Val loss: 0.3611 - Boundary loss: 0.4620 - Mask loss: 0.2938 - LR: 0.00010
2025-12-09 17:51 - INFO - Epoch 10 - Train loss: 0.4225 - Val loss: 0.3690 - Boundary loss: 0.4497 - Mask loss: 0.3152 - LR: 0.00010
2025-12-09 17:51 - INFO - Checkpoint 10 saved!
2025-12-09 17:51 - INFO - Epoch 11 - Train loss: 0.4074 - Val loss: 0.3487 - Boundary loss: 0.4080 - Mask loss: 0.3092 - LR: 0.00010
2025-12-09 17:52 - INFO - Epoch 12 - Train loss: 0.3969 - Val loss: 0.3468 - Boundary loss: 0.4115 - Mask loss: 0.3036 - LR: 0.00010
2025-12-09 17:52 - INFO - Epoch 13 - Train loss: 0.3893 - Val loss: 0.3382 - Boundary loss: 0.4144 - Mask loss: 0.2874 - LR: 0.00010
2025-12-09 17:53 - INFO - Epoch 14 - Train loss: 0.3755 - Val loss: 0.3143 - Boundary loss: 0.3524 - Mask loss: 0.2889 - LR: 0.00010
2025-12-09 17:54 - INFO - Epoch 15 - Train loss: 0.3675 - Val loss: 0.3401 - Boundary loss: 0.3896 - Mask loss: 0.3070 - LR: 0.00010
2025-12-09 17:54 - INFO - Epoch 16 - Train loss: 0.3571 - Val loss: 0.3054 - Boundary loss: 0.3253 - Mask loss: 0.2920 - LR: 0.00010
2025-12-09 17:55 - INFO - Epoch 17 - Train loss: 0.3437 - Val loss: 0.2989 - Boundary loss: 0.3485 - Mask loss: 0.2658 - LR: 0.00010
2025-12-09 17:55 - INFO - Epoch 18 - Train loss: 0.3371 - Val loss: 0.2933 - Boundary loss: 0.3296 - Mask loss: 0.2691 - LR: 0.00010
2025-12-09 17:56 - INFO - Epoch 19 - Train loss: 0.3246 - Val loss: 0.2925 - Boundary loss: 0.3227 - Mask loss: 0.2724 - LR: 0.00010
2025-12-09 17:56 - INFO - Epoch 20 - Train loss: 0.3168 - Val loss: 0.2821 - Boundary loss: 0.2910 - Mask loss: 0.2762 - LR: 0.00010
2025-12-09 17:56 - INFO - Checkpoint 20 saved!
2025-12-09 17:57 - INFO - Epoch 21 - Train loss: 0.3100 - Val loss: 0.2660 - Boundary loss: 0.2894 - Mask loss: 0.2504 - LR: 0.00010
2025-12-09 17:57 - INFO - Epoch 22 - Train loss: 0.3003 - Val loss: 0.2690 - Boundary loss: 0.3004 - Mask loss: 0.2481 - LR: 0.00010
2025-12-09 17:58 - INFO - Epoch 23 - Train loss: 0.2920 - Val loss: 0.2536 - Boundary loss: 0.2812 - Mask loss: 0.2352 - LR: 0.00010
2025-12-09 17:58 - INFO - Epoch 24 - Train loss: 0.2846 - Val loss: 0.2583 - Boundary loss: 0.2724 - Mask loss: 0.2489 - LR: 0.00010
2025-12-09 17:59 - INFO - Epoch 25 - Train loss: 0.2805 - Val loss: 0.2484 - Boundary loss: 0.2657 - Mask loss: 0.2369 - LR: 0.00010
2025-12-09 17:59 - INFO - Epoch 26 - Train loss: 0.2718 - Val loss: 0.2522 - Boundary loss: 0.2258 - Mask loss: 0.2698 - LR: 0.00010
2025-12-09 18:00 - INFO - Epoch 27 - Train loss: 0.2705 - Val loss: 0.2435 - Boundary loss: 0.2387 - Mask loss: 0.2467 - LR: 0.00010
2025-12-09 18:00 - INFO - Epoch 28 - Train loss: 0.2648 - Val loss: 0.2441 - Boundary loss: 0.2247 - Mask loss: 0.2570 - LR: 0.00010
2025-12-09 18:01 - INFO - Epoch 29 - Train loss: 0.2550 - Val loss: 0.2297 - Boundary loss: 0.2224 - Mask loss: 0.2346 - LR: 0.00010
2025-12-09 18:02 - INFO - Epoch 30 - Train loss: 0.2591 - Val loss: 0.2225 - Boundary loss: 0.2159 - Mask loss: 0.2269 - LR: 0.00010
2025-12-09 18:02 - INFO - Checkpoint 30 saved!
2025-12-09 18:02 - INFO - Epoch 31 - Train loss: 0.2485 - Val loss: 0.2243 - Boundary loss: 0.2207 - Mask loss: 0.2267 - LR: 0.00010
2025-12-09 18:03 - INFO - Epoch 32 - Train loss: 0.2408 - Val loss: 0.2065 - Boundary loss: 0.1918 - Mask loss: 0.2163 - LR: 0.00010
2025-12-09 18:03 - INFO - Epoch 33 - Train loss: 0.2333 - Val loss: 0.2148 - Boundary loss: 0.1990 - Mask loss: 0.2253 - LR: 0.00010
2025-12-09 18:04 - INFO - Epoch 34 - Train loss: 0.2284 - Val loss: 0.2211 - Boundary loss: 0.1881 - Mask loss: 0.2431 - LR: 0.00010
2025-12-09 18:04 - INFO - Epoch 35 - Train loss: 0.2336 - Val loss: 0.2081 - Boundary loss: 0.1945 - Mask loss: 0.2171 - LR: 0.00010
2025-12-09 18:05 - INFO - Epoch 36 - Train loss: 0.2292 - Val loss: 0.1995 - Boundary loss: 0.1901 - Mask loss: 0.2058 - LR: 0.00010
2025-12-09 18:05 - INFO - Epoch 37 - Train loss: 0.2224 - Val loss: 0.2065 - Boundary loss: 0.1739 - Mask loss: 0.2282 - LR: 0.00010
2025-12-09 18:06 - INFO - Epoch 38 - Train loss: 0.2126 - Val loss: 0.2092 - Boundary loss: 0.1784 - Mask loss: 0.2297 - LR: 0.00010
2025-12-09 18:06 - INFO - Epoch 39 - Train loss: 0.2079 - Val loss: 0.1849 - Boundary loss: 0.1659 - Mask loss: 0.1976 - LR: 0.00010
2025-12-09 18:07 - INFO - Epoch 40 - Train loss: 0.2091 - Val loss: 0.1922 - Boundary loss: 0.1631 - Mask loss: 0.2117 - LR: 0.00010
2025-12-09 18:07 - INFO - Checkpoint 40 saved!
2025-12-09 18:07 - INFO - Epoch 41 - Train loss: 0.2030 - Val loss: 0.2066 - Boundary loss: 0.1726 - Mask loss: 0.2293 - LR: 0.00010
2025-12-09 18:08 - INFO - Epoch 42 - Train loss: 0.2027 - Val loss: 0.1908 - Boundary loss: 0.1591 - Mask loss: 0.2119 - LR: 0.00010
2025-12-09 18:08 - INFO - Epoch 43 - Train loss: 0.1987 - Val loss: 0.1953 - Boundary loss: 0.1522 - Mask loss: 0.2241 - LR: 0.00010
2025-12-09 18:09 - INFO - Epoch 44 - Train loss: 0.1963 - Val loss: 0.2000 - Boundary loss: 0.1564 - Mask loss: 0.2290 - LR: 0.00010
2025-12-09 18:09 - INFO - Epoch 45 - Train loss: 0.1932 - Val loss: 0.1897 - Boundary loss: 0.1545 - Mask loss: 0.2131 - LR: 0.00010
2025-12-09 18:10 - INFO - Epoch 46 - Train loss: 0.1949 - Val loss: 0.1794 - Boundary loss: 0.1465 - Mask loss: 0.2014 - LR: 0.00010
2025-12-09 18:11 - INFO - Epoch 47 - Train loss: 0.2157 - Val loss: 0.2083 - Boundary loss: 0.1474 - Mask loss: 0.2489 - LR: 0.00010
2025-12-09 18:11 - INFO - Epoch 48 - Train loss: 0.1985 - Val loss: 0.1904 - Boundary loss: 0.1450 - Mask loss: 0.2206 - LR: 0.00010
2025-12-09 18:12 - INFO - Epoch 49 - Train loss: 0.1852 - Val loss: 0.1847 - Boundary loss: 0.1463 - Mask loss: 0.2102 - LR: 0.00010
2025-12-09 18:12 - INFO - Epoch 50 - Train loss: 0.1780 - Val loss: 0.1871 - Boundary loss: 0.1457 - Mask loss: 0.2147 - LR: 0.00010
2025-12-09 18:12 - INFO - Checkpoint 50 saved!
2025-12-09 18:13 - INFO - Epoch 51 - Train loss: 0.1800 - Val loss: 0.1768 - Boundary loss: 0.1442 - Mask loss: 0.1985 - LR: 0.00010
2025-12-09 18:13 - INFO - Epoch 52 - Train loss: 0.1747 - Val loss: 0.1955 - Boundary loss: 0.1396 - Mask loss: 0.2328 - LR: 0.00010
2025-12-09 18:14 - INFO - Epoch 53 - Train loss: 0.1761 - Val loss: 0.1749 - Boundary loss: 0.1400 - Mask loss: 0.1981 - LR: 0.00010
2025-12-09 18:14 - INFO - Epoch 54 - Train loss: 0.1725 - Val loss: 0.1723 - Boundary loss: 0.1329 - Mask loss: 0.1985 - LR: 0.00010
2025-12-09 18:15 - INFO - Epoch 55 - Train loss: 0.1636 - Val loss: 0.1795 - Boundary loss: 0.1406 - Mask loss: 0.2054 - LR: 0.00010
2025-12-09 18:15 - INFO - Epoch 56 - Train loss: 0.1639 - Val loss: 0.1801 - Boundary loss: 0.1323 - Mask loss: 0.2120 - LR: 0.00010
2025-12-09 18:16 - INFO - Epoch 57 - Train loss: 0.1579 - Val loss: 0.1797 - Boundary loss: 0.1324 - Mask loss: 0.2112 - LR: 0.00010
2025-12-09 18:16 - INFO - Epoch 58 - Train loss: 0.1517 - Val loss: 0.1889 - Boundary loss: 0.1364 - Mask loss: 0.2239 - LR: 0.00010
2025-12-09 18:17 - INFO - Epoch 59 - Train loss: 0.1495 - Val loss: 0.1708 - Boundary loss: 0.1352 - Mask loss: 0.1945 - LR: 0.00010
2025-12-09 18:17 - INFO - Epoch 60 - Train loss: 0.1517 - Val loss: 0.1757 - Boundary loss: 0.1290 - Mask loss: 0.2069 - LR: 0.00010
2025-12-09 18:17 - INFO - Checkpoint 60 saved!
2025-12-09 18:18 - INFO - Epoch 61 - Train loss: 0.1467 - Val loss: 0.1697 - Boundary loss: 0.1275 - Mask loss: 0.1979 - LR: 0.00010
2025-12-09 18:18 - INFO - Epoch 62 - Train loss: 0.1402 - Val loss: 0.1732 - Boundary loss: 0.1302 - Mask loss: 0.2018 - LR: 0.00010
2025-12-09 18:19 - INFO - Epoch 63 - Train loss: 0.1388 - Val loss: 0.1713 - Boundary loss: 0.1248 - Mask loss: 0.2022 - LR: 0.00010
2025-12-09 18:19 - INFO - Epoch 64 - Train loss: 0.1390 - Val loss: 0.1668 - Boundary loss: 0.1270 - Mask loss: 0.1933 - LR: 0.00010
2025-12-09 18:20 - INFO - Epoch 65 - Train loss: 0.1397 - Val loss: 0.1883 - Boundary loss: 0.1274 - Mask loss: 0.2288 - LR: 0.00010
2025-12-09 18:21 - INFO - Epoch 66 - Train loss: 0.1442 - Val loss: 0.1710 - Boundary loss: 0.1248 - Mask loss: 0.2018 - LR: 0.00010
2025-12-09 18:21 - INFO - Epoch 67 - Train loss: 0.1340 - Val loss: 0.1782 - Boundary loss: 0.1249 - Mask loss: 0.2138 - LR: 0.00010
2025-12-09 18:22 - INFO - Epoch 68 - Train loss: 0.1366 - Val loss: 0.1765 - Boundary loss: 0.1246 - Mask loss: 0.2110 - LR: 0.00010
2025-12-09 18:22 - INFO - Epoch 69 - Train loss: 0.1325 - Val loss: 0.1672 - Boundary loss: 0.1245 - Mask loss: 0.1957 - LR: 0.00010
2025-12-09 18:23 - INFO - Epoch 70 - Train loss: 0.1301 - Val loss: 0.1770 - Boundary loss: 0.1240 - Mask loss: 0.2124 - LR: 0.00010
2025-12-09 18:23 - INFO - Checkpoint 70 saved!
2025-12-09 18:23 - INFO - Epoch 71 - Train loss: 0.1240 - Val loss: 0.1798 - Boundary loss: 0.1240 - Mask loss: 0.2170 - LR: 0.00010
2025-12-09 18:24 - INFO - Epoch 72 - Train loss: 0.1225 - Val loss: 0.1761 - Boundary loss: 0.1215 - Mask loss: 0.2124 - LR: 0.00010
2025-12-09 18:24 - INFO - Epoch 73 - Train loss: 0.1231 - Val loss: 0.1775 - Boundary loss: 0.1212 - Mask loss: 0.2150 - LR: 0.00010
2025-12-09 18:25 - INFO - Epoch 74 - Train loss: 0.1197 - Val loss: 0.1714 - Boundary loss: 0.1205 - Mask loss: 0.2054 - LR: 0.00010
2025-12-09 18:25 - INFO - Epoch 75 - Train loss: 0.1237 - Val loss: 0.1744 - Boundary loss: 0.1224 - Mask loss: 0.2091 - LR: 0.00010
2025-12-09 18:26 - INFO - Epoch 76 - Train loss: 0.1179 - Val loss: 0.1902 - Boundary loss: 0.1235 - Mask loss: 0.2347 - LR: 0.00010
2025-12-09 18:26 - INFO - Epoch 77 - Train loss: 0.1171 - Val loss: 0.1782 - Boundary loss: 0.1202 - Mask loss: 0.2169 - LR: 0.00010
2025-12-09 18:27 - INFO - Epoch 78 - Train loss: 0.1354 - Val loss: 0.2422 - Boundary loss: 0.1226 - Mask loss: 0.3219 - LR: 0.00010
2025-12-09 18:27 - INFO - Epoch 79 - Train loss: 0.1376 - Val loss: 0.1917 - Boundary loss: 0.1250 - Mask loss: 0.2361 - LR: 0.00010
2025-12-09 18:28 - INFO - Epoch 80 - Train loss: 0.1205 - Val loss: 0.1724 - Boundary loss: 0.1186 - Mask loss: 0.2084 - LR: 0.00010
2025-12-09 18:28 - INFO - Checkpoint 80 saved!
2025-12-09 18:28 - INFO - Epoch 81 - Train loss: 0.1110 - Val loss: 0.1775 - Boundary loss: 0.1192 - Mask loss: 0.2164 - LR: 0.00010
2025-12-09 18:29 - INFO - Epoch 82 - Train loss: 0.1091 - Val loss: 0.1783 - Boundary loss: 0.1205 - Mask loss: 0.2167 - LR: 0.00010
2025-12-09 18:29 - INFO - Epoch 83 - Train loss: 0.1072 - Val loss: 0.1752 - Boundary loss: 0.1191 - Mask loss: 0.2126 - LR: 0.00010
2025-12-09 18:30 - INFO - Epoch 84 - Train loss: 0.1052 - Val loss: 0.1794 - Boundary loss: 0.1181 - Mask loss: 0.2203 - LR: 0.00010
2025-12-09 18:31 - INFO - Epoch 85 - Train loss: 0.1015 - Val loss: 0.1761 - Boundary loss: 0.1188 - Mask loss: 0.2142 - LR: 0.00010
2025-12-09 18:31 - INFO - Epoch 86 - Train loss: 0.1001 - Val loss: 0.1810 - Boundary loss: 0.1198 - Mask loss: 0.2218 - LR: 0.00010
2025-12-09 18:32 - INFO - Epoch 87 - Train loss: 0.1008 - Val loss: 0.1794 - Boundary loss: 0.1186 - Mask loss: 0.2199 - LR: 0.00010
2025-12-09 18:32 - INFO - Epoch 88 - Train loss: 0.0987 - Val loss: 0.1807 - Boundary loss: 0.1191 - Mask loss: 0.2218 - LR: 0.00010
2025-12-09 18:33 - INFO - Epoch 89 - Train loss: 0.0980 - Val loss: 0.1774 - Boundary loss: 0.1188 - Mask loss: 0.2165 - LR: 0.00010
2025-12-09 18:33 - INFO - Epoch 90 - Train loss: 0.0983 - Val loss: 0.1731 - Boundary loss: 0.1165 - Mask loss: 0.2108 - LR: 0.00010
2025-12-09 18:33 - INFO - Checkpoint 90 saved!
2025-12-09 18:34 - INFO - Epoch 91 - Train loss: 0.0984 - Val loss: 0.1788 - Boundary loss: 0.1163 - Mask loss: 0.2205 - LR: 0.00010
2025-12-09 18:34 - INFO - Epoch 92 - Train loss: 0.0975 - Val loss: 0.1899 - Boundary loss: 0.1189 - Mask loss: 0.2373 - LR: 0.00010
2025-12-09 18:35 - INFO - Epoch 93 - Train loss: 0.0951 - Val loss: 0.1770 - Boundary loss: 0.1199 - Mask loss: 0.2150 - LR: 0.00010
2025-12-09 18:35 - INFO - Epoch 94 - Train loss: 0.0940 - Val loss: 0.1858 - Boundary loss: 0.1200 - Mask loss: 0.2296 - LR: 0.00010
2025-12-09 18:36 - INFO - Epoch 95 - Train loss: 0.0934 - Val loss: 0.2004 - Boundary loss: 0.1234 - Mask loss: 0.2517 - LR: 0.00010
2025-12-09 18:36 - INFO - Epoch 96 - Train loss: 0.0928 - Val loss: 0.1879 - Boundary loss: 0.1201 - Mask loss: 0.2331 - LR: 0.00010
2025-12-09 18:37 - INFO - Epoch 97 - Train loss: 0.0911 - Val loss: 0.1820 - Boundary loss: 0.1187 - Mask loss: 0.2241 - LR: 0.00010
2025-12-09 18:37 - INFO - Epoch 98 - Train loss: 0.0917 - Val loss: 0.1773 - Boundary loss: 0.1188 - Mask loss: 0.2162 - LR: 0.00010
2025-12-09 18:38 - INFO - Epoch 99 - Train loss: 0.0898 - Val loss: 0.1879 - Boundary loss: 0.1194 - Mask loss: 0.2337 - LR: 0.00010
2025-12-09 18:38 - INFO - Epoch 100 - Train loss: 0.0868 - Val loss: 0.1906 - Boundary loss: 0.1217 - Mask loss: 0.2365 - LR: 0.00010
2025-12-09 18:38 - INFO - Checkpoint 100 saved!
