2025-12-01 18:46 - INFO - Creating dataset with 266 examples
2025-12-01 18:46 - INFO - Starting training:
        Model:           main64-fog1
        Loss rate:       (0.6, 0.4)
        Epochs:          100
        Batch size:      2
        Learning rate:   0.0001
        Training size:   240
        Validation size: 26
        Device:          cuda
        Checkpoints:     True
    
2025-12-01 18:46 - INFO - Model config saved to F:\Bo Yu\Bsinet_yb\Mymodel\noise\HL\main64\fog1\model_config_main64-fog1.yaml
2025-12-01 18:47 - INFO - Epoch 1 - Train loss: 0.6585 - Val loss: 0.5672 - Boundary loss: 0.5720 - Mask loss: 0.5640 - LR: 0.00010
2025-12-01 18:48 - INFO - Epoch 2 - Train loss: 0.5793 - Val loss: 0.5357 - Boundary loss: 0.5006 - Mask loss: 0.5591 - LR: 0.00010
2025-12-01 18:49 - INFO - Epoch 3 - Train loss: 0.5362 - Val loss: 0.4927 - Boundary loss: 0.4799 - Mask loss: 0.5012 - LR: 0.00010
2025-12-01 18:50 - INFO - Epoch 4 - Train loss: 0.5104 - Val loss: 0.4756 - Boundary loss: 0.4325 - Mask loss: 0.5043 - LR: 0.00010
2025-12-01 18:50 - INFO - Epoch 5 - Train loss: 0.4858 - Val loss: 0.4738 - Boundary loss: 0.4052 - Mask loss: 0.5195 - LR: 0.00010
2025-12-01 18:51 - INFO - Epoch 6 - Train loss: 0.4622 - Val loss: 0.4410 - Boundary loss: 0.3875 - Mask loss: 0.4768 - LR: 0.00010
2025-12-01 18:52 - INFO - Epoch 7 - Train loss: 0.4445 - Val loss: 0.3906 - Boundary loss: 0.3662 - Mask loss: 0.4069 - LR: 0.00010
2025-12-01 18:53 - INFO - Epoch 8 - Train loss: 0.4301 - Val loss: 0.3829 - Boundary loss: 0.3593 - Mask loss: 0.3987 - LR: 0.00010
2025-12-01 18:54 - INFO - Epoch 9 - Train loss: 0.4175 - Val loss: 0.3718 - Boundary loss: 0.3415 - Mask loss: 0.3920 - LR: 0.00010
2025-12-01 18:55 - INFO - Epoch 10 - Train loss: 0.4034 - Val loss: 0.3757 - Boundary loss: 0.3454 - Mask loss: 0.3959 - LR: 0.00010
2025-12-01 18:55 - INFO - Checkpoint 10 saved!
2025-12-01 18:55 - INFO - Epoch 11 - Train loss: 0.3934 - Val loss: 0.3788 - Boundary loss: 0.3239 - Mask loss: 0.4154 - LR: 0.00010
2025-12-01 18:56 - INFO - Epoch 12 - Train loss: 0.3784 - Val loss: 0.3382 - Boundary loss: 0.3135 - Mask loss: 0.3546 - LR: 0.00010
2025-12-01 18:57 - INFO - Epoch 13 - Train loss: 0.3680 - Val loss: 0.3497 - Boundary loss: 0.2848 - Mask loss: 0.3929 - LR: 0.00010
2025-12-01 18:58 - INFO - Epoch 14 - Train loss: 0.3613 - Val loss: 0.3366 - Boundary loss: 0.2845 - Mask loss: 0.3713 - LR: 0.00010
2025-12-01 18:59 - INFO - Epoch 15 - Train loss: 0.3500 - Val loss: 0.3334 - Boundary loss: 0.2966 - Mask loss: 0.3580 - LR: 0.00010
2025-12-01 18:59 - INFO - Epoch 16 - Train loss: 0.3468 - Val loss: 0.3284 - Boundary loss: 0.2622 - Mask loss: 0.3726 - LR: 0.00010
2025-12-01 19:00 - INFO - Epoch 17 - Train loss: 0.3394 - Val loss: 0.3023 - Boundary loss: 0.2521 - Mask loss: 0.3357 - LR: 0.00010
2025-12-01 19:01 - INFO - Epoch 18 - Train loss: 0.3336 - Val loss: 0.3174 - Boundary loss: 0.2636 - Mask loss: 0.3533 - LR: 0.00010
2025-12-01 19:02 - INFO - Epoch 19 - Train loss: 0.3231 - Val loss: 0.3010 - Boundary loss: 0.2537 - Mask loss: 0.3325 - LR: 0.00010
2025-12-01 19:03 - INFO - Epoch 20 - Train loss: 0.3183 - Val loss: 0.2894 - Boundary loss: 0.2491 - Mask loss: 0.3163 - LR: 0.00010
2025-12-01 19:03 - INFO - Checkpoint 20 saved!
2025-12-01 19:03 - INFO - Epoch 21 - Train loss: 0.3169 - Val loss: 0.2931 - Boundary loss: 0.2499 - Mask loss: 0.3220 - LR: 0.00010
2025-12-01 19:04 - INFO - Epoch 22 - Train loss: 0.3063 - Val loss: 0.2941 - Boundary loss: 0.2605 - Mask loss: 0.3164 - LR: 0.00010
2025-12-01 19:05 - INFO - Epoch 23 - Train loss: 0.3015 - Val loss: 0.2962 - Boundary loss: 0.2427 - Mask loss: 0.3318 - LR: 0.00010
2025-12-01 19:06 - INFO - Epoch 24 - Train loss: 0.3130 - Val loss: 0.3160 - Boundary loss: 0.2313 - Mask loss: 0.3725 - LR: 0.00010
2025-12-01 19:07 - INFO - Epoch 25 - Train loss: 0.3043 - Val loss: 0.3156 - Boundary loss: 0.2383 - Mask loss: 0.3671 - LR: 0.00010
2025-12-01 19:07 - INFO - Epoch 26 - Train loss: 0.2980 - Val loss: 0.2786 - Boundary loss: 0.2294 - Mask loss: 0.3114 - LR: 0.00010
2025-12-01 19:08 - INFO - Epoch 27 - Train loss: 0.2923 - Val loss: 0.2846 - Boundary loss: 0.2242 - Mask loss: 0.3248 - LR: 0.00010
2025-12-01 19:09 - INFO - Epoch 28 - Train loss: 0.2884 - Val loss: 0.2828 - Boundary loss: 0.2249 - Mask loss: 0.3214 - LR: 0.00010
2025-12-01 19:10 - INFO - Epoch 29 - Train loss: 0.2825 - Val loss: 0.2779 - Boundary loss: 0.2222 - Mask loss: 0.3150 - LR: 0.00010
2025-12-01 19:11 - INFO - Epoch 30 - Train loss: 0.2921 - Val loss: 0.2761 - Boundary loss: 0.2224 - Mask loss: 0.3120 - LR: 0.00010
2025-12-01 19:11 - INFO - Checkpoint 30 saved!
2025-12-01 19:12 - INFO - Epoch 31 - Train loss: 0.2790 - Val loss: 0.2715 - Boundary loss: 0.2156 - Mask loss: 0.3087 - LR: 0.00010
2025-12-01 19:12 - INFO - Epoch 32 - Train loss: 0.2761 - Val loss: 0.2658 - Boundary loss: 0.2126 - Mask loss: 0.3012 - LR: 0.00010
2025-12-01 19:13 - INFO - Epoch 33 - Train loss: 0.2762 - Val loss: 0.2751 - Boundary loss: 0.2130 - Mask loss: 0.3165 - LR: 0.00010
2025-12-01 19:14 - INFO - Epoch 34 - Train loss: 0.2757 - Val loss: 0.2692 - Boundary loss: 0.2115 - Mask loss: 0.3077 - LR: 0.00010
2025-12-01 19:15 - INFO - Epoch 35 - Train loss: 0.2676 - Val loss: 0.2677 - Boundary loss: 0.2114 - Mask loss: 0.3053 - LR: 0.00010
2025-12-01 19:16 - INFO - Epoch 36 - Train loss: 0.2671 - Val loss: 0.2733 - Boundary loss: 0.2115 - Mask loss: 0.3146 - LR: 0.00010
2025-12-01 19:16 - INFO - Epoch 37 - Train loss: 0.2656 - Val loss: 0.2786 - Boundary loss: 0.2088 - Mask loss: 0.3251 - LR: 0.00010
2025-12-01 19:17 - INFO - Epoch 38 - Train loss: 0.2648 - Val loss: 0.2571 - Boundary loss: 0.2072 - Mask loss: 0.2904 - LR: 0.00010
2025-12-01 19:18 - INFO - Epoch 39 - Train loss: 0.2597 - Val loss: 0.2579 - Boundary loss: 0.2065 - Mask loss: 0.2921 - LR: 0.00010
2025-12-01 19:19 - INFO - Epoch 40 - Train loss: 0.2607 - Val loss: 0.2604 - Boundary loss: 0.2054 - Mask loss: 0.2970 - LR: 0.00010
2025-12-01 19:19 - INFO - Checkpoint 40 saved!
2025-12-01 19:20 - INFO - Epoch 41 - Train loss: 0.2570 - Val loss: 0.2642 - Boundary loss: 0.2039 - Mask loss: 0.3044 - LR: 0.00010
2025-12-01 19:20 - INFO - Epoch 42 - Train loss: 0.2640 - Val loss: 0.2700 - Boundary loss: 0.2110 - Mask loss: 0.3094 - LR: 0.00010
2025-12-01 19:21 - INFO - Epoch 43 - Train loss: 0.2621 - Val loss: 0.2543 - Boundary loss: 0.2027 - Mask loss: 0.2887 - LR: 0.00010
2025-12-01 19:22 - INFO - Epoch 44 - Train loss: 0.2546 - Val loss: 0.2508 - Boundary loss: 0.2021 - Mask loss: 0.2832 - LR: 0.00010
2025-12-01 19:23 - INFO - Epoch 45 - Train loss: 0.2514 - Val loss: 0.2620 - Boundary loss: 0.2042 - Mask loss: 0.3005 - LR: 0.00010
2025-12-01 19:24 - INFO - Epoch 46 - Train loss: 0.2590 - Val loss: 0.2704 - Boundary loss: 0.2043 - Mask loss: 0.3145 - LR: 0.00010
2025-12-01 19:25 - INFO - Epoch 47 - Train loss: 0.2518 - Val loss: 0.2558 - Boundary loss: 0.2010 - Mask loss: 0.2924 - LR: 0.00010
2025-12-01 19:25 - INFO - Epoch 48 - Train loss: 0.2470 - Val loss: 0.2549 - Boundary loss: 0.2015 - Mask loss: 0.2904 - LR: 0.00010
2025-12-01 19:26 - INFO - Epoch 49 - Train loss: 0.2462 - Val loss: 0.2504 - Boundary loss: 0.1992 - Mask loss: 0.2845 - LR: 0.00010
2025-12-01 19:27 - INFO - Epoch 50 - Train loss: 0.2427 - Val loss: 0.2491 - Boundary loss: 0.1987 - Mask loss: 0.2827 - LR: 0.00010
2025-12-01 19:27 - INFO - Checkpoint 50 saved!
2025-12-01 19:28 - INFO - Epoch 51 - Train loss: 0.2443 - Val loss: 0.2487 - Boundary loss: 0.1989 - Mask loss: 0.2818 - LR: 0.00010
2025-12-01 19:29 - INFO - Epoch 52 - Train loss: 0.2429 - Val loss: 0.2607 - Boundary loss: 0.1970 - Mask loss: 0.3031 - LR: 0.00010
2025-12-01 19:29 - INFO - Epoch 53 - Train loss: 0.2390 - Val loss: 0.2492 - Boundary loss: 0.1982 - Mask loss: 0.2832 - LR: 0.00010
2025-12-01 19:30 - INFO - Epoch 54 - Train loss: 0.2341 - Val loss: 0.2494 - Boundary loss: 0.1975 - Mask loss: 0.2840 - LR: 0.00010
2025-12-01 19:31 - INFO - Epoch 55 - Train loss: 0.2365 - Val loss: 0.2468 - Boundary loss: 0.1980 - Mask loss: 0.2793 - LR: 0.00010
2025-12-01 19:32 - INFO - Epoch 56 - Train loss: 0.2350 - Val loss: 0.2615 - Boundary loss: 0.1978 - Mask loss: 0.3040 - LR: 0.00010
2025-12-01 19:33 - INFO - Epoch 57 - Train loss: 0.2327 - Val loss: 0.2459 - Boundary loss: 0.1977 - Mask loss: 0.2780 - LR: 0.00010
2025-12-01 19:34 - INFO - Epoch 58 - Train loss: 0.2335 - Val loss: 0.2550 - Boundary loss: 0.1977 - Mask loss: 0.2932 - LR: 0.00010
2025-12-01 19:34 - INFO - Epoch 59 - Train loss: 0.2306 - Val loss: 0.2460 - Boundary loss: 0.1965 - Mask loss: 0.2789 - LR: 0.00010
2025-12-01 19:35 - INFO - Epoch 60 - Train loss: 0.2340 - Val loss: 0.2482 - Boundary loss: 0.1945 - Mask loss: 0.2840 - LR: 0.00010
2025-12-01 19:35 - INFO - Checkpoint 60 saved!
2025-12-01 19:36 - INFO - Epoch 61 - Train loss: 0.2352 - Val loss: 0.2558 - Boundary loss: 0.1962 - Mask loss: 0.2955 - LR: 0.00010
2025-12-01 19:37 - INFO - Epoch 62 - Train loss: 0.2358 - Val loss: 0.2503 - Boundary loss: 0.1960 - Mask loss: 0.2866 - LR: 0.00010
2025-12-01 19:38 - INFO - Epoch 63 - Train loss: 0.2317 - Val loss: 0.2637 - Boundary loss: 0.1988 - Mask loss: 0.3070 - LR: 0.00010
2025-12-01 19:38 - INFO - Epoch 64 - Train loss: 0.2283 - Val loss: 0.2450 - Boundary loss: 0.1938 - Mask loss: 0.2791 - LR: 0.00010
2025-12-01 19:39 - INFO - Epoch 65 - Train loss: 0.2212 - Val loss: 0.2467 - Boundary loss: 0.1928 - Mask loss: 0.2827 - LR: 0.00010
2025-12-01 19:40 - INFO - Epoch 66 - Train loss: 0.2230 - Val loss: 0.2552 - Boundary loss: 0.1980 - Mask loss: 0.2933 - LR: 0.00010
2025-12-01 19:41 - INFO - Epoch 67 - Train loss: 0.2233 - Val loss: 0.2478 - Boundary loss: 0.1937 - Mask loss: 0.2839 - LR: 0.00010
2025-12-01 19:42 - INFO - Epoch 68 - Train loss: 0.2209 - Val loss: 0.2422 - Boundary loss: 0.1925 - Mask loss: 0.2753 - LR: 0.00010
2025-12-01 19:43 - INFO - Epoch 69 - Train loss: 0.2206 - Val loss: 0.2459 - Boundary loss: 0.1958 - Mask loss: 0.2792 - LR: 0.00010
2025-12-01 19:43 - INFO - Epoch 70 - Train loss: 0.2181 - Val loss: 0.2441 - Boundary loss: 0.1924 - Mask loss: 0.2785 - LR: 0.00010
2025-12-01 19:43 - INFO - Checkpoint 70 saved!
2025-12-01 19:44 - INFO - Epoch 71 - Train loss: 0.2172 - Val loss: 0.2480 - Boundary loss: 0.1927 - Mask loss: 0.2848 - LR: 0.00010
2025-12-01 19:45 - INFO - Epoch 72 - Train loss: 0.2168 - Val loss: 0.2435 - Boundary loss: 0.1926 - Mask loss: 0.2774 - LR: 0.00010
2025-12-01 19:46 - INFO - Epoch 73 - Train loss: 0.2133 - Val loss: 0.2561 - Boundary loss: 0.1962 - Mask loss: 0.2960 - LR: 0.00010
2025-12-01 19:47 - INFO - Epoch 74 - Train loss: 0.2130 - Val loss: 0.2430 - Boundary loss: 0.1907 - Mask loss: 0.2779 - LR: 0.00010
2025-12-01 19:47 - INFO - Epoch 75 - Train loss: 0.2137 - Val loss: 0.2444 - Boundary loss: 0.1917 - Mask loss: 0.2796 - LR: 0.00010
2025-12-01 19:48 - INFO - Epoch 76 - Train loss: 0.2140 - Val loss: 0.2446 - Boundary loss: 0.1914 - Mask loss: 0.2801 - LR: 0.00010
2025-12-01 19:49 - INFO - Epoch 77 - Train loss: 0.2144 - Val loss: 0.2474 - Boundary loss: 0.1908 - Mask loss: 0.2851 - LR: 0.00010
2025-12-01 19:50 - INFO - Epoch 78 - Train loss: 0.2175 - Val loss: 0.2471 - Boundary loss: 0.1931 - Mask loss: 0.2831 - LR: 0.00010
2025-12-01 19:51 - INFO - Epoch 79 - Train loss: 0.2161 - Val loss: 0.2447 - Boundary loss: 0.1913 - Mask loss: 0.2803 - LR: 0.00010
2025-12-01 19:51 - INFO - Epoch 80 - Train loss: 0.2122 - Val loss: 0.2426 - Boundary loss: 0.1906 - Mask loss: 0.2772 - LR: 0.00010
2025-12-01 19:51 - INFO - Checkpoint 80 saved!
2025-12-01 19:52 - INFO - Epoch 81 - Train loss: 0.2076 - Val loss: 0.2426 - Boundary loss: 0.1919 - Mask loss: 0.2764 - LR: 0.00010
2025-12-01 19:53 - INFO - Epoch 82 - Train loss: 0.2058 - Val loss: 0.2431 - Boundary loss: 0.1895 - Mask loss: 0.2788 - LR: 0.00010
2025-12-01 19:54 - INFO - Epoch 83 - Train loss: 0.2131 - Val loss: 0.2428 - Boundary loss: 0.1912 - Mask loss: 0.2771 - LR: 0.00010
2025-12-01 19:55 - INFO - Epoch 84 - Train loss: 0.2067 - Val loss: 0.2411 - Boundary loss: 0.1898 - Mask loss: 0.2753 - LR: 0.00010
2025-12-01 19:56 - INFO - Epoch 85 - Train loss: 0.2020 - Val loss: 0.2429 - Boundary loss: 0.1911 - Mask loss: 0.2774 - LR: 0.00010
2025-12-01 19:56 - INFO - Epoch 86 - Train loss: 0.2005 - Val loss: 0.2416 - Boundary loss: 0.1926 - Mask loss: 0.2742 - LR: 0.00010
2025-12-01 19:57 - INFO - Epoch 87 - Train loss: 0.2019 - Val loss: 0.2391 - Boundary loss: 0.1889 - Mask loss: 0.2726 - LR: 0.00010
2025-12-01 19:58 - INFO - Epoch 88 - Train loss: 0.2021 - Val loss: 0.2492 - Boundary loss: 0.1919 - Mask loss: 0.2875 - LR: 0.00010
2025-12-01 19:59 - INFO - Epoch 89 - Train loss: 0.1990 - Val loss: 0.2442 - Boundary loss: 0.1892 - Mask loss: 0.2808 - LR: 0.00010
2025-12-01 20:00 - INFO - Epoch 90 - Train loss: 0.1968 - Val loss: 0.2461 - Boundary loss: 0.1897 - Mask loss: 0.2837 - LR: 0.00010
2025-12-01 20:00 - INFO - Checkpoint 90 saved!
2025-12-01 20:00 - INFO - Epoch 91 - Train loss: 0.1981 - Val loss: 0.2406 - Boundary loss: 0.1895 - Mask loss: 0.2746 - LR: 0.00010
2025-12-01 20:01 - INFO - Epoch 92 - Train loss: 0.1946 - Val loss: 0.2368 - Boundary loss: 0.1887 - Mask loss: 0.2689 - LR: 0.00010
2025-12-01 20:02 - INFO - Epoch 93 - Train loss: 0.1939 - Val loss: 0.2485 - Boundary loss: 0.1934 - Mask loss: 0.2853 - LR: 0.00010
2025-12-01 20:03 - INFO - Epoch 94 - Train loss: 0.1928 - Val loss: 0.2441 - Boundary loss: 0.1893 - Mask loss: 0.2807 - LR: 0.00010
2025-12-01 20:04 - INFO - Epoch 95 - Train loss: 0.1904 - Val loss: 0.2413 - Boundary loss: 0.1886 - Mask loss: 0.2764 - LR: 0.00010
2025-12-01 20:05 - INFO - Epoch 96 - Train loss: 0.1882 - Val loss: 0.2418 - Boundary loss: 0.1885 - Mask loss: 0.2773 - LR: 0.00010
2025-12-01 20:05 - INFO - Epoch 97 - Train loss: 0.1868 - Val loss: 0.2420 - Boundary loss: 0.1886 - Mask loss: 0.2777 - LR: 0.00010
2025-12-01 20:06 - INFO - Epoch 98 - Train loss: 0.1908 - Val loss: 0.2425 - Boundary loss: 0.1877 - Mask loss: 0.2790 - LR: 0.00010
2025-12-01 20:07 - INFO - Epoch 99 - Train loss: 0.1895 - Val loss: 0.2423 - Boundary loss: 0.1881 - Mask loss: 0.2784 - LR: 0.00010
2025-12-01 20:08 - INFO - Epoch 100 - Train loss: 0.1863 - Val loss: 0.2419 - Boundary loss: 0.1892 - Mask loss: 0.2771 - LR: 0.00010
2025-12-01 20:08 - INFO - Checkpoint 100 saved!
