2025-12-03 21:20 - INFO - Creating dataset with 266 examples
2025-12-03 21:20 - INFO - Starting training:
        Model:           main64-fog4
        Loss rate:       (0.6, 0.4)
        Epochs:          100
        Batch size:      2
        Learning rate:   0.0001
        Training size:   240
        Validation size: 26
        Device:          cuda
        Checkpoints:     True
    
2025-12-03 21:20 - INFO - Model config saved to F:\Bo Yu\Bsinet_yb\Mymodel\noise\HL\main64\fog4\model_config_main64-fog4.yaml
2025-12-03 21:21 - INFO - Epoch 1 - Train loss: 0.6683 - Val loss: 0.6214 - Boundary loss: 0.6343 - Mask loss: 0.6128 - LR: 0.00010
2025-12-03 21:21 - INFO - Epoch 2 - Train loss: 0.5724 - Val loss: 0.5669 - Boundary loss: 0.5090 - Mask loss: 0.6055 - LR: 0.00010
2025-12-03 21:22 - INFO - Epoch 3 - Train loss: 0.5262 - Val loss: 0.4866 - Boundary loss: 0.4510 - Mask loss: 0.5103 - LR: 0.00010
2025-12-03 21:23 - INFO - Epoch 4 - Train loss: 0.4993 - Val loss: 0.4931 - Boundary loss: 0.4554 - Mask loss: 0.5182 - LR: 0.00010
2025-12-03 21:24 - INFO - Epoch 5 - Train loss: 0.4729 - Val loss: 0.4469 - Boundary loss: 0.4308 - Mask loss: 0.4575 - LR: 0.00010
2025-12-03 21:25 - INFO - Epoch 6 - Train loss: 0.4559 - Val loss: 0.4403 - Boundary loss: 0.3954 - Mask loss: 0.4703 - LR: 0.00010
2025-12-03 21:25 - INFO - Epoch 7 - Train loss: 0.4400 - Val loss: 0.4198 - Boundary loss: 0.3814 - Mask loss: 0.4454 - LR: 0.00010
2025-12-03 21:26 - INFO - Epoch 8 - Train loss: 0.4225 - Val loss: 0.4106 - Boundary loss: 0.3855 - Mask loss: 0.4273 - LR: 0.00010
2025-12-03 21:27 - INFO - Epoch 9 - Train loss: 0.4041 - Val loss: 0.3891 - Boundary loss: 0.3455 - Mask loss: 0.4182 - LR: 0.00010
2025-12-03 21:28 - INFO - Epoch 10 - Train loss: 0.3945 - Val loss: 0.3766 - Boundary loss: 0.3316 - Mask loss: 0.4067 - LR: 0.00010
2025-12-03 21:28 - INFO - Checkpoint 10 saved!
2025-12-03 21:29 - INFO - Epoch 11 - Train loss: 0.3845 - Val loss: 0.3584 - Boundary loss: 0.3235 - Mask loss: 0.3817 - LR: 0.00010
2025-12-03 21:29 - INFO - Epoch 12 - Train loss: 0.3701 - Val loss: 0.3625 - Boundary loss: 0.3397 - Mask loss: 0.3777 - LR: 0.00010
2025-12-03 21:30 - INFO - Epoch 13 - Train loss: 0.3625 - Val loss: 0.3421 - Boundary loss: 0.3088 - Mask loss: 0.3643 - LR: 0.00010
2025-12-03 21:31 - INFO - Epoch 14 - Train loss: 0.3489 - Val loss: 0.3378 - Boundary loss: 0.2943 - Mask loss: 0.3668 - LR: 0.00010
2025-12-03 21:32 - INFO - Epoch 15 - Train loss: 0.3452 - Val loss: 0.3396 - Boundary loss: 0.2936 - Mask loss: 0.3702 - LR: 0.00010
2025-12-03 21:33 - INFO - Epoch 16 - Train loss: 0.3400 - Val loss: 0.3426 - Boundary loss: 0.2935 - Mask loss: 0.3752 - LR: 0.00010
2025-12-03 21:33 - INFO - Epoch 17 - Train loss: 0.3321 - Val loss: 0.3081 - Boundary loss: 0.2803 - Mask loss: 0.3267 - LR: 0.00010
2025-12-03 21:34 - INFO - Epoch 18 - Train loss: 0.3266 - Val loss: 0.3151 - Boundary loss: 0.2836 - Mask loss: 0.3362 - LR: 0.00010
2025-12-03 21:35 - INFO - Epoch 19 - Train loss: 0.3193 - Val loss: 0.2983 - Boundary loss: 0.2637 - Mask loss: 0.3213 - LR: 0.00010
2025-12-03 21:36 - INFO - Epoch 20 - Train loss: 0.3124 - Val loss: 0.3044 - Boundary loss: 0.2719 - Mask loss: 0.3260 - LR: 0.00010
2025-12-03 21:36 - INFO - Checkpoint 20 saved!
2025-12-03 21:37 - INFO - Epoch 21 - Train loss: 0.3102 - Val loss: 0.3199 - Boundary loss: 0.2748 - Mask loss: 0.3500 - LR: 0.00010
2025-12-03 21:37 - INFO - Epoch 22 - Train loss: 0.3105 - Val loss: 0.2927 - Boundary loss: 0.2528 - Mask loss: 0.3193 - LR: 0.00010
2025-12-03 21:38 - INFO - Epoch 23 - Train loss: 0.3012 - Val loss: 0.2970 - Boundary loss: 0.2595 - Mask loss: 0.3221 - LR: 0.00010
2025-12-03 21:39 - INFO - Epoch 24 - Train loss: 0.2962 - Val loss: 0.2779 - Boundary loss: 0.2417 - Mask loss: 0.3020 - LR: 0.00010
2025-12-03 21:40 - INFO - Epoch 25 - Train loss: 0.3004 - Val loss: 0.2838 - Boundary loss: 0.2420 - Mask loss: 0.3118 - LR: 0.00010
2025-12-03 21:41 - INFO - Epoch 26 - Train loss: 0.2929 - Val loss: 0.2810 - Boundary loss: 0.2406 - Mask loss: 0.3080 - LR: 0.00010
2025-12-03 21:41 - INFO - Epoch 27 - Train loss: 0.2871 - Val loss: 0.2800 - Boundary loss: 0.2407 - Mask loss: 0.3062 - LR: 0.00010
2025-12-03 21:42 - INFO - Epoch 28 - Train loss: 0.2805 - Val loss: 0.2998 - Boundary loss: 0.2374 - Mask loss: 0.3414 - LR: 0.00010
2025-12-03 21:43 - INFO - Epoch 29 - Train loss: 0.2786 - Val loss: 0.2726 - Boundary loss: 0.2316 - Mask loss: 0.2999 - LR: 0.00010
2025-12-03 21:44 - INFO - Epoch 30 - Train loss: 0.2728 - Val loss: 0.2830 - Boundary loss: 0.2447 - Mask loss: 0.3085 - LR: 0.00010
2025-12-03 21:44 - INFO - Checkpoint 30 saved!
2025-12-03 21:45 - INFO - Epoch 31 - Train loss: 0.2737 - Val loss: 0.2817 - Boundary loss: 0.2419 - Mask loss: 0.3082 - LR: 0.00010
2025-12-03 21:45 - INFO - Epoch 32 - Train loss: 0.2776 - Val loss: 0.2948 - Boundary loss: 0.2343 - Mask loss: 0.3350 - LR: 0.00010
2025-12-03 21:46 - INFO - Epoch 33 - Train loss: 0.2714 - Val loss: 0.2699 - Boundary loss: 0.2298 - Mask loss: 0.2967 - LR: 0.00010
2025-12-03 21:47 - INFO - Epoch 34 - Train loss: 0.2719 - Val loss: 0.2801 - Boundary loss: 0.2262 - Mask loss: 0.3160 - LR: 0.00010
2025-12-03 21:48 - INFO - Epoch 35 - Train loss: 0.2667 - Val loss: 0.2725 - Boundary loss: 0.2287 - Mask loss: 0.3018 - LR: 0.00010
2025-12-03 21:49 - INFO - Epoch 36 - Train loss: 0.2723 - Val loss: 0.2770 - Boundary loss: 0.2288 - Mask loss: 0.3092 - LR: 0.00010
2025-12-03 21:50 - INFO - Epoch 37 - Train loss: 0.2651 - Val loss: 0.2763 - Boundary loss: 0.2228 - Mask loss: 0.3119 - LR: 0.00010
2025-12-03 21:50 - INFO - Epoch 38 - Train loss: 0.2611 - Val loss: 0.2636 - Boundary loss: 0.2234 - Mask loss: 0.2904 - LR: 0.00010
2025-12-03 21:51 - INFO - Epoch 39 - Train loss: 0.2571 - Val loss: 0.2594 - Boundary loss: 0.2205 - Mask loss: 0.2853 - LR: 0.00010
2025-12-03 21:52 - INFO - Epoch 40 - Train loss: 0.2562 - Val loss: 0.2670 - Boundary loss: 0.2196 - Mask loss: 0.2986 - LR: 0.00010
2025-12-03 21:52 - INFO - Checkpoint 40 saved!
2025-12-03 21:53 - INFO - Epoch 41 - Train loss: 0.2569 - Val loss: 0.2693 - Boundary loss: 0.2183 - Mask loss: 0.3032 - LR: 0.00010
2025-12-03 21:54 - INFO - Epoch 42 - Train loss: 0.2550 - Val loss: 0.2611 - Boundary loss: 0.2208 - Mask loss: 0.2880 - LR: 0.00010
2025-12-03 21:54 - INFO - Epoch 43 - Train loss: 0.2518 - Val loss: 0.2588 - Boundary loss: 0.2165 - Mask loss: 0.2869 - LR: 0.00010
2025-12-03 21:55 - INFO - Epoch 44 - Train loss: 0.2473 - Val loss: 0.2680 - Boundary loss: 0.2198 - Mask loss: 0.3001 - LR: 0.00010
2025-12-03 21:56 - INFO - Epoch 45 - Train loss: 0.2489 - Val loss: 0.2576 - Boundary loss: 0.2171 - Mask loss: 0.2847 - LR: 0.00010
2025-12-03 21:57 - INFO - Epoch 46 - Train loss: 0.2486 - Val loss: 0.2826 - Boundary loss: 0.2182 - Mask loss: 0.3256 - LR: 0.00010
2025-12-03 21:58 - INFO - Epoch 47 - Train loss: 0.2483 - Val loss: 0.2705 - Boundary loss: 0.2168 - Mask loss: 0.3064 - LR: 0.00010
2025-12-03 21:58 - INFO - Epoch 48 - Train loss: 0.2406 - Val loss: 0.2596 - Boundary loss: 0.2182 - Mask loss: 0.2872 - LR: 0.00010
2025-12-03 21:59 - INFO - Epoch 49 - Train loss: 0.2411 - Val loss: 0.2548 - Boundary loss: 0.2197 - Mask loss: 0.2782 - LR: 0.00010
2025-12-03 22:00 - INFO - Epoch 50 - Train loss: 0.2420 - Val loss: 0.2531 - Boundary loss: 0.2126 - Mask loss: 0.2801 - LR: 0.00010
2025-12-03 22:00 - INFO - Checkpoint 50 saved!
2025-12-03 22:01 - INFO - Epoch 51 - Train loss: 0.2372 - Val loss: 0.2518 - Boundary loss: 0.2126 - Mask loss: 0.2780 - LR: 0.00010
2025-12-03 22:02 - INFO - Epoch 52 - Train loss: 0.2364 - Val loss: 0.2594 - Boundary loss: 0.2163 - Mask loss: 0.2882 - LR: 0.00010
2025-12-03 22:02 - INFO - Epoch 53 - Train loss: 0.2340 - Val loss: 0.2765 - Boundary loss: 0.2156 - Mask loss: 0.3171 - LR: 0.00010
2025-12-03 22:03 - INFO - Epoch 54 - Train loss: 0.2352 - Val loss: 0.2507 - Boundary loss: 0.2113 - Mask loss: 0.2770 - LR: 0.00010
2025-12-03 22:04 - INFO - Epoch 55 - Train loss: 0.2369 - Val loss: 0.2591 - Boundary loss: 0.2118 - Mask loss: 0.2907 - LR: 0.00010
2025-12-03 22:05 - INFO - Epoch 56 - Train loss: 0.2355 - Val loss: 0.2543 - Boundary loss: 0.2136 - Mask loss: 0.2814 - LR: 0.00010
2025-12-03 22:06 - INFO - Epoch 57 - Train loss: 0.2337 - Val loss: 0.2457 - Boundary loss: 0.2100 - Mask loss: 0.2695 - LR: 0.00010
2025-12-03 22:06 - INFO - Epoch 58 - Train loss: 0.2290 - Val loss: 0.2500 - Boundary loss: 0.2102 - Mask loss: 0.2766 - LR: 0.00010
2025-12-03 22:07 - INFO - Epoch 59 - Train loss: 0.2267 - Val loss: 0.2479 - Boundary loss: 0.2110 - Mask loss: 0.2725 - LR: 0.00010
2025-12-03 22:08 - INFO - Epoch 60 - Train loss: 0.2261 - Val loss: 0.2476 - Boundary loss: 0.2104 - Mask loss: 0.2724 - LR: 0.00010
2025-12-03 22:08 - INFO - Checkpoint 60 saved!
2025-12-03 22:09 - INFO - Epoch 61 - Train loss: 0.2245 - Val loss: 0.2532 - Boundary loss: 0.2089 - Mask loss: 0.2827 - LR: 0.00010
2025-12-03 22:10 - INFO - Epoch 62 - Train loss: 0.2215 - Val loss: 0.2471 - Boundary loss: 0.2086 - Mask loss: 0.2728 - LR: 0.00010
2025-12-03 22:10 - INFO - Epoch 63 - Train loss: 0.2227 - Val loss: 0.2479 - Boundary loss: 0.2075 - Mask loss: 0.2749 - LR: 0.00010
2025-12-03 22:11 - INFO - Epoch 64 - Train loss: 0.2193 - Val loss: 0.2564 - Boundary loss: 0.2088 - Mask loss: 0.2882 - LR: 0.00010
2025-12-03 22:12 - INFO - Epoch 65 - Train loss: 0.2176 - Val loss: 0.2600 - Boundary loss: 0.2126 - Mask loss: 0.2916 - LR: 0.00010
2025-12-03 22:13 - INFO - Epoch 66 - Train loss: 0.2159 - Val loss: 0.2501 - Boundary loss: 0.2087 - Mask loss: 0.2777 - LR: 0.00010
2025-12-03 22:14 - INFO - Epoch 67 - Train loss: 0.2187 - Val loss: 0.2526 - Boundary loss: 0.2078 - Mask loss: 0.2825 - LR: 0.00010
2025-12-03 22:14 - INFO - Epoch 68 - Train loss: 0.2196 - Val loss: 0.2503 - Boundary loss: 0.2073 - Mask loss: 0.2789 - LR: 0.00010
2025-12-03 22:15 - INFO - Epoch 69 - Train loss: 0.2186 - Val loss: 0.2611 - Boundary loss: 0.2104 - Mask loss: 0.2948 - LR: 0.00010
2025-12-03 22:16 - INFO - Epoch 70 - Train loss: 0.2187 - Val loss: 0.2457 - Boundary loss: 0.2072 - Mask loss: 0.2713 - LR: 0.00010
2025-12-03 22:16 - INFO - Checkpoint 70 saved!
2025-12-03 22:17 - INFO - Epoch 71 - Train loss: 0.2140 - Val loss: 0.2477 - Boundary loss: 0.2071 - Mask loss: 0.2749 - LR: 0.00010
2025-12-03 22:18 - INFO - Epoch 72 - Train loss: 0.2140 - Val loss: 0.2499 - Boundary loss: 0.2080 - Mask loss: 0.2777 - LR: 0.00010
2025-12-03 22:18 - INFO - Epoch 73 - Train loss: 0.2104 - Val loss: 0.2444 - Boundary loss: 0.2047 - Mask loss: 0.2708 - LR: 0.00010
2025-12-03 22:19 - INFO - Epoch 74 - Train loss: 0.2113 - Val loss: 0.2468 - Boundary loss: 0.2069 - Mask loss: 0.2735 - LR: 0.00010
2025-12-03 22:20 - INFO - Epoch 75 - Train loss: 0.2116 - Val loss: 0.2447 - Boundary loss: 0.2049 - Mask loss: 0.2712 - LR: 0.00010
2025-12-03 22:21 - INFO - Epoch 76 - Train loss: 0.2089 - Val loss: 0.2533 - Boundary loss: 0.2063 - Mask loss: 0.2845 - LR: 0.00010
2025-12-03 22:22 - INFO - Epoch 77 - Train loss: 0.2074 - Val loss: 0.2495 - Boundary loss: 0.2054 - Mask loss: 0.2790 - LR: 0.00010
2025-12-03 22:23 - INFO - Epoch 78 - Train loss: 0.2060 - Val loss: 0.2476 - Boundary loss: 0.2062 - Mask loss: 0.2751 - LR: 0.00010
2025-12-03 22:23 - INFO - Epoch 79 - Train loss: 0.2040 - Val loss: 0.2439 - Boundary loss: 0.2058 - Mask loss: 0.2693 - LR: 0.00010
2025-12-03 22:24 - INFO - Epoch 80 - Train loss: 0.2034 - Val loss: 0.2606 - Boundary loss: 0.2054 - Mask loss: 0.2974 - LR: 0.00010
2025-12-03 22:24 - INFO - Checkpoint 80 saved!
2025-12-03 22:25 - INFO - Epoch 81 - Train loss: 0.2049 - Val loss: 0.2578 - Boundary loss: 0.2055 - Mask loss: 0.2927 - LR: 0.00010
2025-12-03 22:26 - INFO - Epoch 82 - Train loss: 0.2001 - Val loss: 0.2476 - Boundary loss: 0.2046 - Mask loss: 0.2764 - LR: 0.00010
2025-12-03 22:27 - INFO - Epoch 83 - Train loss: 0.2017 - Val loss: 0.2493 - Boundary loss: 0.2034 - Mask loss: 0.2799 - LR: 0.00010
2025-12-03 22:27 - INFO - Epoch 84 - Train loss: 0.2098 - Val loss: 0.2666 - Boundary loss: 0.2112 - Mask loss: 0.3035 - LR: 0.00010
2025-12-03 22:28 - INFO - Epoch 85 - Train loss: 0.2110 - Val loss: 0.2495 - Boundary loss: 0.2033 - Mask loss: 0.2803 - LR: 0.00010
2025-12-03 22:29 - INFO - Epoch 86 - Train loss: 0.2171 - Val loss: 0.2801 - Boundary loss: 0.2097 - Mask loss: 0.3270 - LR: 0.00010
2025-12-03 22:30 - INFO - Epoch 87 - Train loss: 0.2210 - Val loss: 0.2440 - Boundary loss: 0.2035 - Mask loss: 0.2710 - LR: 0.00010
2025-12-03 22:31 - INFO - Epoch 88 - Train loss: 0.2044 - Val loss: 0.2476 - Boundary loss: 0.2035 - Mask loss: 0.2770 - LR: 0.00010
2025-12-03 22:31 - INFO - Epoch 89 - Train loss: 0.1988 - Val loss: 0.2439 - Boundary loss: 0.2019 - Mask loss: 0.2719 - LR: 0.00010
2025-12-03 22:32 - INFO - Epoch 90 - Train loss: 0.1962 - Val loss: 0.2403 - Boundary loss: 0.2018 - Mask loss: 0.2659 - LR: 0.00010
2025-12-03 22:32 - INFO - Checkpoint 90 saved!
2025-12-03 22:33 - INFO - Epoch 91 - Train loss: 0.1953 - Val loss: 0.2428 - Boundary loss: 0.2025 - Mask loss: 0.2697 - LR: 0.00010
2025-12-03 22:34 - INFO - Epoch 92 - Train loss: 0.1921 - Val loss: 0.2409 - Boundary loss: 0.2023 - Mask loss: 0.2666 - LR: 0.00010
2025-12-03 22:35 - INFO - Epoch 93 - Train loss: 0.1917 - Val loss: 0.2481 - Boundary loss: 0.2028 - Mask loss: 0.2783 - LR: 0.00010
2025-12-03 22:35 - INFO - Epoch 94 - Train loss: 0.1897 - Val loss: 0.2450 - Boundary loss: 0.2010 - Mask loss: 0.2743 - LR: 0.00010
2025-12-03 22:36 - INFO - Epoch 95 - Train loss: 0.1882 - Val loss: 0.2465 - Boundary loss: 0.2015 - Mask loss: 0.2766 - LR: 0.00010
2025-12-03 22:37 - INFO - Epoch 96 - Train loss: 0.1879 - Val loss: 0.2472 - Boundary loss: 0.2019 - Mask loss: 0.2773 - LR: 0.00010
2025-12-03 22:38 - INFO - Epoch 97 - Train loss: 0.1877 - Val loss: 0.2461 - Boundary loss: 0.2021 - Mask loss: 0.2753 - LR: 0.00010
2025-12-03 22:39 - INFO - Epoch 98 - Train loss: 0.1862 - Val loss: 0.2514 - Boundary loss: 0.2020 - Mask loss: 0.2843 - LR: 0.00010
2025-12-03 22:40 - INFO - Epoch 99 - Train loss: 0.1870 - Val loss: 0.2437 - Boundary loss: 0.2016 - Mask loss: 0.2717 - LR: 0.00010
2025-12-03 22:40 - INFO - Epoch 100 - Train loss: 0.1855 - Val loss: 0.2458 - Boundary loss: 0.2015 - Mask loss: 0.2753 - LR: 0.00010
2025-12-03 22:40 - INFO - Checkpoint 100 saved!
