2025-06-16 17:09 - INFO - Creating dataset with 266 examples
2025-06-16 17:09 - INFO - Starting training:
        Model:           main73
        Loss rate:       (0.7, 0.3)
        Epochs:          100
        Batch size:      2
        Learning rate:   0.0001
        Training size:   240
        Validation size: 26
        Device:          cuda
        Checkpoints:     True
    
2025-06-16 17:09 - INFO - Model config saved to F:\Bo Yu\Bsinet_yb\Mymodel\para\hl\main73\model_config_main73.yaml
2025-06-16 17:09 - INFO - Epoch 1 - Train loss: 0.6829 - Val loss: 0.6154 - Boundary loss: 0.6727 - Mask loss: 0.5908 - LR: 0.00010
2025-06-16 17:10 - INFO - Epoch 2 - Train loss: 0.5929 - Val loss: 0.5672 - Boundary loss: 0.5771 - Mask loss: 0.5629 - LR: 0.00010
2025-06-16 17:11 - INFO - Epoch 3 - Train loss: 0.5513 - Val loss: 0.5130 - Boundary loss: 0.5274 - Mask loss: 0.5068 - LR: 0.00010
2025-06-16 17:12 - INFO - Epoch 4 - Train loss: 0.5212 - Val loss: 0.4704 - Boundary loss: 0.4908 - Mask loss: 0.4616 - LR: 0.00010
2025-06-16 17:13 - INFO - Epoch 5 - Train loss: 0.4990 - Val loss: 0.4885 - Boundary loss: 0.4703 - Mask loss: 0.4963 - LR: 0.00010
2025-06-16 17:14 - INFO - Epoch 6 - Train loss: 0.4850 - Val loss: 0.4502 - Boundary loss: 0.4291 - Mask loss: 0.4592 - LR: 0.00010
2025-06-16 17:15 - INFO - Epoch 7 - Train loss: 0.4631 - Val loss: 0.4499 - Boundary loss: 0.4242 - Mask loss: 0.4610 - LR: 0.00010
2025-06-16 17:16 - INFO - Epoch 8 - Train loss: 0.4464 - Val loss: 0.4161 - Boundary loss: 0.3895 - Mask loss: 0.4275 - LR: 0.00010
2025-06-16 17:17 - INFO - Epoch 9 - Train loss: 0.4311 - Val loss: 0.4181 - Boundary loss: 0.4009 - Mask loss: 0.4255 - LR: 0.00010
2025-06-16 17:18 - INFO - Epoch 10 - Train loss: 0.4138 - Val loss: 0.4161 - Boundary loss: 0.3727 - Mask loss: 0.4346 - LR: 0.00010
2025-06-16 17:18 - INFO - Checkpoint 10 saved!
2025-06-16 17:18 - INFO - Epoch 11 - Train loss: 0.4011 - Val loss: 0.3821 - Boundary loss: 0.3717 - Mask loss: 0.3865 - LR: 0.00010
2025-06-16 17:19 - INFO - Epoch 12 - Train loss: 0.3909 - Val loss: 0.3905 - Boundary loss: 0.3380 - Mask loss: 0.4130 - LR: 0.00010
2025-06-16 17:20 - INFO - Epoch 13 - Train loss: 0.3802 - Val loss: 0.3710 - Boundary loss: 0.3313 - Mask loss: 0.3880 - LR: 0.00010
2025-06-16 17:21 - INFO - Epoch 14 - Train loss: 0.3707 - Val loss: 0.3549 - Boundary loss: 0.3140 - Mask loss: 0.3724 - LR: 0.00010
2025-06-16 17:22 - INFO - Epoch 15 - Train loss: 0.3558 - Val loss: 0.3537 - Boundary loss: 0.3111 - Mask loss: 0.3719 - LR: 0.00010
2025-06-16 17:23 - INFO - Epoch 16 - Train loss: 0.3644 - Val loss: 0.3459 - Boundary loss: 0.3027 - Mask loss: 0.3644 - LR: 0.00010
2025-06-16 17:24 - INFO - Epoch 17 - Train loss: 0.3465 - Val loss: 0.3365 - Boundary loss: 0.2818 - Mask loss: 0.3599 - LR: 0.00010
2025-06-16 17:25 - INFO - Epoch 18 - Train loss: 0.3474 - Val loss: 0.3225 - Boundary loss: 0.2820 - Mask loss: 0.3398 - LR: 0.00010
2025-06-16 17:26 - INFO - Epoch 19 - Train loss: 0.3416 - Val loss: 0.3265 - Boundary loss: 0.2828 - Mask loss: 0.3453 - LR: 0.00010
2025-06-16 17:27 - INFO - Epoch 20 - Train loss: 0.3293 - Val loss: 0.3159 - Boundary loss: 0.2637 - Mask loss: 0.3383 - LR: 0.00010
2025-06-16 17:27 - INFO - Checkpoint 20 saved!
2025-06-16 17:27 - INFO - Epoch 21 - Train loss: 0.3266 - Val loss: 0.3198 - Boundary loss: 0.2577 - Mask loss: 0.3464 - LR: 0.00010
2025-06-16 17:28 - INFO - Epoch 22 - Train loss: 0.3143 - Val loss: 0.3518 - Boundary loss: 0.2589 - Mask loss: 0.3916 - LR: 0.00010
2025-06-16 17:29 - INFO - Epoch 23 - Train loss: 0.3178 - Val loss: 0.2981 - Boundary loss: 0.2469 - Mask loss: 0.3201 - LR: 0.00010
2025-06-16 17:30 - INFO - Epoch 24 - Train loss: 0.3105 - Val loss: 0.3012 - Boundary loss: 0.2395 - Mask loss: 0.3277 - LR: 0.00010
2025-06-16 17:31 - INFO - Epoch 25 - Train loss: 0.3082 - Val loss: 0.3048 - Boundary loss: 0.2367 - Mask loss: 0.3340 - LR: 0.00010
2025-06-16 17:32 - INFO - Epoch 26 - Train loss: 0.3100 - Val loss: 0.3071 - Boundary loss: 0.2317 - Mask loss: 0.3395 - LR: 0.00010
2025-06-16 17:33 - INFO - Epoch 27 - Train loss: 0.3082 - Val loss: 0.3084 - Boundary loss: 0.2372 - Mask loss: 0.3389 - LR: 0.00010
2025-06-16 17:34 - INFO - Epoch 28 - Train loss: 0.3029 - Val loss: 0.3023 - Boundary loss: 0.2254 - Mask loss: 0.3352 - LR: 0.00010
2025-06-16 17:35 - INFO - Epoch 29 - Train loss: 0.2910 - Val loss: 0.2912 - Boundary loss: 0.2286 - Mask loss: 0.3180 - LR: 0.00010
2025-06-16 17:36 - INFO - Epoch 30 - Train loss: 0.2889 - Val loss: 0.3006 - Boundary loss: 0.2220 - Mask loss: 0.3342 - LR: 0.00010
2025-06-16 17:36 - INFO - Checkpoint 30 saved!
2025-06-16 17:36 - INFO - Epoch 31 - Train loss: 0.2917 - Val loss: 0.2904 - Boundary loss: 0.2247 - Mask loss: 0.3185 - LR: 0.00010
2025-06-16 17:37 - INFO - Epoch 32 - Train loss: 0.2920 - Val loss: 0.2899 - Boundary loss: 0.2221 - Mask loss: 0.3190 - LR: 0.00010
2025-06-16 17:38 - INFO - Epoch 33 - Train loss: 0.2817 - Val loss: 0.2825 - Boundary loss: 0.2194 - Mask loss: 0.3095 - LR: 0.00010
2025-06-16 17:39 - INFO - Epoch 34 - Train loss: 0.2822 - Val loss: 0.3105 - Boundary loss: 0.2246 - Mask loss: 0.3473 - LR: 0.00010
2025-06-16 17:40 - INFO - Epoch 35 - Train loss: 0.2880 - Val loss: 0.2972 - Boundary loss: 0.2141 - Mask loss: 0.3328 - LR: 0.00010
2025-06-16 17:41 - INFO - Epoch 36 - Train loss: 0.2805 - Val loss: 0.2799 - Boundary loss: 0.2128 - Mask loss: 0.3087 - LR: 0.00010
2025-06-16 17:42 - INFO - Epoch 37 - Train loss: 0.2785 - Val loss: 0.2843 - Boundary loss: 0.2133 - Mask loss: 0.3147 - LR: 0.00010
2025-06-16 17:43 - INFO - Epoch 38 - Train loss: 0.2754 - Val loss: 0.2985 - Boundary loss: 0.2129 - Mask loss: 0.3352 - LR: 0.00010
2025-06-16 17:44 - INFO - Epoch 39 - Train loss: 0.2771 - Val loss: 0.2812 - Boundary loss: 0.2128 - Mask loss: 0.3106 - LR: 0.00010
2025-06-16 17:45 - INFO - Epoch 40 - Train loss: 0.2735 - Val loss: 0.2777 - Boundary loss: 0.2073 - Mask loss: 0.3079 - LR: 0.00010
2025-06-16 17:45 - INFO - Checkpoint 40 saved!
2025-06-16 17:45 - INFO - Epoch 41 - Train loss: 0.2685 - Val loss: 0.2672 - Boundary loss: 0.2055 - Mask loss: 0.2937 - LR: 0.00010
2025-06-16 17:46 - INFO - Epoch 42 - Train loss: 0.2677 - Val loss: 0.2791 - Boundary loss: 0.2041 - Mask loss: 0.3112 - LR: 0.00010
2025-06-16 17:47 - INFO - Epoch 43 - Train loss: 0.2640 - Val loss: 0.2871 - Boundary loss: 0.2054 - Mask loss: 0.3221 - LR: 0.00010
2025-06-16 17:48 - INFO - Epoch 44 - Train loss: 0.2654 - Val loss: 0.2729 - Boundary loss: 0.2020 - Mask loss: 0.3033 - LR: 0.00010
2025-06-16 17:49 - INFO - Epoch 45 - Train loss: 0.2633 - Val loss: 0.2714 - Boundary loss: 0.2019 - Mask loss: 0.3012 - LR: 0.00010
2025-06-16 17:50 - INFO - Epoch 46 - Train loss: 0.2606 - Val loss: 0.2720 - Boundary loss: 0.1995 - Mask loss: 0.3030 - LR: 0.00010
2025-06-16 17:51 - INFO - Epoch 47 - Train loss: 0.2586 - Val loss: 0.2836 - Boundary loss: 0.2028 - Mask loss: 0.3182 - LR: 0.00010
2025-06-16 17:52 - INFO - Epoch 48 - Train loss: 0.2569 - Val loss: 0.2709 - Boundary loss: 0.1987 - Mask loss: 0.3018 - LR: 0.00010
2025-06-16 17:53 - INFO - Epoch 49 - Train loss: 0.2520 - Val loss: 0.2777 - Boundary loss: 0.2006 - Mask loss: 0.3107 - LR: 0.00010
2025-06-16 17:54 - INFO - Epoch 50 - Train loss: 0.2512 - Val loss: 0.2760 - Boundary loss: 0.1964 - Mask loss: 0.3102 - LR: 0.00010
2025-06-16 17:54 - INFO - Checkpoint 50 saved!
2025-06-16 17:54 - INFO - Epoch 51 - Train loss: 0.2543 - Val loss: 0.2746 - Boundary loss: 0.1986 - Mask loss: 0.3071 - LR: 0.00010
2025-06-16 17:55 - INFO - Epoch 52 - Train loss: 0.2501 - Val loss: 0.2988 - Boundary loss: 0.1991 - Mask loss: 0.3415 - LR: 0.00010
2025-06-16 17:56 - INFO - Epoch 53 - Train loss: 0.2551 - Val loss: 0.2701 - Boundary loss: 0.1959 - Mask loss: 0.3019 - LR: 0.00010
2025-06-16 17:57 - INFO - Epoch 54 - Train loss: 0.2499 - Val loss: 0.2667 - Boundary loss: 0.1980 - Mask loss: 0.2962 - LR: 0.00010
2025-06-16 17:58 - INFO - Epoch 55 - Train loss: 0.2480 - Val loss: 0.2682 - Boundary loss: 0.1967 - Mask loss: 0.2988 - LR: 0.00010
2025-06-16 17:59 - INFO - Epoch 56 - Train loss: 0.2458 - Val loss: 0.2729 - Boundary loss: 0.1982 - Mask loss: 0.3048 - LR: 0.00010
2025-06-16 18:00 - INFO - Epoch 57 - Train loss: 0.2425 - Val loss: 0.2708 - Boundary loss: 0.1949 - Mask loss: 0.3033 - LR: 0.00010
2025-06-16 18:01 - INFO - Epoch 58 - Train loss: 0.2398 - Val loss: 0.2616 - Boundary loss: 0.1924 - Mask loss: 0.2912 - LR: 0.00010
2025-06-16 18:02 - INFO - Epoch 59 - Train loss: 0.2377 - Val loss: 0.2770 - Boundary loss: 0.1944 - Mask loss: 0.3125 - LR: 0.00010
2025-06-16 18:03 - INFO - Epoch 60 - Train loss: 0.2414 - Val loss: 0.2796 - Boundary loss: 0.1955 - Mask loss: 0.3157 - LR: 0.00010
2025-06-16 18:03 - INFO - Checkpoint 60 saved!
2025-06-16 18:04 - INFO - Epoch 61 - Train loss: 0.2536 - Val loss: 0.2757 - Boundary loss: 0.1939 - Mask loss: 0.3107 - LR: 0.00010
2025-06-16 18:04 - INFO - Epoch 62 - Train loss: 0.2404 - Val loss: 0.2635 - Boundary loss: 0.1921 - Mask loss: 0.2942 - LR: 0.00010
2025-06-16 18:05 - INFO - Epoch 63 - Train loss: 0.2367 - Val loss: 0.2668 - Boundary loss: 0.1918 - Mask loss: 0.2989 - LR: 0.00010
2025-06-16 18:06 - INFO - Epoch 64 - Train loss: 0.2325 - Val loss: 0.2663 - Boundary loss: 0.1930 - Mask loss: 0.2977 - LR: 0.00010
2025-06-16 18:07 - INFO - Epoch 65 - Train loss: 0.2335 - Val loss: 0.2679 - Boundary loss: 0.1917 - Mask loss: 0.3006 - LR: 0.00010
2025-06-16 18:08 - INFO - Epoch 66 - Train loss: 0.2334 - Val loss: 0.2725 - Boundary loss: 0.1912 - Mask loss: 0.3074 - LR: 0.00010
2025-06-16 18:09 - INFO - Epoch 67 - Train loss: 0.2302 - Val loss: 0.2651 - Boundary loss: 0.1921 - Mask loss: 0.2963 - LR: 0.00010
2025-06-16 18:10 - INFO - Epoch 68 - Train loss: 0.2323 - Val loss: 0.2801 - Boundary loss: 0.1952 - Mask loss: 0.3164 - LR: 0.00010
2025-06-16 18:11 - INFO - Epoch 69 - Train loss: 0.2418 - Val loss: 0.2694 - Boundary loss: 0.1953 - Mask loss: 0.3012 - LR: 0.00010
2025-06-16 18:12 - INFO - Epoch 70 - Train loss: 0.2356 - Val loss: 0.2734 - Boundary loss: 0.1901 - Mask loss: 0.3092 - LR: 0.00010
2025-06-16 18:12 - INFO - Checkpoint 70 saved!
2025-06-16 18:13 - INFO - Epoch 71 - Train loss: 0.2278 - Val loss: 0.2637 - Boundary loss: 0.1892 - Mask loss: 0.2957 - LR: 0.00010
2025-06-16 18:13 - INFO - Epoch 72 - Train loss: 0.2288 - Val loss: 0.2652 - Boundary loss: 0.1891 - Mask loss: 0.2979 - LR: 0.00010
2025-06-16 18:14 - INFO - Epoch 73 - Train loss: 0.2294 - Val loss: 0.2612 - Boundary loss: 0.1908 - Mask loss: 0.2914 - LR: 0.00010
2025-06-16 18:15 - INFO - Epoch 74 - Train loss: 0.2240 - Val loss: 0.2529 - Boundary loss: 0.1885 - Mask loss: 0.2805 - LR: 0.00010
2025-06-16 18:16 - INFO - Epoch 75 - Train loss: 0.2207 - Val loss: 0.2563 - Boundary loss: 0.1882 - Mask loss: 0.2855 - LR: 0.00010
2025-06-16 18:17 - INFO - Epoch 76 - Train loss: 0.2191 - Val loss: 0.2557 - Boundary loss: 0.1893 - Mask loss: 0.2841 - LR: 0.00010
2025-06-16 18:18 - INFO - Epoch 77 - Train loss: 0.2185 - Val loss: 0.2591 - Boundary loss: 0.1889 - Mask loss: 0.2891 - LR: 0.00010
2025-06-16 18:19 - INFO - Epoch 78 - Train loss: 0.2161 - Val loss: 0.2581 - Boundary loss: 0.1874 - Mask loss: 0.2884 - LR: 0.00010
2025-06-16 18:20 - INFO - Epoch 79 - Train loss: 0.2164 - Val loss: 0.2517 - Boundary loss: 0.1862 - Mask loss: 0.2798 - LR: 0.00010
2025-06-16 18:21 - INFO - Epoch 80 - Train loss: 0.2180 - Val loss: 0.2579 - Boundary loss: 0.1882 - Mask loss: 0.2878 - LR: 0.00010
2025-06-16 18:21 - INFO - Checkpoint 80 saved!
2025-06-16 18:22 - INFO - Epoch 81 - Train loss: 0.2148 - Val loss: 0.2576 - Boundary loss: 0.1862 - Mask loss: 0.2883 - LR: 0.00010
2025-06-16 18:22 - INFO - Epoch 82 - Train loss: 0.2134 - Val loss: 0.2543 - Boundary loss: 0.1867 - Mask loss: 0.2834 - LR: 0.00010
2025-06-16 18:23 - INFO - Epoch 83 - Train loss: 0.2098 - Val loss: 0.2645 - Boundary loss: 0.1873 - Mask loss: 0.2976 - LR: 0.00010
2025-06-16 18:24 - INFO - Epoch 84 - Train loss: 0.2130 - Val loss: 0.2614 - Boundary loss: 0.1880 - Mask loss: 0.2929 - LR: 0.00010
2025-06-16 18:25 - INFO - Epoch 85 - Train loss: 0.2087 - Val loss: 0.2610 - Boundary loss: 0.1864 - Mask loss: 0.2930 - LR: 0.00010
2025-06-16 18:26 - INFO - Epoch 86 - Train loss: 0.2142 - Val loss: 0.2713 - Boundary loss: 0.1864 - Mask loss: 0.3077 - LR: 0.00010
2025-06-16 18:27 - INFO - Epoch 87 - Train loss: 0.2099 - Val loss: 0.2674 - Boundary loss: 0.1873 - Mask loss: 0.3017 - LR: 0.00010
2025-06-16 18:28 - INFO - Epoch 88 - Train loss: 0.2141 - Val loss: 0.2663 - Boundary loss: 0.1860 - Mask loss: 0.3007 - LR: 0.00010
2025-06-16 18:29 - INFO - Epoch 89 - Train loss: 0.2098 - Val loss: 0.2586 - Boundary loss: 0.1853 - Mask loss: 0.2900 - LR: 0.00010
2025-06-16 18:30 - INFO - Epoch 90 - Train loss: 0.2041 - Val loss: 0.2559 - Boundary loss: 0.1854 - Mask loss: 0.2861 - LR: 0.00010
2025-06-16 18:30 - INFO - Checkpoint 90 saved!
2025-06-16 18:31 - INFO - Epoch 91 - Train loss: 0.2020 - Val loss: 0.2554 - Boundary loss: 0.1849 - Mask loss: 0.2855 - LR: 0.00010
2025-06-16 18:32 - INFO - Epoch 92 - Train loss: 0.2004 - Val loss: 0.2590 - Boundary loss: 0.1850 - Mask loss: 0.2907 - LR: 0.00010
2025-06-16 18:32 - INFO - Epoch 93 - Train loss: 0.1992 - Val loss: 0.2623 - Boundary loss: 0.1879 - Mask loss: 0.2941 - LR: 0.00010
2025-06-16 18:33 - INFO - Epoch 94 - Train loss: 0.1994 - Val loss: 0.2617 - Boundary loss: 0.1849 - Mask loss: 0.2946 - LR: 0.00010
2025-06-16 18:34 - INFO - Epoch 95 - Train loss: 0.1970 - Val loss: 0.2555 - Boundary loss: 0.1849 - Mask loss: 0.2857 - LR: 0.00010
2025-06-16 18:35 - INFO - Epoch 96 - Train loss: 0.1950 - Val loss: 0.2605 - Boundary loss: 0.1845 - Mask loss: 0.2931 - LR: 0.00010
2025-06-16 18:36 - INFO - Epoch 97 - Train loss: 0.1968 - Val loss: 0.2561 - Boundary loss: 0.1836 - Mask loss: 0.2871 - LR: 0.00010
2025-06-16 18:37 - INFO - Epoch 98 - Train loss: 0.1940 - Val loss: 0.2597 - Boundary loss: 0.1840 - Mask loss: 0.2922 - LR: 0.00010
2025-06-16 18:38 - INFO - Epoch 99 - Train loss: 0.1914 - Val loss: 0.2637 - Boundary loss: 0.1836 - Mask loss: 0.2980 - LR: 0.00010
2025-06-16 18:39 - INFO - Epoch 100 - Train loss: 0.1909 - Val loss: 0.2585 - Boundary loss: 0.1847 - Mask loss: 0.2902 - LR: 0.00010
2025-06-16 18:39 - INFO - Checkpoint 100 saved!
