2025-12-01 12:17 - INFO - Creating dataset with 266 examples
2025-12-01 12:17 - INFO - Starting training:
        Model:           main64-gaussian_noise1
        Loss rate:       (0.6, 0.4)
        Epochs:          100
        Batch size:      2
        Learning rate:   0.0001
        Training size:   240
        Validation size: 26
        Device:          cuda
        Checkpoints:     True
    
2025-12-01 12:17 - INFO - Model config saved to F:\Bo Yu\Bsinet_yb\Mymodel\noise\HL\main64\gaussian_noise1\model_config_main64-gaussian_noise1.yaml
2025-12-01 12:18 - INFO - Epoch 1 - Train loss: 0.6465 - Val loss: 0.5977 - Boundary loss: 0.6196 - Mask loss: 0.5831 - LR: 0.00010
2025-12-01 12:19 - INFO - Epoch 2 - Train loss: 0.5721 - Val loss: 0.5402 - Boundary loss: 0.4976 - Mask loss: 0.5686 - LR: 0.00010
2025-12-01 12:20 - INFO - Epoch 3 - Train loss: 0.5379 - Val loss: 0.5030 - Boundary loss: 0.4618 - Mask loss: 0.5305 - LR: 0.00010
2025-12-01 12:20 - INFO - Epoch 4 - Train loss: 0.5068 - Val loss: 0.4939 - Boundary loss: 0.4396 - Mask loss: 0.5301 - LR: 0.00010
2025-12-01 12:21 - INFO - Epoch 5 - Train loss: 0.4871 - Val loss: 0.4801 - Boundary loss: 0.4581 - Mask loss: 0.4948 - LR: 0.00010
2025-12-01 12:22 - INFO - Epoch 6 - Train loss: 0.4657 - Val loss: 0.4313 - Boundary loss: 0.3886 - Mask loss: 0.4598 - LR: 0.00010
2025-12-01 12:23 - INFO - Epoch 7 - Train loss: 0.4481 - Val loss: 0.4132 - Boundary loss: 0.3793 - Mask loss: 0.4357 - LR: 0.00010
2025-12-01 12:24 - INFO - Epoch 8 - Train loss: 0.4307 - Val loss: 0.4379 - Boundary loss: 0.3777 - Mask loss: 0.4780 - LR: 0.00010
2025-12-01 12:24 - INFO - Epoch 9 - Train loss: 0.4198 - Val loss: 0.3783 - Boundary loss: 0.3227 - Mask loss: 0.4153 - LR: 0.00010
2025-12-01 12:25 - INFO - Epoch 10 - Train loss: 0.4104 - Val loss: 0.3604 - Boundary loss: 0.2989 - Mask loss: 0.4014 - LR: 0.00010
2025-12-01 12:25 - INFO - Checkpoint 10 saved!
2025-12-01 12:26 - INFO - Epoch 11 - Train loss: 0.3928 - Val loss: 0.3665 - Boundary loss: 0.3373 - Mask loss: 0.3859 - LR: 0.00010
2025-12-01 12:27 - INFO - Epoch 12 - Train loss: 0.3833 - Val loss: 0.3810 - Boundary loss: 0.3073 - Mask loss: 0.4301 - LR: 0.00010
2025-12-01 12:28 - INFO - Epoch 13 - Train loss: 0.3802 - Val loss: 0.3677 - Boundary loss: 0.3117 - Mask loss: 0.4051 - LR: 0.00010
2025-12-01 12:28 - INFO - Epoch 14 - Train loss: 0.3725 - Val loss: 0.3396 - Boundary loss: 0.2943 - Mask loss: 0.3698 - LR: 0.00010
2025-12-01 12:29 - INFO - Epoch 15 - Train loss: 0.3598 - Val loss: 0.3291 - Boundary loss: 0.2892 - Mask loss: 0.3557 - LR: 0.00010
2025-12-01 12:30 - INFO - Epoch 16 - Train loss: 0.3523 - Val loss: 0.3699 - Boundary loss: 0.3556 - Mask loss: 0.3794 - LR: 0.00010
2025-12-01 12:31 - INFO - Epoch 17 - Train loss: 0.3493 - Val loss: 0.3142 - Boundary loss: 0.2464 - Mask loss: 0.3595 - LR: 0.00010
2025-12-01 12:32 - INFO - Epoch 18 - Train loss: 0.3459 - Val loss: 0.3596 - Boundary loss: 0.2980 - Mask loss: 0.4007 - LR: 0.00010
2025-12-01 12:32 - INFO - Epoch 19 - Train loss: 0.3415 - Val loss: 0.3066 - Boundary loss: 0.2417 - Mask loss: 0.3498 - LR: 0.00010
2025-12-01 12:33 - INFO - Epoch 20 - Train loss: 0.3337 - Val loss: 0.3157 - Boundary loss: 0.2381 - Mask loss: 0.3674 - LR: 0.00010
2025-12-01 12:33 - INFO - Checkpoint 20 saved!
2025-12-01 12:34 - INFO - Epoch 21 - Train loss: 0.3283 - Val loss: 0.3044 - Boundary loss: 0.2494 - Mask loss: 0.3410 - LR: 0.00010
2025-12-01 12:35 - INFO - Epoch 22 - Train loss: 0.3254 - Val loss: 0.3143 - Boundary loss: 0.2406 - Mask loss: 0.3634 - LR: 0.00010
2025-12-01 12:36 - INFO - Epoch 23 - Train loss: 0.3232 - Val loss: 0.3140 - Boundary loss: 0.2712 - Mask loss: 0.3426 - LR: 0.00010
2025-12-01 12:37 - INFO - Epoch 24 - Train loss: 0.3173 - Val loss: 0.3050 - Boundary loss: 0.2556 - Mask loss: 0.3379 - LR: 0.00010
2025-12-01 12:37 - INFO - Epoch 25 - Train loss: 0.3149 - Val loss: 0.2943 - Boundary loss: 0.2284 - Mask loss: 0.3382 - LR: 0.00010
2025-12-01 12:38 - INFO - Epoch 26 - Train loss: 0.3078 - Val loss: 0.3000 - Boundary loss: 0.2258 - Mask loss: 0.3494 - LR: 0.00010
2025-12-01 12:39 - INFO - Epoch 27 - Train loss: 0.3063 - Val loss: 0.2904 - Boundary loss: 0.2329 - Mask loss: 0.3287 - LR: 0.00010
2025-12-01 12:40 - INFO - Epoch 28 - Train loss: 0.3016 - Val loss: 0.2927 - Boundary loss: 0.2272 - Mask loss: 0.3363 - LR: 0.00010
2025-12-01 12:41 - INFO - Epoch 29 - Train loss: 0.3033 - Val loss: 0.2933 - Boundary loss: 0.2273 - Mask loss: 0.3372 - LR: 0.00010
2025-12-01 12:41 - INFO - Epoch 30 - Train loss: 0.2984 - Val loss: 0.2914 - Boundary loss: 0.2241 - Mask loss: 0.3362 - LR: 0.00010
2025-12-01 12:41 - INFO - Checkpoint 30 saved!
2025-12-01 12:42 - INFO - Epoch 31 - Train loss: 0.2973 - Val loss: 0.2848 - Boundary loss: 0.2166 - Mask loss: 0.3302 - LR: 0.00010
2025-12-01 12:43 - INFO - Epoch 32 - Train loss: 0.2946 - Val loss: 0.2902 - Boundary loss: 0.2263 - Mask loss: 0.3328 - LR: 0.00010
2025-12-01 12:44 - INFO - Epoch 33 - Train loss: 0.2909 - Val loss: 0.2751 - Boundary loss: 0.2221 - Mask loss: 0.3105 - LR: 0.00010
2025-12-01 12:45 - INFO - Epoch 34 - Train loss: 0.2864 - Val loss: 0.2917 - Boundary loss: 0.2172 - Mask loss: 0.3414 - LR: 0.00010
2025-12-01 12:45 - INFO - Epoch 35 - Train loss: 0.2873 - Val loss: 0.2892 - Boundary loss: 0.2206 - Mask loss: 0.3350 - LR: 0.00010
2025-12-01 12:46 - INFO - Epoch 36 - Train loss: 0.2827 - Val loss: 0.2980 - Boundary loss: 0.2180 - Mask loss: 0.3514 - LR: 0.00010
2025-12-01 12:47 - INFO - Epoch 37 - Train loss: 0.2882 - Val loss: 0.2955 - Boundary loss: 0.2139 - Mask loss: 0.3499 - LR: 0.00010
2025-12-01 12:48 - INFO - Epoch 38 - Train loss: 0.2918 - Val loss: 0.2808 - Boundary loss: 0.2117 - Mask loss: 0.3269 - LR: 0.00010
2025-12-01 12:49 - INFO - Epoch 39 - Train loss: 0.2818 - Val loss: 0.2790 - Boundary loss: 0.2125 - Mask loss: 0.3233 - LR: 0.00010
2025-12-01 12:50 - INFO - Epoch 40 - Train loss: 0.2745 - Val loss: 0.2812 - Boundary loss: 0.2119 - Mask loss: 0.3275 - LR: 0.00010
2025-12-01 12:50 - INFO - Checkpoint 40 saved!
2025-12-01 12:50 - INFO - Epoch 41 - Train loss: 0.2741 - Val loss: 0.2796 - Boundary loss: 0.2110 - Mask loss: 0.3253 - LR: 0.00010
2025-12-01 12:51 - INFO - Epoch 42 - Train loss: 0.2720 - Val loss: 0.2825 - Boundary loss: 0.2071 - Mask loss: 0.3328 - LR: 0.00010
2025-12-01 12:52 - INFO - Epoch 43 - Train loss: 0.2703 - Val loss: 0.2881 - Boundary loss: 0.2157 - Mask loss: 0.3363 - LR: 0.00010
2025-12-01 12:53 - INFO - Epoch 44 - Train loss: 0.2720 - Val loss: 0.2755 - Boundary loss: 0.2127 - Mask loss: 0.3173 - LR: 0.00010
2025-12-01 12:54 - INFO - Epoch 45 - Train loss: 0.2675 - Val loss: 0.2719 - Boundary loss: 0.2077 - Mask loss: 0.3147 - LR: 0.00010
2025-12-01 12:54 - INFO - Epoch 46 - Train loss: 0.2639 - Val loss: 0.2855 - Boundary loss: 0.2092 - Mask loss: 0.3364 - LR: 0.00010
2025-12-01 12:55 - INFO - Epoch 47 - Train loss: 0.2625 - Val loss: 0.2683 - Boundary loss: 0.2048 - Mask loss: 0.3106 - LR: 0.00010
2025-12-01 12:56 - INFO - Epoch 48 - Train loss: 0.2619 - Val loss: 0.2672 - Boundary loss: 0.2053 - Mask loss: 0.3084 - LR: 0.00010
2025-12-01 12:57 - INFO - Epoch 49 - Train loss: 0.2618 - Val loss: 0.2713 - Boundary loss: 0.2081 - Mask loss: 0.3134 - LR: 0.00010
2025-12-01 12:58 - INFO - Epoch 50 - Train loss: 0.2805 - Val loss: 0.2851 - Boundary loss: 0.2103 - Mask loss: 0.3349 - LR: 0.00010
2025-12-01 12:58 - INFO - Checkpoint 50 saved!
2025-12-01 12:59 - INFO - Epoch 51 - Train loss: 0.2678 - Val loss: 0.2742 - Boundary loss: 0.2042 - Mask loss: 0.3208 - LR: 0.00010
2025-12-01 12:59 - INFO - Epoch 52 - Train loss: 0.2607 - Val loss: 0.2735 - Boundary loss: 0.2079 - Mask loss: 0.3173 - LR: 0.00010
2025-12-01 13:00 - INFO - Epoch 53 - Train loss: 0.2568 - Val loss: 0.2702 - Boundary loss: 0.2028 - Mask loss: 0.3152 - LR: 0.00010
2025-12-01 13:01 - INFO - Epoch 54 - Train loss: 0.2527 - Val loss: 0.2673 - Boundary loss: 0.2012 - Mask loss: 0.3113 - LR: 0.00010
2025-12-01 13:02 - INFO - Epoch 55 - Train loss: 0.2489 - Val loss: 0.2678 - Boundary loss: 0.2018 - Mask loss: 0.3118 - LR: 0.00010
2025-12-01 13:03 - INFO - Epoch 56 - Train loss: 0.2498 - Val loss: 0.2789 - Boundary loss: 0.2029 - Mask loss: 0.3295 - LR: 0.00010
2025-12-01 13:03 - INFO - Epoch 57 - Train loss: 0.2485 - Val loss: 0.2727 - Boundary loss: 0.2056 - Mask loss: 0.3174 - LR: 0.00010
2025-12-01 13:04 - INFO - Epoch 58 - Train loss: 0.2474 - Val loss: 0.2666 - Boundary loss: 0.2014 - Mask loss: 0.3100 - LR: 0.00010
2025-12-01 13:05 - INFO - Epoch 59 - Train loss: 0.2473 - Val loss: 0.2707 - Boundary loss: 0.2011 - Mask loss: 0.3171 - LR: 0.00010
2025-12-01 13:06 - INFO - Epoch 60 - Train loss: 0.2491 - Val loss: 0.2717 - Boundary loss: 0.2031 - Mask loss: 0.3175 - LR: 0.00010
2025-12-01 13:06 - INFO - Checkpoint 60 saved!
2025-12-01 13:07 - INFO - Epoch 61 - Train loss: 0.2416 - Val loss: 0.2694 - Boundary loss: 0.1999 - Mask loss: 0.3158 - LR: 0.00010
2025-12-01 13:07 - INFO - Epoch 62 - Train loss: 0.2414 - Val loss: 0.2743 - Boundary loss: 0.2002 - Mask loss: 0.3237 - LR: 0.00010
2025-12-01 13:08 - INFO - Epoch 63 - Train loss: 0.2405 - Val loss: 0.2707 - Boundary loss: 0.1989 - Mask loss: 0.3186 - LR: 0.00010
2025-12-01 13:09 - INFO - Epoch 64 - Train loss: 0.2399 - Val loss: 0.2690 - Boundary loss: 0.2006 - Mask loss: 0.3145 - LR: 0.00010
2025-12-01 13:10 - INFO - Epoch 65 - Train loss: 0.2449 - Val loss: 0.2685 - Boundary loss: 0.1978 - Mask loss: 0.3156 - LR: 0.00010
2025-12-01 13:11 - INFO - Epoch 66 - Train loss: 0.2400 - Val loss: 0.2654 - Boundary loss: 0.1977 - Mask loss: 0.3106 - LR: 0.00010
2025-12-01 13:12 - INFO - Epoch 67 - Train loss: 0.2351 - Val loss: 0.2611 - Boundary loss: 0.1976 - Mask loss: 0.3034 - LR: 0.00010
2025-12-01 13:12 - INFO - Epoch 68 - Train loss: 0.2333 - Val loss: 0.2690 - Boundary loss: 0.1988 - Mask loss: 0.3157 - LR: 0.00010
2025-12-01 13:13 - INFO - Epoch 69 - Train loss: 0.2334 - Val loss: 0.2749 - Boundary loss: 0.1986 - Mask loss: 0.3259 - LR: 0.00010
2025-12-01 13:14 - INFO - Epoch 70 - Train loss: 0.2327 - Val loss: 0.2628 - Boundary loss: 0.1975 - Mask loss: 0.3063 - LR: 0.00010
2025-12-01 13:14 - INFO - Checkpoint 70 saved!
2025-12-01 13:15 - INFO - Epoch 71 - Train loss: 0.2298 - Val loss: 0.2779 - Boundary loss: 0.1975 - Mask loss: 0.3314 - LR: 0.00010
2025-12-01 13:16 - INFO - Epoch 72 - Train loss: 0.2340 - Val loss: 0.2635 - Boundary loss: 0.1956 - Mask loss: 0.3088 - LR: 0.00010
2025-12-01 13:16 - INFO - Epoch 73 - Train loss: 0.2291 - Val loss: 0.2612 - Boundary loss: 0.1961 - Mask loss: 0.3046 - LR: 0.00010
2025-12-01 13:17 - INFO - Epoch 74 - Train loss: 0.2270 - Val loss: 0.2628 - Boundary loss: 0.1994 - Mask loss: 0.3050 - LR: 0.00010
2025-12-01 13:18 - INFO - Epoch 75 - Train loss: 0.2255 - Val loss: 0.2704 - Boundary loss: 0.1977 - Mask loss: 0.3188 - LR: 0.00010
2025-12-01 13:19 - INFO - Epoch 76 - Train loss: 0.2235 - Val loss: 0.2651 - Boundary loss: 0.1959 - Mask loss: 0.3113 - LR: 0.00010
2025-12-01 13:20 - INFO - Epoch 77 - Train loss: 0.2213 - Val loss: 0.2678 - Boundary loss: 0.1968 - Mask loss: 0.3152 - LR: 0.00010
2025-12-01 13:21 - INFO - Epoch 78 - Train loss: 0.2192 - Val loss: 0.2623 - Boundary loss: 0.1965 - Mask loss: 0.3061 - LR: 0.00010
2025-12-01 13:21 - INFO - Epoch 79 - Train loss: 0.2200 - Val loss: 0.2681 - Boundary loss: 0.1968 - Mask loss: 0.3156 - LR: 0.00010
2025-12-01 13:22 - INFO - Epoch 80 - Train loss: 0.2171 - Val loss: 0.2660 - Boundary loss: 0.1970 - Mask loss: 0.3120 - LR: 0.00010
2025-12-01 13:22 - INFO - Checkpoint 80 saved!
2025-12-01 13:23 - INFO - Epoch 81 - Train loss: 0.2195 - Val loss: 0.2667 - Boundary loss: 0.1980 - Mask loss: 0.3125 - LR: 0.00010
2025-12-01 13:24 - INFO - Epoch 82 - Train loss: 0.2182 - Val loss: 0.2668 - Boundary loss: 0.1957 - Mask loss: 0.3142 - LR: 0.00010
2025-12-01 13:25 - INFO - Epoch 83 - Train loss: 0.2154 - Val loss: 0.2664 - Boundary loss: 0.1950 - Mask loss: 0.3139 - LR: 0.00010
2025-12-01 13:25 - INFO - Epoch 84 - Train loss: 0.2136 - Val loss: 0.2700 - Boundary loss: 0.1950 - Mask loss: 0.3200 - LR: 0.00010
2025-12-01 13:26 - INFO - Epoch 85 - Train loss: 0.2127 - Val loss: 0.2650 - Boundary loss: 0.1947 - Mask loss: 0.3118 - LR: 0.00010
2025-12-01 13:27 - INFO - Epoch 86 - Train loss: 0.2098 - Val loss: 0.2665 - Boundary loss: 0.1940 - Mask loss: 0.3149 - LR: 0.00010
2025-12-01 13:28 - INFO - Epoch 87 - Train loss: 0.2080 - Val loss: 0.2722 - Boundary loss: 0.1947 - Mask loss: 0.3238 - LR: 0.00010
2025-12-01 13:29 - INFO - Epoch 88 - Train loss: 0.2069 - Val loss: 0.2650 - Boundary loss: 0.1948 - Mask loss: 0.3118 - LR: 0.00010
2025-12-01 13:30 - INFO - Epoch 89 - Train loss: 0.2044 - Val loss: 0.2630 - Boundary loss: 0.1929 - Mask loss: 0.3097 - LR: 0.00010
2025-12-01 13:30 - INFO - Epoch 90 - Train loss: 0.2051 - Val loss: 0.2660 - Boundary loss: 0.1937 - Mask loss: 0.3143 - LR: 0.00010
2025-12-01 13:30 - INFO - Checkpoint 90 saved!
2025-12-01 13:31 - INFO - Epoch 91 - Train loss: 0.2037 - Val loss: 0.2683 - Boundary loss: 0.1951 - Mask loss: 0.3171 - LR: 0.00010
2025-12-01 13:32 - INFO - Epoch 92 - Train loss: 0.2014 - Val loss: 0.2641 - Boundary loss: 0.1956 - Mask loss: 0.3098 - LR: 0.00010
2025-12-01 13:33 - INFO - Epoch 93 - Train loss: 0.2046 - Val loss: 0.2710 - Boundary loss: 0.1974 - Mask loss: 0.3201 - LR: 0.00010
2025-12-01 13:34 - INFO - Epoch 94 - Train loss: 0.2023 - Val loss: 0.2710 - Boundary loss: 0.1951 - Mask loss: 0.3217 - LR: 0.00010
2025-12-01 13:34 - INFO - Epoch 95 - Train loss: 0.2001 - Val loss: 0.2752 - Boundary loss: 0.1976 - Mask loss: 0.3269 - LR: 0.00010
2025-12-01 13:35 - INFO - Epoch 96 - Train loss: 0.2049 - Val loss: 0.2657 - Boundary loss: 0.1972 - Mask loss: 0.3114 - LR: 0.00010
2025-12-01 13:36 - INFO - Epoch 97 - Train loss: 0.2001 - Val loss: 0.2687 - Boundary loss: 0.1936 - Mask loss: 0.3188 - LR: 0.00010
2025-12-01 13:37 - INFO - Epoch 98 - Train loss: 0.1954 - Val loss: 0.2691 - Boundary loss: 0.1955 - Mask loss: 0.3182 - LR: 0.00010
2025-12-01 13:38 - INFO - Epoch 99 - Train loss: 0.1950 - Val loss: 0.2705 - Boundary loss: 0.1947 - Mask loss: 0.3211 - LR: 0.00010
2025-12-01 13:39 - INFO - Epoch 100 - Train loss: 0.1950 - Val loss: 0.2757 - Boundary loss: 0.1947 - Mask loss: 0.3297 - LR: 0.00010
2025-12-01 13:39 - INFO - Checkpoint 100 saved!
