2025-12-01 23:34 - INFO - Creating dataset with 266 examples
2025-12-01 23:34 - INFO - Starting training:
        Model:           main64-stripe_noise1
        Loss rate:       (0.6, 0.4)
        Epochs:          100
        Batch size:      2
        Learning rate:   0.0001
        Training size:   240
        Validation size: 26
        Device:          cuda
        Checkpoints:     True
    
2025-12-01 23:34 - INFO - Model config saved to F:\Bo Yu\Bsinet_yb\Mymodel\noise\HL\main64\stripe_noise1\model_config_main64-stripe_noise1.yaml
2025-12-01 23:35 - INFO - Epoch 1 - Train loss: 0.7387 - Val loss: 0.6352 - Boundary loss: 0.7290 - Mask loss: 0.5727 - LR: 0.00010
2025-12-01 23:36 - INFO - Epoch 2 - Train loss: 0.6587 - Val loss: 0.6210 - Boundary loss: 0.7091 - Mask loss: 0.5622 - LR: 0.00010
2025-12-01 23:37 - INFO - Epoch 3 - Train loss: 0.6093 - Val loss: 0.6146 - Boundary loss: 0.7190 - Mask loss: 0.5450 - LR: 0.00010
2025-12-01 23:37 - INFO - Epoch 4 - Train loss: 0.5821 - Val loss: 0.6365 - Boundary loss: 0.8345 - Mask loss: 0.5044 - LR: 0.00010
2025-12-01 23:38 - INFO - Epoch 5 - Train loss: 0.5590 - Val loss: 0.5635 - Boundary loss: 0.6834 - Mask loss: 0.4835 - LR: 0.00010
2025-12-01 23:39 - INFO - Epoch 6 - Train loss: 0.5374 - Val loss: 0.5591 - Boundary loss: 0.6097 - Mask loss: 0.5254 - LR: 0.00010
2025-12-01 23:40 - INFO - Epoch 7 - Train loss: 0.5190 - Val loss: 0.5061 - Boundary loss: 0.5840 - Mask loss: 0.4541 - LR: 0.00010
2025-12-01 23:41 - INFO - Epoch 8 - Train loss: 0.5020 - Val loss: 0.4992 - Boundary loss: 0.5651 - Mask loss: 0.4552 - LR: 0.00010
2025-12-01 23:42 - INFO - Epoch 9 - Train loss: 0.4884 - Val loss: 0.4965 - Boundary loss: 0.5683 - Mask loss: 0.4487 - LR: 0.00010
2025-12-01 23:42 - INFO - Epoch 10 - Train loss: 0.4734 - Val loss: 0.4740 - Boundary loss: 0.5387 - Mask loss: 0.4309 - LR: 0.00010
2025-12-01 23:42 - INFO - Checkpoint 10 saved!
2025-12-01 23:43 - INFO - Epoch 11 - Train loss: 0.4582 - Val loss: 0.5001 - Boundary loss: 0.5533 - Mask loss: 0.4647 - LR: 0.00010
2025-12-01 23:44 - INFO - Epoch 12 - Train loss: 0.4520 - Val loss: 0.4555 - Boundary loss: 0.5295 - Mask loss: 0.4062 - LR: 0.00010
2025-12-01 23:45 - INFO - Epoch 13 - Train loss: 0.4394 - Val loss: 0.4333 - Boundary loss: 0.4560 - Mask loss: 0.4182 - LR: 0.00010
2025-12-01 23:46 - INFO - Epoch 14 - Train loss: 0.4253 - Val loss: 0.4293 - Boundary loss: 0.4619 - Mask loss: 0.4075 - LR: 0.00010
2025-12-01 23:46 - INFO - Epoch 15 - Train loss: 0.4138 - Val loss: 0.4196 - Boundary loss: 0.4440 - Mask loss: 0.4034 - LR: 0.00010
2025-12-01 23:47 - INFO - Epoch 16 - Train loss: 0.4132 - Val loss: 0.4042 - Boundary loss: 0.4286 - Mask loss: 0.3879 - LR: 0.00010
2025-12-01 23:48 - INFO - Epoch 17 - Train loss: 0.3933 - Val loss: 0.3912 - Boundary loss: 0.4125 - Mask loss: 0.3770 - LR: 0.00010
2025-12-01 23:49 - INFO - Epoch 18 - Train loss: 0.3844 - Val loss: 0.3752 - Boundary loss: 0.3801 - Mask loss: 0.3719 - LR: 0.00010
2025-12-01 23:50 - INFO - Epoch 19 - Train loss: 0.3731 - Val loss: 0.3690 - Boundary loss: 0.3856 - Mask loss: 0.3580 - LR: 0.00010
2025-12-01 23:50 - INFO - Epoch 20 - Train loss: 0.3652 - Val loss: 0.3708 - Boundary loss: 0.3940 - Mask loss: 0.3554 - LR: 0.00010
2025-12-01 23:50 - INFO - Checkpoint 20 saved!
2025-12-01 23:51 - INFO - Epoch 21 - Train loss: 0.3590 - Val loss: 0.3794 - Boundary loss: 0.4293 - Mask loss: 0.3461 - LR: 0.00010
2025-12-01 23:52 - INFO - Epoch 22 - Train loss: 0.3456 - Val loss: 0.3426 - Boundary loss: 0.3282 - Mask loss: 0.3521 - LR: 0.00010
2025-12-01 23:53 - INFO - Epoch 23 - Train loss: 0.3470 - Val loss: 0.3536 - Boundary loss: 0.3622 - Mask loss: 0.3479 - LR: 0.00010
2025-12-01 23:54 - INFO - Epoch 24 - Train loss: 0.3412 - Val loss: 0.3615 - Boundary loss: 0.3473 - Mask loss: 0.3710 - LR: 0.00010
2025-12-01 23:54 - INFO - Epoch 25 - Train loss: 0.3394 - Val loss: 0.3597 - Boundary loss: 0.3398 - Mask loss: 0.3729 - LR: 0.00010
2025-12-01 23:55 - INFO - Epoch 26 - Train loss: 0.3261 - Val loss: 0.3184 - Boundary loss: 0.2888 - Mask loss: 0.3381 - LR: 0.00010
2025-12-01 23:56 - INFO - Epoch 27 - Train loss: 0.3262 - Val loss: 0.3104 - Boundary loss: 0.2809 - Mask loss: 0.3301 - LR: 0.00010
2025-12-01 23:57 - INFO - Epoch 28 - Train loss: 0.3197 - Val loss: 0.3174 - Boundary loss: 0.2583 - Mask loss: 0.3568 - LR: 0.00010
2025-12-01 23:58 - INFO - Epoch 29 - Train loss: 0.3100 - Val loss: 0.3086 - Boundary loss: 0.2735 - Mask loss: 0.3320 - LR: 0.00010
2025-12-01 23:59 - INFO - Epoch 30 - Train loss: 0.3132 - Val loss: 0.4179 - Boundary loss: 0.4967 - Mask loss: 0.3654 - LR: 0.00010
2025-12-01 23:59 - INFO - Checkpoint 30 saved!
2025-12-01 23:59 - INFO - Epoch 31 - Train loss: 0.3090 - Val loss: 0.3144 - Boundary loss: 0.2928 - Mask loss: 0.3288 - LR: 0.00010
2025-12-02 00:00 - INFO - Epoch 32 - Train loss: 0.3012 - Val loss: 0.3251 - Boundary loss: 0.3145 - Mask loss: 0.3322 - LR: 0.00010
2025-12-02 00:01 - INFO - Epoch 33 - Train loss: 0.2994 - Val loss: 0.3045 - Boundary loss: 0.2621 - Mask loss: 0.3327 - LR: 0.00010
2025-12-02 00:02 - INFO - Epoch 34 - Train loss: 0.2917 - Val loss: 0.2960 - Boundary loss: 0.2475 - Mask loss: 0.3284 - LR: 0.00010
2025-12-02 00:03 - INFO - Epoch 35 - Train loss: 0.2875 - Val loss: 0.3123 - Boundary loss: 0.2701 - Mask loss: 0.3405 - LR: 0.00010
2025-12-02 00:03 - INFO - Epoch 36 - Train loss: 0.2853 - Val loss: 0.3183 - Boundary loss: 0.3143 - Mask loss: 0.3210 - LR: 0.00010
2025-12-02 00:04 - INFO - Epoch 37 - Train loss: 0.2804 - Val loss: 0.2993 - Boundary loss: 0.2508 - Mask loss: 0.3317 - LR: 0.00010
2025-12-02 00:05 - INFO - Epoch 38 - Train loss: 0.2821 - Val loss: 0.3110 - Boundary loss: 0.2543 - Mask loss: 0.3489 - LR: 0.00010
2025-12-02 00:06 - INFO - Epoch 39 - Train loss: 0.2791 - Val loss: 0.2910 - Boundary loss: 0.2424 - Mask loss: 0.3235 - LR: 0.00010
2025-12-02 00:07 - INFO - Epoch 40 - Train loss: 0.2806 - Val loss: 0.2745 - Boundary loss: 0.2323 - Mask loss: 0.3026 - LR: 0.00010
2025-12-02 00:07 - INFO - Checkpoint 40 saved!
2025-12-02 00:08 - INFO - Epoch 41 - Train loss: 0.2731 - Val loss: 0.2933 - Boundary loss: 0.2529 - Mask loss: 0.3203 - LR: 0.00010
2025-12-02 00:08 - INFO - Epoch 42 - Train loss: 0.2691 - Val loss: 0.2938 - Boundary loss: 0.2412 - Mask loss: 0.3289 - LR: 0.00010
2025-12-02 00:09 - INFO - Epoch 43 - Train loss: 0.2689 - Val loss: 0.2892 - Boundary loss: 0.2280 - Mask loss: 0.3301 - LR: 0.00010
2025-12-02 00:10 - INFO - Epoch 44 - Train loss: 0.2656 - Val loss: 0.2960 - Boundary loss: 0.2293 - Mask loss: 0.3405 - LR: 0.00010
2025-12-02 00:11 - INFO - Epoch 45 - Train loss: 0.2632 - Val loss: 0.2909 - Boundary loss: 0.2254 - Mask loss: 0.3345 - LR: 0.00010
2025-12-02 00:12 - INFO - Epoch 46 - Train loss: 0.2602 - Val loss: 0.2766 - Boundary loss: 0.2268 - Mask loss: 0.3099 - LR: 0.00010
2025-12-02 00:12 - INFO - Epoch 47 - Train loss: 0.2596 - Val loss: 0.2753 - Boundary loss: 0.2288 - Mask loss: 0.3063 - LR: 0.00010
2025-12-02 00:13 - INFO - Epoch 48 - Train loss: 0.2556 - Val loss: 0.2839 - Boundary loss: 0.2308 - Mask loss: 0.3192 - LR: 0.00010
2025-12-02 00:14 - INFO - Epoch 49 - Train loss: 0.2575 - Val loss: 0.2876 - Boundary loss: 0.2413 - Mask loss: 0.3184 - LR: 0.00010
2025-12-02 00:15 - INFO - Epoch 50 - Train loss: 0.2572 - Val loss: 0.2760 - Boundary loss: 0.2355 - Mask loss: 0.3030 - LR: 0.00010
2025-12-02 00:15 - INFO - Checkpoint 50 saved!
2025-12-02 00:16 - INFO - Epoch 51 - Train loss: 0.2560 - Val loss: 0.3248 - Boundary loss: 0.2291 - Mask loss: 0.3887 - LR: 0.00010
2025-12-02 00:16 - INFO - Epoch 52 - Train loss: 0.2622 - Val loss: 0.2754 - Boundary loss: 0.2173 - Mask loss: 0.3142 - LR: 0.00010
2025-12-02 00:17 - INFO - Epoch 53 - Train loss: 0.2510 - Val loss: 0.2734 - Boundary loss: 0.2177 - Mask loss: 0.3106 - LR: 0.00010
2025-12-02 00:18 - INFO - Epoch 54 - Train loss: 0.2492 - Val loss: 0.2876 - Boundary loss: 0.2479 - Mask loss: 0.3141 - LR: 0.00010
2025-12-02 00:19 - INFO - Epoch 55 - Train loss: 0.2475 - Val loss: 0.2789 - Boundary loss: 0.2200 - Mask loss: 0.3182 - LR: 0.00010
2025-12-02 00:20 - INFO - Epoch 56 - Train loss: 0.2435 - Val loss: 0.2813 - Boundary loss: 0.2191 - Mask loss: 0.3228 - LR: 0.00010
2025-12-02 00:21 - INFO - Epoch 57 - Train loss: 0.2417 - Val loss: 0.2675 - Boundary loss: 0.2132 - Mask loss: 0.3037 - LR: 0.00010
2025-12-02 00:21 - INFO - Epoch 58 - Train loss: 0.2371 - Val loss: 0.2763 - Boundary loss: 0.2385 - Mask loss: 0.3014 - LR: 0.00010
2025-12-02 00:22 - INFO - Epoch 59 - Train loss: 0.2367 - Val loss: 0.2666 - Boundary loss: 0.2239 - Mask loss: 0.2950 - LR: 0.00010
2025-12-02 00:23 - INFO - Epoch 60 - Train loss: 0.2357 - Val loss: 0.2629 - Boundary loss: 0.2087 - Mask loss: 0.2991 - LR: 0.00010
2025-12-02 00:23 - INFO - Checkpoint 60 saved!
2025-12-02 00:24 - INFO - Epoch 61 - Train loss: 0.2370 - Val loss: 0.2616 - Boundary loss: 0.2085 - Mask loss: 0.2969 - LR: 0.00010
2025-12-02 00:25 - INFO - Epoch 62 - Train loss: 0.2336 - Val loss: 0.2768 - Boundary loss: 0.2148 - Mask loss: 0.3182 - LR: 0.00010
2025-12-02 00:25 - INFO - Epoch 63 - Train loss: 0.2333 - Val loss: 0.2668 - Boundary loss: 0.2089 - Mask loss: 0.3054 - LR: 0.00010
2025-12-02 00:26 - INFO - Epoch 64 - Train loss: 0.2315 - Val loss: 0.2720 - Boundary loss: 0.2109 - Mask loss: 0.3128 - LR: 0.00010
2025-12-02 00:27 - INFO - Epoch 65 - Train loss: 0.2308 - Val loss: 0.2651 - Boundary loss: 0.2094 - Mask loss: 0.3022 - LR: 0.00010
2025-12-02 00:28 - INFO - Epoch 66 - Train loss: 0.2282 - Val loss: 0.2631 - Boundary loss: 0.2080 - Mask loss: 0.2998 - LR: 0.00010
2025-12-02 00:29 - INFO - Epoch 67 - Train loss: 0.2266 - Val loss: 0.2628 - Boundary loss: 0.2097 - Mask loss: 0.2983 - LR: 0.00010
2025-12-02 00:30 - INFO - Epoch 68 - Train loss: 0.2269 - Val loss: 0.2687 - Boundary loss: 0.2113 - Mask loss: 0.3069 - LR: 0.00010
2025-12-02 00:30 - INFO - Epoch 69 - Train loss: 0.2259 - Val loss: 0.2682 - Boundary loss: 0.2181 - Mask loss: 0.3016 - LR: 0.00010
2025-12-02 00:31 - INFO - Epoch 70 - Train loss: 0.2241 - Val loss: 0.2607 - Boundary loss: 0.2038 - Mask loss: 0.2986 - LR: 0.00010
2025-12-02 00:31 - INFO - Checkpoint 70 saved!
2025-12-02 00:32 - INFO - Epoch 71 - Train loss: 0.2205 - Val loss: 0.2579 - Boundary loss: 0.2020 - Mask loss: 0.2952 - LR: 0.00010
2025-12-02 00:33 - INFO - Epoch 72 - Train loss: 0.2186 - Val loss: 0.2587 - Boundary loss: 0.2035 - Mask loss: 0.2955 - LR: 0.00010
2025-12-02 00:34 - INFO - Epoch 73 - Train loss: 0.2173 - Val loss: 0.2623 - Boundary loss: 0.2061 - Mask loss: 0.2998 - LR: 0.00010
2025-12-02 00:34 - INFO - Epoch 74 - Train loss: 0.2169 - Val loss: 0.2553 - Boundary loss: 0.2049 - Mask loss: 0.2889 - LR: 0.00010
2025-12-02 00:35 - INFO - Epoch 75 - Train loss: 0.2151 - Val loss: 0.2604 - Boundary loss: 0.2000 - Mask loss: 0.3007 - LR: 0.00010
2025-12-02 00:36 - INFO - Epoch 76 - Train loss: 0.2181 - Val loss: 0.2611 - Boundary loss: 0.1992 - Mask loss: 0.3023 - LR: 0.00010
2025-12-02 00:37 - INFO - Epoch 77 - Train loss: 0.2145 - Val loss: 0.2647 - Boundary loss: 0.2069 - Mask loss: 0.3032 - LR: 0.00010
2025-12-02 00:38 - INFO - Epoch 78 - Train loss: 0.2126 - Val loss: 0.2664 - Boundary loss: 0.2006 - Mask loss: 0.3102 - LR: 0.00010
2025-12-02 00:38 - INFO - Epoch 79 - Train loss: 0.2131 - Val loss: 0.2660 - Boundary loss: 0.2096 - Mask loss: 0.3036 - LR: 0.00010
2025-12-02 00:39 - INFO - Epoch 80 - Train loss: 0.2137 - Val loss: 0.2658 - Boundary loss: 0.1994 - Mask loss: 0.3100 - LR: 0.00010
2025-12-02 00:39 - INFO - Checkpoint 80 saved!
2025-12-02 00:40 - INFO - Epoch 81 - Train loss: 0.2097 - Val loss: 0.2687 - Boundary loss: 0.2012 - Mask loss: 0.3136 - LR: 0.00010
2025-12-02 00:41 - INFO - Epoch 82 - Train loss: 0.2080 - Val loss: 0.2609 - Boundary loss: 0.1978 - Mask loss: 0.3029 - LR: 0.00010
2025-12-02 00:42 - INFO - Epoch 83 - Train loss: 0.2055 - Val loss: 0.2550 - Boundary loss: 0.1975 - Mask loss: 0.2934 - LR: 0.00010
2025-12-02 00:43 - INFO - Epoch 84 - Train loss: 0.2047 - Val loss: 0.2566 - Boundary loss: 0.1971 - Mask loss: 0.2963 - LR: 0.00010
2025-12-02 00:43 - INFO - Epoch 85 - Train loss: 0.2023 - Val loss: 0.2638 - Boundary loss: 0.1997 - Mask loss: 0.3066 - LR: 0.00010
2025-12-02 00:44 - INFO - Epoch 86 - Train loss: 0.2019 - Val loss: 0.2634 - Boundary loss: 0.1966 - Mask loss: 0.3080 - LR: 0.00010
2025-12-02 00:45 - INFO - Epoch 87 - Train loss: 0.2031 - Val loss: 0.2653 - Boundary loss: 0.1968 - Mask loss: 0.3110 - LR: 0.00010
2025-12-02 00:46 - INFO - Epoch 88 - Train loss: 0.2011 - Val loss: 0.2569 - Boundary loss: 0.2002 - Mask loss: 0.2947 - LR: 0.00010
2025-12-02 00:47 - INFO - Epoch 89 - Train loss: 0.2005 - Val loss: 0.2587 - Boundary loss: 0.2030 - Mask loss: 0.2958 - LR: 0.00010
2025-12-02 00:47 - INFO - Epoch 90 - Train loss: 0.2000 - Val loss: 0.2578 - Boundary loss: 0.1953 - Mask loss: 0.2995 - LR: 0.00010
2025-12-02 00:47 - INFO - Checkpoint 90 saved!
2025-12-02 00:48 - INFO - Epoch 91 - Train loss: 0.1962 - Val loss: 0.2629 - Boundary loss: 0.1968 - Mask loss: 0.3070 - LR: 0.00010
2025-12-02 00:49 - INFO - Epoch 92 - Train loss: 0.1937 - Val loss: 0.2560 - Boundary loss: 0.1944 - Mask loss: 0.2971 - LR: 0.00010
2025-12-02 00:50 - INFO - Epoch 93 - Train loss: 0.1953 - Val loss: 0.2553 - Boundary loss: 0.1942 - Mask loss: 0.2961 - LR: 0.00010
2025-12-02 00:51 - INFO - Epoch 94 - Train loss: 0.1945 - Val loss: 0.2597 - Boundary loss: 0.1934 - Mask loss: 0.3038 - LR: 0.00010
2025-12-02 00:52 - INFO - Epoch 95 - Train loss: 0.1914 - Val loss: 0.2548 - Boundary loss: 0.1918 - Mask loss: 0.2967 - LR: 0.00010
2025-12-02 00:52 - INFO - Epoch 96 - Train loss: 0.1893 - Val loss: 0.2575 - Boundary loss: 0.1984 - Mask loss: 0.2970 - LR: 0.00010
2025-12-02 00:53 - INFO - Epoch 97 - Train loss: 0.1911 - Val loss: 0.2703 - Boundary loss: 0.1978 - Mask loss: 0.3186 - LR: 0.00010
2025-12-02 00:54 - INFO - Epoch 98 - Train loss: 0.1877 - Val loss: 0.2584 - Boundary loss: 0.1929 - Mask loss: 0.3021 - LR: 0.00010
2025-12-02 00:55 - INFO - Epoch 99 - Train loss: 0.1877 - Val loss: 0.2596 - Boundary loss: 0.1939 - Mask loss: 0.3034 - LR: 0.00010
2025-12-02 00:56 - INFO - Epoch 100 - Train loss: 0.1860 - Val loss: 0.2632 - Boundary loss: 0.1971 - Mask loss: 0.3073 - LR: 0.00010
2025-12-02 00:56 - INFO - Checkpoint 100 saved!
