2025-06-26 17:32 - INFO - Creating dataset with 300 examples
2025-06-26 17:32 - INFO - Starting training:
        Model:           main64-7
        Loss rate:       (0.6, 0.4)
        Epochs:          150
        Batch size:      2
        Learning rate:   0.0001
        Training size:   270
        Validation size: 30
        Device:          cuda
        Checkpoints:     True
    
2025-06-26 17:32 - INFO - Model config saved to F:\Bo Yu\Bsinet_yb\Mymodel\para\jy\main64-7\model_config_main64-7.yaml
2025-06-26 17:33 - INFO - Epoch 1 - Train loss: 0.6849 - Val loss: 0.6594 - Boundary loss: 0.5317 - Mask loss: 0.7446 - LR: 0.00010
2025-06-26 17:34 - INFO - Epoch 2 - Train loss: 0.6065 - Val loss: 0.5997 - Boundary loss: 0.4660 - Mask loss: 0.6889 - LR: 0.00010
2025-06-26 17:35 - INFO - Epoch 3 - Train loss: 0.5730 - Val loss: 0.5767 - Boundary loss: 0.4428 - Mask loss: 0.6660 - LR: 0.00010
2025-06-26 17:36 - INFO - Epoch 4 - Train loss: 0.5506 - Val loss: 0.5566 - Boundary loss: 0.4040 - Mask loss: 0.6583 - LR: 0.00010
2025-06-26 17:37 - INFO - Epoch 5 - Train loss: 0.5269 - Val loss: 0.5195 - Boundary loss: 0.3674 - Mask loss: 0.6210 - LR: 0.00010
2025-06-26 17:39 - INFO - Epoch 6 - Train loss: 0.5042 - Val loss: 0.4840 - Boundary loss: 0.3453 - Mask loss: 0.5764 - LR: 0.00010
2025-06-26 17:40 - INFO - Epoch 7 - Train loss: 0.4827 - Val loss: 0.4514 - Boundary loss: 0.3150 - Mask loss: 0.5424 - LR: 0.00010
2025-06-26 17:41 - INFO - Epoch 8 - Train loss: 0.4616 - Val loss: 0.4276 - Boundary loss: 0.2941 - Mask loss: 0.5166 - LR: 0.00010
2025-06-26 17:42 - INFO - Epoch 9 - Train loss: 0.4508 - Val loss: 0.4216 - Boundary loss: 0.2730 - Mask loss: 0.5207 - LR: 0.00010
2025-06-26 17:43 - INFO - Epoch 10 - Train loss: 0.4315 - Val loss: 0.4132 - Boundary loss: 0.2537 - Mask loss: 0.5195 - LR: 0.00010
2025-06-26 17:43 - INFO - Checkpoint 10 saved!
2025-06-26 17:44 - INFO - Epoch 11 - Train loss: 0.4136 - Val loss: 0.3799 - Boundary loss: 0.2332 - Mask loss: 0.4777 - LR: 0.00010
2025-06-26 17:45 - INFO - Epoch 12 - Train loss: 0.4044 - Val loss: 0.3691 - Boundary loss: 0.2209 - Mask loss: 0.4679 - LR: 0.00010
2025-06-26 17:46 - INFO - Epoch 13 - Train loss: 0.3924 - Val loss: 0.3537 - Boundary loss: 0.2010 - Mask loss: 0.4555 - LR: 0.00010
2025-06-26 17:47 - INFO - Epoch 14 - Train loss: 0.3735 - Val loss: 0.3327 - Boundary loss: 0.1842 - Mask loss: 0.4317 - LR: 0.00010
2025-06-26 17:48 - INFO - Epoch 15 - Train loss: 0.3630 - Val loss: 0.3377 - Boundary loss: 0.1889 - Mask loss: 0.4369 - LR: 0.00010
2025-06-26 17:49 - INFO - Epoch 16 - Train loss: 0.3561 - Val loss: 0.3228 - Boundary loss: 0.1774 - Mask loss: 0.4197 - LR: 0.00010
2025-06-26 17:50 - INFO - Epoch 17 - Train loss: 0.3454 - Val loss: 0.3168 - Boundary loss: 0.1613 - Mask loss: 0.4204 - LR: 0.00010
2025-06-26 17:51 - INFO - Epoch 18 - Train loss: 0.3327 - Val loss: 0.3088 - Boundary loss: 0.1573 - Mask loss: 0.4098 - LR: 0.00010
2025-06-26 17:52 - INFO - Epoch 19 - Train loss: 0.3249 - Val loss: 0.2963 - Boundary loss: 0.1421 - Mask loss: 0.3992 - LR: 0.00010
2025-06-26 17:53 - INFO - Epoch 20 - Train loss: 0.3140 - Val loss: 0.3142 - Boundary loss: 0.1435 - Mask loss: 0.4281 - LR: 0.00010
2025-06-26 17:53 - INFO - Checkpoint 20 saved!
2025-06-26 17:55 - INFO - Epoch 21 - Train loss: 0.3048 - Val loss: 0.2900 - Boundary loss: 0.1459 - Mask loss: 0.3861 - LR: 0.00010
2025-06-26 17:56 - INFO - Epoch 22 - Train loss: 0.2991 - Val loss: 0.3055 - Boundary loss: 0.1406 - Mask loss: 0.4154 - LR: 0.00010
2025-06-26 17:57 - INFO - Epoch 23 - Train loss: 0.2899 - Val loss: 0.2751 - Boundary loss: 0.1310 - Mask loss: 0.3712 - LR: 0.00010
2025-06-26 17:58 - INFO - Epoch 24 - Train loss: 0.2773 - Val loss: 0.2718 - Boundary loss: 0.1287 - Mask loss: 0.3671 - LR: 0.00010
2025-06-26 17:59 - INFO - Epoch 25 - Train loss: 0.2642 - Val loss: 0.2788 - Boundary loss: 0.1290 - Mask loss: 0.3787 - LR: 0.00010
2025-06-26 18:00 - INFO - Epoch 26 - Train loss: 0.2599 - Val loss: 0.2570 - Boundary loss: 0.1218 - Mask loss: 0.3471 - LR: 0.00010
2025-06-26 18:01 - INFO - Epoch 27 - Train loss: 0.2493 - Val loss: 0.2528 - Boundary loss: 0.1163 - Mask loss: 0.3438 - LR: 0.00010
2025-06-26 18:02 - INFO - Epoch 28 - Train loss: 0.2460 - Val loss: 0.2450 - Boundary loss: 0.1145 - Mask loss: 0.3321 - LR: 0.00010
2025-06-26 18:03 - INFO - Epoch 29 - Train loss: 0.2432 - Val loss: 0.2475 - Boundary loss: 0.1133 - Mask loss: 0.3370 - LR: 0.00010
2025-06-26 18:04 - INFO - Epoch 30 - Train loss: 0.2322 - Val loss: 0.2370 - Boundary loss: 0.1119 - Mask loss: 0.3204 - LR: 0.00010
2025-06-26 18:04 - INFO - Checkpoint 30 saved!
2025-06-26 18:05 - INFO - Epoch 31 - Train loss: 0.2215 - Val loss: 0.2422 - Boundary loss: 0.1104 - Mask loss: 0.3300 - LR: 0.00010
2025-06-26 18:06 - INFO - Epoch 32 - Train loss: 0.2172 - Val loss: 0.2262 - Boundary loss: 0.1043 - Mask loss: 0.3075 - LR: 0.00010
2025-06-26 18:07 - INFO - Epoch 33 - Train loss: 0.2069 - Val loss: 0.2273 - Boundary loss: 0.1035 - Mask loss: 0.3098 - LR: 0.00010
2025-06-26 18:08 - INFO - Epoch 34 - Train loss: 0.1979 - Val loss: 0.2185 - Boundary loss: 0.1063 - Mask loss: 0.2933 - LR: 0.00010
2025-06-26 18:09 - INFO - Epoch 35 - Train loss: 0.2019 - Val loss: 0.2560 - Boundary loss: 0.1030 - Mask loss: 0.3581 - LR: 0.00010
2025-06-26 18:10 - INFO - Epoch 36 - Train loss: 0.2025 - Val loss: 0.2271 - Boundary loss: 0.1027 - Mask loss: 0.3101 - LR: 0.00010
2025-06-26 18:12 - INFO - Epoch 37 - Train loss: 0.1906 - Val loss: 0.2293 - Boundary loss: 0.1011 - Mask loss: 0.3147 - LR: 0.00010
2025-06-26 18:13 - INFO - Epoch 38 - Train loss: 0.1845 - Val loss: 0.2043 - Boundary loss: 0.0979 - Mask loss: 0.2752 - LR: 0.00010
2025-06-26 18:14 - INFO - Epoch 39 - Train loss: 0.1757 - Val loss: 0.2166 - Boundary loss: 0.0986 - Mask loss: 0.2953 - LR: 0.00010
2025-06-26 18:15 - INFO - Epoch 40 - Train loss: 0.1691 - Val loss: 0.2346 - Boundary loss: 0.0981 - Mask loss: 0.3256 - LR: 0.00010
2025-06-26 18:15 - INFO - Checkpoint 40 saved!
2025-06-26 18:16 - INFO - Epoch 41 - Train loss: 0.1636 - Val loss: 0.1985 - Boundary loss: 0.0979 - Mask loss: 0.2656 - LR: 0.00010
2025-06-26 18:17 - INFO - Epoch 42 - Train loss: 0.1567 - Val loss: 0.1946 - Boundary loss: 0.0962 - Mask loss: 0.2602 - LR: 0.00010
2025-06-26 18:18 - INFO - Epoch 43 - Train loss: 0.1548 - Val loss: 0.1925 - Boundary loss: 0.0967 - Mask loss: 0.2563 - LR: 0.00010
2025-06-26 18:19 - INFO - Epoch 44 - Train loss: 0.1510 - Val loss: 0.1919 - Boundary loss: 0.0950 - Mask loss: 0.2565 - LR: 0.00010
2025-06-26 18:20 - INFO - Epoch 45 - Train loss: 0.1568 - Val loss: 0.1965 - Boundary loss: 0.0942 - Mask loss: 0.2647 - LR: 0.00010
2025-06-26 18:21 - INFO - Epoch 46 - Train loss: 0.1463 - Val loss: 0.1911 - Boundary loss: 0.0937 - Mask loss: 0.2560 - LR: 0.00010
2025-06-26 18:22 - INFO - Epoch 47 - Train loss: 0.1385 - Val loss: 0.1863 - Boundary loss: 0.0923 - Mask loss: 0.2490 - LR: 0.00010
2025-06-26 18:23 - INFO - Epoch 48 - Train loss: 0.1354 - Val loss: 0.1867 - Boundary loss: 0.0924 - Mask loss: 0.2496 - LR: 0.00010
2025-06-26 18:24 - INFO - Epoch 49 - Train loss: 0.1339 - Val loss: 0.1889 - Boundary loss: 0.0924 - Mask loss: 0.2533 - LR: 0.00010
2025-06-26 18:25 - INFO - Epoch 50 - Train loss: 0.1300 - Val loss: 0.1885 - Boundary loss: 0.0925 - Mask loss: 0.2525 - LR: 0.00010
2025-06-26 18:25 - INFO - Checkpoint 50 saved!
2025-06-26 18:26 - INFO - Epoch 51 - Train loss: 0.1266 - Val loss: 0.1818 - Boundary loss: 0.0913 - Mask loss: 0.2421 - LR: 0.00010
2025-06-26 18:27 - INFO - Epoch 52 - Train loss: 0.1262 - Val loss: 0.1816 - Boundary loss: 0.0909 - Mask loss: 0.2421 - LR: 0.00010
2025-06-26 18:28 - INFO - Epoch 53 - Train loss: 0.1305 - Val loss: 0.1912 - Boundary loss: 0.0913 - Mask loss: 0.2578 - LR: 0.00010
2025-06-26 18:30 - INFO - Epoch 54 - Train loss: 0.1272 - Val loss: 0.1876 - Boundary loss: 0.0910 - Mask loss: 0.2519 - LR: 0.00010
2025-06-26 18:31 - INFO - Epoch 55 - Train loss: 0.1204 - Val loss: 0.1770 - Boundary loss: 0.0902 - Mask loss: 0.2349 - LR: 0.00010
2025-06-26 18:32 - INFO - Epoch 56 - Train loss: 0.1182 - Val loss: 0.1735 - Boundary loss: 0.0896 - Mask loss: 0.2294 - LR: 0.00010
2025-06-26 18:33 - INFO - Epoch 57 - Train loss: 0.1137 - Val loss: 0.1716 - Boundary loss: 0.0894 - Mask loss: 0.2264 - LR: 0.00010
2025-06-26 18:34 - INFO - Epoch 58 - Train loss: 0.1138 - Val loss: 0.1778 - Boundary loss: 0.0887 - Mask loss: 0.2372 - LR: 0.00010
2025-06-26 18:35 - INFO - Epoch 59 - Train loss: 0.1100 - Val loss: 0.1777 - Boundary loss: 0.0889 - Mask loss: 0.2369 - LR: 0.00010
2025-06-26 18:36 - INFO - Epoch 60 - Train loss: 0.1092 - Val loss: 0.1735 - Boundary loss: 0.0881 - Mask loss: 0.2304 - LR: 0.00010
2025-06-26 18:36 - INFO - Checkpoint 60 saved!
2025-06-26 18:37 - INFO - Epoch 61 - Train loss: 0.1073 - Val loss: 0.1731 - Boundary loss: 0.0884 - Mask loss: 0.2295 - LR: 0.00010
2025-06-26 18:38 - INFO - Epoch 62 - Train loss: 0.1041 - Val loss: 0.1690 - Boundary loss: 0.0876 - Mask loss: 0.2232 - LR: 0.00010
2025-06-26 18:39 - INFO - Epoch 63 - Train loss: 0.1023 - Val loss: 0.1732 - Boundary loss: 0.0876 - Mask loss: 0.2303 - LR: 0.00010
2025-06-26 18:40 - INFO - Epoch 64 - Train loss: 0.1102 - Val loss: 0.1896 - Boundary loss: 0.0892 - Mask loss: 0.2565 - LR: 0.00010
2025-06-26 18:41 - INFO - Epoch 65 - Train loss: 0.1192 - Val loss: 0.1959 - Boundary loss: 0.0903 - Mask loss: 0.2664 - LR: 0.00010
2025-06-26 18:42 - INFO - Epoch 66 - Train loss: 0.1248 - Val loss: 0.1767 - Boundary loss: 0.0883 - Mask loss: 0.2356 - LR: 0.00010
2025-06-26 18:43 - INFO - Epoch 67 - Train loss: 0.1133 - Val loss: 0.1971 - Boundary loss: 0.0910 - Mask loss: 0.2679 - LR: 0.00010
2025-06-26 18:44 - INFO - Epoch 68 - Train loss: 0.1144 - Val loss: 0.1703 - Boundary loss: 0.0874 - Mask loss: 0.2256 - LR: 0.00010
2025-06-26 18:45 - INFO - Epoch 69 - Train loss: 0.1026 - Val loss: 0.1679 - Boundary loss: 0.0871 - Mask loss: 0.2218 - LR: 0.00010
2025-06-26 18:47 - INFO - Epoch 70 - Train loss: 0.0982 - Val loss: 0.1669 - Boundary loss: 0.0871 - Mask loss: 0.2200 - LR: 0.00010
2025-06-26 18:47 - INFO - Checkpoint 70 saved!
2025-06-26 18:48 - INFO - Epoch 71 - Train loss: 0.0952 - Val loss: 0.1628 - Boundary loss: 0.0864 - Mask loss: 0.2138 - LR: 0.00010
2025-06-26 18:49 - INFO - Epoch 72 - Train loss: 0.0922 - Val loss: 0.1715 - Boundary loss: 0.0866 - Mask loss: 0.2281 - LR: 0.00010
2025-06-26 18:50 - INFO - Epoch 73 - Train loss: 0.0906 - Val loss: 0.1699 - Boundary loss: 0.0863 - Mask loss: 0.2256 - LR: 0.00010
2025-06-26 18:51 - INFO - Epoch 74 - Train loss: 0.0893 - Val loss: 0.1638 - Boundary loss: 0.0864 - Mask loss: 0.2155 - LR: 0.00010
2025-06-26 18:52 - INFO - Epoch 75 - Train loss: 0.0879 - Val loss: 0.1622 - Boundary loss: 0.0858 - Mask loss: 0.2130 - LR: 0.00010
2025-06-26 18:53 - INFO - Epoch 76 - Train loss: 0.0859 - Val loss: 0.1602 - Boundary loss: 0.0854 - Mask loss: 0.2101 - LR: 0.00010
2025-06-26 18:54 - INFO - Epoch 77 - Train loss: 0.0846 - Val loss: 0.1630 - Boundary loss: 0.0854 - Mask loss: 0.2147 - LR: 0.00010
2025-06-26 18:55 - INFO - Epoch 78 - Train loss: 0.0840 - Val loss: 0.1624 - Boundary loss: 0.0859 - Mask loss: 0.2135 - LR: 0.00010
2025-06-26 18:56 - INFO - Epoch 79 - Train loss: 0.0833 - Val loss: 0.1616 - Boundary loss: 0.0855 - Mask loss: 0.2124 - LR: 0.00010
2025-06-26 18:57 - INFO - Epoch 80 - Train loss: 0.0819 - Val loss: 0.1653 - Boundary loss: 0.0861 - Mask loss: 0.2180 - LR: 0.00010
2025-06-26 18:57 - INFO - Checkpoint 80 saved!
2025-06-26 18:58 - INFO - Epoch 81 - Train loss: 0.0805 - Val loss: 0.1640 - Boundary loss: 0.0854 - Mask loss: 0.2163 - LR: 0.00010
2025-06-26 18:59 - INFO - Epoch 82 - Train loss: 0.0808 - Val loss: 0.1799 - Boundary loss: 0.0887 - Mask loss: 0.2407 - LR: 0.00010
2025-06-26 19:00 - INFO - Epoch 83 - Train loss: 0.0866 - Val loss: 0.1716 - Boundary loss: 0.0850 - Mask loss: 0.2293 - LR: 0.00010
2025-06-26 19:01 - INFO - Epoch 84 - Train loss: 0.0848 - Val loss: 0.1636 - Boundary loss: 0.0868 - Mask loss: 0.2149 - LR: 0.00010
2025-06-26 19:02 - INFO - Epoch 85 - Train loss: 0.0812 - Val loss: 0.1682 - Boundary loss: 0.0856 - Mask loss: 0.2232 - LR: 0.00010
2025-06-26 19:03 - INFO - Epoch 86 - Train loss: 0.0950 - Val loss: 0.1737 - Boundary loss: 0.0868 - Mask loss: 0.2316 - LR: 0.00010
2025-06-26 19:05 - INFO - Epoch 87 - Train loss: 0.0906 - Val loss: 0.1698 - Boundary loss: 0.0857 - Mask loss: 0.2259 - LR: 0.00010
2025-06-26 19:06 - INFO - Epoch 88 - Train loss: 0.0796 - Val loss: 0.1649 - Boundary loss: 0.0854 - Mask loss: 0.2179 - LR: 0.00010
2025-06-26 19:07 - INFO - Epoch 89 - Train loss: 0.0785 - Val loss: 0.1736 - Boundary loss: 0.0860 - Mask loss: 0.2319 - LR: 0.00010
2025-06-26 19:08 - INFO - Epoch 90 - Train loss: 0.0749 - Val loss: 0.1603 - Boundary loss: 0.0845 - Mask loss: 0.2109 - LR: 0.00010
2025-06-26 19:08 - INFO - Checkpoint 90 saved!
2025-06-26 19:09 - INFO - Epoch 91 - Train loss: 0.0725 - Val loss: 0.1654 - Boundary loss: 0.0856 - Mask loss: 0.2186 - LR: 0.00010
2025-06-26 19:10 - INFO - Epoch 92 - Train loss: 0.0710 - Val loss: 0.1644 - Boundary loss: 0.0851 - Mask loss: 0.2172 - LR: 0.00010
2025-06-26 19:11 - INFO - Epoch 93 - Train loss: 0.0701 - Val loss: 0.1643 - Boundary loss: 0.0845 - Mask loss: 0.2175 - LR: 0.00010
2025-06-26 19:12 - INFO - Epoch 94 - Train loss: 0.0693 - Val loss: 0.1643 - Boundary loss: 0.0857 - Mask loss: 0.2167 - LR: 0.00010
2025-06-26 19:13 - INFO - Epoch 95 - Train loss: 0.0689 - Val loss: 0.1616 - Boundary loss: 0.0844 - Mask loss: 0.2130 - LR: 0.00010
2025-06-26 19:14 - INFO - Epoch 96 - Train loss: 0.0678 - Val loss: 0.1619 - Boundary loss: 0.0846 - Mask loss: 0.2135 - LR: 0.00010
2025-06-26 19:15 - INFO - Epoch 97 - Train loss: 0.1097 - Val loss: 0.1820 - Boundary loss: 0.0861 - Mask loss: 0.2459 - LR: 0.00010
2025-06-26 19:16 - INFO - Epoch 98 - Train loss: 0.0961 - Val loss: 0.1735 - Boundary loss: 0.0863 - Mask loss: 0.2316 - LR: 0.00010
2025-06-26 19:17 - INFO - Epoch 99 - Train loss: 0.0773 - Val loss: 0.1740 - Boundary loss: 0.0857 - Mask loss: 0.2328 - LR: 0.00010
2025-06-26 19:18 - INFO - Epoch 100 - Train loss: 0.0708 - Val loss: 0.1652 - Boundary loss: 0.0864 - Mask loss: 0.2177 - LR: 0.00010
2025-06-26 19:18 - INFO - Checkpoint 100 saved!
2025-06-26 19:19 - INFO - Epoch 101 - Train loss: 0.0677 - Val loss: 0.1650 - Boundary loss: 0.0856 - Mask loss: 0.2179 - LR: 0.00010
2025-06-26 19:21 - INFO - Epoch 102 - Train loss: 0.0662 - Val loss: 0.1657 - Boundary loss: 0.0871 - Mask loss: 0.2181 - LR: 0.00010
2025-06-26 19:22 - INFO - Epoch 103 - Train loss: 0.0649 - Val loss: 0.1665 - Boundary loss: 0.0861 - Mask loss: 0.2201 - LR: 0.00010
2025-06-26 19:23 - INFO - Epoch 104 - Train loss: 0.0646 - Val loss: 0.1619 - Boundary loss: 0.0855 - Mask loss: 0.2129 - LR: 0.00010
2025-06-26 19:24 - INFO - Epoch 105 - Train loss: 0.0633 - Val loss: 0.1628 - Boundary loss: 0.0852 - Mask loss: 0.2146 - LR: 0.00010
2025-06-26 19:25 - INFO - Epoch 106 - Train loss: 0.0625 - Val loss: 0.1655 - Boundary loss: 0.0853 - Mask loss: 0.2189 - LR: 0.00010
2025-06-26 19:26 - INFO - Epoch 107 - Train loss: 0.0617 - Val loss: 0.1625 - Boundary loss: 0.0851 - Mask loss: 0.2142 - LR: 0.00010
2025-06-26 19:27 - INFO - Epoch 108 - Train loss: 0.0613 - Val loss: 0.1621 - Boundary loss: 0.0860 - Mask loss: 0.2128 - LR: 0.00010
2025-06-26 19:28 - INFO - Epoch 109 - Train loss: 0.0608 - Val loss: 0.1652 - Boundary loss: 0.0865 - Mask loss: 0.2176 - LR: 0.00010
2025-06-26 19:29 - INFO - Epoch 110 - Train loss: 0.0606 - Val loss: 0.1654 - Boundary loss: 0.0861 - Mask loss: 0.2183 - LR: 0.00010
2025-06-26 19:29 - INFO - Checkpoint 110 saved!
2025-06-26 19:30 - INFO - Epoch 111 - Train loss: 0.0600 - Val loss: 0.1660 - Boundary loss: 0.0860 - Mask loss: 0.2193 - LR: 0.00010
2025-06-26 19:31 - INFO - Epoch 112 - Train loss: 0.0594 - Val loss: 0.1655 - Boundary loss: 0.0860 - Mask loss: 0.2185 - LR: 0.00010
2025-06-26 19:32 - INFO - Epoch 113 - Train loss: 0.0594 - Val loss: 0.1649 - Boundary loss: 0.0862 - Mask loss: 0.2174 - LR: 0.00010
2025-06-26 19:33 - INFO - Epoch 114 - Train loss: 0.0588 - Val loss: 0.1654 - Boundary loss: 0.0853 - Mask loss: 0.2188 - LR: 0.00010
2025-06-26 19:34 - INFO - Epoch 115 - Train loss: 0.0579 - Val loss: 0.1671 - Boundary loss: 0.0866 - Mask loss: 0.2208 - LR: 0.00010
2025-06-26 19:35 - INFO - Epoch 116 - Train loss: 0.0579 - Val loss: 0.1665 - Boundary loss: 0.0865 - Mask loss: 0.2198 - LR: 0.00010
2025-06-26 19:37 - INFO - Epoch 117 - Train loss: 0.0574 - Val loss: 0.1635 - Boundary loss: 0.0864 - Mask loss: 0.2149 - LR: 0.00010
2025-06-26 19:38 - INFO - Epoch 118 - Train loss: 0.0567 - Val loss: 0.1703 - Boundary loss: 0.0880 - Mask loss: 0.2252 - LR: 0.00010
2025-06-26 19:39 - INFO - Epoch 119 - Train loss: 0.0559 - Val loss: 0.1652 - Boundary loss: 0.0862 - Mask loss: 0.2179 - LR: 0.00010
2025-06-26 19:40 - INFO - Epoch 120 - Train loss: 0.0559 - Val loss: 0.1716 - Boundary loss: 0.0898 - Mask loss: 0.2262 - LR: 0.00010
2025-06-26 19:40 - INFO - Checkpoint 120 saved!
2025-06-26 19:41 - INFO - Epoch 121 - Train loss: 0.0560 - Val loss: 0.1747 - Boundary loss: 0.0881 - Mask loss: 0.2323 - LR: 0.00010
2025-06-26 19:42 - INFO - Epoch 122 - Train loss: 0.0561 - Val loss: 0.1694 - Boundary loss: 0.0872 - Mask loss: 0.2242 - LR: 0.00010
2025-06-26 19:43 - INFO - Epoch 123 - Train loss: 0.0553 - Val loss: 0.1703 - Boundary loss: 0.0866 - Mask loss: 0.2261 - LR: 0.00010
2025-06-26 19:44 - INFO - Epoch 124 - Train loss: 0.0545 - Val loss: 0.1731 - Boundary loss: 0.0863 - Mask loss: 0.2311 - LR: 0.00010
2025-06-26 19:45 - INFO - Epoch 125 - Train loss: 0.0536 - Val loss: 0.1730 - Boundary loss: 0.0876 - Mask loss: 0.2299 - LR: 0.00010
2025-06-26 19:46 - INFO - Epoch 126 - Train loss: 0.0537 - Val loss: 0.1690 - Boundary loss: 0.0859 - Mask loss: 0.2244 - LR: 0.00010
2025-06-26 19:47 - INFO - Epoch 127 - Train loss: 0.0532 - Val loss: 0.1731 - Boundary loss: 0.0885 - Mask loss: 0.2294 - LR: 0.00010
2025-06-26 19:48 - INFO - Epoch 128 - Train loss: 0.0529 - Val loss: 0.1785 - Boundary loss: 0.0892 - Mask loss: 0.2380 - LR: 0.00010
2025-06-26 19:49 - INFO - Epoch 129 - Train loss: 0.0709 - Val loss: 0.2129 - Boundary loss: 0.0904 - Mask loss: 0.2945 - LR: 0.00010
2025-06-26 19:50 - INFO - Epoch 130 - Train loss: 0.0786 - Val loss: 0.1774 - Boundary loss: 0.0862 - Mask loss: 0.2382 - LR: 0.00010
2025-06-26 19:50 - INFO - Checkpoint 130 saved!
2025-06-26 19:51 - INFO - Epoch 131 - Train loss: 0.0632 - Val loss: 0.1683 - Boundary loss: 0.0864 - Mask loss: 0.2229 - LR: 0.00010
2025-06-26 19:52 - INFO - Epoch 132 - Train loss: 0.0557 - Val loss: 0.1640 - Boundary loss: 0.0856 - Mask loss: 0.2162 - LR: 0.00010
2025-06-26 19:53 - INFO - Epoch 133 - Train loss: 0.0523 - Val loss: 0.1702 - Boundary loss: 0.0874 - Mask loss: 0.2254 - LR: 0.00010
2025-06-26 19:55 - INFO - Epoch 134 - Train loss: 0.0513 - Val loss: 0.1683 - Boundary loss: 0.0878 - Mask loss: 0.2219 - LR: 0.00010
2025-06-26 19:56 - INFO - Epoch 135 - Train loss: 0.0503 - Val loss: 0.1670 - Boundary loss: 0.0881 - Mask loss: 0.2197 - LR: 0.00010
2025-06-26 19:57 - INFO - Epoch 136 - Train loss: 0.0494 - Val loss: 0.1682 - Boundary loss: 0.0867 - Mask loss: 0.2225 - LR: 0.00010
2025-06-26 19:58 - INFO - Epoch 137 - Train loss: 0.0495 - Val loss: 0.1689 - Boundary loss: 0.0880 - Mask loss: 0.2229 - LR: 0.00010
2025-06-26 19:59 - INFO - Epoch 138 - Train loss: 0.0485 - Val loss: 0.1691 - Boundary loss: 0.0878 - Mask loss: 0.2233 - LR: 0.00010
2025-06-26 20:00 - INFO - Epoch 139 - Train loss: 0.0478 - Val loss: 0.1698 - Boundary loss: 0.0898 - Mask loss: 0.2231 - LR: 0.00010
2025-06-26 20:01 - INFO - Epoch 140 - Train loss: 0.0477 - Val loss: 0.1753 - Boundary loss: 0.0883 - Mask loss: 0.2334 - LR: 0.00010
2025-06-26 20:01 - INFO - Checkpoint 140 saved!
2025-06-26 20:02 - INFO - Epoch 141 - Train loss: 0.0484 - Val loss: 0.1682 - Boundary loss: 0.0882 - Mask loss: 0.2216 - LR: 0.00010
2025-06-26 20:03 - INFO - Epoch 142 - Train loss: 0.0483 - Val loss: 0.1711 - Boundary loss: 0.0890 - Mask loss: 0.2258 - LR: 0.00010
2025-06-26 20:04 - INFO - Epoch 143 - Train loss: 0.0481 - Val loss: 0.1735 - Boundary loss: 0.0897 - Mask loss: 0.2293 - LR: 0.00010
2025-06-26 20:05 - INFO - Epoch 144 - Train loss: 0.0482 - Val loss: 0.1745 - Boundary loss: 0.0918 - Mask loss: 0.2297 - LR: 0.00010
2025-06-26 20:06 - INFO - Epoch 145 - Train loss: 0.0469 - Val loss: 0.1709 - Boundary loss: 0.0883 - Mask loss: 0.2259 - LR: 0.00010
2025-06-26 20:07 - INFO - Epoch 146 - Train loss: 0.0466 - Val loss: 0.1717 - Boundary loss: 0.0889 - Mask loss: 0.2269 - LR: 0.00010
2025-06-26 20:08 - INFO - Epoch 147 - Train loss: 0.0461 - Val loss: 0.1713 - Boundary loss: 0.0887 - Mask loss: 0.2263 - LR: 0.00010
2025-06-26 20:09 - INFO - Epoch 148 - Train loss: 0.0474 - Val loss: 0.1813 - Boundary loss: 0.0904 - Mask loss: 0.2419 - LR: 0.00010
2025-06-26 20:11 - INFO - Epoch 149 - Train loss: 0.0478 - Val loss: 0.1762 - Boundary loss: 0.0895 - Mask loss: 0.2340 - LR: 0.00010
2025-06-26 20:12 - INFO - Epoch 150 - Train loss: 0.0461 - Val loss: 0.1789 - Boundary loss: 0.0902 - Mask loss: 0.2381 - LR: 0.00010
2025-06-26 20:12 - INFO - Checkpoint 150 saved!
