2025-06-09 21:25 - INFO - Creating dataset with 171 examples
2025-06-09 21:25 - INFO - Starting training:
        Model:           model1
        Loss rate:       (0.6, 0.4)
        Epochs:          100
        Batch size:      1
        Learning rate:   0.0001
        Training size:   154
        Validation size: 17
        Device:          cuda
        Checkpoints:     True
    
2025-06-09 21:25 - INFO - Model config saved to F:\Bo Yu\Bsinet_yb\Mymodel\para\sd\model1\model_config_model1.yaml
2025-06-09 21:26 - INFO - Epoch 1 - Train loss: 0.6564 - Val loss: 0.5922 - Boundary loss: 0.6869 - Mask loss: 0.5290 - LR: 0.00010
2025-06-09 21:27 - INFO - Epoch 2 - Train loss: 0.5764 - Val loss: 0.5594 - Boundary loss: 0.6477 - Mask loss: 0.5005 - LR: 0.00010
2025-06-09 21:28 - INFO - Epoch 3 - Train loss: 0.5380 - Val loss: 0.5081 - Boundary loss: 0.5359 - Mask loss: 0.4896 - LR: 0.00010
2025-06-09 21:29 - INFO - Epoch 4 - Train loss: 0.5081 - Val loss: 0.4848 - Boundary loss: 0.5201 - Mask loss: 0.4614 - LR: 0.00010
2025-06-09 21:30 - INFO - Epoch 5 - Train loss: 0.4801 - Val loss: 0.4885 - Boundary loss: 0.4824 - Mask loss: 0.4927 - LR: 0.00010
2025-06-09 21:31 - INFO - Epoch 6 - Train loss: 0.4573 - Val loss: 0.4585 - Boundary loss: 0.4421 - Mask loss: 0.4694 - LR: 0.00010
2025-06-09 21:32 - INFO - Epoch 7 - Train loss: 0.4380 - Val loss: 0.4771 - Boundary loss: 0.4555 - Mask loss: 0.4914 - LR: 0.00010
2025-06-09 21:33 - INFO - Epoch 8 - Train loss: 0.4166 - Val loss: 0.4711 - Boundary loss: 0.3978 - Mask loss: 0.5199 - LR: 0.00010
2025-06-09 21:34 - INFO - Epoch 9 - Train loss: 0.4002 - Val loss: 0.4381 - Boundary loss: 0.3920 - Mask loss: 0.4689 - LR: 0.00010
2025-06-09 21:35 - INFO - Epoch 10 - Train loss: 0.3790 - Val loss: 0.3856 - Boundary loss: 0.3504 - Mask loss: 0.4090 - LR: 0.00010
2025-06-09 21:35 - INFO - Checkpoint 10 saved!
2025-06-09 21:36 - INFO - Epoch 11 - Train loss: 0.3628 - Val loss: 0.3930 - Boundary loss: 0.3483 - Mask loss: 0.4228 - LR: 0.00010
2025-06-09 21:38 - INFO - Epoch 12 - Train loss: 0.3518 - Val loss: 0.3659 - Boundary loss: 0.3361 - Mask loss: 0.3858 - LR: 0.00010
2025-06-09 21:38 - INFO - Epoch 13 - Train loss: 0.3360 - Val loss: 0.3676 - Boundary loss: 0.3171 - Mask loss: 0.4012 - LR: 0.00010
2025-06-09 21:40 - INFO - Epoch 14 - Train loss: 0.3174 - Val loss: 0.3756 - Boundary loss: 0.2952 - Mask loss: 0.4292 - LR: 0.00010
2025-06-09 21:41 - INFO - Epoch 15 - Train loss: 0.3052 - Val loss: 0.3577 - Boundary loss: 0.2647 - Mask loss: 0.4197 - LR: 0.00010
2025-06-09 21:42 - INFO - Epoch 16 - Train loss: 0.2923 - Val loss: 0.3185 - Boundary loss: 0.2618 - Mask loss: 0.3562 - LR: 0.00010
2025-06-09 21:43 - INFO - Epoch 17 - Train loss: 0.2888 - Val loss: 0.3143 - Boundary loss: 0.2329 - Mask loss: 0.3686 - LR: 0.00010
2025-06-09 21:44 - INFO - Epoch 18 - Train loss: 0.2750 - Val loss: 0.3181 - Boundary loss: 0.2446 - Mask loss: 0.3670 - LR: 0.00010
2025-06-09 21:45 - INFO - Epoch 19 - Train loss: 0.2619 - Val loss: 0.3153 - Boundary loss: 0.2417 - Mask loss: 0.3644 - LR: 0.00010
2025-06-09 21:46 - INFO - Epoch 20 - Train loss: 0.2576 - Val loss: 0.2937 - Boundary loss: 0.2153 - Mask loss: 0.3460 - LR: 0.00010
2025-06-09 21:46 - INFO - Checkpoint 20 saved!
2025-06-09 21:47 - INFO - Epoch 21 - Train loss: 0.2468 - Val loss: 0.3173 - Boundary loss: 0.2136 - Mask loss: 0.3865 - LR: 0.00010
2025-06-09 21:48 - INFO - Epoch 22 - Train loss: 0.2371 - Val loss: 0.2841 - Boundary loss: 0.1929 - Mask loss: 0.3449 - LR: 0.00010
2025-06-09 21:49 - INFO - Epoch 23 - Train loss: 0.2349 - Val loss: 0.3049 - Boundary loss: 0.1989 - Mask loss: 0.3755 - LR: 0.00010
2025-06-09 21:50 - INFO - Epoch 24 - Train loss: 0.2365 - Val loss: 0.3057 - Boundary loss: 0.1803 - Mask loss: 0.3894 - LR: 0.00010
2025-06-09 21:52 - INFO - Epoch 25 - Train loss: 0.2289 - Val loss: 0.3152 - Boundary loss: 0.1727 - Mask loss: 0.4103 - LR: 0.00010
2025-06-09 21:52 - INFO - Epoch 26 - Train loss: 0.2123 - Val loss: 0.3320 - Boundary loss: 0.1612 - Mask loss: 0.4459 - LR: 0.00010
2025-06-09 21:54 - INFO - Epoch 27 - Train loss: 0.2059 - Val loss: 0.3156 - Boundary loss: 0.1623 - Mask loss: 0.4177 - LR: 0.00010
2025-06-09 21:55 - INFO - Epoch 28 - Train loss: 0.1977 - Val loss: 0.2876 - Boundary loss: 0.1601 - Mask loss: 0.3727 - LR: 0.00010
2025-06-09 21:56 - INFO - Epoch 29 - Train loss: 0.1919 - Val loss: 0.3196 - Boundary loss: 0.1514 - Mask loss: 0.4317 - LR: 0.00010
2025-06-09 21:57 - INFO - Epoch 30 - Train loss: 0.1896 - Val loss: 0.2794 - Boundary loss: 0.1532 - Mask loss: 0.3635 - LR: 0.00010
2025-06-09 21:57 - INFO - Checkpoint 30 saved!
2025-06-09 21:58 - INFO - Epoch 31 - Train loss: 0.1849 - Val loss: 0.3917 - Boundary loss: 0.1451 - Mask loss: 0.5562 - LR: 0.00010
2025-06-09 21:59 - INFO - Epoch 32 - Train loss: 0.1743 - Val loss: 0.2871 - Boundary loss: 0.1494 - Mask loss: 0.3789 - LR: 0.00010
2025-06-09 22:00 - INFO - Epoch 33 - Train loss: 0.1700 - Val loss: 0.3294 - Boundary loss: 0.1337 - Mask loss: 0.4598 - LR: 0.00010
2025-06-09 22:01 - INFO - Epoch 34 - Train loss: 0.1637 - Val loss: 0.3123 - Boundary loss: 0.1337 - Mask loss: 0.4314 - LR: 0.00010
2025-06-09 22:02 - INFO - Epoch 35 - Train loss: 0.1776 - Val loss: 0.3245 - Boundary loss: 0.1340 - Mask loss: 0.4515 - LR: 0.00010
2025-06-09 22:03 - INFO - Epoch 36 - Train loss: 0.1797 - Val loss: 0.2679 - Boundary loss: 0.1311 - Mask loss: 0.3591 - LR: 0.00010
2025-06-09 22:04 - INFO - Epoch 37 - Train loss: 0.2017 - Val loss: 0.2867 - Boundary loss: 0.1286 - Mask loss: 0.3921 - LR: 0.00010
2025-06-09 22:05 - INFO - Epoch 38 - Train loss: 0.1779 - Val loss: 0.2869 - Boundary loss: 0.1282 - Mask loss: 0.3928 - LR: 0.00010
2025-06-09 22:06 - INFO - Epoch 39 - Train loss: 0.1592 - Val loss: 0.3150 - Boundary loss: 0.1284 - Mask loss: 0.4393 - LR: 0.00010
2025-06-09 22:08 - INFO - Epoch 40 - Train loss: 0.1510 - Val loss: 0.3298 - Boundary loss: 0.1243 - Mask loss: 0.4668 - LR: 0.00010
2025-06-09 22:08 - INFO - Checkpoint 40 saved!
2025-06-09 22:08 - INFO - Epoch 41 - Train loss: 0.1443 - Val loss: 0.3173 - Boundary loss: 0.1229 - Mask loss: 0.4468 - LR: 0.00010
2025-06-09 22:09 - INFO - Epoch 42 - Train loss: 0.1389 - Val loss: 0.3515 - Boundary loss: 0.1234 - Mask loss: 0.5036 - LR: 0.00010
2025-06-09 22:10 - INFO - Epoch 43 - Train loss: 0.1358 - Val loss: 0.3549 - Boundary loss: 0.1222 - Mask loss: 0.5100 - LR: 0.00010
2025-06-09 22:10 - INFO - Epoch 44 - Train loss: 0.1331 - Val loss: 0.3100 - Boundary loss: 0.1204 - Mask loss: 0.4364 - LR: 0.00010
2025-06-09 22:11 - INFO - Epoch 45 - Train loss: 0.1302 - Val loss: 0.3547 - Boundary loss: 0.1226 - Mask loss: 0.5094 - LR: 0.00010
2025-06-09 22:12 - INFO - Epoch 46 - Train loss: 0.1315 - Val loss: 0.3259 - Boundary loss: 0.1203 - Mask loss: 0.4629 - LR: 0.00010
2025-06-09 22:13 - INFO - Epoch 47 - Train loss: 0.1248 - Val loss: 0.3483 - Boundary loss: 0.1193 - Mask loss: 0.5009 - LR: 0.00010
2025-06-09 22:13 - INFO - Epoch 48 - Train loss: 0.1222 - Val loss: 0.2766 - Boundary loss: 0.1220 - Mask loss: 0.3797 - LR: 0.00010
2025-06-09 22:14 - INFO - Epoch 49 - Train loss: 0.1185 - Val loss: 0.3553 - Boundary loss: 0.1203 - Mask loss: 0.5119 - LR: 0.00010
2025-06-09 22:15 - INFO - Epoch 50 - Train loss: 0.1166 - Val loss: 0.3131 - Boundary loss: 0.1197 - Mask loss: 0.4421 - LR: 0.00010
2025-06-09 22:15 - INFO - Checkpoint 50 saved!
2025-06-09 22:15 - INFO - Epoch 51 - Train loss: 0.1205 - Val loss: 0.3271 - Boundary loss: 0.1208 - Mask loss: 0.4647 - LR: 0.00010
2025-06-09 22:16 - INFO - Epoch 52 - Train loss: 0.1182 - Val loss: 0.2976 - Boundary loss: 0.1184 - Mask loss: 0.4170 - LR: 0.00010
2025-06-09 22:17 - INFO - Epoch 53 - Train loss: 0.1107 - Val loss: 0.2554 - Boundary loss: 0.1182 - Mask loss: 0.3470 - LR: 0.00010
2025-06-09 22:17 - INFO - Epoch 54 - Train loss: 0.1075 - Val loss: 0.3390 - Boundary loss: 0.1194 - Mask loss: 0.4853 - LR: 0.00010
2025-06-09 22:18 - INFO - Epoch 55 - Train loss: 0.1058 - Val loss: 0.3102 - Boundary loss: 0.1185 - Mask loss: 0.4380 - LR: 0.00010
2025-06-09 22:19 - INFO - Epoch 56 - Train loss: 0.1052 - Val loss: 0.3843 - Boundary loss: 0.1198 - Mask loss: 0.5606 - LR: 0.00010
2025-06-09 22:19 - INFO - Epoch 57 - Train loss: 0.1037 - Val loss: 0.3318 - Boundary loss: 0.1190 - Mask loss: 0.4736 - LR: 0.00010
2025-06-09 22:20 - INFO - Epoch 58 - Train loss: 0.1068 - Val loss: 0.3941 - Boundary loss: 0.1217 - Mask loss: 0.5758 - LR: 0.00010
2025-06-09 22:21 - INFO - Epoch 59 - Train loss: 0.1109 - Val loss: 0.3005 - Boundary loss: 0.1178 - Mask loss: 0.4223 - LR: 0.00010
2025-06-09 22:21 - INFO - Epoch 60 - Train loss: 0.1039 - Val loss: 0.2806 - Boundary loss: 0.1185 - Mask loss: 0.3887 - LR: 0.00010
2025-06-09 22:21 - INFO - Checkpoint 60 saved!
2025-06-09 22:22 - INFO - Epoch 61 - Train loss: 0.0987 - Val loss: 0.2824 - Boundary loss: 0.1189 - Mask loss: 0.3914 - LR: 0.00010
2025-06-09 22:22 - INFO - Epoch 62 - Train loss: 0.0935 - Val loss: 0.3141 - Boundary loss: 0.1192 - Mask loss: 0.4440 - LR: 0.00010
2025-06-09 22:23 - INFO - Epoch 63 - Train loss: 0.0906 - Val loss: 0.3070 - Boundary loss: 0.1200 - Mask loss: 0.4316 - LR: 0.00010
2025-06-09 22:24 - INFO - Epoch 64 - Train loss: 0.0899 - Val loss: 0.2978 - Boundary loss: 0.1190 - Mask loss: 0.4169 - LR: 0.00010
2025-06-09 22:24 - INFO - Epoch 65 - Train loss: 0.0890 - Val loss: 0.2984 - Boundary loss: 0.1202 - Mask loss: 0.4173 - LR: 0.00010
2025-06-09 22:25 - INFO - Epoch 66 - Train loss: 0.0863 - Val loss: 0.3135 - Boundary loss: 0.1204 - Mask loss: 0.4422 - LR: 0.00010
2025-06-09 22:26 - INFO - Epoch 67 - Train loss: 0.0863 - Val loss: 0.2808 - Boundary loss: 0.1237 - Mask loss: 0.3856 - LR: 0.00010
2025-06-09 22:26 - INFO - Epoch 68 - Train loss: 0.0861 - Val loss: 0.3170 - Boundary loss: 0.1221 - Mask loss: 0.4470 - LR: 0.00010
2025-06-09 22:27 - INFO - Epoch 69 - Train loss: 0.0851 - Val loss: 0.3164 - Boundary loss: 0.1224 - Mask loss: 0.4456 - LR: 0.00010
2025-06-09 22:28 - INFO - Epoch 70 - Train loss: 0.0830 - Val loss: 0.3344 - Boundary loss: 0.1237 - Mask loss: 0.4749 - LR: 0.00010
2025-06-09 22:28 - INFO - Checkpoint 70 saved!
2025-06-09 22:28 - INFO - Epoch 71 - Train loss: 0.0825 - Val loss: 0.3784 - Boundary loss: 0.1217 - Mask loss: 0.5495 - LR: 0.00010
2025-06-09 22:29 - INFO - Epoch 72 - Train loss: 0.0809 - Val loss: 0.3148 - Boundary loss: 0.1234 - Mask loss: 0.4424 - LR: 0.00010
2025-06-09 22:30 - INFO - Epoch 73 - Train loss: 0.0779 - Val loss: 0.3086 - Boundary loss: 0.1229 - Mask loss: 0.4324 - LR: 0.00010
2025-06-09 22:30 - INFO - Epoch 74 - Train loss: 0.0796 - Val loss: 0.3276 - Boundary loss: 0.1239 - Mask loss: 0.4634 - LR: 0.00010
2025-06-09 22:31 - INFO - Epoch 75 - Train loss: 0.0778 - Val loss: 0.3101 - Boundary loss: 0.1291 - Mask loss: 0.4307 - LR: 0.00010
2025-06-09 22:32 - INFO - Epoch 76 - Train loss: 0.0763 - Val loss: 0.3242 - Boundary loss: 0.1247 - Mask loss: 0.4572 - LR: 0.00010
2025-06-09 22:32 - INFO - Epoch 77 - Train loss: 0.0763 - Val loss: 0.3768 - Boundary loss: 0.1293 - Mask loss: 0.5418 - LR: 0.00010
2025-06-09 22:33 - INFO - Epoch 78 - Train loss: 0.0778 - Val loss: 0.3320 - Boundary loss: 0.1303 - Mask loss: 0.4664 - LR: 0.00010
2025-06-09 22:34 - INFO - Epoch 79 - Train loss: 0.0748 - Val loss: 0.4017 - Boundary loss: 0.1278 - Mask loss: 0.5843 - LR: 0.00010
2025-06-09 22:34 - INFO - Epoch 80 - Train loss: 0.0728 - Val loss: 0.3525 - Boundary loss: 0.1296 - Mask loss: 0.5012 - LR: 0.00010
2025-06-09 22:34 - INFO - Checkpoint 80 saved!
2025-06-09 22:35 - INFO - Epoch 81 - Train loss: 0.0725 - Val loss: 0.3801 - Boundary loss: 0.1306 - Mask loss: 0.5463 - LR: 0.00010
2025-06-09 22:36 - INFO - Epoch 82 - Train loss: 0.0716 - Val loss: 0.4052 - Boundary loss: 0.1262 - Mask loss: 0.5912 - LR: 0.00010
2025-06-09 22:36 - INFO - Epoch 83 - Train loss: 0.0745 - Val loss: 0.3538 - Boundary loss: 0.1282 - Mask loss: 0.5043 - LR: 0.00010
2025-06-09 22:37 - INFO - Epoch 84 - Train loss: 0.0794 - Val loss: 0.3460 - Boundary loss: 0.1291 - Mask loss: 0.4907 - LR: 0.00010
2025-06-09 22:38 - INFO - Epoch 85 - Train loss: 0.0737 - Val loss: 0.3294 - Boundary loss: 0.1255 - Mask loss: 0.4653 - LR: 0.00010
2025-06-09 22:38 - INFO - Epoch 86 - Train loss: 0.0692 - Val loss: 0.3185 - Boundary loss: 0.1341 - Mask loss: 0.4414 - LR: 0.00010
2025-06-09 22:39 - INFO - Epoch 87 - Train loss: 0.0700 - Val loss: 0.3141 - Boundary loss: 0.1276 - Mask loss: 0.4385 - LR: 0.00010
2025-06-09 22:40 - INFO - Epoch 88 - Train loss: 0.0698 - Val loss: 0.3645 - Boundary loss: 0.1377 - Mask loss: 0.5156 - LR: 0.00010
2025-06-09 22:40 - INFO - Epoch 89 - Train loss: 0.0657 - Val loss: 0.3573 - Boundary loss: 0.1362 - Mask loss: 0.5048 - LR: 0.00010
2025-06-09 22:41 - INFO - Epoch 90 - Train loss: 0.0633 - Val loss: 0.4636 - Boundary loss: 0.1406 - Mask loss: 0.6790 - LR: 0.00010
2025-06-09 22:41 - INFO - Checkpoint 90 saved!
2025-06-09 22:42 - INFO - Epoch 91 - Train loss: 0.0635 - Val loss: 0.3763 - Boundary loss: 0.1384 - Mask loss: 0.5349 - LR: 0.00010
2025-06-09 22:42 - INFO - Epoch 92 - Train loss: 0.0626 - Val loss: 0.3886 - Boundary loss: 0.1320 - Mask loss: 0.5597 - LR: 0.00010
2025-06-09 22:43 - INFO - Epoch 93 - Train loss: 0.0646 - Val loss: 0.4551 - Boundary loss: 0.1392 - Mask loss: 0.6656 - LR: 0.00010
2025-06-09 22:44 - INFO - Epoch 94 - Train loss: 0.0613 - Val loss: 0.3757 - Boundary loss: 0.1412 - Mask loss: 0.5321 - LR: 0.00010
2025-06-09 22:44 - INFO - Epoch 95 - Train loss: 0.0605 - Val loss: 0.4281 - Boundary loss: 0.1477 - Mask loss: 0.6151 - LR: 0.00010
2025-06-09 22:45 - INFO - Epoch 96 - Train loss: 0.0642 - Val loss: 0.4001 - Boundary loss: 0.1466 - Mask loss: 0.5691 - LR: 0.00010
2025-06-09 22:45 - INFO - Epoch 97 - Train loss: 0.0631 - Val loss: 0.3415 - Boundary loss: 0.1321 - Mask loss: 0.4812 - LR: 0.00010
2025-06-09 22:46 - INFO - Epoch 98 - Train loss: 0.0614 - Val loss: 0.3570 - Boundary loss: 0.1447 - Mask loss: 0.4985 - LR: 0.00010
2025-06-09 22:47 - INFO - Epoch 99 - Train loss: 0.0621 - Val loss: 0.3732 - Boundary loss: 0.1437 - Mask loss: 0.5263 - LR: 0.00010
2025-06-09 22:47 - INFO - Epoch 100 - Train loss: 0.0600 - Val loss: 0.3655 - Boundary loss: 0.1519 - Mask loss: 0.5079 - LR: 0.00010
2025-06-09 22:47 - INFO - Checkpoint 100 saved!
