2025-06-27 00:06 - INFO - Creating dataset with 300 examples
2025-06-27 00:06 - INFO - Starting training:
        Model:           main64-9
        Loss rate:       (0.6, 0.4)
        Epochs:          150
        Batch size:      1
        Learning rate:   0.0001
        Training size:   270
        Validation size: 30
        Device:          cuda
        Checkpoints:     True
    
2025-06-27 00:06 - INFO - Model config saved to F:\Bo Yu\Bsinet_yb\Mymodel\para\jy\main64-9\model_config_main64-9.yaml
2025-06-27 00:08 - INFO - Epoch 1 - Train loss: 0.6801 - Val loss: 0.6367 - Boundary loss: 0.5393 - Mask loss: 0.7016 - LR: 0.00010
2025-06-27 00:10 - INFO - Epoch 2 - Train loss: 0.5936 - Val loss: 0.5601 - Boundary loss: 0.4266 - Mask loss: 0.6491 - LR: 0.00010
2025-06-27 00:12 - INFO - Epoch 3 - Train loss: 0.5513 - Val loss: 0.4826 - Boundary loss: 0.3428 - Mask loss: 0.5759 - LR: 0.00010
2025-06-27 00:14 - INFO - Epoch 4 - Train loss: 0.5137 - Val loss: 0.4698 - Boundary loss: 0.3188 - Mask loss: 0.5705 - LR: 0.00010
2025-06-27 00:16 - INFO - Epoch 5 - Train loss: 0.4851 - Val loss: 0.4608 - Boundary loss: 0.2882 - Mask loss: 0.5760 - LR: 0.00010
2025-06-27 00:18 - INFO - Epoch 6 - Train loss: 0.4537 - Val loss: 0.4472 - Boundary loss: 0.2727 - Mask loss: 0.5636 - LR: 0.00010
2025-06-27 00:20 - INFO - Epoch 7 - Train loss: 0.4280 - Val loss: 0.3804 - Boundary loss: 0.2384 - Mask loss: 0.4751 - LR: 0.00010
2025-06-27 00:22 - INFO - Epoch 8 - Train loss: 0.4054 - Val loss: 0.4577 - Boundary loss: 0.2310 - Mask loss: 0.6089 - LR: 0.00010
2025-06-27 00:24 - INFO - Epoch 9 - Train loss: 0.3805 - Val loss: 0.4520 - Boundary loss: 0.1932 - Mask loss: 0.6246 - LR: 0.00010
2025-06-27 00:25 - INFO - Epoch 10 - Train loss: 0.3629 - Val loss: 0.4312 - Boundary loss: 0.1754 - Mask loss: 0.6018 - LR: 0.00010
2025-06-27 00:25 - INFO - Checkpoint 10 saved!
2025-06-27 00:27 - INFO - Epoch 11 - Train loss: 0.3447 - Val loss: 0.4555 - Boundary loss: 0.1620 - Mask loss: 0.6511 - LR: 0.00010
2025-06-27 00:29 - INFO - Epoch 12 - Train loss: 0.3346 - Val loss: 0.3745 - Boundary loss: 0.1673 - Mask loss: 0.5126 - LR: 0.00010
2025-06-27 00:31 - INFO - Epoch 13 - Train loss: 0.3164 - Val loss: 0.3654 - Boundary loss: 0.1466 - Mask loss: 0.5113 - LR: 0.00010
2025-06-27 00:33 - INFO - Epoch 14 - Train loss: 0.3018 - Val loss: 0.3656 - Boundary loss: 0.1408 - Mask loss: 0.5155 - LR: 0.00010
2025-06-27 00:35 - INFO - Epoch 15 - Train loss: 0.2859 - Val loss: 0.3842 - Boundary loss: 0.1398 - Mask loss: 0.5471 - LR: 0.00010
2025-06-27 00:37 - INFO - Epoch 16 - Train loss: 0.2751 - Val loss: 0.4010 - Boundary loss: 0.1404 - Mask loss: 0.5746 - LR: 0.00010
2025-06-27 00:39 - INFO - Epoch 17 - Train loss: 0.2596 - Val loss: 0.4104 - Boundary loss: 0.1350 - Mask loss: 0.5940 - LR: 0.00010
2025-06-27 00:41 - INFO - Epoch 18 - Train loss: 0.2470 - Val loss: 0.3227 - Boundary loss: 0.1238 - Mask loss: 0.4553 - LR: 0.00010
2025-06-27 00:43 - INFO - Epoch 19 - Train loss: 0.2351 - Val loss: 0.4280 - Boundary loss: 0.1268 - Mask loss: 0.6289 - LR: 0.00010
2025-06-27 00:44 - INFO - Epoch 20 - Train loss: 0.2291 - Val loss: 0.3147 - Boundary loss: 0.1178 - Mask loss: 0.4459 - LR: 0.00010
2025-06-27 00:44 - INFO - Checkpoint 20 saved!
2025-06-27 00:46 - INFO - Epoch 21 - Train loss: 0.2133 - Val loss: 0.3797 - Boundary loss: 0.1211 - Mask loss: 0.5520 - LR: 0.00010
2025-06-27 00:48 - INFO - Epoch 22 - Train loss: 0.2025 - Val loss: 0.3398 - Boundary loss: 0.1168 - Mask loss: 0.4885 - LR: 0.00010
2025-06-27 00:50 - INFO - Epoch 23 - Train loss: 0.2033 - Val loss: 0.4472 - Boundary loss: 0.1194 - Mask loss: 0.6658 - LR: 0.00010
2025-06-27 00:51 - INFO - Epoch 24 - Train loss: 0.1905 - Val loss: 0.3803 - Boundary loss: 0.1159 - Mask loss: 0.5566 - LR: 0.00010
2025-06-27 00:52 - INFO - Epoch 25 - Train loss: 0.1779 - Val loss: 0.3871 - Boundary loss: 0.1171 - Mask loss: 0.5672 - LR: 0.00010
2025-06-27 00:53 - INFO - Epoch 26 - Train loss: 0.1723 - Val loss: 0.4246 - Boundary loss: 0.1160 - Mask loss: 0.6303 - LR: 0.00010
2025-06-27 00:54 - INFO - Epoch 27 - Train loss: 0.1659 - Val loss: 0.3685 - Boundary loss: 0.1157 - Mask loss: 0.5371 - LR: 0.00010
2025-06-27 00:55 - INFO - Epoch 28 - Train loss: 0.1594 - Val loss: 0.3892 - Boundary loss: 0.1134 - Mask loss: 0.5731 - LR: 0.00010
2025-06-27 00:56 - INFO - Epoch 29 - Train loss: 0.1668 - Val loss: 0.4398 - Boundary loss: 0.1173 - Mask loss: 0.6547 - LR: 0.00010
2025-06-27 00:57 - INFO - Epoch 30 - Train loss: 0.1679 - Val loss: 0.3508 - Boundary loss: 0.1112 - Mask loss: 0.5106 - LR: 0.00010
2025-06-27 00:57 - INFO - Checkpoint 30 saved!
2025-06-27 00:58 - INFO - Epoch 31 - Train loss: 0.1483 - Val loss: 0.3802 - Boundary loss: 0.1114 - Mask loss: 0.5595 - LR: 0.00010
2025-06-27 00:59 - INFO - Epoch 32 - Train loss: 0.1412 - Val loss: 0.3285 - Boundary loss: 0.1101 - Mask loss: 0.4741 - LR: 0.00010
2025-06-27 01:00 - INFO - Epoch 33 - Train loss: 0.1330 - Val loss: 0.3258 - Boundary loss: 0.1116 - Mask loss: 0.4685 - LR: 0.00010
2025-06-27 01:01 - INFO - Epoch 34 - Train loss: 0.1300 - Val loss: 0.3543 - Boundary loss: 0.1105 - Mask loss: 0.5168 - LR: 0.00010
2025-06-27 01:02 - INFO - Epoch 35 - Train loss: 0.1260 - Val loss: 0.3852 - Boundary loss: 0.1125 - Mask loss: 0.5670 - LR: 0.00010
2025-06-27 01:03 - INFO - Epoch 36 - Train loss: 0.1249 - Val loss: 0.3736 - Boundary loss: 0.1140 - Mask loss: 0.5467 - LR: 0.00010
2025-06-27 01:04 - INFO - Epoch 37 - Train loss: 0.1223 - Val loss: 0.3768 - Boundary loss: 0.1166 - Mask loss: 0.5504 - LR: 0.00010
2025-06-27 01:05 - INFO - Epoch 38 - Train loss: 0.1182 - Val loss: 0.3684 - Boundary loss: 0.1161 - Mask loss: 0.5367 - LR: 0.00010
2025-06-27 01:06 - INFO - Epoch 39 - Train loss: 0.1163 - Val loss: 0.3534 - Boundary loss: 0.1113 - Mask loss: 0.5148 - LR: 0.00010
2025-06-27 01:07 - INFO - Epoch 40 - Train loss: 0.1195 - Val loss: 0.3013 - Boundary loss: 0.1098 - Mask loss: 0.4289 - LR: 0.00010
2025-06-27 01:07 - INFO - Checkpoint 40 saved!
2025-06-27 01:08 - INFO - Epoch 41 - Train loss: 0.1287 - Val loss: 0.3460 - Boundary loss: 0.1093 - Mask loss: 0.5039 - LR: 0.00010
2025-06-27 01:09 - INFO - Epoch 42 - Train loss: 0.1155 - Val loss: 0.3905 - Boundary loss: 0.1181 - Mask loss: 0.5721 - LR: 0.00010
2025-06-27 01:10 - INFO - Epoch 43 - Train loss: 0.1117 - Val loss: 0.3269 - Boundary loss: 0.1136 - Mask loss: 0.4691 - LR: 0.00010
2025-06-27 01:11 - INFO - Epoch 44 - Train loss: 0.1044 - Val loss: 0.3457 - Boundary loss: 0.1154 - Mask loss: 0.4992 - LR: 0.00010
2025-06-27 01:12 - INFO - Epoch 45 - Train loss: 0.1009 - Val loss: 0.3375 - Boundary loss: 0.1138 - Mask loss: 0.4866 - LR: 0.00010
2025-06-27 01:13 - INFO - Epoch 46 - Train loss: 0.0994 - Val loss: 0.3505 - Boundary loss: 0.1125 - Mask loss: 0.5091 - LR: 0.00010
2025-06-27 01:14 - INFO - Epoch 47 - Train loss: 0.1021 - Val loss: 0.3375 - Boundary loss: 0.1128 - Mask loss: 0.4873 - LR: 0.00010
2025-06-27 01:15 - INFO - Epoch 48 - Train loss: 0.1185 - Val loss: 0.3025 - Boundary loss: 0.1088 - Mask loss: 0.4317 - LR: 0.00010
2025-06-27 01:16 - INFO - Epoch 49 - Train loss: 0.0992 - Val loss: 0.4443 - Boundary loss: 0.1268 - Mask loss: 0.6560 - LR: 0.00010
2025-06-27 01:17 - INFO - Epoch 50 - Train loss: 0.0952 - Val loss: 0.3887 - Boundary loss: 0.1133 - Mask loss: 0.5722 - LR: 0.00010
2025-06-27 01:17 - INFO - Checkpoint 50 saved!
2025-06-27 01:18 - INFO - Epoch 51 - Train loss: 0.0920 - Val loss: 0.4353 - Boundary loss: 0.1177 - Mask loss: 0.6471 - LR: 0.00010
2025-06-27 01:19 - INFO - Epoch 52 - Train loss: 0.0890 - Val loss: 0.3559 - Boundary loss: 0.1143 - Mask loss: 0.5169 - LR: 0.00010
2025-06-27 01:21 - INFO - Epoch 53 - Train loss: 0.0896 - Val loss: 0.3434 - Boundary loss: 0.1140 - Mask loss: 0.4964 - LR: 0.00010
2025-06-27 01:22 - INFO - Epoch 54 - Train loss: 0.0880 - Val loss: 0.3019 - Boundary loss: 0.1078 - Mask loss: 0.4313 - LR: 0.00010
2025-06-27 01:23 - INFO - Epoch 55 - Train loss: 0.0872 - Val loss: 0.3112 - Boundary loss: 0.1118 - Mask loss: 0.4441 - LR: 0.00010
2025-06-27 01:24 - INFO - Epoch 56 - Train loss: 0.1309 - Val loss: 0.2945 - Boundary loss: 0.1134 - Mask loss: 0.4153 - LR: 0.00010
2025-06-27 01:25 - INFO - Epoch 57 - Train loss: 0.1472 - Val loss: 0.3371 - Boundary loss: 0.1100 - Mask loss: 0.4885 - LR: 0.00010
2025-06-27 01:26 - INFO - Epoch 58 - Train loss: 0.0940 - Val loss: 0.3183 - Boundary loss: 0.1114 - Mask loss: 0.4563 - LR: 0.00010
2025-06-27 01:27 - INFO - Epoch 59 - Train loss: 0.0866 - Val loss: 0.2598 - Boundary loss: 0.1063 - Mask loss: 0.3621 - LR: 0.00010
2025-06-27 01:28 - INFO - Epoch 60 - Train loss: 0.0830 - Val loss: 0.3213 - Boundary loss: 0.1106 - Mask loss: 0.4618 - LR: 0.00010
2025-06-27 01:28 - INFO - Checkpoint 60 saved!
2025-06-27 01:29 - INFO - Epoch 61 - Train loss: 0.0803 - Val loss: 0.2884 - Boundary loss: 0.1073 - Mask loss: 0.4091 - LR: 0.00010
2025-06-27 01:30 - INFO - Epoch 62 - Train loss: 0.0789 - Val loss: 0.3449 - Boundary loss: 0.1128 - Mask loss: 0.4997 - LR: 0.00010
2025-06-27 01:31 - INFO - Epoch 63 - Train loss: 0.0791 - Val loss: 0.3715 - Boundary loss: 0.1169 - Mask loss: 0.5413 - LR: 0.00010
2025-06-27 01:32 - INFO - Epoch 64 - Train loss: 0.0765 - Val loss: 0.3675 - Boundary loss: 0.1137 - Mask loss: 0.5367 - LR: 0.00010
2025-06-27 01:33 - INFO - Epoch 65 - Train loss: 0.0756 - Val loss: 0.3183 - Boundary loss: 0.1128 - Mask loss: 0.4553 - LR: 0.00010
2025-06-27 01:34 - INFO - Epoch 66 - Train loss: 0.0746 - Val loss: 0.3447 - Boundary loss: 0.1161 - Mask loss: 0.4971 - LR: 0.00010
2025-06-27 01:35 - INFO - Epoch 67 - Train loss: 0.0739 - Val loss: 0.3487 - Boundary loss: 0.1160 - Mask loss: 0.5038 - LR: 0.00010
2025-06-27 01:36 - INFO - Epoch 68 - Train loss: 0.0729 - Val loss: 0.3284 - Boundary loss: 0.1141 - Mask loss: 0.4712 - LR: 0.00010
2025-06-27 01:37 - INFO - Epoch 69 - Train loss: 0.0719 - Val loss: 0.3380 - Boundary loss: 0.1145 - Mask loss: 0.4870 - LR: 0.00010
2025-06-27 01:38 - INFO - Epoch 70 - Train loss: 0.0729 - Val loss: 0.3853 - Boundary loss: 0.1205 - Mask loss: 0.5618 - LR: 0.00010
2025-06-27 01:38 - INFO - Checkpoint 70 saved!
2025-06-27 01:39 - INFO - Epoch 71 - Train loss: 0.0718 - Val loss: 0.3025 - Boundary loss: 0.1154 - Mask loss: 0.4271 - LR: 0.00010
2025-06-27 01:40 - INFO - Epoch 72 - Train loss: 0.0708 - Val loss: 0.3434 - Boundary loss: 0.1137 - Mask loss: 0.4966 - LR: 0.00010
2025-06-27 01:41 - INFO - Epoch 73 - Train loss: 0.0747 - Val loss: 0.3563 - Boundary loss: 0.1156 - Mask loss: 0.5168 - LR: 0.00010
2025-06-27 01:42 - INFO - Epoch 74 - Train loss: 0.0767 - Val loss: 0.3390 - Boundary loss: 0.1174 - Mask loss: 0.4867 - LR: 0.00010
2025-06-27 01:43 - INFO - Epoch 75 - Train loss: 0.0970 - Val loss: 0.3225 - Boundary loss: 0.1192 - Mask loss: 0.4580 - LR: 0.00010
2025-06-27 01:44 - INFO - Epoch 76 - Train loss: 0.0764 - Val loss: 0.2836 - Boundary loss: 0.1089 - Mask loss: 0.4001 - LR: 0.00010
2025-06-27 01:45 - INFO - Epoch 77 - Train loss: 0.0673 - Val loss: 0.3110 - Boundary loss: 0.1150 - Mask loss: 0.4416 - LR: 0.00010
2025-06-27 01:46 - INFO - Epoch 78 - Train loss: 0.0647 - Val loss: 0.3408 - Boundary loss: 0.1157 - Mask loss: 0.4908 - LR: 0.00010
2025-06-27 01:47 - INFO - Epoch 79 - Train loss: 0.0631 - Val loss: 0.3541 - Boundary loss: 0.1218 - Mask loss: 0.5089 - LR: 0.00010
2025-06-27 01:48 - INFO - Epoch 80 - Train loss: 0.0629 - Val loss: 0.3156 - Boundary loss: 0.1156 - Mask loss: 0.4490 - LR: 0.00010
2025-06-27 01:48 - INFO - Checkpoint 80 saved!
2025-06-27 01:49 - INFO - Epoch 81 - Train loss: 0.0621 - Val loss: 0.3188 - Boundary loss: 0.1154 - Mask loss: 0.4544 - LR: 0.00010
2025-06-27 01:50 - INFO - Epoch 82 - Train loss: 0.0623 - Val loss: 0.3348 - Boundary loss: 0.1176 - Mask loss: 0.4796 - LR: 0.00010
2025-06-27 01:52 - INFO - Epoch 83 - Train loss: 0.0618 - Val loss: 0.2994 - Boundary loss: 0.1121 - Mask loss: 0.4242 - LR: 0.00010
2025-06-27 01:53 - INFO - Epoch 84 - Train loss: 0.0619 - Val loss: 0.3223 - Boundary loss: 0.1175 - Mask loss: 0.4589 - LR: 0.00010
2025-06-27 01:54 - INFO - Epoch 85 - Train loss: 0.0608 - Val loss: 0.3536 - Boundary loss: 0.1218 - Mask loss: 0.5082 - LR: 0.00010
2025-06-27 01:55 - INFO - Epoch 86 - Train loss: 0.0601 - Val loss: 0.3716 - Boundary loss: 0.1199 - Mask loss: 0.5393 - LR: 0.00010
2025-06-27 01:56 - INFO - Epoch 87 - Train loss: 0.0597 - Val loss: 0.3671 - Boundary loss: 0.1255 - Mask loss: 0.5281 - LR: 0.00010
2025-06-27 01:57 - INFO - Epoch 88 - Train loss: 0.0604 - Val loss: 0.3139 - Boundary loss: 0.1161 - Mask loss: 0.4459 - LR: 0.00010
2025-06-27 01:58 - INFO - Epoch 89 - Train loss: 0.0599 - Val loss: 0.3418 - Boundary loss: 0.1148 - Mask loss: 0.4932 - LR: 0.00010
2025-06-27 01:59 - INFO - Epoch 90 - Train loss: 0.0619 - Val loss: 0.3647 - Boundary loss: 0.1236 - Mask loss: 0.5255 - LR: 0.00010
2025-06-27 01:59 - INFO - Checkpoint 90 saved!
2025-06-27 02:00 - INFO - Epoch 91 - Train loss: 0.0881 - Val loss: 0.3502 - Boundary loss: 0.1187 - Mask loss: 0.5046 - LR: 0.00010
2025-06-27 02:01 - INFO - Epoch 92 - Train loss: 0.0644 - Val loss: 0.3353 - Boundary loss: 0.1170 - Mask loss: 0.4809 - LR: 0.00010
2025-06-27 02:02 - INFO - Epoch 93 - Train loss: 0.0573 - Val loss: 0.3569 - Boundary loss: 0.1241 - Mask loss: 0.5120 - LR: 0.00010
2025-06-27 02:03 - INFO - Epoch 94 - Train loss: 0.0550 - Val loss: 0.3949 - Boundary loss: 0.1253 - Mask loss: 0.5747 - LR: 0.00010
2025-06-27 02:04 - INFO - Epoch 95 - Train loss: 0.0545 - Val loss: 0.3956 - Boundary loss: 0.1282 - Mask loss: 0.5739 - LR: 0.00010
2025-06-27 02:05 - INFO - Epoch 96 - Train loss: 0.0539 - Val loss: 0.3282 - Boundary loss: 0.1233 - Mask loss: 0.4648 - LR: 0.00010
2025-06-27 02:06 - INFO - Epoch 97 - Train loss: 0.0530 - Val loss: 0.3388 - Boundary loss: 0.1240 - Mask loss: 0.4820 - LR: 0.00010
2025-06-27 02:07 - INFO - Epoch 98 - Train loss: 0.0530 - Val loss: 0.4150 - Boundary loss: 0.1285 - Mask loss: 0.6059 - LR: 0.00010
2025-06-27 02:08 - INFO - Epoch 99 - Train loss: 0.0526 - Val loss: 0.4037 - Boundary loss: 0.1296 - Mask loss: 0.5865 - LR: 0.00010
2025-06-27 02:09 - INFO - Epoch 100 - Train loss: 0.0565 - Val loss: 0.3380 - Boundary loss: 0.1215 - Mask loss: 0.4824 - LR: 0.00010
2025-06-27 02:09 - INFO - Checkpoint 100 saved!
2025-06-27 02:10 - INFO - Epoch 101 - Train loss: 0.0539 - Val loss: 0.3529 - Boundary loss: 0.1215 - Mask loss: 0.5071 - LR: 0.00010
2025-06-27 02:11 - INFO - Epoch 102 - Train loss: 0.0528 - Val loss: 0.3401 - Boundary loss: 0.1278 - Mask loss: 0.4816 - LR: 0.00010
2025-06-27 02:12 - INFO - Epoch 103 - Train loss: 0.0515 - Val loss: 0.4179 - Boundary loss: 0.1316 - Mask loss: 0.6089 - LR: 0.00010
2025-06-27 02:13 - INFO - Epoch 104 - Train loss: 0.0511 - Val loss: 0.3317 - Boundary loss: 0.1268 - Mask loss: 0.4683 - LR: 0.00010
2025-06-27 02:14 - INFO - Epoch 105 - Train loss: 0.0511 - Val loss: 0.4012 - Boundary loss: 0.1305 - Mask loss: 0.5817 - LR: 0.00010
2025-06-27 02:15 - INFO - Epoch 106 - Train loss: 0.0502 - Val loss: 0.3373 - Boundary loss: 0.1207 - Mask loss: 0.4817 - LR: 0.00010
2025-06-27 02:16 - INFO - Epoch 107 - Train loss: 0.0503 - Val loss: 0.3300 - Boundary loss: 0.1183 - Mask loss: 0.4711 - LR: 0.00010
2025-06-27 02:17 - INFO - Epoch 108 - Train loss: 0.0500 - Val loss: 0.3467 - Boundary loss: 0.1197 - Mask loss: 0.4981 - LR: 0.00010
2025-06-27 02:18 - INFO - Epoch 109 - Train loss: 0.0498 - Val loss: 0.3848 - Boundary loss: 0.1283 - Mask loss: 0.5558 - LR: 0.00010
2025-06-27 02:19 - INFO - Epoch 110 - Train loss: 0.0503 - Val loss: 0.3722 - Boundary loss: 0.1210 - Mask loss: 0.5396 - LR: 0.00010
2025-06-27 02:19 - INFO - Checkpoint 110 saved!
2025-06-27 02:20 - INFO - Epoch 111 - Train loss: 0.0490 - Val loss: 0.3765 - Boundary loss: 0.1263 - Mask loss: 0.5433 - LR: 0.00010
2025-06-27 02:22 - INFO - Epoch 112 - Train loss: 0.0492 - Val loss: 0.3504 - Boundary loss: 0.1232 - Mask loss: 0.5019 - LR: 0.00010
2025-06-27 02:23 - INFO - Epoch 113 - Train loss: 0.0483 - Val loss: 0.4217 - Boundary loss: 0.1326 - Mask loss: 0.6144 - LR: 0.00010
2025-06-27 02:24 - INFO - Epoch 114 - Train loss: 0.0477 - Val loss: 0.3422 - Boundary loss: 0.1286 - Mask loss: 0.4846 - LR: 0.00010
2025-06-27 02:25 - INFO - Epoch 115 - Train loss: 0.0471 - Val loss: 0.3484 - Boundary loss: 0.1248 - Mask loss: 0.4975 - LR: 0.00010
2025-06-27 02:26 - INFO - Epoch 116 - Train loss: 0.0470 - Val loss: 0.3092 - Boundary loss: 0.1271 - Mask loss: 0.4307 - LR: 0.00010
2025-06-27 02:27 - INFO - Epoch 117 - Train loss: 0.0472 - Val loss: 0.3402 - Boundary loss: 0.1235 - Mask loss: 0.4846 - LR: 0.00010
2025-06-27 02:28 - INFO - Epoch 118 - Train loss: 0.0463 - Val loss: 0.3454 - Boundary loss: 0.1275 - Mask loss: 0.4906 - LR: 0.00010
2025-06-27 02:29 - INFO - Epoch 119 - Train loss: 0.0462 - Val loss: 0.4122 - Boundary loss: 0.1346 - Mask loss: 0.5973 - LR: 0.00010
2025-06-27 02:30 - INFO - Epoch 120 - Train loss: 0.0460 - Val loss: 0.3491 - Boundary loss: 0.1275 - Mask loss: 0.4968 - LR: 0.00010
2025-06-27 02:30 - INFO - Checkpoint 120 saved!
2025-06-27 02:31 - INFO - Epoch 121 - Train loss: 0.0451 - Val loss: 0.3623 - Boundary loss: 0.1274 - Mask loss: 0.5190 - LR: 0.00010
2025-06-27 02:32 - INFO - Epoch 122 - Train loss: 0.0447 - Val loss: 0.3640 - Boundary loss: 0.1277 - Mask loss: 0.5215 - LR: 0.00010
2025-06-27 02:33 - INFO - Epoch 123 - Train loss: 0.0452 - Val loss: 0.3488 - Boundary loss: 0.1334 - Mask loss: 0.4924 - LR: 0.00010
2025-06-27 02:34 - INFO - Epoch 124 - Train loss: 0.0459 - Val loss: 0.3446 - Boundary loss: 0.1312 - Mask loss: 0.4869 - LR: 0.00010
2025-06-27 02:35 - INFO - Epoch 125 - Train loss: 0.0439 - Val loss: 0.3253 - Boundary loss: 0.1228 - Mask loss: 0.4603 - LR: 0.00010
2025-06-27 02:36 - INFO - Epoch 126 - Train loss: 0.0434 - Val loss: 0.3426 - Boundary loss: 0.1298 - Mask loss: 0.4844 - LR: 0.00010
2025-06-27 02:37 - INFO - Epoch 127 - Train loss: 0.0429 - Val loss: 0.3289 - Boundary loss: 0.1249 - Mask loss: 0.4648 - LR: 0.00010
2025-06-27 02:38 - INFO - Epoch 128 - Train loss: 0.0427 - Val loss: 0.2945 - Boundary loss: 0.1278 - Mask loss: 0.4056 - LR: 0.00010
2025-06-27 02:39 - INFO - Epoch 129 - Train loss: 0.0842 - Val loss: 0.2773 - Boundary loss: 0.1141 - Mask loss: 0.3860 - LR: 0.00010
2025-06-27 02:40 - INFO - Epoch 130 - Train loss: 0.0527 - Val loss: 0.3834 - Boundary loss: 0.1379 - Mask loss: 0.5470 - LR: 0.00010
2025-06-27 02:40 - INFO - Checkpoint 130 saved!
2025-06-27 02:41 - INFO - Epoch 131 - Train loss: 0.0442 - Val loss: 0.2961 - Boundary loss: 0.1244 - Mask loss: 0.4106 - LR: 0.00010
2025-06-27 02:42 - INFO - Epoch 132 - Train loss: 0.0412 - Val loss: 0.4043 - Boundary loss: 0.1394 - Mask loss: 0.5809 - LR: 0.00010
2025-06-27 02:43 - INFO - Epoch 133 - Train loss: 0.0399 - Val loss: 0.3410 - Boundary loss: 0.1392 - Mask loss: 0.4756 - LR: 0.00010
2025-06-27 02:44 - INFO - Epoch 134 - Train loss: 0.0397 - Val loss: 0.3533 - Boundary loss: 0.1334 - Mask loss: 0.4999 - LR: 0.00010
2025-06-27 02:45 - INFO - Epoch 135 - Train loss: 0.0395 - Val loss: 0.4192 - Boundary loss: 0.1498 - Mask loss: 0.5989 - LR: 0.00010
2025-06-27 02:46 - INFO - Epoch 136 - Train loss: 0.0398 - Val loss: 0.3353 - Boundary loss: 0.1282 - Mask loss: 0.4733 - LR: 0.00010
2025-06-27 02:47 - INFO - Epoch 137 - Train loss: 0.0401 - Val loss: 0.2850 - Boundary loss: 0.1272 - Mask loss: 0.3902 - LR: 0.00010
2025-06-27 02:48 - INFO - Epoch 138 - Train loss: 0.0398 - Val loss: 0.3882 - Boundary loss: 0.1404 - Mask loss: 0.5534 - LR: 0.00010
2025-06-27 02:49 - INFO - Epoch 139 - Train loss: 0.0399 - Val loss: 0.3280 - Boundary loss: 0.1359 - Mask loss: 0.4561 - LR: 0.00010
2025-06-27 02:51 - INFO - Epoch 140 - Train loss: 0.0394 - Val loss: 0.3740 - Boundary loss: 0.1354 - Mask loss: 0.5330 - LR: 0.00010
2025-06-27 02:51 - INFO - Checkpoint 140 saved!
2025-06-27 02:52 - INFO - Epoch 141 - Train loss: 0.0398 - Val loss: 0.3704 - Boundary loss: 0.1375 - Mask loss: 0.5257 - LR: 0.00010
2025-06-27 02:53 - INFO - Epoch 142 - Train loss: 0.0392 - Val loss: 0.3791 - Boundary loss: 0.1331 - Mask loss: 0.5431 - LR: 0.00010
2025-06-27 02:54 - INFO - Epoch 143 - Train loss: 0.0400 - Val loss: 0.3996 - Boundary loss: 0.1359 - Mask loss: 0.5754 - LR: 0.00010
2025-06-27 02:55 - INFO - Epoch 144 - Train loss: 0.0405 - Val loss: 0.3691 - Boundary loss: 0.1390 - Mask loss: 0.5225 - LR: 0.00010
2025-06-27 02:56 - INFO - Epoch 145 - Train loss: 0.0395 - Val loss: 0.3835 - Boundary loss: 0.1374 - Mask loss: 0.5475 - LR: 0.00010
2025-06-27 02:57 - INFO - Epoch 146 - Train loss: 0.0392 - Val loss: 0.3570 - Boundary loss: 0.1321 - Mask loss: 0.5069 - LR: 0.00010
2025-06-27 02:58 - INFO - Epoch 147 - Train loss: 0.0387 - Val loss: 0.3002 - Boundary loss: 0.1258 - Mask loss: 0.4165 - LR: 0.00010
2025-06-27 02:59 - INFO - Epoch 148 - Train loss: 0.0392 - Val loss: 0.4003 - Boundary loss: 0.1415 - Mask loss: 0.5729 - LR: 0.00010
2025-06-27 03:00 - INFO - Epoch 149 - Train loss: 0.0384 - Val loss: 0.3994 - Boundary loss: 0.1385 - Mask loss: 0.5734 - LR: 0.00010
2025-06-27 03:01 - INFO - Epoch 150 - Train loss: 0.0380 - Val loss: 0.3555 - Boundary loss: 0.1383 - Mask loss: 0.5002 - LR: 0.00010
2025-06-27 03:01 - INFO - Checkpoint 150 saved!
