2025-11-27 22:11 - INFO - Creating dataset with 266 examples
2025-11-27 22:11 - INFO - Starting training:
        Model:           main64-cloud_occlusion
        Loss rate:       (0.6, 0.4)
        Epochs:          100
        Batch size:      2
        Learning rate:   0.0001
        Training size:   240
        Validation size: 26
        Device:          cuda
        Checkpoints:     True
    
2025-11-27 22:11 - INFO - Model config saved to F:\Bo Yu\Bsinet_yb\Mymodel\noise\HL\main64\cloud_occlusion\model_config_main64-cloud_occlusion.yaml
2025-11-27 22:12 - INFO - Epoch 1 - Train loss: 0.6778 - Val loss: 0.6125 - Boundary loss: 0.5779 - Mask loss: 0.6355 - LR: 0.00010
2025-11-27 22:13 - INFO - Epoch 2 - Train loss: 0.6057 - Val loss: 0.5601 - Boundary loss: 0.5347 - Mask loss: 0.5770 - LR: 0.00010
2025-11-27 22:14 - INFO - Epoch 3 - Train loss: 0.5665 - Val loss: 0.5814 - Boundary loss: 0.4861 - Mask loss: 0.6449 - LR: 0.00010
2025-11-27 22:15 - INFO - Epoch 4 - Train loss: 0.5415 - Val loss: 0.5107 - Boundary loss: 0.4736 - Mask loss: 0.5354 - LR: 0.00010
2025-11-27 22:15 - INFO - Epoch 5 - Train loss: 0.5201 - Val loss: 0.4902 - Boundary loss: 0.4280 - Mask loss: 0.5316 - LR: 0.00010
2025-11-27 22:16 - INFO - Epoch 6 - Train loss: 0.4955 - Val loss: 0.4990 - Boundary loss: 0.4521 - Mask loss: 0.5303 - LR: 0.00010
2025-11-27 22:17 - INFO - Epoch 7 - Train loss: 0.4798 - Val loss: 0.4596 - Boundary loss: 0.4208 - Mask loss: 0.4855 - LR: 0.00010
2025-11-27 22:18 - INFO - Epoch 8 - Train loss: 0.4647 - Val loss: 0.4698 - Boundary loss: 0.4024 - Mask loss: 0.5148 - LR: 0.00010
2025-11-27 22:19 - INFO - Epoch 9 - Train loss: 0.4402 - Val loss: 0.4247 - Boundary loss: 0.3768 - Mask loss: 0.4566 - LR: 0.00010
2025-11-27 22:20 - INFO - Epoch 10 - Train loss: 0.4286 - Val loss: 0.4136 - Boundary loss: 0.3468 - Mask loss: 0.4581 - LR: 0.00010
2025-11-27 22:20 - INFO - Checkpoint 10 saved!
2025-11-27 22:20 - INFO - Epoch 11 - Train loss: 0.4145 - Val loss: 0.3897 - Boundary loss: 0.3346 - Mask loss: 0.4265 - LR: 0.00010
2025-11-27 22:21 - INFO - Epoch 12 - Train loss: 0.4046 - Val loss: 0.4026 - Boundary loss: 0.3522 - Mask loss: 0.4363 - LR: 0.00010
2025-11-27 22:22 - INFO - Epoch 13 - Train loss: 0.3906 - Val loss: 0.3746 - Boundary loss: 0.3196 - Mask loss: 0.4113 - LR: 0.00010
2025-11-27 22:23 - INFO - Epoch 14 - Train loss: 0.3771 - Val loss: 0.3616 - Boundary loss: 0.3048 - Mask loss: 0.3995 - LR: 0.00010
2025-11-27 22:24 - INFO - Epoch 15 - Train loss: 0.3695 - Val loss: 0.3650 - Boundary loss: 0.3129 - Mask loss: 0.3997 - LR: 0.00010
2025-11-27 22:24 - INFO - Epoch 16 - Train loss: 0.3585 - Val loss: 0.3617 - Boundary loss: 0.3061 - Mask loss: 0.3987 - LR: 0.00010
2025-11-27 22:25 - INFO - Epoch 17 - Train loss: 0.3546 - Val loss: 0.3306 - Boundary loss: 0.2755 - Mask loss: 0.3673 - LR: 0.00010
2025-11-27 22:26 - INFO - Epoch 18 - Train loss: 0.3421 - Val loss: 0.3503 - Boundary loss: 0.2935 - Mask loss: 0.3881 - LR: 0.00010
2025-11-27 22:27 - INFO - Epoch 19 - Train loss: 0.3374 - Val loss: 0.3290 - Boundary loss: 0.2863 - Mask loss: 0.3575 - LR: 0.00010
2025-11-27 22:28 - INFO - Epoch 20 - Train loss: 0.3316 - Val loss: 0.3285 - Boundary loss: 0.2671 - Mask loss: 0.3695 - LR: 0.00010
2025-11-27 22:28 - INFO - Checkpoint 20 saved!
2025-11-27 22:28 - INFO - Epoch 21 - Train loss: 0.3247 - Val loss: 0.3278 - Boundary loss: 0.2547 - Mask loss: 0.3764 - LR: 0.00010
2025-11-27 22:29 - INFO - Epoch 22 - Train loss: 0.3257 - Val loss: 0.3262 - Boundary loss: 0.2962 - Mask loss: 0.3463 - LR: 0.00010
2025-11-27 22:30 - INFO - Epoch 23 - Train loss: 0.3137 - Val loss: 0.3216 - Boundary loss: 0.2657 - Mask loss: 0.3588 - LR: 0.00010
2025-11-27 22:31 - INFO - Epoch 24 - Train loss: 0.3116 - Val loss: 0.3147 - Boundary loss: 0.2590 - Mask loss: 0.3517 - LR: 0.00010
2025-11-27 22:32 - INFO - Epoch 25 - Train loss: 0.3040 - Val loss: 0.3190 - Boundary loss: 0.2455 - Mask loss: 0.3680 - LR: 0.00010
2025-11-27 22:33 - INFO - Epoch 26 - Train loss: 0.3010 - Val loss: 0.3311 - Boundary loss: 0.2415 - Mask loss: 0.3909 - LR: 0.00010
2025-11-27 22:33 - INFO - Epoch 27 - Train loss: 0.2932 - Val loss: 0.3108 - Boundary loss: 0.2437 - Mask loss: 0.3555 - LR: 0.00010
2025-11-27 22:34 - INFO - Epoch 28 - Train loss: 0.2911 - Val loss: 0.3030 - Boundary loss: 0.2398 - Mask loss: 0.3452 - LR: 0.00010
2025-11-27 22:35 - INFO - Epoch 29 - Train loss: 0.2879 - Val loss: 0.2969 - Boundary loss: 0.2330 - Mask loss: 0.3395 - LR: 0.00010
2025-11-27 22:36 - INFO - Epoch 30 - Train loss: 0.2820 - Val loss: 0.3085 - Boundary loss: 0.2302 - Mask loss: 0.3607 - LR: 0.00010
2025-11-27 22:36 - INFO - Checkpoint 30 saved!
2025-11-27 22:37 - INFO - Epoch 31 - Train loss: 0.2821 - Val loss: 0.2938 - Boundary loss: 0.2274 - Mask loss: 0.3381 - LR: 0.00010
2025-11-27 22:37 - INFO - Epoch 32 - Train loss: 0.2768 - Val loss: 0.3015 - Boundary loss: 0.2275 - Mask loss: 0.3508 - LR: 0.00010
2025-11-27 22:38 - INFO - Epoch 33 - Train loss: 0.2773 - Val loss: 0.2933 - Boundary loss: 0.2239 - Mask loss: 0.3396 - LR: 0.00010
2025-11-27 22:39 - INFO - Epoch 34 - Train loss: 0.2693 - Val loss: 0.3539 - Boundary loss: 0.2223 - Mask loss: 0.4416 - LR: 0.00010
2025-11-27 22:40 - INFO - Epoch 35 - Train loss: 0.2683 - Val loss: 0.2908 - Boundary loss: 0.2243 - Mask loss: 0.3351 - LR: 0.00010
2025-11-27 22:41 - INFO - Epoch 36 - Train loss: 0.2697 - Val loss: 0.2875 - Boundary loss: 0.2181 - Mask loss: 0.3337 - LR: 0.00010
2025-11-27 22:42 - INFO - Epoch 37 - Train loss: 0.2692 - Val loss: 0.3060 - Boundary loss: 0.2234 - Mask loss: 0.3610 - LR: 0.00010
2025-11-27 22:42 - INFO - Epoch 38 - Train loss: 0.2652 - Val loss: 0.2798 - Boundary loss: 0.2156 - Mask loss: 0.3226 - LR: 0.00010
2025-11-27 22:43 - INFO - Epoch 39 - Train loss: 0.2613 - Val loss: 0.2852 - Boundary loss: 0.2167 - Mask loss: 0.3308 - LR: 0.00010
2025-11-27 22:44 - INFO - Epoch 40 - Train loss: 0.2587 - Val loss: 0.2817 - Boundary loss: 0.2150 - Mask loss: 0.3261 - LR: 0.00010
2025-11-27 22:44 - INFO - Checkpoint 40 saved!
2025-11-27 22:45 - INFO - Epoch 41 - Train loss: 0.2551 - Val loss: 0.2894 - Boundary loss: 0.2147 - Mask loss: 0.3392 - LR: 0.00010
2025-11-27 22:46 - INFO - Epoch 42 - Train loss: 0.2520 - Val loss: 0.2838 - Boundary loss: 0.2121 - Mask loss: 0.3315 - LR: 0.00010
2025-11-27 22:46 - INFO - Epoch 43 - Train loss: 0.2529 - Val loss: 0.2935 - Boundary loss: 0.2144 - Mask loss: 0.3463 - LR: 0.00010
2025-11-27 22:47 - INFO - Epoch 44 - Train loss: 0.2469 - Val loss: 0.2804 - Boundary loss: 0.2125 - Mask loss: 0.3257 - LR: 0.00010
2025-11-27 22:48 - INFO - Epoch 45 - Train loss: 0.2484 - Val loss: 0.2865 - Boundary loss: 0.2122 - Mask loss: 0.3360 - LR: 0.00010
2025-11-27 22:49 - INFO - Epoch 46 - Train loss: 0.2438 - Val loss: 0.2865 - Boundary loss: 0.2115 - Mask loss: 0.3364 - LR: 0.00010
2025-11-27 22:50 - INFO - Epoch 47 - Train loss: 0.2424 - Val loss: 0.3099 - Boundary loss: 0.2090 - Mask loss: 0.3771 - LR: 0.00010
2025-11-27 22:50 - INFO - Epoch 48 - Train loss: 0.2439 - Val loss: 0.2870 - Boundary loss: 0.2115 - Mask loss: 0.3374 - LR: 0.00010
2025-11-27 22:51 - INFO - Epoch 49 - Train loss: 0.2382 - Val loss: 0.2791 - Boundary loss: 0.2095 - Mask loss: 0.3255 - LR: 0.00010
2025-11-27 22:52 - INFO - Epoch 50 - Train loss: 0.2372 - Val loss: 0.2862 - Boundary loss: 0.2074 - Mask loss: 0.3387 - LR: 0.00010
2025-11-27 22:52 - INFO - Checkpoint 50 saved!
2025-11-27 22:53 - INFO - Epoch 51 - Train loss: 0.2360 - Val loss: 0.2802 - Boundary loss: 0.2080 - Mask loss: 0.3283 - LR: 0.00010
2025-11-27 22:54 - INFO - Epoch 52 - Train loss: 0.2341 - Val loss: 0.2843 - Boundary loss: 0.2086 - Mask loss: 0.3348 - LR: 0.00010
2025-11-27 22:55 - INFO - Epoch 53 - Train loss: 0.2352 - Val loss: 0.2827 - Boundary loss: 0.2074 - Mask loss: 0.3329 - LR: 0.00010
2025-11-27 22:55 - INFO - Epoch 54 - Train loss: 0.2319 - Val loss: 0.2855 - Boundary loss: 0.2047 - Mask loss: 0.3393 - LR: 0.00010
2025-11-27 22:56 - INFO - Epoch 55 - Train loss: 0.2282 - Val loss: 0.2763 - Boundary loss: 0.2054 - Mask loss: 0.3236 - LR: 0.00010
2025-11-27 22:57 - INFO - Epoch 56 - Train loss: 0.2259 - Val loss: 0.2778 - Boundary loss: 0.2039 - Mask loss: 0.3272 - LR: 0.00010
2025-11-27 22:58 - INFO - Epoch 57 - Train loss: 0.2267 - Val loss: 0.2724 - Boundary loss: 0.2043 - Mask loss: 0.3178 - LR: 0.00010
2025-11-27 22:59 - INFO - Epoch 58 - Train loss: 0.2251 - Val loss: 0.2761 - Boundary loss: 0.2027 - Mask loss: 0.3250 - LR: 0.00010
2025-11-27 22:59 - INFO - Epoch 59 - Train loss: 0.2225 - Val loss: 0.2701 - Boundary loss: 0.2025 - Mask loss: 0.3151 - LR: 0.00010
2025-11-27 23:00 - INFO - Epoch 60 - Train loss: 0.2242 - Val loss: 0.2782 - Boundary loss: 0.2022 - Mask loss: 0.3290 - LR: 0.00010
2025-11-27 23:00 - INFO - Checkpoint 60 saved!
2025-11-27 23:01 - INFO - Epoch 61 - Train loss: 0.2213 - Val loss: 0.2795 - Boundary loss: 0.2029 - Mask loss: 0.3305 - LR: 0.00010
2025-11-27 23:02 - INFO - Epoch 62 - Train loss: 0.2215 - Val loss: 0.2792 - Boundary loss: 0.2023 - Mask loss: 0.3305 - LR: 0.00010
2025-11-27 23:03 - INFO - Epoch 63 - Train loss: 0.2181 - Val loss: 0.2790 - Boundary loss: 0.2020 - Mask loss: 0.3303 - LR: 0.00010
2025-11-27 23:04 - INFO - Epoch 64 - Train loss: 0.2145 - Val loss: 0.2765 - Boundary loss: 0.2006 - Mask loss: 0.3271 - LR: 0.00010
2025-11-27 23:04 - INFO - Epoch 65 - Train loss: 0.2125 - Val loss: 0.2711 - Boundary loss: 0.2007 - Mask loss: 0.3181 - LR: 0.00010
2025-11-27 23:05 - INFO - Epoch 66 - Train loss: 0.2139 - Val loss: 0.2714 - Boundary loss: 0.2004 - Mask loss: 0.3187 - LR: 0.00010
2025-11-27 23:06 - INFO - Epoch 67 - Train loss: 0.2133 - Val loss: 0.2797 - Boundary loss: 0.1995 - Mask loss: 0.3332 - LR: 0.00010
2025-11-27 23:07 - INFO - Epoch 68 - Train loss: 0.2094 - Val loss: 0.2795 - Boundary loss: 0.2007 - Mask loss: 0.3320 - LR: 0.00010
2025-11-27 23:08 - INFO - Epoch 69 - Train loss: 0.2075 - Val loss: 0.2768 - Boundary loss: 0.2000 - Mask loss: 0.3279 - LR: 0.00010
2025-11-27 23:08 - INFO - Epoch 70 - Train loss: 0.2045 - Val loss: 0.2714 - Boundary loss: 0.1989 - Mask loss: 0.3198 - LR: 0.00010
2025-11-27 23:08 - INFO - Checkpoint 70 saved!
2025-11-27 23:09 - INFO - Epoch 71 - Train loss: 0.2038 - Val loss: 0.2724 - Boundary loss: 0.2000 - Mask loss: 0.3206 - LR: 0.00010
2025-11-27 23:10 - INFO - Epoch 72 - Train loss: 0.2028 - Val loss: 0.2787 - Boundary loss: 0.2011 - Mask loss: 0.3304 - LR: 0.00010
2025-11-27 23:11 - INFO - Epoch 73 - Train loss: 0.2004 - Val loss: 0.2720 - Boundary loss: 0.1982 - Mask loss: 0.3212 - LR: 0.00010
2025-11-27 23:12 - INFO - Epoch 74 - Train loss: 0.2005 - Val loss: 0.2731 - Boundary loss: 0.1993 - Mask loss: 0.3223 - LR: 0.00010
2025-11-27 23:13 - INFO - Epoch 75 - Train loss: 0.2024 - Val loss: 0.2885 - Boundary loss: 0.2043 - Mask loss: 0.3446 - LR: 0.00010
2025-11-27 23:13 - INFO - Epoch 76 - Train loss: 0.2035 - Val loss: 0.2790 - Boundary loss: 0.1990 - Mask loss: 0.3323 - LR: 0.00010
2025-11-27 23:14 - INFO - Epoch 77 - Train loss: 0.2000 - Val loss: 0.2701 - Boundary loss: 0.1984 - Mask loss: 0.3180 - LR: 0.00010
2025-11-27 23:15 - INFO - Epoch 78 - Train loss: 0.1976 - Val loss: 0.2709 - Boundary loss: 0.1976 - Mask loss: 0.3198 - LR: 0.00010
2025-11-27 23:16 - INFO - Epoch 79 - Train loss: 0.1959 - Val loss: 0.2776 - Boundary loss: 0.1975 - Mask loss: 0.3310 - LR: 0.00010
2025-11-27 23:17 - INFO - Epoch 80 - Train loss: 0.1919 - Val loss: 0.2748 - Boundary loss: 0.1977 - Mask loss: 0.3262 - LR: 0.00010
2025-11-27 23:17 - INFO - Checkpoint 80 saved!
2025-11-27 23:17 - INFO - Epoch 81 - Train loss: 0.1904 - Val loss: 0.2843 - Boundary loss: 0.1969 - Mask loss: 0.3425 - LR: 0.00010
2025-11-27 23:18 - INFO - Epoch 82 - Train loss: 0.1933 - Val loss: 0.2838 - Boundary loss: 0.2005 - Mask loss: 0.3393 - LR: 0.00010
2025-11-27 23:19 - INFO - Epoch 83 - Train loss: 0.2045 - Val loss: 0.3100 - Boundary loss: 0.1999 - Mask loss: 0.3835 - LR: 0.00010
2025-11-27 23:20 - INFO - Epoch 84 - Train loss: 0.2221 - Val loss: 0.2828 - Boundary loss: 0.1989 - Mask loss: 0.3388 - LR: 0.00010
2025-11-27 23:21 - INFO - Epoch 85 - Train loss: 0.1978 - Val loss: 0.2954 - Boundary loss: 0.1994 - Mask loss: 0.3594 - LR: 0.00010
2025-11-27 23:22 - INFO - Epoch 86 - Train loss: 0.1952 - Val loss: 0.2814 - Boundary loss: 0.1978 - Mask loss: 0.3371 - LR: 0.00010
2025-11-27 23:22 - INFO - Epoch 87 - Train loss: 0.1878 - Val loss: 0.2835 - Boundary loss: 0.1959 - Mask loss: 0.3418 - LR: 0.00010
2025-11-27 23:23 - INFO - Epoch 88 - Train loss: 0.1850 - Val loss: 0.2807 - Boundary loss: 0.1962 - Mask loss: 0.3370 - LR: 0.00010
2025-11-27 23:24 - INFO - Epoch 89 - Train loss: 0.1836 - Val loss: 0.2805 - Boundary loss: 0.1966 - Mask loss: 0.3364 - LR: 0.00010
2025-11-27 23:25 - INFO - Epoch 90 - Train loss: 0.1828 - Val loss: 0.2739 - Boundary loss: 0.1959 - Mask loss: 0.3260 - LR: 0.00010
2025-11-27 23:25 - INFO - Checkpoint 90 saved!
2025-11-27 23:26 - INFO - Epoch 91 - Train loss: 0.1831 - Val loss: 0.2755 - Boundary loss: 0.1955 - Mask loss: 0.3288 - LR: 0.00010
2025-11-27 23:26 - INFO - Epoch 92 - Train loss: 0.1805 - Val loss: 0.2778 - Boundary loss: 0.1964 - Mask loss: 0.3321 - LR: 0.00010
2025-11-27 23:27 - INFO - Epoch 93 - Train loss: 0.1782 - Val loss: 0.2758 - Boundary loss: 0.1962 - Mask loss: 0.3288 - LR: 0.00010
2025-11-27 23:28 - INFO - Epoch 94 - Train loss: 0.1779 - Val loss: 0.2767 - Boundary loss: 0.1958 - Mask loss: 0.3307 - LR: 0.00010
2025-11-27 23:29 - INFO - Epoch 95 - Train loss: 0.1776 - Val loss: 0.2820 - Boundary loss: 0.1996 - Mask loss: 0.3369 - LR: 0.00010
2025-11-27 23:30 - INFO - Epoch 96 - Train loss: 0.1761 - Val loss: 0.2828 - Boundary loss: 0.1974 - Mask loss: 0.3398 - LR: 0.00010
2025-11-27 23:30 - INFO - Epoch 97 - Train loss: 0.1749 - Val loss: 0.2831 - Boundary loss: 0.1979 - Mask loss: 0.3400 - LR: 0.00010
2025-11-27 23:31 - INFO - Epoch 98 - Train loss: 0.1730 - Val loss: 0.2806 - Boundary loss: 0.1987 - Mask loss: 0.3352 - LR: 0.00010
2025-11-27 23:32 - INFO - Epoch 99 - Train loss: 0.1722 - Val loss: 0.2897 - Boundary loss: 0.1968 - Mask loss: 0.3516 - LR: 0.00010
2025-11-27 23:33 - INFO - Epoch 100 - Train loss: 0.1727 - Val loss: 0.2791 - Boundary loss: 0.1972 - Mask loss: 0.3336 - LR: 0.00010
2025-11-27 23:33 - INFO - Checkpoint 100 saved!
