2025-06-12 22:57 - INFO - Creating dataset with 171 examples
2025-06-12 22:57 - INFO - Starting training:
        Model:           no_TAB
        Loss rate:       (0.6, 0.4)
        Epochs:          100
        Batch size:      1
        Learning rate:   0.0001
        Training size:   154
        Validation size: 17
        Device:          cuda
        Checkpoints:     True
    
2025-06-12 22:57 - INFO - Model config saved to F:\Bo Yu\Bsinet_yb\Mymodel\para\sd\no_TAB\model_config_no_TAB.yaml
2025-06-12 22:58 - INFO - Epoch 1 - Train loss: 0.5741 - Val loss: 0.4900 - Boundary loss: 0.4610 - Mask loss: 0.5093 - LR: 0.00010
2025-06-12 22:59 - INFO - Epoch 2 - Train loss: 0.5075 - Val loss: 0.4273 - Boundary loss: 0.4033 - Mask loss: 0.4433 - LR: 0.00010
2025-06-12 22:59 - INFO - Epoch 3 - Train loss: 0.4715 - Val loss: 0.4036 - Boundary loss: 0.3611 - Mask loss: 0.4319 - LR: 0.00010
2025-06-12 23:00 - INFO - Epoch 4 - Train loss: 0.4422 - Val loss: 0.3913 - Boundary loss: 0.3598 - Mask loss: 0.4123 - LR: 0.00010
2025-06-12 23:01 - INFO - Epoch 5 - Train loss: 0.4184 - Val loss: 0.3436 - Boundary loss: 0.3202 - Mask loss: 0.3592 - LR: 0.00010
2025-06-12 23:01 - INFO - Epoch 6 - Train loss: 0.3938 - Val loss: 0.3391 - Boundary loss: 0.2972 - Mask loss: 0.3671 - LR: 0.00010
2025-06-12 23:02 - INFO - Epoch 7 - Train loss: 0.3723 - Val loss: 0.3209 - Boundary loss: 0.2889 - Mask loss: 0.3423 - LR: 0.00010
2025-06-12 23:02 - INFO - Epoch 8 - Train loss: 0.3531 - Val loss: 0.3170 - Boundary loss: 0.2411 - Mask loss: 0.3676 - LR: 0.00010
2025-06-12 23:03 - INFO - Epoch 9 - Train loss: 0.3392 - Val loss: 0.2843 - Boundary loss: 0.2239 - Mask loss: 0.3245 - LR: 0.00010
2025-06-12 23:04 - INFO - Epoch 10 - Train loss: 0.3217 - Val loss: 0.2521 - Boundary loss: 0.2178 - Mask loss: 0.2750 - LR: 0.00010
2025-06-12 23:04 - INFO - Checkpoint 10 saved!
2025-06-12 23:04 - INFO - Epoch 11 - Train loss: 0.3080 - Val loss: 0.2569 - Boundary loss: 0.2032 - Mask loss: 0.2928 - LR: 0.00010
2025-06-12 23:05 - INFO - Epoch 12 - Train loss: 0.2963 - Val loss: 0.2622 - Boundary loss: 0.2120 - Mask loss: 0.2957 - LR: 0.00010
2025-06-12 23:06 - INFO - Epoch 13 - Train loss: 0.2828 - Val loss: 0.2372 - Boundary loss: 0.1757 - Mask loss: 0.2783 - LR: 0.00010
2025-06-12 23:06 - INFO - Epoch 14 - Train loss: 0.2726 - Val loss: 0.2264 - Boundary loss: 0.1718 - Mask loss: 0.2627 - LR: 0.00010
2025-06-12 23:07 - INFO - Epoch 15 - Train loss: 0.2617 - Val loss: 0.2332 - Boundary loss: 0.1769 - Mask loss: 0.2708 - LR: 0.00010
2025-06-12 23:08 - INFO - Epoch 16 - Train loss: 0.2531 - Val loss: 0.2326 - Boundary loss: 0.1643 - Mask loss: 0.2782 - LR: 0.00010
2025-06-12 23:08 - INFO - Epoch 17 - Train loss: 0.2475 - Val loss: 0.2305 - Boundary loss: 0.1552 - Mask loss: 0.2808 - LR: 0.00010
2025-06-12 23:09 - INFO - Epoch 18 - Train loss: 0.2418 - Val loss: 0.1983 - Boundary loss: 0.1492 - Mask loss: 0.2310 - LR: 0.00010
2025-06-12 23:09 - INFO - Epoch 19 - Train loss: 0.2334 - Val loss: 0.2342 - Boundary loss: 0.1495 - Mask loss: 0.2906 - LR: 0.00010
2025-06-12 23:10 - INFO - Epoch 20 - Train loss: 0.2278 - Val loss: 0.2100 - Boundary loss: 0.1437 - Mask loss: 0.2542 - LR: 0.00010
2025-06-12 23:10 - INFO - Checkpoint 20 saved!
2025-06-12 23:11 - INFO - Epoch 21 - Train loss: 0.2177 - Val loss: 0.2034 - Boundary loss: 0.1440 - Mask loss: 0.2431 - LR: 0.00010
2025-06-12 23:11 - INFO - Epoch 22 - Train loss: 0.2185 - Val loss: 0.1877 - Boundary loss: 0.1453 - Mask loss: 0.2160 - LR: 0.00010
2025-06-12 23:12 - INFO - Epoch 23 - Train loss: 0.2182 - Val loss: 0.1907 - Boundary loss: 0.1399 - Mask loss: 0.2246 - LR: 0.00010
2025-06-12 23:13 - INFO - Epoch 24 - Train loss: 0.2097 - Val loss: 0.2050 - Boundary loss: 0.1369 - Mask loss: 0.2504 - LR: 0.00010
2025-06-12 23:13 - INFO - Epoch 25 - Train loss: 0.2061 - Val loss: 0.2364 - Boundary loss: 0.1373 - Mask loss: 0.3025 - LR: 0.00010
2025-06-12 23:14 - INFO - Epoch 26 - Train loss: 0.2015 - Val loss: 0.1838 - Boundary loss: 0.1337 - Mask loss: 0.2172 - LR: 0.00010
2025-06-12 23:14 - INFO - Epoch 27 - Train loss: 0.1950 - Val loss: 0.2239 - Boundary loss: 0.1280 - Mask loss: 0.2878 - LR: 0.00010
2025-06-12 23:15 - INFO - Epoch 28 - Train loss: 0.1886 - Val loss: 0.1791 - Boundary loss: 0.1295 - Mask loss: 0.2121 - LR: 0.00010
2025-06-12 23:16 - INFO - Epoch 29 - Train loss: 0.1830 - Val loss: 0.1914 - Boundary loss: 0.1296 - Mask loss: 0.2327 - LR: 0.00010
2025-06-12 23:16 - INFO - Epoch 30 - Train loss: 0.1849 - Val loss: 0.2184 - Boundary loss: 0.1258 - Mask loss: 0.2802 - LR: 0.00010
2025-06-12 23:16 - INFO - Checkpoint 30 saved!
2025-06-12 23:17 - INFO - Epoch 31 - Train loss: 0.1814 - Val loss: 0.1721 - Boundary loss: 0.1267 - Mask loss: 0.2024 - LR: 0.00010
2025-06-12 23:18 - INFO - Epoch 32 - Train loss: 0.1757 - Val loss: 0.1775 - Boundary loss: 0.1332 - Mask loss: 0.2070 - LR: 0.00010
2025-06-12 23:18 - INFO - Epoch 33 - Train loss: 0.1685 - Val loss: 0.1775 - Boundary loss: 0.1267 - Mask loss: 0.2113 - LR: 0.00010
2025-06-12 23:19 - INFO - Epoch 34 - Train loss: 0.1630 - Val loss: 0.1743 - Boundary loss: 0.1248 - Mask loss: 0.2073 - LR: 0.00010
2025-06-12 23:20 - INFO - Epoch 35 - Train loss: 0.1661 - Val loss: 0.1742 - Boundary loss: 0.1225 - Mask loss: 0.2086 - LR: 0.00010
2025-06-12 23:20 - INFO - Epoch 36 - Train loss: 0.1618 - Val loss: 0.1756 - Boundary loss: 0.1237 - Mask loss: 0.2102 - LR: 0.00010
2025-06-12 23:21 - INFO - Epoch 37 - Train loss: 0.1539 - Val loss: 0.1723 - Boundary loss: 0.1225 - Mask loss: 0.2055 - LR: 0.00010
2025-06-12 23:21 - INFO - Epoch 38 - Train loss: 0.1477 - Val loss: 0.1791 - Boundary loss: 0.1218 - Mask loss: 0.2173 - LR: 0.00010
2025-06-12 23:22 - INFO - Epoch 39 - Train loss: 0.1464 - Val loss: 0.1906 - Boundary loss: 0.1216 - Mask loss: 0.2367 - LR: 0.00010
2025-06-12 23:23 - INFO - Epoch 40 - Train loss: 0.1447 - Val loss: 0.1701 - Boundary loss: 0.1208 - Mask loss: 0.2030 - LR: 0.00010
2025-06-12 23:23 - INFO - Checkpoint 40 saved!
2025-06-12 23:23 - INFO - Epoch 41 - Train loss: 0.1404 - Val loss: 0.1813 - Boundary loss: 0.1210 - Mask loss: 0.2215 - LR: 0.00010
2025-06-12 23:24 - INFO - Epoch 42 - Train loss: 0.1377 - Val loss: 0.1853 - Boundary loss: 0.1233 - Mask loss: 0.2266 - LR: 0.00010
2025-06-12 23:25 - INFO - Epoch 43 - Train loss: 0.1340 - Val loss: 0.2020 - Boundary loss: 0.1225 - Mask loss: 0.2550 - LR: 0.00010
2025-06-12 23:25 - INFO - Epoch 44 - Train loss: 0.1355 - Val loss: 0.1825 - Boundary loss: 0.1208 - Mask loss: 0.2236 - LR: 0.00010
2025-06-12 23:26 - INFO - Epoch 45 - Train loss: 0.1543 - Val loss: 0.1860 - Boundary loss: 0.1243 - Mask loss: 0.2271 - LR: 0.00010
2025-06-12 23:26 - INFO - Epoch 46 - Train loss: 0.1368 - Val loss: 0.1931 - Boundary loss: 0.1203 - Mask loss: 0.2416 - LR: 0.00010
2025-06-12 23:27 - INFO - Epoch 47 - Train loss: 0.1279 - Val loss: 0.1871 - Boundary loss: 0.1210 - Mask loss: 0.2311 - LR: 0.00010
2025-06-12 23:28 - INFO - Epoch 48 - Train loss: 0.1225 - Val loss: 0.2046 - Boundary loss: 0.1218 - Mask loss: 0.2597 - LR: 0.00010
2025-06-12 23:28 - INFO - Epoch 49 - Train loss: 0.1203 - Val loss: 0.1993 - Boundary loss: 0.1215 - Mask loss: 0.2511 - LR: 0.00010
2025-06-12 23:29 - INFO - Epoch 50 - Train loss: 0.1202 - Val loss: 0.1787 - Boundary loss: 0.1216 - Mask loss: 0.2168 - LR: 0.00010
2025-06-12 23:29 - INFO - Checkpoint 50 saved!
2025-06-12 23:30 - INFO - Epoch 51 - Train loss: 0.1169 - Val loss: 0.2069 - Boundary loss: 0.1211 - Mask loss: 0.2640 - LR: 0.00010
2025-06-12 23:30 - INFO - Epoch 52 - Train loss: 0.1192 - Val loss: 0.2078 - Boundary loss: 0.1228 - Mask loss: 0.2645 - LR: 0.00010
2025-06-12 23:31 - INFO - Epoch 53 - Train loss: 0.1203 - Val loss: 0.1834 - Boundary loss: 0.1208 - Mask loss: 0.2252 - LR: 0.00010
2025-06-12 23:31 - INFO - Epoch 54 - Train loss: 0.1128 - Val loss: 0.2006 - Boundary loss: 0.1226 - Mask loss: 0.2526 - LR: 0.00010
2025-06-12 23:32 - INFO - Epoch 55 - Train loss: 0.1095 - Val loss: 0.1904 - Boundary loss: 0.1230 - Mask loss: 0.2354 - LR: 0.00010
2025-06-12 23:33 - INFO - Epoch 56 - Train loss: 0.1066 - Val loss: 0.1964 - Boundary loss: 0.1224 - Mask loss: 0.2457 - LR: 0.00010
2025-06-12 23:33 - INFO - Epoch 57 - Train loss: 0.1036 - Val loss: 0.2075 - Boundary loss: 0.1247 - Mask loss: 0.2627 - LR: 0.00010
2025-06-12 23:34 - INFO - Epoch 58 - Train loss: 0.1050 - Val loss: 0.2065 - Boundary loss: 0.1205 - Mask loss: 0.2638 - LR: 0.00010
2025-06-12 23:35 - INFO - Epoch 59 - Train loss: 0.1040 - Val loss: 0.2024 - Boundary loss: 0.1241 - Mask loss: 0.2547 - LR: 0.00010
2025-06-12 23:35 - INFO - Epoch 60 - Train loss: 0.1007 - Val loss: 0.2148 - Boundary loss: 0.1261 - Mask loss: 0.2740 - LR: 0.00010
2025-06-12 23:35 - INFO - Checkpoint 60 saved!
2025-06-12 23:36 - INFO - Epoch 61 - Train loss: 0.1000 - Val loss: 0.2562 - Boundary loss: 0.1242 - Mask loss: 0.3442 - LR: 0.00010
2025-06-12 23:37 - INFO - Epoch 62 - Train loss: 0.0984 - Val loss: 0.1920 - Boundary loss: 0.1224 - Mask loss: 0.2383 - LR: 0.00010
2025-06-12 23:37 - INFO - Epoch 63 - Train loss: 0.0943 - Val loss: 0.2013 - Boundary loss: 0.1236 - Mask loss: 0.2532 - LR: 0.00010
2025-06-12 23:38 - INFO - Epoch 64 - Train loss: 0.0941 - Val loss: 0.1984 - Boundary loss: 0.1216 - Mask loss: 0.2496 - LR: 0.00010
2025-06-12 23:38 - INFO - Epoch 65 - Train loss: 0.0944 - Val loss: 0.1915 - Boundary loss: 0.1239 - Mask loss: 0.2365 - LR: 0.00010
2025-06-12 23:39 - INFO - Epoch 66 - Train loss: 0.0929 - Val loss: 0.2048 - Boundary loss: 0.1285 - Mask loss: 0.2556 - LR: 0.00010
2025-06-12 23:40 - INFO - Epoch 67 - Train loss: 0.0944 - Val loss: 0.1985 - Boundary loss: 0.1294 - Mask loss: 0.2446 - LR: 0.00010
2025-06-12 23:40 - INFO - Epoch 68 - Train loss: 0.0917 - Val loss: 0.1912 - Boundary loss: 0.1231 - Mask loss: 0.2365 - LR: 0.00010
2025-06-12 23:41 - INFO - Epoch 69 - Train loss: 0.0874 - Val loss: 0.2143 - Boundary loss: 0.1275 - Mask loss: 0.2721 - LR: 0.00010
2025-06-12 23:42 - INFO - Epoch 70 - Train loss: 0.0859 - Val loss: 0.2164 - Boundary loss: 0.1325 - Mask loss: 0.2724 - LR: 0.00010
2025-06-12 23:42 - INFO - Checkpoint 70 saved!
2025-06-12 23:42 - INFO - Epoch 71 - Train loss: 0.0859 - Val loss: 0.2151 - Boundary loss: 0.1322 - Mask loss: 0.2704 - LR: 0.00010
2025-06-12 23:43 - INFO - Epoch 72 - Train loss: 0.0848 - Val loss: 0.2038 - Boundary loss: 0.1269 - Mask loss: 0.2550 - LR: 0.00010
2025-06-12 23:44 - INFO - Epoch 73 - Train loss: 0.0828 - Val loss: 0.2035 - Boundary loss: 0.1344 - Mask loss: 0.2496 - LR: 0.00010
2025-06-12 23:44 - INFO - Epoch 74 - Train loss: 0.0827 - Val loss: 0.2003 - Boundary loss: 0.1285 - Mask loss: 0.2482 - LR: 0.00010
2025-06-12 23:45 - INFO - Epoch 75 - Train loss: 0.0844 - Val loss: 0.2000 - Boundary loss: 0.1265 - Mask loss: 0.2490 - LR: 0.00010
2025-06-12 23:45 - INFO - Epoch 76 - Train loss: 0.0836 - Val loss: 0.2252 - Boundary loss: 0.1302 - Mask loss: 0.2885 - LR: 0.00010
2025-06-12 23:46 - INFO - Epoch 77 - Train loss: 0.0809 - Val loss: 0.2433 - Boundary loss: 0.1412 - Mask loss: 0.3113 - LR: 0.00010
2025-06-12 23:47 - INFO - Epoch 78 - Train loss: 0.0801 - Val loss: 0.2140 - Boundary loss: 0.1289 - Mask loss: 0.2707 - LR: 0.00010
2025-06-12 23:47 - INFO - Epoch 79 - Train loss: 0.0803 - Val loss: 0.2056 - Boundary loss: 0.1372 - Mask loss: 0.2512 - LR: 0.00010
2025-06-12 23:48 - INFO - Epoch 80 - Train loss: 0.0881 - Val loss: 0.2474 - Boundary loss: 0.1339 - Mask loss: 0.3232 - LR: 0.00010
2025-06-12 23:48 - INFO - Checkpoint 80 saved!
2025-06-12 23:49 - INFO - Epoch 81 - Train loss: 0.1186 - Val loss: 0.2267 - Boundary loss: 0.1317 - Mask loss: 0.2901 - LR: 0.00010
2025-06-12 23:49 - INFO - Epoch 82 - Train loss: 0.0812 - Val loss: 0.2061 - Boundary loss: 0.1292 - Mask loss: 0.2575 - LR: 0.00010
2025-06-12 23:50 - INFO - Epoch 83 - Train loss: 0.0772 - Val loss: 0.2238 - Boundary loss: 0.1322 - Mask loss: 0.2849 - LR: 0.00010
2025-06-12 23:50 - INFO - Epoch 84 - Train loss: 0.0724 - Val loss: 0.2308 - Boundary loss: 0.1407 - Mask loss: 0.2909 - LR: 0.00010
2025-06-12 23:51 - INFO - Epoch 85 - Train loss: 0.0725 - Val loss: 0.2118 - Boundary loss: 0.1364 - Mask loss: 0.2622 - LR: 0.00010
2025-06-12 23:52 - INFO - Epoch 86 - Train loss: 0.0730 - Val loss: 0.2127 - Boundary loss: 0.1374 - Mask loss: 0.2629 - LR: 0.00010
2025-06-12 23:52 - INFO - Epoch 87 - Train loss: 0.0707 - Val loss: 0.2196 - Boundary loss: 0.1360 - Mask loss: 0.2753 - LR: 0.00010
2025-06-12 23:53 - INFO - Epoch 88 - Train loss: 0.0708 - Val loss: 0.2172 - Boundary loss: 0.1375 - Mask loss: 0.2704 - LR: 0.00010
2025-06-12 23:54 - INFO - Epoch 89 - Train loss: 0.0703 - Val loss: 0.2344 - Boundary loss: 0.1403 - Mask loss: 0.2971 - LR: 0.00010
2025-06-12 23:54 - INFO - Epoch 90 - Train loss: 0.0683 - Val loss: 0.2634 - Boundary loss: 0.1517 - Mask loss: 0.3378 - LR: 0.00010
2025-06-12 23:54 - INFO - Checkpoint 90 saved!
2025-06-12 23:55 - INFO - Epoch 91 - Train loss: 0.0707 - Val loss: 0.2459 - Boundary loss: 0.1382 - Mask loss: 0.3176 - LR: 0.00010
2025-06-12 23:56 - INFO - Epoch 92 - Train loss: 0.0699 - Val loss: 0.2209 - Boundary loss: 0.1389 - Mask loss: 0.2755 - LR: 0.00010
2025-06-12 23:56 - INFO - Epoch 93 - Train loss: 0.0687 - Val loss: 0.2317 - Boundary loss: 0.1405 - Mask loss: 0.2926 - LR: 0.00010
2025-06-12 23:57 - INFO - Epoch 94 - Train loss: 0.0664 - Val loss: 0.2443 - Boundary loss: 0.1487 - Mask loss: 0.3080 - LR: 0.00010
2025-06-12 23:57 - INFO - Epoch 95 - Train loss: 0.0668 - Val loss: 0.2392 - Boundary loss: 0.1465 - Mask loss: 0.3010 - LR: 0.00010
2025-06-12 23:58 - INFO - Epoch 96 - Train loss: 0.0651 - Val loss: 0.2195 - Boundary loss: 0.1419 - Mask loss: 0.2713 - LR: 0.00010
2025-06-12 23:59 - INFO - Epoch 97 - Train loss: 0.0664 - Val loss: 0.2245 - Boundary loss: 0.1486 - Mask loss: 0.2751 - LR: 0.00010
2025-06-12 23:59 - INFO - Epoch 98 - Train loss: 0.0649 - Val loss: 0.2631 - Boundary loss: 0.1480 - Mask loss: 0.3399 - LR: 0.00010
2025-06-13 00:00 - INFO - Epoch 99 - Train loss: 0.0640 - Val loss: 0.2421 - Boundary loss: 0.1452 - Mask loss: 0.3067 - LR: 0.00010
2025-06-13 00:01 - INFO - Epoch 100 - Train loss: 0.0640 - Val loss: 0.2211 - Boundary loss: 0.1462 - Mask loss: 0.2710 - LR: 0.00010
2025-06-13 00:01 - INFO - Checkpoint 100 saved!
