2025-12-02 18:48 - INFO - Creating dataset with 60 examples
2025-12-02 18:48 - INFO - Starting training:
        Model:           main64-stripe_noise
        Loss rate:       (0.6, 0.4)
        Epochs:          100
        Batch size:      2
        Learning rate:   0.0001
        Training size:   54
        Validation size: 6
        Device:          cuda
        Checkpoints:     True
    
2025-12-02 18:48 - INFO - Model config saved to F:\Bo Yu\Bsinet_yb\Mymodel\noise\SC\main64\stripe_noise\model_config_main64-stripe_noise.yaml
2025-12-02 18:48 - INFO - Epoch 1 - Train loss: 0.7476 - Val loss: 0.8736 - Boundary loss: 0.7353 - Mask loss: 0.9657 - LR: 0.00010
2025-12-02 18:48 - INFO - Epoch 2 - Train loss: 0.7001 - Val loss: 0.7769 - Boundary loss: 0.6026 - Mask loss: 0.8931 - LR: 0.00010
2025-12-02 18:48 - INFO - Epoch 3 - Train loss: 0.6698 - Val loss: 0.7239 - Boundary loss: 0.5298 - Mask loss: 0.8533 - LR: 0.00010
2025-12-02 18:49 - INFO - Epoch 4 - Train loss: 0.6494 - Val loss: 0.6868 - Boundary loss: 0.5120 - Mask loss: 0.8032 - LR: 0.00010
2025-12-02 18:49 - INFO - Epoch 5 - Train loss: 0.6432 - Val loss: 0.6742 - Boundary loss: 0.5087 - Mask loss: 0.7845 - LR: 0.00010
2025-12-02 18:49 - INFO - Epoch 6 - Train loss: 0.6297 - Val loss: 0.6830 - Boundary loss: 0.4818 - Mask loss: 0.8171 - LR: 0.00010
2025-12-02 18:49 - INFO - Epoch 7 - Train loss: 0.6230 - Val loss: 0.6446 - Boundary loss: 0.4838 - Mask loss: 0.7519 - LR: 0.00010
2025-12-02 18:49 - INFO - Epoch 8 - Train loss: 0.6109 - Val loss: 0.6615 - Boundary loss: 0.4541 - Mask loss: 0.7998 - LR: 0.00010
2025-12-02 18:49 - INFO - Epoch 9 - Train loss: 0.6045 - Val loss: 0.6526 - Boundary loss: 0.4585 - Mask loss: 0.7819 - LR: 0.00010
2025-12-02 18:50 - INFO - Epoch 10 - Train loss: 0.5892 - Val loss: 0.6342 - Boundary loss: 0.4399 - Mask loss: 0.7637 - LR: 0.00010
2025-12-02 18:50 - INFO - Checkpoint 10 saved!
2025-12-02 18:50 - INFO - Epoch 11 - Train loss: 0.5850 - Val loss: 0.6075 - Boundary loss: 0.4398 - Mask loss: 0.7192 - LR: 0.00010
2025-12-02 18:50 - INFO - Epoch 12 - Train loss: 0.5782 - Val loss: 0.6287 - Boundary loss: 0.4364 - Mask loss: 0.7570 - LR: 0.00010
2025-12-02 18:50 - INFO - Epoch 13 - Train loss: 0.5684 - Val loss: 0.6285 - Boundary loss: 0.4258 - Mask loss: 0.7636 - LR: 0.00010
2025-12-02 18:50 - INFO - Epoch 14 - Train loss: 0.5671 - Val loss: 0.5985 - Boundary loss: 0.4132 - Mask loss: 0.7220 - LR: 0.00010
2025-12-02 18:50 - INFO - Epoch 15 - Train loss: 0.5583 - Val loss: 0.5942 - Boundary loss: 0.4034 - Mask loss: 0.7214 - LR: 0.00010
2025-12-02 18:51 - INFO - Epoch 16 - Train loss: 0.5444 - Val loss: 0.5972 - Boundary loss: 0.4127 - Mask loss: 0.7201 - LR: 0.00010
2025-12-02 18:51 - INFO - Epoch 17 - Train loss: 0.5524 - Val loss: 0.6002 - Boundary loss: 0.4040 - Mask loss: 0.7311 - LR: 0.00010
2025-12-02 18:51 - INFO - Epoch 18 - Train loss: 0.5407 - Val loss: 0.5914 - Boundary loss: 0.3971 - Mask loss: 0.7209 - LR: 0.00010
2025-12-02 18:51 - INFO - Epoch 19 - Train loss: 0.5263 - Val loss: 0.5736 - Boundary loss: 0.3827 - Mask loss: 0.7009 - LR: 0.00010
2025-12-02 18:51 - INFO - Epoch 20 - Train loss: 0.5218 - Val loss: 0.5677 - Boundary loss: 0.3758 - Mask loss: 0.6957 - LR: 0.00010
2025-12-02 18:51 - INFO - Checkpoint 20 saved!
2025-12-02 18:52 - INFO - Epoch 21 - Train loss: 0.5146 - Val loss: 0.5790 - Boundary loss: 0.3676 - Mask loss: 0.7199 - LR: 0.00010
2025-12-02 18:52 - INFO - Epoch 22 - Train loss: 0.5194 - Val loss: 0.5661 - Boundary loss: 0.3565 - Mask loss: 0.7059 - LR: 0.00010
2025-12-02 18:52 - INFO - Epoch 23 - Train loss: 0.5135 - Val loss: 0.5708 - Boundary loss: 0.3522 - Mask loss: 0.7166 - LR: 0.00010
2025-12-02 18:52 - INFO - Epoch 24 - Train loss: 0.5115 - Val loss: 0.5741 - Boundary loss: 0.3485 - Mask loss: 0.7244 - LR: 0.00010
2025-12-02 18:52 - INFO - Epoch 25 - Train loss: 0.4973 - Val loss: 0.5561 - Boundary loss: 0.3479 - Mask loss: 0.6950 - LR: 0.00010
2025-12-02 18:52 - INFO - Epoch 26 - Train loss: 0.4952 - Val loss: 0.5283 - Boundary loss: 0.3326 - Mask loss: 0.6588 - LR: 0.00010
2025-12-02 18:53 - INFO - Epoch 27 - Train loss: 0.4920 - Val loss: 0.5478 - Boundary loss: 0.3278 - Mask loss: 0.6945 - LR: 0.00010
2025-12-02 18:53 - INFO - Epoch 28 - Train loss: 0.4795 - Val loss: 0.5323 - Boundary loss: 0.3119 - Mask loss: 0.6793 - LR: 0.00010
2025-12-02 18:53 - INFO - Epoch 29 - Train loss: 0.4883 - Val loss: 0.5391 - Boundary loss: 0.3143 - Mask loss: 0.6890 - LR: 0.00010
2025-12-02 18:53 - INFO - Epoch 30 - Train loss: 0.4616 - Val loss: 0.5301 - Boundary loss: 0.3259 - Mask loss: 0.6663 - LR: 0.00010
2025-12-02 18:53 - INFO - Checkpoint 30 saved!
2025-12-02 18:53 - INFO - Epoch 31 - Train loss: 0.4624 - Val loss: 0.5284 - Boundary loss: 0.3116 - Mask loss: 0.6730 - LR: 0.00010
2025-12-02 18:54 - INFO - Epoch 32 - Train loss: 0.4512 - Val loss: 0.5186 - Boundary loss: 0.3085 - Mask loss: 0.6586 - LR: 0.00010
2025-12-02 18:54 - INFO - Epoch 33 - Train loss: 0.4581 - Val loss: 0.5391 - Boundary loss: 0.3152 - Mask loss: 0.6884 - LR: 0.00010
2025-12-02 18:54 - INFO - Epoch 34 - Train loss: 0.4458 - Val loss: 0.4970 - Boundary loss: 0.2900 - Mask loss: 0.6350 - LR: 0.00010
2025-12-02 18:54 - INFO - Epoch 35 - Train loss: 0.4458 - Val loss: 0.5267 - Boundary loss: 0.2962 - Mask loss: 0.6804 - LR: 0.00010
2025-12-02 18:54 - INFO - Epoch 36 - Train loss: 0.4434 - Val loss: 0.5283 - Boundary loss: 0.3050 - Mask loss: 0.6771 - LR: 0.00010
2025-12-02 18:54 - INFO - Epoch 37 - Train loss: 0.4410 - Val loss: 0.5190 - Boundary loss: 0.2794 - Mask loss: 0.6787 - LR: 0.00010
2025-12-02 18:55 - INFO - Epoch 38 - Train loss: 0.4249 - Val loss: 0.5151 - Boundary loss: 0.2818 - Mask loss: 0.6706 - LR: 0.00010
2025-12-02 18:55 - INFO - Epoch 39 - Train loss: 0.4245 - Val loss: 0.5179 - Boundary loss: 0.2748 - Mask loss: 0.6799 - LR: 0.00010
2025-12-02 18:55 - INFO - Epoch 40 - Train loss: 0.4118 - Val loss: 0.4845 - Boundary loss: 0.2606 - Mask loss: 0.6338 - LR: 0.00010
2025-12-02 18:55 - INFO - Checkpoint 40 saved!
2025-12-02 18:55 - INFO - Epoch 41 - Train loss: 0.4150 - Val loss: 0.5008 - Boundary loss: 0.2631 - Mask loss: 0.6593 - LR: 0.00010
2025-12-02 18:55 - INFO - Epoch 42 - Train loss: 0.4092 - Val loss: 0.5129 - Boundary loss: 0.2495 - Mask loss: 0.6885 - LR: 0.00010
2025-12-02 18:56 - INFO - Epoch 43 - Train loss: 0.4077 - Val loss: 0.5094 - Boundary loss: 0.2733 - Mask loss: 0.6667 - LR: 0.00010
2025-12-02 18:56 - INFO - Epoch 44 - Train loss: 0.3985 - Val loss: 0.5091 - Boundary loss: 0.2571 - Mask loss: 0.6771 - LR: 0.00010
2025-12-02 18:56 - INFO - Epoch 45 - Train loss: 0.3893 - Val loss: 0.4971 - Boundary loss: 0.2382 - Mask loss: 0.6697 - LR: 0.00010
2025-12-02 18:56 - INFO - Epoch 46 - Train loss: 0.3856 - Val loss: 0.5030 - Boundary loss: 0.2548 - Mask loss: 0.6684 - LR: 0.00010
2025-12-02 18:56 - INFO - Epoch 47 - Train loss: 0.3845 - Val loss: 0.4939 - Boundary loss: 0.2490 - Mask loss: 0.6571 - LR: 0.00010
2025-12-02 18:56 - INFO - Epoch 48 - Train loss: 0.3707 - Val loss: 0.5067 - Boundary loss: 0.2323 - Mask loss: 0.6896 - LR: 0.00010
2025-12-02 18:57 - INFO - Epoch 49 - Train loss: 0.3640 - Val loss: 0.4964 - Boundary loss: 0.2258 - Mask loss: 0.6767 - LR: 0.00010
2025-12-02 18:57 - INFO - Epoch 50 - Train loss: 0.3572 - Val loss: 0.4968 - Boundary loss: 0.2237 - Mask loss: 0.6788 - LR: 0.00010
2025-12-02 18:57 - INFO - Checkpoint 50 saved!
2025-12-02 18:57 - INFO - Epoch 51 - Train loss: 0.3530 - Val loss: 0.4905 - Boundary loss: 0.2345 - Mask loss: 0.6611 - LR: 0.00010
2025-12-02 18:57 - INFO - Epoch 52 - Train loss: 0.3405 - Val loss: 0.5015 - Boundary loss: 0.2283 - Mask loss: 0.6836 - LR: 0.00010
2025-12-02 18:57 - INFO - Epoch 53 - Train loss: 0.3473 - Val loss: 0.4942 - Boundary loss: 0.2285 - Mask loss: 0.6713 - LR: 0.00010
2025-12-02 18:58 - INFO - Epoch 54 - Train loss: 0.3347 - Val loss: 0.4941 - Boundary loss: 0.2111 - Mask loss: 0.6829 - LR: 0.00010
2025-12-02 18:58 - INFO - Epoch 55 - Train loss: 0.3424 - Val loss: 0.4910 - Boundary loss: 0.2055 - Mask loss: 0.6813 - LR: 0.00010
2025-12-02 18:58 - INFO - Epoch 56 - Train loss: 0.3378 - Val loss: 0.5019 - Boundary loss: 0.1943 - Mask loss: 0.7070 - LR: 0.00010
2025-12-02 18:58 - INFO - Epoch 57 - Train loss: 0.3264 - Val loss: 0.4854 - Boundary loss: 0.2015 - Mask loss: 0.6747 - LR: 0.00010
2025-12-02 18:58 - INFO - Epoch 58 - Train loss: 0.3157 - Val loss: 0.5000 - Boundary loss: 0.2096 - Mask loss: 0.6937 - LR: 0.00010
2025-12-02 18:58 - INFO - Epoch 59 - Train loss: 0.3150 - Val loss: 0.5047 - Boundary loss: 0.2017 - Mask loss: 0.7067 - LR: 0.00010
2025-12-02 18:59 - INFO - Epoch 60 - Train loss: 0.3018 - Val loss: 0.5007 - Boundary loss: 0.2001 - Mask loss: 0.7012 - LR: 0.00010
2025-12-02 18:59 - INFO - Checkpoint 60 saved!
2025-12-02 18:59 - INFO - Epoch 61 - Train loss: 0.2998 - Val loss: 0.4917 - Boundary loss: 0.1890 - Mask loss: 0.6934 - LR: 0.00010
2025-12-02 18:59 - INFO - Epoch 62 - Train loss: 0.3010 - Val loss: 0.4998 - Boundary loss: 0.1956 - Mask loss: 0.7025 - LR: 0.00010
2025-12-02 18:59 - INFO - Epoch 63 - Train loss: 0.2958 - Val loss: 0.5183 - Boundary loss: 0.2060 - Mask loss: 0.7266 - LR: 0.00010
2025-12-02 18:59 - INFO - Epoch 64 - Train loss: 0.2860 - Val loss: 0.5025 - Boundary loss: 0.2002 - Mask loss: 0.7040 - LR: 0.00010
2025-12-02 18:59 - INFO - Epoch 65 - Train loss: 0.2892 - Val loss: 0.4965 - Boundary loss: 0.1858 - Mask loss: 0.7036 - LR: 0.00010
2025-12-02 19:00 - INFO - Epoch 66 - Train loss: 0.2849 - Val loss: 0.4898 - Boundary loss: 0.1811 - Mask loss: 0.6956 - LR: 0.00010
2025-12-02 19:00 - INFO - Epoch 67 - Train loss: 0.2867 - Val loss: 0.5187 - Boundary loss: 0.1886 - Mask loss: 0.7388 - LR: 0.00010
2025-12-02 19:00 - INFO - Epoch 68 - Train loss: 0.2868 - Val loss: 0.5099 - Boundary loss: 0.1994 - Mask loss: 0.7170 - LR: 0.00010
2025-12-02 19:00 - INFO - Epoch 69 - Train loss: 0.2687 - Val loss: 0.4950 - Boundary loss: 0.1823 - Mask loss: 0.7035 - LR: 0.00010
2025-12-02 19:00 - INFO - Epoch 70 - Train loss: 0.2619 - Val loss: 0.4795 - Boundary loss: 0.1770 - Mask loss: 0.6811 - LR: 0.00010
2025-12-02 19:00 - INFO - Checkpoint 70 saved!
2025-12-02 19:01 - INFO - Epoch 71 - Train loss: 0.2644 - Val loss: 0.4719 - Boundary loss: 0.1705 - Mask loss: 0.6727 - LR: 0.00010
2025-12-02 19:01 - INFO - Epoch 72 - Train loss: 0.2489 - Val loss: 0.4799 - Boundary loss: 0.1687 - Mask loss: 0.6873 - LR: 0.00010
2025-12-02 19:01 - INFO - Epoch 73 - Train loss: 0.2452 - Val loss: 0.4699 - Boundary loss: 0.1643 - Mask loss: 0.6736 - LR: 0.00010
2025-12-02 19:01 - INFO - Epoch 74 - Train loss: 0.2462 - Val loss: 0.4575 - Boundary loss: 0.1547 - Mask loss: 0.6594 - LR: 0.00010
2025-12-02 19:01 - INFO - Epoch 75 - Train loss: 0.2594 - Val loss: 0.4851 - Boundary loss: 0.1699 - Mask loss: 0.6952 - LR: 0.00010
2025-12-02 19:01 - INFO - Epoch 76 - Train loss: 0.2519 - Val loss: 0.4716 - Boundary loss: 0.1615 - Mask loss: 0.6784 - LR: 0.00010
2025-12-02 19:02 - INFO - Epoch 77 - Train loss: 0.2441 - Val loss: 0.4751 - Boundary loss: 0.1714 - Mask loss: 0.6776 - LR: 0.00010
2025-12-02 19:02 - INFO - Epoch 78 - Train loss: 0.2311 - Val loss: 0.4877 - Boundary loss: 0.1606 - Mask loss: 0.7058 - LR: 0.00010
2025-12-02 19:02 - INFO - Epoch 79 - Train loss: 0.2252 - Val loss: 0.4677 - Boundary loss: 0.1706 - Mask loss: 0.6657 - LR: 0.00010
2025-12-02 19:02 - INFO - Epoch 80 - Train loss: 0.2235 - Val loss: 0.4910 - Boundary loss: 0.1648 - Mask loss: 0.7085 - LR: 0.00010
2025-12-02 19:02 - INFO - Checkpoint 80 saved!
2025-12-02 19:02 - INFO - Epoch 81 - Train loss: 0.2174 - Val loss: 0.4943 - Boundary loss: 0.1523 - Mask loss: 0.7222 - LR: 0.00010
2025-12-02 19:03 - INFO - Epoch 82 - Train loss: 0.2155 - Val loss: 0.4887 - Boundary loss: 0.1603 - Mask loss: 0.7077 - LR: 0.00010
2025-12-02 19:03 - INFO - Epoch 83 - Train loss: 0.2106 - Val loss: 0.5089 - Boundary loss: 0.1557 - Mask loss: 0.7444 - LR: 0.00010
2025-12-02 19:03 - INFO - Epoch 84 - Train loss: 0.2182 - Val loss: 0.4917 - Boundary loss: 0.1537 - Mask loss: 0.7170 - LR: 0.00010
2025-12-02 19:03 - INFO - Epoch 85 - Train loss: 0.2061 - Val loss: 0.4886 - Boundary loss: 0.1475 - Mask loss: 0.7159 - LR: 0.00010
2025-12-02 19:03 - INFO - Epoch 86 - Train loss: 0.2093 - Val loss: 0.4814 - Boundary loss: 0.1624 - Mask loss: 0.6941 - LR: 0.00010
2025-12-02 19:04 - INFO - Epoch 87 - Train loss: 0.2015 - Val loss: 0.4825 - Boundary loss: 0.1444 - Mask loss: 0.7080 - LR: 0.00010
2025-12-02 19:04 - INFO - Epoch 88 - Train loss: 0.1950 - Val loss: 0.4775 - Boundary loss: 0.1440 - Mask loss: 0.6998 - LR: 0.00010
2025-12-02 19:04 - INFO - Epoch 89 - Train loss: 0.1990 - Val loss: 0.4960 - Boundary loss: 0.1541 - Mask loss: 0.7239 - LR: 0.00010
2025-12-02 19:04 - INFO - Epoch 90 - Train loss: 0.1901 - Val loss: 0.4919 - Boundary loss: 0.1513 - Mask loss: 0.7189 - LR: 0.00010
2025-12-02 19:04 - INFO - Checkpoint 90 saved!
2025-12-02 19:04 - INFO - Epoch 91 - Train loss: 0.1903 - Val loss: 0.4732 - Boundary loss: 0.1447 - Mask loss: 0.6923 - LR: 0.00010
2025-12-02 19:04 - INFO - Epoch 92 - Train loss: 0.1855 - Val loss: 0.4964 - Boundary loss: 0.1512 - Mask loss: 0.7265 - LR: 0.00010
2025-12-02 19:05 - INFO - Epoch 93 - Train loss: 0.1799 - Val loss: 0.4795 - Boundary loss: 0.1572 - Mask loss: 0.6944 - LR: 0.00010
2025-12-02 19:05 - INFO - Epoch 94 - Train loss: 0.1787 - Val loss: 0.5007 - Boundary loss: 0.1401 - Mask loss: 0.7411 - LR: 0.00010
2025-12-02 19:05 - INFO - Epoch 95 - Train loss: 0.1750 - Val loss: 0.4807 - Boundary loss: 0.1385 - Mask loss: 0.7088 - LR: 0.00010
2025-12-02 19:05 - INFO - Epoch 96 - Train loss: 0.1723 - Val loss: 0.4894 - Boundary loss: 0.1464 - Mask loss: 0.7180 - LR: 0.00010
2025-12-02 19:05 - INFO - Epoch 97 - Train loss: 0.1690 - Val loss: 0.4753 - Boundary loss: 0.1326 - Mask loss: 0.7037 - LR: 0.00010
2025-12-02 19:06 - INFO - Epoch 98 - Train loss: 0.1689 - Val loss: 0.4782 - Boundary loss: 0.1381 - Mask loss: 0.7050 - LR: 0.00010
2025-12-02 19:06 - INFO - Epoch 99 - Train loss: 0.1623 - Val loss: 0.4926 - Boundary loss: 0.1452 - Mask loss: 0.7242 - LR: 0.00010
2025-12-02 19:06 - INFO - Epoch 100 - Train loss: 0.1633 - Val loss: 0.5034 - Boundary loss: 0.1362 - Mask loss: 0.7482 - LR: 0.00010
2025-12-02 19:06 - INFO - Checkpoint 100 saved!
