2025-06-16 00:18 - INFO - Creating dataset with 266 examples
2025-06-16 00:18 - INFO - Starting training:
        Model:           only_ETA
        Loss rate:       (0.6, 0.4)
        Epochs:          100
        Batch size:      2
        Learning rate:   0.0001
        Training size:   240
        Validation size: 26
        Device:          cuda
        Checkpoints:     True
    
2025-06-16 00:18 - INFO - Model config saved to F:\Bo Yu\Bsinet_yb\Mymodel\para\hl\only_ETA\model_config_only_ETA.yaml
2025-06-16 00:19 - INFO - Epoch 1 - Train loss: 0.6833 - Val loss: 0.6285 - Boundary loss: 0.6605 - Mask loss: 0.6071 - LR: 0.00010
2025-06-16 00:19 - INFO - Epoch 2 - Train loss: 0.6186 - Val loss: 0.5843 - Boundary loss: 0.6025 - Mask loss: 0.5722 - LR: 0.00010
2025-06-16 00:20 - INFO - Epoch 3 - Train loss: 0.5869 - Val loss: 0.5603 - Boundary loss: 0.5467 - Mask loss: 0.5694 - LR: 0.00010
2025-06-16 00:21 - INFO - Epoch 4 - Train loss: 0.5676 - Val loss: 0.5442 - Boundary loss: 0.5324 - Mask loss: 0.5521 - LR: 0.00010
2025-06-16 00:22 - INFO - Epoch 5 - Train loss: 0.5466 - Val loss: 0.5221 - Boundary loss: 0.5147 - Mask loss: 0.5270 - LR: 0.00010
2025-06-16 00:23 - INFO - Epoch 6 - Train loss: 0.5287 - Val loss: 0.5083 - Boundary loss: 0.4895 - Mask loss: 0.5209 - LR: 0.00010
2025-06-16 00:23 - INFO - Epoch 7 - Train loss: 0.5081 - Val loss: 0.5002 - Boundary loss: 0.4882 - Mask loss: 0.5082 - LR: 0.00010
2025-06-16 00:24 - INFO - Epoch 8 - Train loss: 0.4975 - Val loss: 0.4885 - Boundary loss: 0.4583 - Mask loss: 0.5086 - LR: 0.00010
2025-06-16 00:25 - INFO - Epoch 9 - Train loss: 0.4769 - Val loss: 0.4719 - Boundary loss: 0.4394 - Mask loss: 0.4935 - LR: 0.00010
2025-06-16 00:26 - INFO - Epoch 10 - Train loss: 0.4656 - Val loss: 0.4602 - Boundary loss: 0.4274 - Mask loss: 0.4822 - LR: 0.00010
2025-06-16 00:26 - INFO - Checkpoint 10 saved!
2025-06-16 00:27 - INFO - Epoch 11 - Train loss: 0.4525 - Val loss: 0.4330 - Boundary loss: 0.4099 - Mask loss: 0.4483 - LR: 0.00010
2025-06-16 00:27 - INFO - Epoch 12 - Train loss: 0.4403 - Val loss: 0.4394 - Boundary loss: 0.3943 - Mask loss: 0.4695 - LR: 0.00010
2025-06-16 00:28 - INFO - Epoch 13 - Train loss: 0.4318 - Val loss: 0.4152 - Boundary loss: 0.3752 - Mask loss: 0.4418 - LR: 0.00010
2025-06-16 00:29 - INFO - Epoch 14 - Train loss: 0.4147 - Val loss: 0.4082 - Boundary loss: 0.3613 - Mask loss: 0.4395 - LR: 0.00010
2025-06-16 00:30 - INFO - Epoch 15 - Train loss: 0.4068 - Val loss: 0.4026 - Boundary loss: 0.3400 - Mask loss: 0.4444 - LR: 0.00010
2025-06-16 00:31 - INFO - Epoch 16 - Train loss: 0.3943 - Val loss: 0.3939 - Boundary loss: 0.3279 - Mask loss: 0.4380 - LR: 0.00010
2025-06-16 00:32 - INFO - Epoch 17 - Train loss: 0.3869 - Val loss: 0.3627 - Boundary loss: 0.3079 - Mask loss: 0.3993 - LR: 0.00010
2025-06-16 00:32 - INFO - Epoch 18 - Train loss: 0.3770 - Val loss: 0.3605 - Boundary loss: 0.3012 - Mask loss: 0.4000 - LR: 0.00010
2025-06-16 00:33 - INFO - Epoch 19 - Train loss: 0.3715 - Val loss: 0.3413 - Boundary loss: 0.2899 - Mask loss: 0.3756 - LR: 0.00010
2025-06-16 00:34 - INFO - Epoch 20 - Train loss: 0.3646 - Val loss: 0.3622 - Boundary loss: 0.2949 - Mask loss: 0.4071 - LR: 0.00010
2025-06-16 00:34 - INFO - Checkpoint 20 saved!
2025-06-16 00:35 - INFO - Epoch 21 - Train loss: 0.3538 - Val loss: 0.3465 - Boundary loss: 0.2769 - Mask loss: 0.3928 - LR: 0.00010
2025-06-16 00:36 - INFO - Epoch 22 - Train loss: 0.3471 - Val loss: 0.3247 - Boundary loss: 0.2650 - Mask loss: 0.3646 - LR: 0.00010
2025-06-16 00:36 - INFO - Epoch 23 - Train loss: 0.3401 - Val loss: 0.3253 - Boundary loss: 0.2645 - Mask loss: 0.3659 - LR: 0.00010
2025-06-16 00:37 - INFO - Epoch 24 - Train loss: 0.3367 - Val loss: 0.3215 - Boundary loss: 0.2564 - Mask loss: 0.3649 - LR: 0.00010
2025-06-16 00:38 - INFO - Epoch 25 - Train loss: 0.3345 - Val loss: 0.3057 - Boundary loss: 0.2373 - Mask loss: 0.3513 - LR: 0.00010
2025-06-16 00:39 - INFO - Epoch 26 - Train loss: 0.3240 - Val loss: 0.3122 - Boundary loss: 0.2474 - Mask loss: 0.3553 - LR: 0.00010
2025-06-16 00:40 - INFO - Epoch 27 - Train loss: 0.3194 - Val loss: 0.2900 - Boundary loss: 0.2304 - Mask loss: 0.3298 - LR: 0.00010
2025-06-16 00:40 - INFO - Epoch 28 - Train loss: 0.3144 - Val loss: 0.3099 - Boundary loss: 0.2285 - Mask loss: 0.3641 - LR: 0.00010
2025-06-16 00:41 - INFO - Epoch 29 - Train loss: 0.3140 - Val loss: 0.2902 - Boundary loss: 0.2215 - Mask loss: 0.3359 - LR: 0.00010
2025-06-16 00:42 - INFO - Epoch 30 - Train loss: 0.3073 - Val loss: 0.2808 - Boundary loss: 0.2155 - Mask loss: 0.3244 - LR: 0.00010
2025-06-16 00:42 - INFO - Checkpoint 30 saved!
2025-06-16 00:43 - INFO - Epoch 31 - Train loss: 0.3029 - Val loss: 0.2982 - Boundary loss: 0.2197 - Mask loss: 0.3506 - LR: 0.00010
2025-06-16 00:44 - INFO - Epoch 32 - Train loss: 0.2971 - Val loss: 0.2834 - Boundary loss: 0.2106 - Mask loss: 0.3320 - LR: 0.00010
2025-06-16 00:45 - INFO - Epoch 33 - Train loss: 0.2963 - Val loss: 0.2849 - Boundary loss: 0.2107 - Mask loss: 0.3344 - LR: 0.00010
2025-06-16 00:45 - INFO - Epoch 34 - Train loss: 0.2968 - Val loss: 0.2782 - Boundary loss: 0.2112 - Mask loss: 0.3230 - LR: 0.00010
2025-06-16 00:46 - INFO - Epoch 35 - Train loss: 0.2868 - Val loss: 0.2751 - Boundary loss: 0.2019 - Mask loss: 0.3239 - LR: 0.00010
2025-06-16 00:47 - INFO - Epoch 36 - Train loss: 0.2855 - Val loss: 0.2706 - Boundary loss: 0.2074 - Mask loss: 0.3127 - LR: 0.00010
2025-06-16 00:48 - INFO - Epoch 37 - Train loss: 0.2840 - Val loss: 0.2702 - Boundary loss: 0.1995 - Mask loss: 0.3173 - LR: 0.00010
2025-06-16 00:49 - INFO - Epoch 38 - Train loss: 0.2861 - Val loss: 0.2696 - Boundary loss: 0.1984 - Mask loss: 0.3171 - LR: 0.00010
2025-06-16 00:49 - INFO - Epoch 39 - Train loss: 0.2777 - Val loss: 0.2621 - Boundary loss: 0.1956 - Mask loss: 0.3064 - LR: 0.00010
2025-06-16 00:50 - INFO - Epoch 40 - Train loss: 0.2761 - Val loss: 0.2660 - Boundary loss: 0.1985 - Mask loss: 0.3110 - LR: 0.00010
2025-06-16 00:50 - INFO - Checkpoint 40 saved!
2025-06-16 00:51 - INFO - Epoch 41 - Train loss: 0.2761 - Val loss: 0.2640 - Boundary loss: 0.1946 - Mask loss: 0.3102 - LR: 0.00010
2025-06-16 00:52 - INFO - Epoch 42 - Train loss: 0.2713 - Val loss: 0.2489 - Boundary loss: 0.1902 - Mask loss: 0.2881 - LR: 0.00010
2025-06-16 00:53 - INFO - Epoch 43 - Train loss: 0.2685 - Val loss: 0.2557 - Boundary loss: 0.1915 - Mask loss: 0.2985 - LR: 0.00010
2025-06-16 00:53 - INFO - Epoch 44 - Train loss: 0.2697 - Val loss: 0.2527 - Boundary loss: 0.1916 - Mask loss: 0.2934 - LR: 0.00010
2025-06-16 00:54 - INFO - Epoch 45 - Train loss: 0.2731 - Val loss: 0.2605 - Boundary loss: 0.1952 - Mask loss: 0.3041 - LR: 0.00010
2025-06-16 00:55 - INFO - Epoch 46 - Train loss: 0.2659 - Val loss: 0.2517 - Boundary loss: 0.1881 - Mask loss: 0.2941 - LR: 0.00010
2025-06-16 00:56 - INFO - Epoch 47 - Train loss: 0.2663 - Val loss: 0.2525 - Boundary loss: 0.1892 - Mask loss: 0.2947 - LR: 0.00010
2025-06-16 00:57 - INFO - Epoch 48 - Train loss: 0.2658 - Val loss: 0.2816 - Boundary loss: 0.1932 - Mask loss: 0.3406 - LR: 0.00010
2025-06-16 00:58 - INFO - Epoch 49 - Train loss: 0.2647 - Val loss: 0.2560 - Boundary loss: 0.1883 - Mask loss: 0.3012 - LR: 0.00010
2025-06-16 00:58 - INFO - Epoch 50 - Train loss: 0.2624 - Val loss: 0.2447 - Boundary loss: 0.1865 - Mask loss: 0.2836 - LR: 0.00010
2025-06-16 00:58 - INFO - Checkpoint 50 saved!
2025-06-16 00:59 - INFO - Epoch 51 - Train loss: 0.2608 - Val loss: 0.2445 - Boundary loss: 0.1864 - Mask loss: 0.2832 - LR: 0.00010
2025-06-16 01:00 - INFO - Epoch 52 - Train loss: 0.2590 - Val loss: 0.2425 - Boundary loss: 0.1848 - Mask loss: 0.2810 - LR: 0.00010
2025-06-16 01:01 - INFO - Epoch 53 - Train loss: 0.2518 - Val loss: 0.2402 - Boundary loss: 0.1845 - Mask loss: 0.2773 - LR: 0.00010
2025-06-16 01:02 - INFO - Epoch 54 - Train loss: 0.2487 - Val loss: 0.2404 - Boundary loss: 0.1839 - Mask loss: 0.2780 - LR: 0.00010
2025-06-16 01:02 - INFO - Epoch 55 - Train loss: 0.2474 - Val loss: 0.2442 - Boundary loss: 0.1867 - Mask loss: 0.2825 - LR: 0.00010
2025-06-16 01:03 - INFO - Epoch 56 - Train loss: 0.2477 - Val loss: 0.2417 - Boundary loss: 0.1837 - Mask loss: 0.2803 - LR: 0.00010
2025-06-16 01:04 - INFO - Epoch 57 - Train loss: 0.2454 - Val loss: 0.2485 - Boundary loss: 0.1840 - Mask loss: 0.2916 - LR: 0.00010
2025-06-16 01:05 - INFO - Epoch 58 - Train loss: 0.2436 - Val loss: 0.2451 - Boundary loss: 0.1837 - Mask loss: 0.2860 - LR: 0.00010
2025-06-16 01:06 - INFO - Epoch 59 - Train loss: 0.2465 - Val loss: 0.2441 - Boundary loss: 0.1823 - Mask loss: 0.2853 - LR: 0.00010
2025-06-16 01:06 - INFO - Epoch 60 - Train loss: 0.2449 - Val loss: 0.2493 - Boundary loss: 0.1836 - Mask loss: 0.2932 - LR: 0.00010
2025-06-16 01:06 - INFO - Checkpoint 60 saved!
2025-06-16 01:07 - INFO - Epoch 61 - Train loss: 0.2420 - Val loss: 0.2441 - Boundary loss: 0.1822 - Mask loss: 0.2854 - LR: 0.00010
2025-06-16 01:08 - INFO - Epoch 62 - Train loss: 0.2433 - Val loss: 0.2379 - Boundary loss: 0.1820 - Mask loss: 0.2752 - LR: 0.00010
2025-06-16 01:09 - INFO - Epoch 63 - Train loss: 0.2375 - Val loss: 0.2349 - Boundary loss: 0.1816 - Mask loss: 0.2704 - LR: 0.00010
2025-06-16 01:10 - INFO - Epoch 64 - Train loss: 0.2351 - Val loss: 0.2409 - Boundary loss: 0.1820 - Mask loss: 0.2802 - LR: 0.00010
2025-06-16 01:11 - INFO - Epoch 65 - Train loss: 0.2368 - Val loss: 0.2426 - Boundary loss: 0.1826 - Mask loss: 0.2826 - LR: 0.00010
2025-06-16 01:11 - INFO - Epoch 66 - Train loss: 0.2349 - Val loss: 0.2586 - Boundary loss: 0.1861 - Mask loss: 0.3069 - LR: 0.00010
2025-06-16 01:12 - INFO - Epoch 67 - Train loss: 0.2344 - Val loss: 0.2388 - Boundary loss: 0.1814 - Mask loss: 0.2771 - LR: 0.00010
2025-06-16 01:13 - INFO - Epoch 68 - Train loss: 0.2352 - Val loss: 0.2348 - Boundary loss: 0.1807 - Mask loss: 0.2709 - LR: 0.00010
2025-06-16 01:14 - INFO - Epoch 69 - Train loss: 0.2322 - Val loss: 0.2609 - Boundary loss: 0.1888 - Mask loss: 0.3090 - LR: 0.00010
2025-06-16 01:15 - INFO - Epoch 70 - Train loss: 0.2273 - Val loss: 0.2467 - Boundary loss: 0.1825 - Mask loss: 0.2894 - LR: 0.00010
2025-06-16 01:15 - INFO - Checkpoint 70 saved!
2025-06-16 01:15 - INFO - Epoch 71 - Train loss: 0.2251 - Val loss: 0.2351 - Boundary loss: 0.1798 - Mask loss: 0.2720 - LR: 0.00010
2025-06-16 01:16 - INFO - Epoch 72 - Train loss: 0.2259 - Val loss: 0.2370 - Boundary loss: 0.1793 - Mask loss: 0.2754 - LR: 0.00010
2025-06-16 01:17 - INFO - Epoch 73 - Train loss: 0.2330 - Val loss: 0.2444 - Boundary loss: 0.1813 - Mask loss: 0.2866 - LR: 0.00010
2025-06-16 01:18 - INFO - Epoch 74 - Train loss: 0.2253 - Val loss: 0.2430 - Boundary loss: 0.1796 - Mask loss: 0.2853 - LR: 0.00010
2025-06-16 01:19 - INFO - Epoch 75 - Train loss: 0.2253 - Val loss: 0.2352 - Boundary loss: 0.1792 - Mask loss: 0.2725 - LR: 0.00010
2025-06-16 01:19 - INFO - Epoch 76 - Train loss: 0.2228 - Val loss: 0.2398 - Boundary loss: 0.1802 - Mask loss: 0.2796 - LR: 0.00010
2025-06-16 01:20 - INFO - Epoch 77 - Train loss: 0.2177 - Val loss: 0.2415 - Boundary loss: 0.1810 - Mask loss: 0.2818 - LR: 0.00010
2025-06-16 01:21 - INFO - Epoch 78 - Train loss: 0.2217 - Val loss: 0.2345 - Boundary loss: 0.1783 - Mask loss: 0.2720 - LR: 0.00010
2025-06-16 01:22 - INFO - Epoch 79 - Train loss: 0.2210 - Val loss: 0.2343 - Boundary loss: 0.1786 - Mask loss: 0.2714 - LR: 0.00010
2025-06-16 01:23 - INFO - Epoch 80 - Train loss: 0.2160 - Val loss: 0.2389 - Boundary loss: 0.1799 - Mask loss: 0.2782 - LR: 0.00010
2025-06-16 01:23 - INFO - Checkpoint 80 saved!
2025-06-16 01:24 - INFO - Epoch 81 - Train loss: 0.2183 - Val loss: 0.2363 - Boundary loss: 0.1794 - Mask loss: 0.2743 - LR: 0.00010
2025-06-16 01:24 - INFO - Epoch 82 - Train loss: 0.2129 - Val loss: 0.2362 - Boundary loss: 0.1784 - Mask loss: 0.2748 - LR: 0.00010
2025-06-16 01:25 - INFO - Epoch 83 - Train loss: 0.2104 - Val loss: 0.2377 - Boundary loss: 0.1779 - Mask loss: 0.2775 - LR: 0.00010
2025-06-16 01:26 - INFO - Epoch 84 - Train loss: 0.2106 - Val loss: 0.2410 - Boundary loss: 0.1785 - Mask loss: 0.2827 - LR: 0.00010
2025-06-16 01:27 - INFO - Epoch 85 - Train loss: 0.2095 - Val loss: 0.2322 - Boundary loss: 0.1774 - Mask loss: 0.2688 - LR: 0.00010
2025-06-16 01:28 - INFO - Epoch 86 - Train loss: 0.2106 - Val loss: 0.2363 - Boundary loss: 0.1778 - Mask loss: 0.2753 - LR: 0.00010
2025-06-16 01:28 - INFO - Epoch 87 - Train loss: 0.2109 - Val loss: 0.2365 - Boundary loss: 0.1794 - Mask loss: 0.2745 - LR: 0.00010
2025-06-16 01:29 - INFO - Epoch 88 - Train loss: 0.2162 - Val loss: 0.2349 - Boundary loss: 0.1784 - Mask loss: 0.2726 - LR: 0.00010
2025-06-16 01:30 - INFO - Epoch 89 - Train loss: 0.2103 - Val loss: 0.2414 - Boundary loss: 0.1791 - Mask loss: 0.2830 - LR: 0.00010
2025-06-16 01:31 - INFO - Epoch 90 - Train loss: 0.2048 - Val loss: 0.2334 - Boundary loss: 0.1769 - Mask loss: 0.2710 - LR: 0.00010
2025-06-16 01:31 - INFO - Checkpoint 90 saved!
2025-06-16 01:32 - INFO - Epoch 91 - Train loss: 0.2034 - Val loss: 0.2312 - Boundary loss: 0.1775 - Mask loss: 0.2670 - LR: 0.00010
2025-06-16 01:33 - INFO - Epoch 92 - Train loss: 0.2016 - Val loss: 0.2408 - Boundary loss: 0.1777 - Mask loss: 0.2829 - LR: 0.00010
2025-06-16 01:33 - INFO - Epoch 93 - Train loss: 0.1988 - Val loss: 0.2336 - Boundary loss: 0.1774 - Mask loss: 0.2711 - LR: 0.00010
2025-06-16 01:34 - INFO - Epoch 94 - Train loss: 0.2030 - Val loss: 0.2392 - Boundary loss: 0.1770 - Mask loss: 0.2806 - LR: 0.00010
2025-06-16 01:35 - INFO - Epoch 95 - Train loss: 0.1996 - Val loss: 0.2377 - Boundary loss: 0.1773 - Mask loss: 0.2779 - LR: 0.00010
2025-06-16 01:36 - INFO - Epoch 96 - Train loss: 0.1995 - Val loss: 0.2318 - Boundary loss: 0.1765 - Mask loss: 0.2687 - LR: 0.00010
2025-06-16 01:37 - INFO - Epoch 97 - Train loss: 0.2045 - Val loss: 0.2395 - Boundary loss: 0.1780 - Mask loss: 0.2806 - LR: 0.00010
2025-06-16 01:37 - INFO - Epoch 98 - Train loss: 0.1978 - Val loss: 0.2321 - Boundary loss: 0.1776 - Mask loss: 0.2684 - LR: 0.00010
2025-06-16 01:38 - INFO - Epoch 99 - Train loss: 0.1957 - Val loss: 0.2380 - Boundary loss: 0.1768 - Mask loss: 0.2787 - LR: 0.00010
2025-06-16 01:39 - INFO - Epoch 100 - Train loss: 0.1946 - Val loss: 0.2388 - Boundary loss: 0.1775 - Mask loss: 0.2797 - LR: 0.00010
2025-06-16 01:39 - INFO - Checkpoint 100 saved!
