2025-06-10 19:16 - INFO - Creating dataset with 171 examples
2025-06-10 19:16 - INFO - Starting training:
        Model:           model2
        Loss rate:       (0.6, 0.4)
        Epochs:          100
        Batch size:      1
        Learning rate:   0.0001
        Training size:   154
        Validation size: 17
        Device:          cuda
        Checkpoints:     True
    
2025-06-10 19:16 - INFO - Model config saved to F:\Bo Yu\Bsinet_yb\Mymodel\para\sd\model2\model_config_model2.yaml
2025-06-10 19:19 - INFO - Epoch 1 - Train loss: 0.6602 - Val loss: 0.5908 - Boundary loss: 0.7387 - Mask loss: 0.4922 - LR: 0.00010
2025-06-10 19:21 - INFO - Epoch 2 - Train loss: 0.5596 - Val loss: 0.5486 - Boundary loss: 0.6588 - Mask loss: 0.4751 - LR: 0.00010
2025-06-10 19:23 - INFO - Epoch 3 - Train loss: 0.5228 - Val loss: 0.4945 - Boundary loss: 0.6304 - Mask loss: 0.4039 - LR: 0.00010
2025-06-10 19:24 - INFO - Epoch 4 - Train loss: 0.4971 - Val loss: 0.4902 - Boundary loss: 0.5899 - Mask loss: 0.4238 - LR: 0.00010
2025-06-10 19:26 - INFO - Epoch 5 - Train loss: 0.4732 - Val loss: 0.4673 - Boundary loss: 0.5565 - Mask loss: 0.4078 - LR: 0.00010
2025-06-10 19:28 - INFO - Epoch 6 - Train loss: 0.4524 - Val loss: 0.4406 - Boundary loss: 0.5174 - Mask loss: 0.3894 - LR: 0.00010
2025-06-10 19:30 - INFO - Epoch 7 - Train loss: 0.4344 - Val loss: 0.4378 - Boundary loss: 0.4981 - Mask loss: 0.3977 - LR: 0.00010
2025-06-10 19:31 - INFO - Epoch 8 - Train loss: 0.4151 - Val loss: 0.4103 - Boundary loss: 0.4733 - Mask loss: 0.3683 - LR: 0.00010
2025-06-10 19:33 - INFO - Epoch 9 - Train loss: 0.3992 - Val loss: 0.4069 - Boundary loss: 0.4315 - Mask loss: 0.3904 - LR: 0.00010
2025-06-10 19:34 - INFO - Epoch 10 - Train loss: 0.3814 - Val loss: 0.3892 - Boundary loss: 0.4235 - Mask loss: 0.3663 - LR: 0.00010
2025-06-10 19:34 - INFO - Checkpoint 10 saved!
2025-06-10 19:36 - INFO - Epoch 11 - Train loss: 0.3655 - Val loss: 0.3662 - Boundary loss: 0.3978 - Mask loss: 0.3450 - LR: 0.00010
2025-06-10 19:38 - INFO - Epoch 12 - Train loss: 0.3471 - Val loss: 0.3558 - Boundary loss: 0.3720 - Mask loss: 0.3450 - LR: 0.00010
2025-06-10 19:39 - INFO - Epoch 13 - Train loss: 0.3330 - Val loss: 0.3534 - Boundary loss: 0.3424 - Mask loss: 0.3608 - LR: 0.00010
2025-06-10 19:41 - INFO - Epoch 14 - Train loss: 0.3198 - Val loss: 0.3413 - Boundary loss: 0.3558 - Mask loss: 0.3317 - LR: 0.00010
2025-06-10 19:43 - INFO - Epoch 15 - Train loss: 0.3091 - Val loss: 0.3303 - Boundary loss: 0.3362 - Mask loss: 0.3264 - LR: 0.00010
2025-06-10 19:45 - INFO - Epoch 16 - Train loss: 0.2997 - Val loss: 0.3197 - Boundary loss: 0.3143 - Mask loss: 0.3234 - LR: 0.00010
2025-06-10 19:46 - INFO - Epoch 17 - Train loss: 0.2881 - Val loss: 0.3074 - Boundary loss: 0.3033 - Mask loss: 0.3102 - LR: 0.00010
2025-06-10 19:48 - INFO - Epoch 18 - Train loss: 0.2754 - Val loss: 0.3081 - Boundary loss: 0.2798 - Mask loss: 0.3270 - LR: 0.00010
2025-06-10 19:50 - INFO - Epoch 19 - Train loss: 0.2646 - Val loss: 0.3006 - Boundary loss: 0.2771 - Mask loss: 0.3162 - LR: 0.00010
2025-06-10 19:51 - INFO - Epoch 20 - Train loss: 0.2550 - Val loss: 0.2913 - Boundary loss: 0.2487 - Mask loss: 0.3197 - LR: 0.00010
2025-06-10 19:51 - INFO - Checkpoint 20 saved!
2025-06-10 19:53 - INFO - Epoch 21 - Train loss: 0.2510 - Val loss: 0.2939 - Boundary loss: 0.2484 - Mask loss: 0.3242 - LR: 0.00010
2025-06-10 19:55 - INFO - Epoch 22 - Train loss: 0.2414 - Val loss: 0.2863 - Boundary loss: 0.2387 - Mask loss: 0.3181 - LR: 0.00010
2025-06-10 19:57 - INFO - Epoch 23 - Train loss: 0.2433 - Val loss: 0.2931 - Boundary loss: 0.2282 - Mask loss: 0.3363 - LR: 0.00010
2025-06-10 19:58 - INFO - Epoch 24 - Train loss: 0.2265 - Val loss: 0.2675 - Boundary loss: 0.2096 - Mask loss: 0.3061 - LR: 0.00010
2025-06-10 20:01 - INFO - Epoch 25 - Train loss: 0.2189 - Val loss: 0.2759 - Boundary loss: 0.2068 - Mask loss: 0.3220 - LR: 0.00010
2025-06-10 20:02 - INFO - Epoch 26 - Train loss: 0.2119 - Val loss: 0.2737 - Boundary loss: 0.1934 - Mask loss: 0.3273 - LR: 0.00010
2025-06-10 20:04 - INFO - Epoch 27 - Train loss: 0.2093 - Val loss: 0.2749 - Boundary loss: 0.2045 - Mask loss: 0.3219 - LR: 0.00010
2025-06-10 20:06 - INFO - Epoch 28 - Train loss: 0.2114 - Val loss: 0.2713 - Boundary loss: 0.1857 - Mask loss: 0.3283 - LR: 0.00010
2025-06-10 20:07 - INFO - Epoch 29 - Train loss: 0.1938 - Val loss: 0.2697 - Boundary loss: 0.1757 - Mask loss: 0.3323 - LR: 0.00010
2025-06-10 20:11 - INFO - Saved interrupt
