2025-06-19 12:43 - INFO - Creating dataset with 185 examples
2025-06-19 12:43 - INFO - Starting training:
        Model:           main64_lsnxj_1
        Loss rate:       (0.6, 0.4)
        Epochs:          100
        Batch size:      2
        Learning rate:   0.0001
        Training size:   167
        Validation size: 18
        Device:          cuda
        Checkpoints:     True
    
2025-06-19 12:43 - INFO - Model config saved to F:\Bo Yu\Bsinet_yb\Mymodel\para\sd\main64_lsnxj_1\model_config_main64_lsnxj_1.yaml
2025-06-19 12:44 - INFO - Epoch 1 - Train loss: 0.5813 - Val loss: 0.5540 - Boundary loss: 0.5406 - Mask loss: 0.5629 - LR: 0.00010
2025-06-19 12:44 - INFO - Epoch 2 - Train loss: 0.5238 - Val loss: 0.4910 - Boundary loss: 0.5030 - Mask loss: 0.4830 - LR: 0.00010
2025-06-19 12:45 - INFO - Epoch 3 - Train loss: 0.4935 - Val loss: 0.4955 - Boundary loss: 0.4811 - Mask loss: 0.5051 - LR: 0.00010
2025-06-19 12:46 - INFO - Epoch 4 - Train loss: 0.4719 - Val loss: 0.4608 - Boundary loss: 0.4565 - Mask loss: 0.4637 - LR: 0.00010
2025-06-19 12:47 - INFO - Epoch 5 - Train loss: 0.4552 - Val loss: 0.4445 - Boundary loss: 0.4341 - Mask loss: 0.4515 - LR: 0.00010
2025-06-19 12:47 - INFO - Epoch 6 - Train loss: 0.4439 - Val loss: 0.4242 - Boundary loss: 0.4297 - Mask loss: 0.4205 - LR: 0.00010
2025-06-19 12:48 - INFO - Epoch 7 - Train loss: 0.4246 - Val loss: 0.4236 - Boundary loss: 0.3982 - Mask loss: 0.4405 - LR: 0.00010
2025-06-19 12:49 - INFO - Epoch 8 - Train loss: 0.4101 - Val loss: 0.3753 - Boundary loss: 0.3729 - Mask loss: 0.3769 - LR: 0.00010
2025-06-19 12:49 - INFO - Epoch 9 - Train loss: 0.3936 - Val loss: 0.3764 - Boundary loss: 0.3619 - Mask loss: 0.3860 - LR: 0.00010
2025-06-19 12:50 - INFO - Epoch 10 - Train loss: 0.3805 - Val loss: 0.3697 - Boundary loss: 0.3667 - Mask loss: 0.3718 - LR: 0.00010
2025-06-19 12:50 - INFO - Checkpoint 10 saved!
2025-06-19 12:51 - INFO - Epoch 11 - Train loss: 0.3703 - Val loss: 0.3761 - Boundary loss: 0.3441 - Mask loss: 0.3975 - LR: 0.00010
2025-06-19 12:51 - INFO - Epoch 12 - Train loss: 0.3513 - Val loss: 0.3393 - Boundary loss: 0.2900 - Mask loss: 0.3721 - LR: 0.00010
2025-06-19 12:52 - INFO - Epoch 13 - Train loss: 0.3508 - Val loss: 0.3519 - Boundary loss: 0.3147 - Mask loss: 0.3768 - LR: 0.00010
2025-06-19 12:53 - INFO - Epoch 14 - Train loss: 0.3370 - Val loss: 0.3372 - Boundary loss: 0.2993 - Mask loss: 0.3625 - LR: 0.00010
2025-06-19 12:54 - INFO - Epoch 15 - Train loss: 0.3262 - Val loss: 0.3386 - Boundary loss: 0.2889 - Mask loss: 0.3718 - LR: 0.00010
2025-06-19 12:54 - INFO - Epoch 16 - Train loss: 0.3118 - Val loss: 0.3220 - Boundary loss: 0.2748 - Mask loss: 0.3535 - LR: 0.00010
2025-06-19 12:55 - INFO - Epoch 17 - Train loss: 0.3054 - Val loss: 0.2884 - Boundary loss: 0.2393 - Mask loss: 0.3211 - LR: 0.00010
2025-06-19 12:56 - INFO - Epoch 18 - Train loss: 0.2955 - Val loss: 0.2793 - Boundary loss: 0.2273 - Mask loss: 0.3139 - LR: 0.00010
2025-06-19 12:56 - INFO - Epoch 19 - Train loss: 0.2846 - Val loss: 0.2847 - Boundary loss: 0.2351 - Mask loss: 0.3178 - LR: 0.00010
2025-06-19 12:57 - INFO - Epoch 20 - Train loss: 0.2755 - Val loss: 0.2884 - Boundary loss: 0.2271 - Mask loss: 0.3292 - LR: 0.00010
2025-06-19 12:57 - INFO - Checkpoint 20 saved!
2025-06-19 12:58 - INFO - Epoch 21 - Train loss: 0.2736 - Val loss: 0.2949 - Boundary loss: 0.2242 - Mask loss: 0.3420 - LR: 0.00010
2025-06-19 12:58 - INFO - Epoch 22 - Train loss: 0.2670 - Val loss: 0.2828 - Boundary loss: 0.2167 - Mask loss: 0.3269 - LR: 0.00010
2025-06-19 12:59 - INFO - Epoch 23 - Train loss: 0.2617 - Val loss: 0.2577 - Boundary loss: 0.1931 - Mask loss: 0.3007 - LR: 0.00010
2025-06-19 13:00 - INFO - Epoch 24 - Train loss: 0.2509 - Val loss: 0.2726 - Boundary loss: 0.2007 - Mask loss: 0.3205 - LR: 0.00010
2025-06-19 13:01 - INFO - Epoch 25 - Train loss: 0.2492 - Val loss: 0.2656 - Boundary loss: 0.1779 - Mask loss: 0.3242 - LR: 0.00010
2025-06-19 13:01 - INFO - Epoch 26 - Train loss: 0.2492 - Val loss: 0.3032 - Boundary loss: 0.1870 - Mask loss: 0.3806 - LR: 0.00010
2025-06-19 13:02 - INFO - Epoch 27 - Train loss: 0.2508 - Val loss: 0.2598 - Boundary loss: 0.1893 - Mask loss: 0.3068 - LR: 0.00010
2025-06-19 13:03 - INFO - Epoch 28 - Train loss: 0.2356 - Val loss: 0.2682 - Boundary loss: 0.1776 - Mask loss: 0.3286 - LR: 0.00010
2025-06-19 13:03 - INFO - Epoch 29 - Train loss: 0.2332 - Val loss: 0.2671 - Boundary loss: 0.1665 - Mask loss: 0.3342 - LR: 0.00010
2025-06-19 13:04 - INFO - Epoch 30 - Train loss: 0.2282 - Val loss: 0.2437 - Boundary loss: 0.1667 - Mask loss: 0.2950 - LR: 0.00010
2025-06-19 13:04 - INFO - Checkpoint 30 saved!
2025-06-19 13:05 - INFO - Epoch 31 - Train loss: 0.2252 - Val loss: 0.2409 - Boundary loss: 0.1607 - Mask loss: 0.2944 - LR: 0.00010
2025-06-19 13:05 - INFO - Epoch 32 - Train loss: 0.2215 - Val loss: 0.2504 - Boundary loss: 0.1511 - Mask loss: 0.3165 - LR: 0.00010
2025-06-19 13:06 - INFO - Epoch 33 - Train loss: 0.2164 - Val loss: 0.2411 - Boundary loss: 0.1459 - Mask loss: 0.3046 - LR: 0.00010
2025-06-19 13:07 - INFO - Epoch 34 - Train loss: 0.2141 - Val loss: 0.2435 - Boundary loss: 0.1483 - Mask loss: 0.3071 - LR: 0.00010
2025-06-19 13:08 - INFO - Epoch 35 - Train loss: 0.2084 - Val loss: 0.2393 - Boundary loss: 0.1500 - Mask loss: 0.2989 - LR: 0.00010
2025-06-19 13:08 - INFO - Epoch 36 - Train loss: 0.2060 - Val loss: 0.2303 - Boundary loss: 0.1456 - Mask loss: 0.2868 - LR: 0.00010
2025-06-19 13:09 - INFO - Epoch 37 - Train loss: 0.2016 - Val loss: 0.2387 - Boundary loss: 0.1444 - Mask loss: 0.3015 - LR: 0.00010
2025-06-19 13:10 - INFO - Epoch 38 - Train loss: 0.2035 - Val loss: 0.2405 - Boundary loss: 0.1399 - Mask loss: 0.3077 - LR: 0.00010
2025-06-19 13:10 - INFO - Epoch 39 - Train loss: 0.1935 - Val loss: 0.2325 - Boundary loss: 0.1435 - Mask loss: 0.2919 - LR: 0.00010
2025-06-19 13:11 - INFO - Epoch 40 - Train loss: 0.1907 - Val loss: 0.2359 - Boundary loss: 0.1400 - Mask loss: 0.2999 - LR: 0.00010
2025-06-19 13:11 - INFO - Checkpoint 40 saved!
2025-06-19 13:12 - INFO - Epoch 41 - Train loss: 0.1917 - Val loss: 0.2363 - Boundary loss: 0.1355 - Mask loss: 0.3035 - LR: 0.00010
2025-06-19 13:13 - INFO - Epoch 42 - Train loss: 0.1874 - Val loss: 0.2287 - Boundary loss: 0.1383 - Mask loss: 0.2889 - LR: 0.00010
2025-06-19 13:13 - INFO - Epoch 43 - Train loss: 0.1851 - Val loss: 0.2665 - Boundary loss: 0.1340 - Mask loss: 0.3548 - LR: 0.00010
2025-06-19 13:14 - INFO - Epoch 44 - Train loss: 0.1818 - Val loss: 0.2260 - Boundary loss: 0.1347 - Mask loss: 0.2868 - LR: 0.00010
2025-06-19 13:15 - INFO - Epoch 45 - Train loss: 0.1794 - Val loss: 0.2229 - Boundary loss: 0.1284 - Mask loss: 0.2859 - LR: 0.00010
2025-06-19 13:15 - INFO - Epoch 46 - Train loss: 0.1750 - Val loss: 0.2373 - Boundary loss: 0.1328 - Mask loss: 0.3071 - LR: 0.00010
2025-06-19 13:16 - INFO - Epoch 47 - Train loss: 0.1689 - Val loss: 0.2255 - Boundary loss: 0.1247 - Mask loss: 0.2926 - LR: 0.00010
2025-06-19 13:17 - INFO - Epoch 48 - Train loss: 0.1704 - Val loss: 0.2231 - Boundary loss: 0.1274 - Mask loss: 0.2869 - LR: 0.00010
2025-06-19 13:18 - INFO - Epoch 49 - Train loss: 0.1697 - Val loss: 0.2322 - Boundary loss: 0.1250 - Mask loss: 0.3037 - LR: 0.00010
2025-06-19 13:18 - INFO - Epoch 50 - Train loss: 0.1638 - Val loss: 0.2218 - Boundary loss: 0.1273 - Mask loss: 0.2848 - LR: 0.00010
2025-06-19 13:18 - INFO - Checkpoint 50 saved!
2025-06-19 13:19 - INFO - Epoch 51 - Train loss: 0.1607 - Val loss: 0.2299 - Boundary loss: 0.1217 - Mask loss: 0.3020 - LR: 0.00010
2025-06-19 13:20 - INFO - Epoch 52 - Train loss: 0.1552 - Val loss: 0.2305 - Boundary loss: 0.1268 - Mask loss: 0.2996 - LR: 0.00010
2025-06-19 13:20 - INFO - Epoch 53 - Train loss: 0.1546 - Val loss: 0.2319 - Boundary loss: 0.1233 - Mask loss: 0.3042 - LR: 0.00010
2025-06-19 13:21 - INFO - Epoch 54 - Train loss: 0.1676 - Val loss: 0.3026 - Boundary loss: 0.1252 - Mask loss: 0.4208 - LR: 0.00010
2025-06-19 13:22 - INFO - Epoch 55 - Train loss: 0.1600 - Val loss: 0.2192 - Boundary loss: 0.1214 - Mask loss: 0.2844 - LR: 0.00010
2025-06-19 13:22 - INFO - Epoch 56 - Train loss: 0.1535 - Val loss: 0.2250 - Boundary loss: 0.1229 - Mask loss: 0.2931 - LR: 0.00010
2025-06-19 13:23 - INFO - Epoch 57 - Train loss: 0.1497 - Val loss: 0.2278 - Boundary loss: 0.1222 - Mask loss: 0.2982 - LR: 0.00010
2025-06-19 13:24 - INFO - Epoch 58 - Train loss: 0.1484 - Val loss: 0.2277 - Boundary loss: 0.1210 - Mask loss: 0.2988 - LR: 0.00010
2025-06-19 13:25 - INFO - Epoch 59 - Train loss: 0.1452 - Val loss: 0.2351 - Boundary loss: 0.1189 - Mask loss: 0.3126 - LR: 0.00010
2025-06-19 13:25 - INFO - Epoch 60 - Train loss: 0.1416 - Val loss: 0.2291 - Boundary loss: 0.1197 - Mask loss: 0.3020 - LR: 0.00010
2025-06-19 13:25 - INFO - Checkpoint 60 saved!
2025-06-19 13:26 - INFO - Epoch 61 - Train loss: 0.1517 - Val loss: 0.2282 - Boundary loss: 0.1209 - Mask loss: 0.2998 - LR: 0.00010
2025-06-19 13:27 - INFO - Epoch 62 - Train loss: 0.1438 - Val loss: 0.2135 - Boundary loss: 0.1184 - Mask loss: 0.2769 - LR: 0.00010
2025-06-19 13:27 - INFO - Epoch 63 - Train loss: 0.1437 - Val loss: 0.2297 - Boundary loss: 0.1175 - Mask loss: 0.3045 - LR: 0.00010
2025-06-19 13:28 - INFO - Epoch 64 - Train loss: 0.1404 - Val loss: 0.2218 - Boundary loss: 0.1197 - Mask loss: 0.2898 - LR: 0.00010
2025-06-19 13:29 - INFO - Epoch 65 - Train loss: 0.1331 - Val loss: 0.2170 - Boundary loss: 0.1174 - Mask loss: 0.2833 - LR: 0.00010
2025-06-19 13:30 - INFO - Epoch 66 - Train loss: 0.1280 - Val loss: 0.2233 - Boundary loss: 0.1165 - Mask loss: 0.2946 - LR: 0.00010
2025-06-19 13:30 - INFO - Epoch 67 - Train loss: 0.1285 - Val loss: 0.2319 - Boundary loss: 0.1165 - Mask loss: 0.3089 - LR: 0.00010
2025-06-19 13:31 - INFO - Epoch 68 - Train loss: 0.1277 - Val loss: 0.2199 - Boundary loss: 0.1162 - Mask loss: 0.2890 - LR: 0.00010
2025-06-19 13:32 - INFO - Epoch 69 - Train loss: 0.1298 - Val loss: 0.2236 - Boundary loss: 0.1173 - Mask loss: 0.2944 - LR: 0.00010
2025-06-19 13:32 - INFO - Epoch 70 - Train loss: 0.1234 - Val loss: 0.2323 - Boundary loss: 0.1172 - Mask loss: 0.3090 - LR: 0.00010
2025-06-19 13:32 - INFO - Checkpoint 70 saved!
2025-06-19 13:33 - INFO - Epoch 71 - Train loss: 0.1194 - Val loss: 0.2305 - Boundary loss: 0.1163 - Mask loss: 0.3066 - LR: 0.00010
2025-06-19 13:34 - INFO - Epoch 72 - Train loss: 0.1185 - Val loss: 0.2342 - Boundary loss: 0.1180 - Mask loss: 0.3116 - LR: 0.00010
2025-06-19 13:34 - INFO - Epoch 73 - Train loss: 0.1165 - Val loss: 0.2184 - Boundary loss: 0.1155 - Mask loss: 0.2871 - LR: 0.00010
2025-06-19 13:35 - INFO - Epoch 74 - Train loss: 0.1266 - Val loss: 0.2364 - Boundary loss: 0.1162 - Mask loss: 0.3166 - LR: 0.00010
2025-06-19 13:36 - INFO - Epoch 75 - Train loss: 0.1181 - Val loss: 0.2284 - Boundary loss: 0.1152 - Mask loss: 0.3038 - LR: 0.00010
2025-06-19 13:37 - INFO - Epoch 76 - Train loss: 0.1180 - Val loss: 0.2339 - Boundary loss: 0.1158 - Mask loss: 0.3126 - LR: 0.00010
2025-06-19 13:37 - INFO - Epoch 77 - Train loss: 0.1166 - Val loss: 0.2412 - Boundary loss: 0.1188 - Mask loss: 0.3228 - LR: 0.00010
2025-06-19 13:38 - INFO - Epoch 78 - Train loss: 0.1226 - Val loss: 0.2306 - Boundary loss: 0.1153 - Mask loss: 0.3075 - LR: 0.00010
2025-06-19 13:39 - INFO - Epoch 79 - Train loss: 0.1132 - Val loss: 0.2356 - Boundary loss: 0.1166 - Mask loss: 0.3149 - LR: 0.00010
2025-06-19 13:39 - INFO - Epoch 80 - Train loss: 0.1076 - Val loss: 0.2352 - Boundary loss: 0.1166 - Mask loss: 0.3142 - LR: 0.00010
2025-06-19 13:39 - INFO - Checkpoint 80 saved!
2025-06-19 13:40 - INFO - Epoch 81 - Train loss: 0.1054 - Val loss: 0.2342 - Boundary loss: 0.1161 - Mask loss: 0.3130 - LR: 0.00010
2025-06-19 13:41 - INFO - Epoch 82 - Train loss: 0.1048 - Val loss: 0.2270 - Boundary loss: 0.1163 - Mask loss: 0.3007 - LR: 0.00010
2025-06-19 13:42 - INFO - Epoch 83 - Train loss: 0.1016 - Val loss: 0.2308 - Boundary loss: 0.1164 - Mask loss: 0.3071 - LR: 0.00010
2025-06-19 13:42 - INFO - Epoch 84 - Train loss: 0.1014 - Val loss: 0.2261 - Boundary loss: 0.1172 - Mask loss: 0.2987 - LR: 0.00010
2025-06-19 13:43 - INFO - Epoch 85 - Train loss: 0.0993 - Val loss: 0.2229 - Boundary loss: 0.1164 - Mask loss: 0.2939 - LR: 0.00010
2025-06-19 13:44 - INFO - Epoch 86 - Train loss: 0.0970 - Val loss: 0.2301 - Boundary loss: 0.1157 - Mask loss: 0.3064 - LR: 0.00010
2025-06-19 13:44 - INFO - Epoch 87 - Train loss: 0.0967 - Val loss: 0.2263 - Boundary loss: 0.1162 - Mask loss: 0.2997 - LR: 0.00010
2025-06-19 13:45 - INFO - Epoch 88 - Train loss: 0.0945 - Val loss: 0.2374 - Boundary loss: 0.1168 - Mask loss: 0.3178 - LR: 0.00010
2025-06-19 13:46 - INFO - Epoch 89 - Train loss: 0.0944 - Val loss: 0.2361 - Boundary loss: 0.1168 - Mask loss: 0.3156 - LR: 0.00010
2025-06-19 13:47 - INFO - Epoch 90 - Train loss: 0.0939 - Val loss: 0.2377 - Boundary loss: 0.1196 - Mask loss: 0.3164 - LR: 0.00010
2025-06-19 13:47 - INFO - Checkpoint 90 saved!
2025-06-19 13:47 - INFO - Epoch 91 - Train loss: 0.0921 - Val loss: 0.2449 - Boundary loss: 0.1168 - Mask loss: 0.3303 - LR: 0.00010
2025-06-19 13:48 - INFO - Epoch 92 - Train loss: 0.0914 - Val loss: 0.2425 - Boundary loss: 0.1166 - Mask loss: 0.3265 - LR: 0.00010
2025-06-19 13:49 - INFO - Epoch 93 - Train loss: 0.0919 - Val loss: 0.2450 - Boundary loss: 0.1168 - Mask loss: 0.3304 - LR: 0.00010
2025-06-19 13:49 - INFO - Epoch 94 - Train loss: 0.0914 - Val loss: 0.2372 - Boundary loss: 0.1180 - Mask loss: 0.3167 - LR: 0.00010
2025-06-19 13:50 - INFO - Epoch 95 - Train loss: 0.0934 - Val loss: 0.2392 - Boundary loss: 0.1166 - Mask loss: 0.3210 - LR: 0.00010
2025-06-19 13:51 - INFO - Epoch 96 - Train loss: 0.0918 - Val loss: 0.2353 - Boundary loss: 0.1170 - Mask loss: 0.3142 - LR: 0.00010
2025-06-19 13:51 - INFO - Epoch 97 - Train loss: 0.0888 - Val loss: 0.2449 - Boundary loss: 0.1214 - Mask loss: 0.3272 - LR: 0.00010
2025-06-19 13:52 - INFO - Epoch 98 - Train loss: 0.0880 - Val loss: 0.2506 - Boundary loss: 0.1190 - Mask loss: 0.3383 - LR: 0.00010
2025-06-19 13:53 - INFO - Epoch 99 - Train loss: 0.0862 - Val loss: 0.2427 - Boundary loss: 0.1182 - Mask loss: 0.3256 - LR: 0.00010
2025-06-19 13:54 - INFO - Epoch 100 - Train loss: 0.0835 - Val loss: 0.2469 - Boundary loss: 0.1189 - Mask loss: 0.3323 - LR: 0.00010
2025-06-19 13:54 - INFO - Checkpoint 100 saved!
