2025-12-01 20:11 - INFO - Creating dataset with 266 examples
2025-12-01 20:11 - INFO - Starting training:
        Model:           main64-gaussian_noise2
        Loss rate:       (0.6, 0.4)
        Epochs:          100
        Batch size:      2
        Learning rate:   0.0001
        Training size:   240
        Validation size: 26
        Device:          cuda
        Checkpoints:     True
    
2025-12-01 20:11 - INFO - Model config saved to F:\Bo Yu\Bsinet_yb\Mymodel\noise\HL\main64\gaussian_noise2\model_config_main64-gaussian_noise2.yaml
2025-12-01 20:12 - INFO - Epoch 1 - Train loss: 0.6287 - Val loss: 0.5760 - Boundary loss: 0.5243 - Mask loss: 0.6105 - LR: 0.00010
2025-12-01 20:13 - INFO - Epoch 2 - Train loss: 0.5624 - Val loss: 0.5383 - Boundary loss: 0.4564 - Mask loss: 0.5930 - LR: 0.00010
2025-12-01 20:14 - INFO - Epoch 3 - Train loss: 0.5304 - Val loss: 0.4993 - Boundary loss: 0.4252 - Mask loss: 0.5487 - LR: 0.00010
2025-12-01 20:15 - INFO - Epoch 4 - Train loss: 0.5046 - Val loss: 0.4851 - Boundary loss: 0.3928 - Mask loss: 0.5466 - LR: 0.00010
2025-12-01 20:15 - INFO - Epoch 5 - Train loss: 0.4865 - Val loss: 0.4677 - Boundary loss: 0.3814 - Mask loss: 0.5252 - LR: 0.00010
2025-12-01 20:16 - INFO - Epoch 6 - Train loss: 0.4617 - Val loss: 0.4361 - Boundary loss: 0.3618 - Mask loss: 0.4856 - LR: 0.00010
2025-12-01 20:17 - INFO - Epoch 7 - Train loss: 0.4459 - Val loss: 0.4153 - Boundary loss: 0.3457 - Mask loss: 0.4616 - LR: 0.00010
2025-12-01 20:18 - INFO - Epoch 8 - Train loss: 0.4291 - Val loss: 0.3880 - Boundary loss: 0.3285 - Mask loss: 0.4277 - LR: 0.00010
2025-12-01 20:19 - INFO - Epoch 9 - Train loss: 0.4143 - Val loss: 0.3799 - Boundary loss: 0.3104 - Mask loss: 0.4262 - LR: 0.00010
2025-12-01 20:19 - INFO - Epoch 10 - Train loss: 0.4056 - Val loss: 0.3686 - Boundary loss: 0.2947 - Mask loss: 0.4179 - LR: 0.00010
2025-12-01 20:19 - INFO - Checkpoint 10 saved!
2025-12-01 20:20 - INFO - Epoch 11 - Train loss: 0.3927 - Val loss: 0.3490 - Boundary loss: 0.2706 - Mask loss: 0.4013 - LR: 0.00010
2025-12-01 20:21 - INFO - Epoch 12 - Train loss: 0.3796 - Val loss: 0.3445 - Boundary loss: 0.2778 - Mask loss: 0.3889 - LR: 0.00010
2025-12-01 20:22 - INFO - Epoch 13 - Train loss: 0.3756 - Val loss: 0.3376 - Boundary loss: 0.2621 - Mask loss: 0.3879 - LR: 0.00010
2025-12-01 20:23 - INFO - Epoch 14 - Train loss: 0.3670 - Val loss: 0.3207 - Boundary loss: 0.2519 - Mask loss: 0.3666 - LR: 0.00010
2025-12-01 20:23 - INFO - Epoch 15 - Train loss: 0.3606 - Val loss: 0.3205 - Boundary loss: 0.2432 - Mask loss: 0.3721 - LR: 0.00010
2025-12-01 20:24 - INFO - Epoch 16 - Train loss: 0.3563 - Val loss: 0.3475 - Boundary loss: 0.2461 - Mask loss: 0.4151 - LR: 0.00010
2025-12-01 20:25 - INFO - Epoch 17 - Train loss: 0.3480 - Val loss: 0.3208 - Boundary loss: 0.2399 - Mask loss: 0.3747 - LR: 0.00010
2025-12-01 20:26 - INFO - Epoch 18 - Train loss: 0.3442 - Val loss: 0.3198 - Boundary loss: 0.2443 - Mask loss: 0.3701 - LR: 0.00010
2025-12-01 20:27 - INFO - Epoch 19 - Train loss: 0.3380 - Val loss: 0.3111 - Boundary loss: 0.2394 - Mask loss: 0.3589 - LR: 0.00010
2025-12-01 20:28 - INFO - Epoch 20 - Train loss: 0.3310 - Val loss: 0.3077 - Boundary loss: 0.2371 - Mask loss: 0.3547 - LR: 0.00010
2025-12-01 20:28 - INFO - Checkpoint 20 saved!
2025-12-01 20:28 - INFO - Epoch 21 - Train loss: 0.3289 - Val loss: 0.3083 - Boundary loss: 0.2306 - Mask loss: 0.3601 - LR: 0.00010
2025-12-01 20:29 - INFO - Epoch 22 - Train loss: 0.3213 - Val loss: 0.2970 - Boundary loss: 0.2264 - Mask loss: 0.3440 - LR: 0.00010
2025-12-01 20:30 - INFO - Epoch 23 - Train loss: 0.3195 - Val loss: 0.3004 - Boundary loss: 0.2295 - Mask loss: 0.3477 - LR: 0.00010
2025-12-01 20:31 - INFO - Epoch 24 - Train loss: 0.3192 - Val loss: 0.3048 - Boundary loss: 0.2230 - Mask loss: 0.3594 - LR: 0.00010
2025-12-01 20:32 - INFO - Epoch 25 - Train loss: 0.3104 - Val loss: 0.2878 - Boundary loss: 0.2194 - Mask loss: 0.3334 - LR: 0.00010
2025-12-01 20:32 - INFO - Epoch 26 - Train loss: 0.3091 - Val loss: 0.2952 - Boundary loss: 0.2183 - Mask loss: 0.3464 - LR: 0.00010
2025-12-01 20:33 - INFO - Epoch 27 - Train loss: 0.3041 - Val loss: 0.2925 - Boundary loss: 0.2180 - Mask loss: 0.3422 - LR: 0.00010
2025-12-01 20:34 - INFO - Epoch 28 - Train loss: 0.3015 - Val loss: 0.2846 - Boundary loss: 0.2131 - Mask loss: 0.3323 - LR: 0.00010
2025-12-01 20:35 - INFO - Epoch 29 - Train loss: 0.2980 - Val loss: 0.2946 - Boundary loss: 0.2182 - Mask loss: 0.3455 - LR: 0.00010
2025-12-01 20:36 - INFO - Epoch 30 - Train loss: 0.2939 - Val loss: 0.2846 - Boundary loss: 0.2145 - Mask loss: 0.3314 - LR: 0.00010
2025-12-01 20:36 - INFO - Checkpoint 30 saved!
2025-12-01 20:36 - INFO - Epoch 31 - Train loss: 0.2900 - Val loss: 0.2883 - Boundary loss: 0.2153 - Mask loss: 0.3369 - LR: 0.00010
2025-12-01 20:37 - INFO - Epoch 32 - Train loss: 0.2897 - Val loss: 0.2899 - Boundary loss: 0.2174 - Mask loss: 0.3382 - LR: 0.00010
2025-12-01 20:38 - INFO - Epoch 33 - Train loss: 0.2890 - Val loss: 0.2817 - Boundary loss: 0.2120 - Mask loss: 0.3282 - LR: 0.00010
2025-12-01 20:39 - INFO - Epoch 34 - Train loss: 0.2861 - Val loss: 0.2875 - Boundary loss: 0.2137 - Mask loss: 0.3368 - LR: 0.00010
2025-12-01 20:40 - INFO - Epoch 35 - Train loss: 0.2864 - Val loss: 0.2911 - Boundary loss: 0.2095 - Mask loss: 0.3456 - LR: 0.00010
2025-12-01 20:41 - INFO - Epoch 36 - Train loss: 0.2819 - Val loss: 0.2848 - Boundary loss: 0.2070 - Mask loss: 0.3367 - LR: 0.00010
2025-12-01 20:41 - INFO - Epoch 37 - Train loss: 0.2807 - Val loss: 0.2757 - Boundary loss: 0.2064 - Mask loss: 0.3219 - LR: 0.00010
2025-12-01 20:42 - INFO - Epoch 38 - Train loss: 0.2797 - Val loss: 0.2801 - Boundary loss: 0.2066 - Mask loss: 0.3292 - LR: 0.00010
2025-12-01 20:43 - INFO - Epoch 39 - Train loss: 0.2737 - Val loss: 0.2762 - Boundary loss: 0.2057 - Mask loss: 0.3231 - LR: 0.00010
2025-12-01 20:44 - INFO - Epoch 40 - Train loss: 0.2729 - Val loss: 0.2790 - Boundary loss: 0.2065 - Mask loss: 0.3273 - LR: 0.00010
2025-12-01 20:44 - INFO - Checkpoint 40 saved!
2025-12-01 20:45 - INFO - Epoch 41 - Train loss: 0.2683 - Val loss: 0.2740 - Boundary loss: 0.2054 - Mask loss: 0.3197 - LR: 0.00010
2025-12-01 20:45 - INFO - Epoch 42 - Train loss: 0.2728 - Val loss: 0.2753 - Boundary loss: 0.2050 - Mask loss: 0.3222 - LR: 0.00010
2025-12-01 20:46 - INFO - Epoch 43 - Train loss: 0.2691 - Val loss: 0.2676 - Boundary loss: 0.2036 - Mask loss: 0.3102 - LR: 0.00010
2025-12-01 20:47 - INFO - Epoch 44 - Train loss: 0.2686 - Val loss: 0.2739 - Boundary loss: 0.2035 - Mask loss: 0.3209 - LR: 0.00010
2025-12-01 20:48 - INFO - Epoch 45 - Train loss: 0.2661 - Val loss: 0.2679 - Boundary loss: 0.2028 - Mask loss: 0.3113 - LR: 0.00010
2025-12-01 20:49 - INFO - Epoch 46 - Train loss: 0.2643 - Val loss: 0.2716 - Boundary loss: 0.2036 - Mask loss: 0.3170 - LR: 0.00010
2025-12-01 20:50 - INFO - Epoch 47 - Train loss: 0.2597 - Val loss: 0.2684 - Boundary loss: 0.2008 - Mask loss: 0.3134 - LR: 0.00010
2025-12-01 20:50 - INFO - Epoch 48 - Train loss: 0.2589 - Val loss: 0.2684 - Boundary loss: 0.2041 - Mask loss: 0.3113 - LR: 0.00010
2025-12-01 20:51 - INFO - Epoch 49 - Train loss: 0.2564 - Val loss: 0.2700 - Boundary loss: 0.2004 - Mask loss: 0.3164 - LR: 0.00010
2025-12-01 20:52 - INFO - Epoch 50 - Train loss: 0.2535 - Val loss: 0.2629 - Boundary loss: 0.1992 - Mask loss: 0.3054 - LR: 0.00010
2025-12-01 20:52 - INFO - Checkpoint 50 saved!
2025-12-01 20:53 - INFO - Epoch 51 - Train loss: 0.2509 - Val loss: 0.2725 - Boundary loss: 0.1994 - Mask loss: 0.3212 - LR: 0.00010
2025-12-01 20:54 - INFO - Epoch 52 - Train loss: 0.2480 - Val loss: 0.2733 - Boundary loss: 0.1997 - Mask loss: 0.3224 - LR: 0.00010
2025-12-01 20:55 - INFO - Epoch 53 - Train loss: 0.2481 - Val loss: 0.2705 - Boundary loss: 0.1986 - Mask loss: 0.3183 - LR: 0.00010
2025-12-01 20:55 - INFO - Epoch 54 - Train loss: 0.2480 - Val loss: 0.2666 - Boundary loss: 0.1987 - Mask loss: 0.3118 - LR: 0.00010
2025-12-01 20:56 - INFO - Epoch 55 - Train loss: 0.2448 - Val loss: 0.2626 - Boundary loss: 0.1983 - Mask loss: 0.3054 - LR: 0.00010
2025-12-01 20:57 - INFO - Epoch 56 - Train loss: 0.2437 - Val loss: 0.2700 - Boundary loss: 0.2018 - Mask loss: 0.3155 - LR: 0.00010
2025-12-01 20:58 - INFO - Epoch 57 - Train loss: 0.2539 - Val loss: 0.2742 - Boundary loss: 0.1983 - Mask loss: 0.3248 - LR: 0.00010
2025-12-01 20:59 - INFO - Epoch 58 - Train loss: 0.2456 - Val loss: 0.2704 - Boundary loss: 0.1989 - Mask loss: 0.3180 - LR: 0.00010
2025-12-01 21:00 - INFO - Epoch 59 - Train loss: 0.2431 - Val loss: 0.2722 - Boundary loss: 0.1970 - Mask loss: 0.3223 - LR: 0.00010
2025-12-01 21:00 - INFO - Epoch 60 - Train loss: 0.2392 - Val loss: 0.2601 - Boundary loss: 0.1964 - Mask loss: 0.3026 - LR: 0.00010
2025-12-01 21:00 - INFO - Checkpoint 60 saved!
2025-12-01 21:01 - INFO - Epoch 61 - Train loss: 0.2618 - Val loss: 0.2931 - Boundary loss: 0.2041 - Mask loss: 0.3524 - LR: 0.00010
2025-12-01 21:02 - INFO - Epoch 62 - Train loss: 0.2826 - Val loss: 0.2710 - Boundary loss: 0.1979 - Mask loss: 0.3197 - LR: 0.00010
2025-12-01 21:03 - INFO - Epoch 63 - Train loss: 0.2501 - Val loss: 0.2614 - Boundary loss: 0.1954 - Mask loss: 0.3054 - LR: 0.00010
2025-12-01 21:04 - INFO - Epoch 64 - Train loss: 0.2407 - Val loss: 0.2583 - Boundary loss: 0.1952 - Mask loss: 0.3005 - LR: 0.00010
2025-12-01 21:05 - INFO - Epoch 65 - Train loss: 0.2358 - Val loss: 0.2592 - Boundary loss: 0.1957 - Mask loss: 0.3015 - LR: 0.00010
2025-12-01 21:05 - INFO - Epoch 66 - Train loss: 0.2351 - Val loss: 0.2659 - Boundary loss: 0.1965 - Mask loss: 0.3121 - LR: 0.00010
2025-12-01 21:06 - INFO - Epoch 67 - Train loss: 0.2362 - Val loss: 0.2594 - Boundary loss: 0.1957 - Mask loss: 0.3019 - LR: 0.00010
2025-12-01 21:07 - INFO - Epoch 68 - Train loss: 0.2318 - Val loss: 0.2588 - Boundary loss: 0.1948 - Mask loss: 0.3014 - LR: 0.00010
2025-12-01 21:08 - INFO - Epoch 69 - Train loss: 0.2290 - Val loss: 0.2592 - Boundary loss: 0.1946 - Mask loss: 0.3023 - LR: 0.00010
2025-12-01 21:09 - INFO - Epoch 70 - Train loss: 0.2269 - Val loss: 0.2638 - Boundary loss: 0.1952 - Mask loss: 0.3096 - LR: 0.00010
2025-12-01 21:09 - INFO - Checkpoint 70 saved!
2025-12-01 21:10 - INFO - Epoch 71 - Train loss: 0.2246 - Val loss: 0.2642 - Boundary loss: 0.1941 - Mask loss: 0.3109 - LR: 0.00010
2025-12-01 21:10 - INFO - Epoch 72 - Train loss: 0.2247 - Val loss: 0.2574 - Boundary loss: 0.1944 - Mask loss: 0.2994 - LR: 0.00010
2025-12-01 21:11 - INFO - Epoch 73 - Train loss: 0.2235 - Val loss: 0.2611 - Boundary loss: 0.1943 - Mask loss: 0.3056 - LR: 0.00010
2025-12-01 21:12 - INFO - Epoch 74 - Train loss: 0.2207 - Val loss: 0.2629 - Boundary loss: 0.1945 - Mask loss: 0.3085 - LR: 0.00010
2025-12-01 21:13 - INFO - Epoch 75 - Train loss: 0.2217 - Val loss: 0.2663 - Boundary loss: 0.1943 - Mask loss: 0.3142 - LR: 0.00010
2025-12-01 21:14 - INFO - Epoch 76 - Train loss: 0.2204 - Val loss: 0.2733 - Boundary loss: 0.1962 - Mask loss: 0.3246 - LR: 0.00010
2025-12-01 21:15 - INFO - Epoch 77 - Train loss: 0.2199 - Val loss: 0.2625 - Boundary loss: 0.1939 - Mask loss: 0.3083 - LR: 0.00010
2025-12-01 21:15 - INFO - Epoch 78 - Train loss: 0.2192 - Val loss: 0.2635 - Boundary loss: 0.1947 - Mask loss: 0.3094 - LR: 0.00010
2025-12-01 21:16 - INFO - Epoch 79 - Train loss: 0.2233 - Val loss: 0.2838 - Boundary loss: 0.1948 - Mask loss: 0.3432 - LR: 0.00010
2025-12-01 21:17 - INFO - Epoch 80 - Train loss: 0.2189 - Val loss: 0.2770 - Boundary loss: 0.1944 - Mask loss: 0.3321 - LR: 0.00010
2025-12-01 21:17 - INFO - Checkpoint 80 saved!
2025-12-01 21:18 - INFO - Epoch 81 - Train loss: 0.2160 - Val loss: 0.2694 - Boundary loss: 0.1928 - Mask loss: 0.3205 - LR: 0.00010
2025-12-01 21:19 - INFO - Epoch 82 - Train loss: 0.2136 - Val loss: 0.2656 - Boundary loss: 0.1959 - Mask loss: 0.3122 - LR: 0.00010
2025-12-01 21:20 - INFO - Epoch 83 - Train loss: 0.2109 - Val loss: 0.2705 - Boundary loss: 0.1928 - Mask loss: 0.3223 - LR: 0.00010
2025-12-01 21:20 - INFO - Epoch 84 - Train loss: 0.2098 - Val loss: 0.2682 - Boundary loss: 0.1939 - Mask loss: 0.3177 - LR: 0.00010
2025-12-01 21:21 - INFO - Epoch 85 - Train loss: 0.2096 - Val loss: 0.2636 - Boundary loss: 0.1931 - Mask loss: 0.3106 - LR: 0.00010
2025-12-01 21:22 - INFO - Epoch 86 - Train loss: 0.2083 - Val loss: 0.2660 - Boundary loss: 0.1941 - Mask loss: 0.3139 - LR: 0.00010
2025-12-01 21:23 - INFO - Epoch 87 - Train loss: 0.2066 - Val loss: 0.2794 - Boundary loss: 0.1955 - Mask loss: 0.3354 - LR: 0.00010
2025-12-01 21:24 - INFO - Epoch 88 - Train loss: 0.2067 - Val loss: 0.2659 - Boundary loss: 0.1943 - Mask loss: 0.3136 - LR: 0.00010
2025-12-01 21:25 - INFO - Epoch 89 - Train loss: 0.2060 - Val loss: 0.2616 - Boundary loss: 0.1940 - Mask loss: 0.3066 - LR: 0.00010
2025-12-01 21:25 - INFO - Epoch 90 - Train loss: 0.2047 - Val loss: 0.2658 - Boundary loss: 0.1934 - Mask loss: 0.3141 - LR: 0.00010
2025-12-01 21:25 - INFO - Checkpoint 90 saved!
2025-12-01 21:26 - INFO - Epoch 91 - Train loss: 0.2020 - Val loss: 0.2643 - Boundary loss: 0.1947 - Mask loss: 0.3107 - LR: 0.00010
2025-12-01 21:27 - INFO - Epoch 92 - Train loss: 0.2008 - Val loss: 0.2655 - Boundary loss: 0.1937 - Mask loss: 0.3134 - LR: 0.00010
2025-12-01 21:28 - INFO - Epoch 93 - Train loss: 0.1982 - Val loss: 0.2673 - Boundary loss: 0.1935 - Mask loss: 0.3165 - LR: 0.00010
2025-12-01 21:29 - INFO - Epoch 94 - Train loss: 0.1982 - Val loss: 0.2629 - Boundary loss: 0.1947 - Mask loss: 0.3083 - LR: 0.00010
2025-12-01 21:29 - INFO - Epoch 95 - Train loss: 0.1972 - Val loss: 0.2690 - Boundary loss: 0.1932 - Mask loss: 0.3195 - LR: 0.00010
2025-12-01 21:30 - INFO - Epoch 96 - Train loss: 0.1991 - Val loss: 0.2973 - Boundary loss: 0.1953 - Mask loss: 0.3653 - LR: 0.00010
2025-12-01 21:31 - INFO - Epoch 97 - Train loss: 0.2019 - Val loss: 0.2651 - Boundary loss: 0.1928 - Mask loss: 0.3134 - LR: 0.00010
2025-12-01 21:32 - INFO - Epoch 98 - Train loss: 0.1968 - Val loss: 0.2639 - Boundary loss: 0.1939 - Mask loss: 0.3106 - LR: 0.00010
2025-12-01 21:33 - INFO - Epoch 99 - Train loss: 0.1959 - Val loss: 0.2611 - Boundary loss: 0.1927 - Mask loss: 0.3067 - LR: 0.00010
2025-12-01 21:34 - INFO - Epoch 100 - Train loss: 0.1925 - Val loss: 0.2688 - Boundary loss: 0.1929 - Mask loss: 0.3194 - LR: 0.00010
2025-12-01 21:34 - INFO - Checkpoint 100 saved!
