2025-06-15 09:30 - INFO - Creating dataset with 266 examples
2025-06-15 09:30 - INFO - Starting training:
        Model:           no_TAB_ETA
        Loss rate:       (0.6, 0.4)
        Epochs:          100
        Batch size:      2
        Learning rate:   0.0001
        Training size:   240
        Validation size: 26
        Device:          cuda
        Checkpoints:     True
    
2025-06-15 09:30 - INFO - Model config saved to F:\Bo Yu\Bsinet_yb\Mymodel\para\hl\no_TAB_ETA\model_config_no_TAB_ETA.yaml
2025-06-15 09:31 - INFO - Epoch 1 - Train loss: 0.6135 - Val loss: 0.5319 - Boundary loss: 0.5079 - Mask loss: 0.5479 - LR: 0.00010
2025-06-15 09:32 - INFO - Epoch 2 - Train loss: 0.5383 - Val loss: 0.4993 - Boundary loss: 0.4696 - Mask loss: 0.5191 - LR: 0.00010
2025-06-15 09:33 - INFO - Epoch 3 - Train loss: 0.5067 - Val loss: 0.4748 - Boundary loss: 0.4411 - Mask loss: 0.4972 - LR: 0.00010
2025-06-15 09:34 - INFO - Epoch 4 - Train loss: 0.4812 - Val loss: 0.4371 - Boundary loss: 0.3724 - Mask loss: 0.4801 - LR: 0.00010
2025-06-15 09:34 - INFO - Epoch 5 - Train loss: 0.4574 - Val loss: 0.4444 - Boundary loss: 0.3996 - Mask loss: 0.4743 - LR: 0.00010
2025-06-15 09:35 - INFO - Epoch 6 - Train loss: 0.4438 - Val loss: 0.4064 - Boundary loss: 0.3668 - Mask loss: 0.4328 - LR: 0.00010
2025-06-15 09:36 - INFO - Epoch 7 - Train loss: 0.4254 - Val loss: 0.4031 - Boundary loss: 0.3408 - Mask loss: 0.4446 - LR: 0.00010
2025-06-15 09:37 - INFO - Epoch 8 - Train loss: 0.4140 - Val loss: 0.4151 - Boundary loss: 0.3162 - Mask loss: 0.4810 - LR: 0.00010
2025-06-15 09:38 - INFO - Epoch 9 - Train loss: 0.4018 - Val loss: 0.3809 - Boundary loss: 0.3242 - Mask loss: 0.4188 - LR: 0.00010
2025-06-15 09:38 - INFO - Epoch 10 - Train loss: 0.3961 - Val loss: 0.4097 - Boundary loss: 0.3161 - Mask loss: 0.4721 - LR: 0.00010
2025-06-15 09:38 - INFO - Checkpoint 10 saved!
2025-06-15 09:39 - INFO - Epoch 11 - Train loss: 0.3857 - Val loss: 0.3592 - Boundary loss: 0.2970 - Mask loss: 0.4007 - LR: 0.00010
2025-06-15 09:40 - INFO - Epoch 12 - Train loss: 0.3742 - Val loss: 0.3741 - Boundary loss: 0.2901 - Mask loss: 0.4301 - LR: 0.00010
2025-06-15 09:41 - INFO - Epoch 13 - Train loss: 0.3654 - Val loss: 0.3435 - Boundary loss: 0.2784 - Mask loss: 0.3869 - LR: 0.00010
2025-06-15 09:42 - INFO - Epoch 14 - Train loss: 0.3576 - Val loss: 0.3398 - Boundary loss: 0.2740 - Mask loss: 0.3838 - LR: 0.00010
2025-06-15 09:43 - INFO - Epoch 15 - Train loss: 0.3514 - Val loss: 0.3479 - Boundary loss: 0.2731 - Mask loss: 0.3978 - LR: 0.00010
2025-06-15 09:43 - INFO - Epoch 16 - Train loss: 0.3400 - Val loss: 0.3092 - Boundary loss: 0.2469 - Mask loss: 0.3507 - LR: 0.00010
2025-06-15 09:44 - INFO - Epoch 17 - Train loss: 0.3394 - Val loss: 0.3204 - Boundary loss: 0.2513 - Mask loss: 0.3664 - LR: 0.00010
2025-06-15 09:45 - INFO - Epoch 18 - Train loss: 0.3301 - Val loss: 0.3103 - Boundary loss: 0.2467 - Mask loss: 0.3527 - LR: 0.00010
2025-06-15 09:46 - INFO - Epoch 19 - Train loss: 0.3277 - Val loss: 0.3280 - Boundary loss: 0.2417 - Mask loss: 0.3856 - LR: 0.00010
2025-06-15 09:47 - INFO - Epoch 20 - Train loss: 0.3196 - Val loss: 0.3037 - Boundary loss: 0.2375 - Mask loss: 0.3478 - LR: 0.00010
2025-06-15 09:47 - INFO - Checkpoint 20 saved!
2025-06-15 09:48 - INFO - Epoch 21 - Train loss: 0.3158 - Val loss: 0.2980 - Boundary loss: 0.2297 - Mask loss: 0.3435 - LR: 0.00010
2025-06-15 09:48 - INFO - Epoch 22 - Train loss: 0.3130 - Val loss: 0.2959 - Boundary loss: 0.2288 - Mask loss: 0.3407 - LR: 0.00010
2025-06-15 09:49 - INFO - Epoch 23 - Train loss: 0.3119 - Val loss: 0.2944 - Boundary loss: 0.2214 - Mask loss: 0.3430 - LR: 0.00010
2025-06-15 09:50 - INFO - Epoch 24 - Train loss: 0.3077 - Val loss: 0.2904 - Boundary loss: 0.2153 - Mask loss: 0.3405 - LR: 0.00010
2025-06-15 09:51 - INFO - Epoch 25 - Train loss: 0.3024 - Val loss: 0.2955 - Boundary loss: 0.2228 - Mask loss: 0.3440 - LR: 0.00010
2025-06-15 09:52 - INFO - Epoch 26 - Train loss: 0.2970 - Val loss: 0.2905 - Boundary loss: 0.2223 - Mask loss: 0.3360 - LR: 0.00010
2025-06-15 09:53 - INFO - Epoch 27 - Train loss: 0.2960 - Val loss: 0.2767 - Boundary loss: 0.2146 - Mask loss: 0.3181 - LR: 0.00010
2025-06-15 09:53 - INFO - Epoch 28 - Train loss: 0.2911 - Val loss: 0.2822 - Boundary loss: 0.2101 - Mask loss: 0.3302 - LR: 0.00010
2025-06-15 09:54 - INFO - Epoch 29 - Train loss: 0.2926 - Val loss: 0.2844 - Boundary loss: 0.2104 - Mask loss: 0.3336 - LR: 0.00010
2025-06-15 09:55 - INFO - Epoch 30 - Train loss: 0.2911 - Val loss: 0.2688 - Boundary loss: 0.2057 - Mask loss: 0.3108 - LR: 0.00010
2025-06-15 09:55 - INFO - Checkpoint 30 saved!
2025-06-15 09:56 - INFO - Epoch 31 - Train loss: 0.2855 - Val loss: 0.2698 - Boundary loss: 0.2054 - Mask loss: 0.3128 - LR: 0.00010
2025-06-15 09:57 - INFO - Epoch 32 - Train loss: 0.2798 - Val loss: 0.2720 - Boundary loss: 0.2104 - Mask loss: 0.3131 - LR: 0.00010
2025-06-15 09:58 - INFO - Epoch 33 - Train loss: 0.2835 - Val loss: 0.2895 - Boundary loss: 0.2048 - Mask loss: 0.3459 - LR: 0.00010
2025-06-15 09:58 - INFO - Epoch 34 - Train loss: 0.2823 - Val loss: 0.2660 - Boundary loss: 0.2030 - Mask loss: 0.3080 - LR: 0.00010
2025-06-15 09:59 - INFO - Epoch 35 - Train loss: 0.2768 - Val loss: 0.2574 - Boundary loss: 0.2020 - Mask loss: 0.2944 - LR: 0.00010
2025-06-15 10:00 - INFO - Epoch 36 - Train loss: 0.2755 - Val loss: 0.2644 - Boundary loss: 0.2024 - Mask loss: 0.3058 - LR: 0.00010
2025-06-15 10:01 - INFO - Epoch 37 - Train loss: 0.2742 - Val loss: 0.2677 - Boundary loss: 0.1997 - Mask loss: 0.3130 - LR: 0.00010
2025-06-15 10:02 - INFO - Epoch 38 - Train loss: 0.2737 - Val loss: 0.2832 - Boundary loss: 0.2009 - Mask loss: 0.3380 - LR: 0.00010
2025-06-15 10:03 - INFO - Epoch 39 - Train loss: 0.2745 - Val loss: 0.2607 - Boundary loss: 0.1985 - Mask loss: 0.3021 - LR: 0.00010
2025-06-15 10:03 - INFO - Epoch 40 - Train loss: 0.2670 - Val loss: 0.2588 - Boundary loss: 0.2000 - Mask loss: 0.2980 - LR: 0.00010
2025-06-15 10:03 - INFO - Checkpoint 40 saved!
2025-06-15 10:04 - INFO - Epoch 41 - Train loss: 0.2632 - Val loss: 0.2817 - Boundary loss: 0.2002 - Mask loss: 0.3361 - LR: 0.00010
2025-06-15 10:05 - INFO - Epoch 42 - Train loss: 0.2631 - Val loss: 0.2549 - Boundary loss: 0.1959 - Mask loss: 0.2942 - LR: 0.00010
2025-06-15 10:06 - INFO - Epoch 43 - Train loss: 0.2647 - Val loss: 0.2569 - Boundary loss: 0.1954 - Mask loss: 0.2979 - LR: 0.00010
2025-06-15 10:07 - INFO - Epoch 44 - Train loss: 0.2592 - Val loss: 0.2588 - Boundary loss: 0.1956 - Mask loss: 0.3009 - LR: 0.00010
2025-06-15 10:08 - INFO - Epoch 45 - Train loss: 0.2525 - Val loss: 0.2664 - Boundary loss: 0.1943 - Mask loss: 0.3145 - LR: 0.00010
2025-06-15 10:08 - INFO - Epoch 46 - Train loss: 0.2540 - Val loss: 0.2576 - Boundary loss: 0.1936 - Mask loss: 0.3003 - LR: 0.00010
2025-06-15 10:09 - INFO - Epoch 47 - Train loss: 0.2548 - Val loss: 0.2511 - Boundary loss: 0.1961 - Mask loss: 0.2878 - LR: 0.00010
2025-06-15 10:10 - INFO - Epoch 48 - Train loss: 0.2549 - Val loss: 0.2938 - Boundary loss: 0.1978 - Mask loss: 0.3578 - LR: 0.00010
2025-06-15 10:11 - INFO - Epoch 49 - Train loss: 0.2566 - Val loss: 0.2504 - Boundary loss: 0.1929 - Mask loss: 0.2887 - LR: 0.00010
2025-06-15 10:12 - INFO - Epoch 50 - Train loss: 0.2514 - Val loss: 0.2695 - Boundary loss: 0.1946 - Mask loss: 0.3195 - LR: 0.00010
2025-06-15 10:12 - INFO - Checkpoint 50 saved!
2025-06-15 10:13 - INFO - Epoch 51 - Train loss: 0.2483 - Val loss: 0.2495 - Boundary loss: 0.1920 - Mask loss: 0.2879 - LR: 0.00010
2025-06-15 10:13 - INFO - Epoch 52 - Train loss: 0.2460 - Val loss: 0.2454 - Boundary loss: 0.1909 - Mask loss: 0.2817 - LR: 0.00010
2025-06-15 10:14 - INFO - Epoch 53 - Train loss: 0.2566 - Val loss: 0.2476 - Boundary loss: 0.1897 - Mask loss: 0.2862 - LR: 0.00010
2025-06-15 10:15 - INFO - Epoch 54 - Train loss: 0.2479 - Val loss: 0.2577 - Boundary loss: 0.1910 - Mask loss: 0.3022 - LR: 0.00010
2025-06-15 10:16 - INFO - Epoch 55 - Train loss: 0.2465 - Val loss: 0.2559 - Boundary loss: 0.1933 - Mask loss: 0.2976 - LR: 0.00010
2025-06-15 10:17 - INFO - Epoch 56 - Train loss: 0.2468 - Val loss: 0.2491 - Boundary loss: 0.1916 - Mask loss: 0.2875 - LR: 0.00010
2025-06-15 10:17 - INFO - Epoch 57 - Train loss: 0.2437 - Val loss: 0.2525 - Boundary loss: 0.1914 - Mask loss: 0.2933 - LR: 0.00010
2025-06-15 10:18 - INFO - Epoch 58 - Train loss: 0.2437 - Val loss: 0.2709 - Boundary loss: 0.1889 - Mask loss: 0.3255 - LR: 0.00010
2025-06-15 10:19 - INFO - Epoch 59 - Train loss: 0.2377 - Val loss: 0.2447 - Boundary loss: 0.1884 - Mask loss: 0.2822 - LR: 0.00010
2025-06-15 10:20 - INFO - Epoch 60 - Train loss: 0.2401 - Val loss: 0.2602 - Boundary loss: 0.1911 - Mask loss: 0.3063 - LR: 0.00010
2025-06-15 10:20 - INFO - Checkpoint 60 saved!
2025-06-15 10:21 - INFO - Epoch 61 - Train loss: 0.2366 - Val loss: 0.2542 - Boundary loss: 0.1882 - Mask loss: 0.2983 - LR: 0.00010
2025-06-15 10:22 - INFO - Epoch 62 - Train loss: 0.2328 - Val loss: 0.2643 - Boundary loss: 0.1883 - Mask loss: 0.3150 - LR: 0.00010
2025-06-15 10:22 - INFO - Epoch 63 - Train loss: 0.2402 - Val loss: 0.2541 - Boundary loss: 0.1883 - Mask loss: 0.2980 - LR: 0.00010
2025-06-15 10:23 - INFO - Epoch 64 - Train loss: 0.2324 - Val loss: 0.2691 - Boundary loss: 0.1888 - Mask loss: 0.3227 - LR: 0.00010
2025-06-15 10:24 - INFO - Epoch 65 - Train loss: 0.2321 - Val loss: 0.2579 - Boundary loss: 0.1868 - Mask loss: 0.3053 - LR: 0.00010
2025-06-15 10:25 - INFO - Epoch 66 - Train loss: 0.2275 - Val loss: 0.2409 - Boundary loss: 0.1864 - Mask loss: 0.2772 - LR: 0.00010
2025-06-15 10:26 - INFO - Epoch 67 - Train loss: 0.2277 - Val loss: 0.2468 - Boundary loss: 0.1859 - Mask loss: 0.2874 - LR: 0.00010
2025-06-15 10:27 - INFO - Epoch 68 - Train loss: 0.2294 - Val loss: 0.2495 - Boundary loss: 0.1867 - Mask loss: 0.2914 - LR: 0.00010
2025-06-15 10:27 - INFO - Epoch 69 - Train loss: 0.2274 - Val loss: 0.2416 - Boundary loss: 0.1851 - Mask loss: 0.2792 - LR: 0.00010
2025-06-15 10:28 - INFO - Epoch 70 - Train loss: 0.2281 - Val loss: 0.2434 - Boundary loss: 0.1865 - Mask loss: 0.2814 - LR: 0.00010
2025-06-15 10:28 - INFO - Checkpoint 70 saved!
2025-06-15 10:29 - INFO - Epoch 71 - Train loss: 0.2293 - Val loss: 0.2417 - Boundary loss: 0.1862 - Mask loss: 0.2787 - LR: 0.00010
2025-06-15 10:30 - INFO - Epoch 72 - Train loss: 0.2246 - Val loss: 0.2397 - Boundary loss: 0.1850 - Mask loss: 0.2762 - LR: 0.00010
2025-06-15 10:31 - INFO - Epoch 73 - Train loss: 0.2223 - Val loss: 0.2377 - Boundary loss: 0.1854 - Mask loss: 0.2726 - LR: 0.00010
2025-06-15 10:32 - INFO - Epoch 74 - Train loss: 0.2191 - Val loss: 0.2542 - Boundary loss: 0.1853 - Mask loss: 0.3001 - LR: 0.00010
2025-06-15 10:32 - INFO - Epoch 75 - Train loss: 0.2179 - Val loss: 0.2445 - Boundary loss: 0.1860 - Mask loss: 0.2834 - LR: 0.00010
2025-06-15 10:33 - INFO - Epoch 76 - Train loss: 0.2178 - Val loss: 0.2414 - Boundary loss: 0.1862 - Mask loss: 0.2781 - LR: 0.00010
2025-06-15 10:34 - INFO - Epoch 77 - Train loss: 0.2170 - Val loss: 0.2528 - Boundary loss: 0.1856 - Mask loss: 0.2976 - LR: 0.00010
2025-06-15 10:35 - INFO - Epoch 78 - Train loss: 0.2189 - Val loss: 0.2414 - Boundary loss: 0.1834 - Mask loss: 0.2801 - LR: 0.00010
2025-06-15 10:36 - INFO - Epoch 79 - Train loss: 0.2154 - Val loss: 0.2432 - Boundary loss: 0.1843 - Mask loss: 0.2824 - LR: 0.00010
2025-06-15 10:37 - INFO - Epoch 80 - Train loss: 0.2146 - Val loss: 0.2620 - Boundary loss: 0.1848 - Mask loss: 0.3134 - LR: 0.00010
2025-06-15 10:37 - INFO - Checkpoint 80 saved!
2025-06-15 10:37 - INFO - Epoch 81 - Train loss: 0.2276 - Val loss: 0.2484 - Boundary loss: 0.1846 - Mask loss: 0.2910 - LR: 0.00010
2025-06-15 10:38 - INFO - Epoch 82 - Train loss: 0.2134 - Val loss: 0.2443 - Boundary loss: 0.1827 - Mask loss: 0.2853 - LR: 0.00010
2025-06-15 10:39 - INFO - Epoch 83 - Train loss: 0.2106 - Val loss: 0.2449 - Boundary loss: 0.1835 - Mask loss: 0.2858 - LR: 0.00010
2025-06-15 10:40 - INFO - Epoch 84 - Train loss: 0.2100 - Val loss: 0.2371 - Boundary loss: 0.1824 - Mask loss: 0.2735 - LR: 0.00010
2025-06-15 10:41 - INFO - Epoch 85 - Train loss: 0.2077 - Val loss: 0.2424 - Boundary loss: 0.1825 - Mask loss: 0.2824 - LR: 0.00010
2025-06-15 10:42 - INFO - Epoch 86 - Train loss: 0.2067 - Val loss: 0.2399 - Boundary loss: 0.1823 - Mask loss: 0.2783 - LR: 0.00010
2025-06-15 10:42 - INFO - Epoch 87 - Train loss: 0.2087 - Val loss: 0.2500 - Boundary loss: 0.1839 - Mask loss: 0.2940 - LR: 0.00010
2025-06-15 10:43 - INFO - Epoch 88 - Train loss: 0.2136 - Val loss: 0.2522 - Boundary loss: 0.1834 - Mask loss: 0.2981 - LR: 0.00010
2025-06-15 10:44 - INFO - Epoch 89 - Train loss: 0.2096 - Val loss: 0.2438 - Boundary loss: 0.1838 - Mask loss: 0.2839 - LR: 0.00010
2025-06-15 10:45 - INFO - Epoch 90 - Train loss: 0.2053 - Val loss: 0.2428 - Boundary loss: 0.1834 - Mask loss: 0.2824 - LR: 0.00010
2025-06-15 10:45 - INFO - Checkpoint 90 saved!
2025-06-15 10:46 - INFO - Epoch 91 - Train loss: 0.2034 - Val loss: 0.2449 - Boundary loss: 0.1828 - Mask loss: 0.2862 - LR: 0.00010
2025-06-15 10:47 - INFO - Epoch 92 - Train loss: 0.2030 - Val loss: 0.2380 - Boundary loss: 0.1829 - Mask loss: 0.2748 - LR: 0.00010
2025-06-15 10:47 - INFO - Epoch 93 - Train loss: 0.2039 - Val loss: 0.2471 - Boundary loss: 0.1828 - Mask loss: 0.2899 - LR: 0.00010
2025-06-15 10:48 - INFO - Epoch 94 - Train loss: 0.2020 - Val loss: 0.2507 - Boundary loss: 0.1818 - Mask loss: 0.2966 - LR: 0.00010
2025-06-15 10:49 - INFO - Epoch 95 - Train loss: 0.2013 - Val loss: 0.2392 - Boundary loss: 0.1829 - Mask loss: 0.2768 - LR: 0.00010
2025-06-15 10:50 - INFO - Epoch 96 - Train loss: 0.2002 - Val loss: 0.2480 - Boundary loss: 0.1820 - Mask loss: 0.2920 - LR: 0.00010
2025-06-15 10:51 - INFO - Epoch 97 - Train loss: 0.1977 - Val loss: 0.2385 - Boundary loss: 0.1831 - Mask loss: 0.2754 - LR: 0.00010
2025-06-15 10:52 - INFO - Epoch 98 - Train loss: 0.1985 - Val loss: 0.2530 - Boundary loss: 0.1815 - Mask loss: 0.3006 - LR: 0.00010
2025-06-15 10:52 - INFO - Epoch 99 - Train loss: 0.1989 - Val loss: 0.2393 - Boundary loss: 0.1822 - Mask loss: 0.2774 - LR: 0.00010
2025-06-15 10:53 - INFO - Epoch 100 - Train loss: 0.1980 - Val loss: 0.2434 - Boundary loss: 0.1811 - Mask loss: 0.2849 - LR: 0.00010
2025-06-15 10:53 - INFO - Checkpoint 100 saved!
