2025-12-02 15:03 - INFO - Creating dataset with 171 examples
2025-12-02 15:03 - INFO - Starting training:
        Model:           main64-cloud_occlusion
        Loss rate:       (0.6, 0.4)
        Epochs:          100
        Batch size:      2
        Learning rate:   0.0001
        Training size:   154
        Validation size: 17
        Device:          cuda
        Checkpoints:     True
    
2025-12-02 15:03 - INFO - Model config saved to F:\Bo Yu\Bsinet_yb\Mymodel\noise\Xinjiang\main64\cloud_occlusion\model_config_main64-cloud_occlusion.yaml
2025-12-02 15:03 - INFO - Epoch 1 - Train loss: 0.6156 - Val loss: 0.6032 - Boundary loss: 0.5423 - Mask loss: 0.6438 - LR: 0.00010
2025-12-02 15:04 - INFO - Epoch 2 - Train loss: 0.5425 - Val loss: 0.5516 - Boundary loss: 0.4740 - Mask loss: 0.6033 - LR: 0.00010
2025-12-02 15:05 - INFO - Epoch 3 - Train loss: 0.5070 - Val loss: 0.4951 - Boundary loss: 0.4423 - Mask loss: 0.5304 - LR: 0.00010
2025-12-02 15:05 - INFO - Epoch 4 - Train loss: 0.4873 - Val loss: 0.5085 - Boundary loss: 0.4331 - Mask loss: 0.5587 - LR: 0.00010
2025-12-02 15:06 - INFO - Epoch 5 - Train loss: 0.4680 - Val loss: 0.4704 - Boundary loss: 0.4054 - Mask loss: 0.5137 - LR: 0.00010
2025-12-02 15:06 - INFO - Epoch 6 - Train loss: 0.4559 - Val loss: 0.4568 - Boundary loss: 0.4036 - Mask loss: 0.4922 - LR: 0.00010
2025-12-02 15:07 - INFO - Epoch 7 - Train loss: 0.4414 - Val loss: 0.4479 - Boundary loss: 0.3929 - Mask loss: 0.4847 - LR: 0.00010
2025-12-02 15:07 - INFO - Epoch 8 - Train loss: 0.4254 - Val loss: 0.4315 - Boundary loss: 0.3986 - Mask loss: 0.4534 - LR: 0.00010
2025-12-02 15:08 - INFO - Epoch 9 - Train loss: 0.4142 - Val loss: 0.4239 - Boundary loss: 0.3646 - Mask loss: 0.4634 - LR: 0.00010
2025-12-02 15:08 - INFO - Epoch 10 - Train loss: 0.4050 - Val loss: 0.4053 - Boundary loss: 0.3665 - Mask loss: 0.4311 - LR: 0.00010
2025-12-02 15:08 - INFO - Checkpoint 10 saved!
2025-12-02 15:09 - INFO - Epoch 11 - Train loss: 0.3962 - Val loss: 0.4052 - Boundary loss: 0.3419 - Mask loss: 0.4474 - LR: 0.00010
2025-12-02 15:09 - INFO - Epoch 12 - Train loss: 0.3820 - Val loss: 0.3903 - Boundary loss: 0.3352 - Mask loss: 0.4270 - LR: 0.00010
2025-12-02 15:10 - INFO - Epoch 13 - Train loss: 0.3676 - Val loss: 0.3931 - Boundary loss: 0.3337 - Mask loss: 0.4326 - LR: 0.00010
2025-12-02 15:10 - INFO - Epoch 14 - Train loss: 0.3577 - Val loss: 0.3695 - Boundary loss: 0.3136 - Mask loss: 0.4068 - LR: 0.00010
2025-12-02 15:11 - INFO - Epoch 15 - Train loss: 0.3536 - Val loss: 0.3810 - Boundary loss: 0.3307 - Mask loss: 0.4145 - LR: 0.00010
2025-12-02 15:11 - INFO - Epoch 16 - Train loss: 0.3394 - Val loss: 0.3737 - Boundary loss: 0.2960 - Mask loss: 0.4255 - LR: 0.00010
2025-12-02 15:12 - INFO - Epoch 17 - Train loss: 0.3295 - Val loss: 0.3526 - Boundary loss: 0.2839 - Mask loss: 0.3984 - LR: 0.00010
2025-12-02 15:12 - INFO - Epoch 18 - Train loss: 0.3248 - Val loss: 0.3407 - Boundary loss: 0.2716 - Mask loss: 0.3868 - LR: 0.00010
2025-12-02 15:13 - INFO - Epoch 19 - Train loss: 0.3201 - Val loss: 0.3348 - Boundary loss: 0.2709 - Mask loss: 0.3774 - LR: 0.00010
2025-12-02 15:13 - INFO - Epoch 20 - Train loss: 0.3103 - Val loss: 0.3545 - Boundary loss: 0.2660 - Mask loss: 0.4135 - LR: 0.00010
2025-12-02 15:13 - INFO - Checkpoint 20 saved!
2025-12-02 15:14 - INFO - Epoch 21 - Train loss: 0.3030 - Val loss: 0.3284 - Boundary loss: 0.2618 - Mask loss: 0.3727 - LR: 0.00010
2025-12-02 15:14 - INFO - Epoch 22 - Train loss: 0.2932 - Val loss: 0.3158 - Boundary loss: 0.2469 - Mask loss: 0.3618 - LR: 0.00010
2025-12-02 15:15 - INFO - Epoch 23 - Train loss: 0.2850 - Val loss: 0.3194 - Boundary loss: 0.2539 - Mask loss: 0.3631 - LR: 0.00010
2025-12-02 15:16 - INFO - Epoch 24 - Train loss: 0.2786 - Val loss: 0.3108 - Boundary loss: 0.2333 - Mask loss: 0.3626 - LR: 0.00010
2025-12-02 15:16 - INFO - Epoch 25 - Train loss: 0.2733 - Val loss: 0.3138 - Boundary loss: 0.2351 - Mask loss: 0.3662 - LR: 0.00010
2025-12-02 15:17 - INFO - Epoch 26 - Train loss: 0.2643 - Val loss: 0.2910 - Boundary loss: 0.2172 - Mask loss: 0.3402 - LR: 0.00010
2025-12-02 15:17 - INFO - Epoch 27 - Train loss: 0.2584 - Val loss: 0.3019 - Boundary loss: 0.2211 - Mask loss: 0.3558 - LR: 0.00010
2025-12-02 15:18 - INFO - Epoch 28 - Train loss: 0.2576 - Val loss: 0.2839 - Boundary loss: 0.2097 - Mask loss: 0.3334 - LR: 0.00010
2025-12-02 15:18 - INFO - Epoch 29 - Train loss: 0.2534 - Val loss: 0.2900 - Boundary loss: 0.2174 - Mask loss: 0.3384 - LR: 0.00010
2025-12-02 15:19 - INFO - Epoch 30 - Train loss: 0.2463 - Val loss: 0.2772 - Boundary loss: 0.2098 - Mask loss: 0.3222 - LR: 0.00010
2025-12-02 15:19 - INFO - Checkpoint 30 saved!
2025-12-02 15:19 - INFO - Epoch 31 - Train loss: 0.2484 - Val loss: 0.2776 - Boundary loss: 0.1928 - Mask loss: 0.3342 - LR: 0.00010
2025-12-02 15:20 - INFO - Epoch 32 - Train loss: 0.2399 - Val loss: 0.2709 - Boundary loss: 0.1861 - Mask loss: 0.3275 - LR: 0.00010
2025-12-02 15:20 - INFO - Epoch 33 - Train loss: 0.2405 - Val loss: 0.2846 - Boundary loss: 0.1927 - Mask loss: 0.3459 - LR: 0.00010
2025-12-02 15:21 - INFO - Epoch 34 - Train loss: 0.2291 - Val loss: 0.3145 - Boundary loss: 0.1930 - Mask loss: 0.3954 - LR: 0.00010
2025-12-02 15:21 - INFO - Epoch 35 - Train loss: 0.2302 - Val loss: 0.2638 - Boundary loss: 0.1880 - Mask loss: 0.3144 - LR: 0.00010
2025-12-02 15:22 - INFO - Epoch 36 - Train loss: 0.2197 - Val loss: 0.2765 - Boundary loss: 0.1818 - Mask loss: 0.3396 - LR: 0.00010
2025-12-02 15:22 - INFO - Epoch 37 - Train loss: 0.2147 - Val loss: 0.2562 - Boundary loss: 0.1675 - Mask loss: 0.3154 - LR: 0.00010
2025-12-02 15:23 - INFO - Epoch 38 - Train loss: 0.2100 - Val loss: 0.2670 - Boundary loss: 0.1676 - Mask loss: 0.3332 - LR: 0.00010
2025-12-02 15:23 - INFO - Epoch 39 - Train loss: 0.2046 - Val loss: 0.2688 - Boundary loss: 0.1577 - Mask loss: 0.3428 - LR: 0.00010
2025-12-02 15:24 - INFO - Epoch 40 - Train loss: 0.2037 - Val loss: 0.2581 - Boundary loss: 0.1620 - Mask loss: 0.3222 - LR: 0.00010
2025-12-02 15:24 - INFO - Checkpoint 40 saved!
2025-12-02 15:24 - INFO - Epoch 41 - Train loss: 0.1971 - Val loss: 0.2589 - Boundary loss: 0.1606 - Mask loss: 0.3244 - LR: 0.00010
2025-12-02 15:25 - INFO - Epoch 42 - Train loss: 0.1933 - Val loss: 0.2898 - Boundary loss: 0.1542 - Mask loss: 0.3802 - LR: 0.00010
2025-12-02 15:25 - INFO - Epoch 43 - Train loss: 0.1946 - Val loss: 0.2794 - Boundary loss: 0.1589 - Mask loss: 0.3598 - LR: 0.00010
2025-12-02 15:26 - INFO - Epoch 44 - Train loss: 0.2073 - Val loss: 0.2736 - Boundary loss: 0.1523 - Mask loss: 0.3544 - LR: 0.00010
2025-12-02 15:27 - INFO - Epoch 45 - Train loss: 0.1918 - Val loss: 0.2740 - Boundary loss: 0.1537 - Mask loss: 0.3541 - LR: 0.00010
2025-12-02 15:27 - INFO - Epoch 46 - Train loss: 0.1929 - Val loss: 0.2622 - Boundary loss: 0.1559 - Mask loss: 0.3331 - LR: 0.00010
2025-12-02 15:28 - INFO - Epoch 47 - Train loss: 0.1854 - Val loss: 0.2540 - Boundary loss: 0.1456 - Mask loss: 0.3262 - LR: 0.00010
2025-12-02 15:28 - INFO - Epoch 48 - Train loss: 0.1853 - Val loss: 0.2750 - Boundary loss: 0.1472 - Mask loss: 0.3601 - LR: 0.00010
2025-12-02 15:29 - INFO - Epoch 49 - Train loss: 0.1788 - Val loss: 0.2571 - Boundary loss: 0.1418 - Mask loss: 0.3339 - LR: 0.00010
2025-12-02 15:29 - INFO - Epoch 50 - Train loss: 0.1735 - Val loss: 0.2465 - Boundary loss: 0.1350 - Mask loss: 0.3209 - LR: 0.00010
2025-12-02 15:29 - INFO - Checkpoint 50 saved!
2025-12-02 15:30 - INFO - Epoch 51 - Train loss: 0.1672 - Val loss: 0.2545 - Boundary loss: 0.1378 - Mask loss: 0.3323 - LR: 0.00010
2025-12-02 15:30 - INFO - Epoch 52 - Train loss: 0.1650 - Val loss: 0.2440 - Boundary loss: 0.1349 - Mask loss: 0.3167 - LR: 0.00010
2025-12-02 15:31 - INFO - Epoch 53 - Train loss: 0.1610 - Val loss: 0.2587 - Boundary loss: 0.1354 - Mask loss: 0.3408 - LR: 0.00010
2025-12-02 15:31 - INFO - Epoch 54 - Train loss: 0.1648 - Val loss: 0.2458 - Boundary loss: 0.1342 - Mask loss: 0.3201 - LR: 0.00010
2025-12-02 15:32 - INFO - Epoch 55 - Train loss: 0.1598 - Val loss: 0.2464 - Boundary loss: 0.1324 - Mask loss: 0.3224 - LR: 0.00010
2025-12-02 15:32 - INFO - Epoch 56 - Train loss: 0.1574 - Val loss: 0.2500 - Boundary loss: 0.1303 - Mask loss: 0.3298 - LR: 0.00010
2025-12-02 15:33 - INFO - Epoch 57 - Train loss: 0.1527 - Val loss: 0.2528 - Boundary loss: 0.1295 - Mask loss: 0.3350 - LR: 0.00010
2025-12-02 15:33 - INFO - Epoch 58 - Train loss: 0.1480 - Val loss: 0.2547 - Boundary loss: 0.1292 - Mask loss: 0.3384 - LR: 0.00010
2025-12-02 15:34 - INFO - Epoch 59 - Train loss: 0.1462 - Val loss: 0.2501 - Boundary loss: 0.1306 - Mask loss: 0.3298 - LR: 0.00010
2025-12-02 15:34 - INFO - Epoch 60 - Train loss: 0.1405 - Val loss: 0.2471 - Boundary loss: 0.1268 - Mask loss: 0.3273 - LR: 0.00010
2025-12-02 15:34 - INFO - Checkpoint 60 saved!
2025-12-02 15:35 - INFO - Epoch 61 - Train loss: 0.1431 - Val loss: 0.2420 - Boundary loss: 0.1294 - Mask loss: 0.3170 - LR: 0.00010
2025-12-02 15:35 - INFO - Epoch 62 - Train loss: 0.1356 - Val loss: 0.2608 - Boundary loss: 0.1259 - Mask loss: 0.3507 - LR: 0.00010
2025-12-02 15:36 - INFO - Epoch 63 - Train loss: 0.1340 - Val loss: 0.2484 - Boundary loss: 0.1253 - Mask loss: 0.3305 - LR: 0.00010
2025-12-02 15:37 - INFO - Epoch 64 - Train loss: 0.1338 - Val loss: 0.2590 - Boundary loss: 0.1234 - Mask loss: 0.3495 - LR: 0.00010
2025-12-02 15:37 - INFO - Epoch 65 - Train loss: 0.1320 - Val loss: 0.2543 - Boundary loss: 0.1233 - Mask loss: 0.3416 - LR: 0.00010
2025-12-02 15:38 - INFO - Epoch 66 - Train loss: 0.1283 - Val loss: 0.2534 - Boundary loss: 0.1239 - Mask loss: 0.3397 - LR: 0.00010
2025-12-02 15:38 - INFO - Epoch 67 - Train loss: 0.1282 - Val loss: 0.2590 - Boundary loss: 0.1206 - Mask loss: 0.3512 - LR: 0.00010
2025-12-02 15:39 - INFO - Epoch 68 - Train loss: 0.1256 - Val loss: 0.2539 - Boundary loss: 0.1210 - Mask loss: 0.3425 - LR: 0.00010
2025-12-02 15:39 - INFO - Epoch 69 - Train loss: 0.1216 - Val loss: 0.2498 - Boundary loss: 0.1238 - Mask loss: 0.3338 - LR: 0.00010
2025-12-02 15:40 - INFO - Epoch 70 - Train loss: 0.1198 - Val loss: 0.2482 - Boundary loss: 0.1191 - Mask loss: 0.3342 - LR: 0.00010
2025-12-02 15:40 - INFO - Checkpoint 70 saved!
2025-12-02 15:40 - INFO - Epoch 71 - Train loss: 0.1223 - Val loss: 0.2496 - Boundary loss: 0.1199 - Mask loss: 0.3360 - LR: 0.00010
2025-12-02 15:41 - INFO - Epoch 72 - Train loss: 0.1181 - Val loss: 0.2588 - Boundary loss: 0.1203 - Mask loss: 0.3512 - LR: 0.00010
2025-12-02 15:41 - INFO - Epoch 73 - Train loss: 0.1188 - Val loss: 0.2607 - Boundary loss: 0.1206 - Mask loss: 0.3540 - LR: 0.00010
2025-12-02 15:42 - INFO - Epoch 74 - Train loss: 0.1179 - Val loss: 0.2555 - Boundary loss: 0.1186 - Mask loss: 0.3467 - LR: 0.00010
2025-12-02 15:42 - INFO - Epoch 75 - Train loss: 0.1140 - Val loss: 0.2595 - Boundary loss: 0.1173 - Mask loss: 0.3543 - LR: 0.00010
2025-12-02 15:43 - INFO - Epoch 76 - Train loss: 0.1127 - Val loss: 0.2610 - Boundary loss: 0.1166 - Mask loss: 0.3573 - LR: 0.00010
2025-12-02 15:43 - INFO - Epoch 77 - Train loss: 0.1090 - Val loss: 0.2555 - Boundary loss: 0.1167 - Mask loss: 0.3481 - LR: 0.00010
2025-12-02 15:44 - INFO - Epoch 78 - Train loss: 0.1065 - Val loss: 0.2664 - Boundary loss: 0.1185 - Mask loss: 0.3651 - LR: 0.00010
2025-12-02 15:44 - INFO - Epoch 79 - Train loss: 0.1063 - Val loss: 0.2567 - Boundary loss: 0.1168 - Mask loss: 0.3499 - LR: 0.00010
2025-12-02 15:45 - INFO - Epoch 80 - Train loss: 0.1056 - Val loss: 0.2514 - Boundary loss: 0.1181 - Mask loss: 0.3403 - LR: 0.00010
2025-12-02 15:45 - INFO - Checkpoint 80 saved!
2025-12-02 15:45 - INFO - Epoch 81 - Train loss: 0.1071 - Val loss: 0.2642 - Boundary loss: 0.1178 - Mask loss: 0.3619 - LR: 0.00010
2025-12-02 15:46 - INFO - Epoch 82 - Train loss: 0.1017 - Val loss: 0.2575 - Boundary loss: 0.1158 - Mask loss: 0.3519 - LR: 0.00010
2025-12-02 15:47 - INFO - Epoch 83 - Train loss: 0.1020 - Val loss: 0.2745 - Boundary loss: 0.1153 - Mask loss: 0.3806 - LR: 0.00010
2025-12-02 15:47 - INFO - Epoch 84 - Train loss: 0.1016 - Val loss: 0.2696 - Boundary loss: 0.1168 - Mask loss: 0.3715 - LR: 0.00010
2025-12-02 15:48 - INFO - Epoch 85 - Train loss: 0.0971 - Val loss: 0.2700 - Boundary loss: 0.1162 - Mask loss: 0.3726 - LR: 0.00010
2025-12-02 15:48 - INFO - Epoch 86 - Train loss: 0.0976 - Val loss: 0.2796 - Boundary loss: 0.1157 - Mask loss: 0.3889 - LR: 0.00010
2025-12-02 15:49 - INFO - Epoch 87 - Train loss: 0.0935 - Val loss: 0.2692 - Boundary loss: 0.1166 - Mask loss: 0.3709 - LR: 0.00010
2025-12-02 15:49 - INFO - Epoch 88 - Train loss: 0.0933 - Val loss: 0.2762 - Boundary loss: 0.1174 - Mask loss: 0.3820 - LR: 0.00010
2025-12-02 15:50 - INFO - Epoch 89 - Train loss: 0.0965 - Val loss: 0.2711 - Boundary loss: 0.1170 - Mask loss: 0.3739 - LR: 0.00010
2025-12-02 15:50 - INFO - Epoch 90 - Train loss: 0.0965 - Val loss: 0.2803 - Boundary loss: 0.1163 - Mask loss: 0.3896 - LR: 0.00010
2025-12-02 15:50 - INFO - Checkpoint 90 saved!
2025-12-02 15:51 - INFO - Epoch 91 - Train loss: 0.0934 - Val loss: 0.2703 - Boundary loss: 0.1161 - Mask loss: 0.3731 - LR: 0.00010
2025-12-02 15:51 - INFO - Epoch 92 - Train loss: 0.0903 - Val loss: 0.2715 - Boundary loss: 0.1163 - Mask loss: 0.3749 - LR: 0.00010
2025-12-02 15:52 - INFO - Epoch 93 - Train loss: 0.0898 - Val loss: 0.2717 - Boundary loss: 0.1174 - Mask loss: 0.3746 - LR: 0.00010
2025-12-02 15:52 - INFO - Epoch 94 - Train loss: 0.0888 - Val loss: 0.2730 - Boundary loss: 0.1144 - Mask loss: 0.3787 - LR: 0.00010
2025-12-02 15:53 - INFO - Epoch 95 - Train loss: 0.0874 - Val loss: 0.2772 - Boundary loss: 0.1164 - Mask loss: 0.3843 - LR: 0.00010
2025-12-02 15:53 - INFO - Epoch 96 - Train loss: 0.0901 - Val loss: 0.2850 - Boundary loss: 0.1183 - Mask loss: 0.3961 - LR: 0.00010
2025-12-02 15:54 - INFO - Epoch 97 - Train loss: 0.0882 - Val loss: 0.2780 - Boundary loss: 0.1173 - Mask loss: 0.3851 - LR: 0.00010
2025-12-02 15:54 - INFO - Epoch 98 - Train loss: 0.0854 - Val loss: 0.2788 - Boundary loss: 0.1181 - Mask loss: 0.3859 - LR: 0.00010
2025-12-02 15:55 - INFO - Epoch 99 - Train loss: 0.0845 - Val loss: 0.2738 - Boundary loss: 0.1154 - Mask loss: 0.3794 - LR: 0.00010
2025-12-02 15:55 - INFO - Epoch 100 - Train loss: 0.0814 - Val loss: 0.2823 - Boundary loss: 0.1171 - Mask loss: 0.3925 - LR: 0.00010
2025-12-02 15:55 - INFO - Checkpoint 100 saved!
