2025-06-11 23:26 - INFO - Creating dataset with 266 examples
2025-06-11 23:26 - INFO - Starting training:
        Model:           no_DTAB
        Loss rate:       (0.6, 0.4)
        Epochs:          100
        Batch size:      1
        Learning rate:   0.0001
        Training size:   240
        Validation size: 26
        Device:          cuda
        Checkpoints:     True
    
2025-06-11 23:26 - INFO - Model config saved to F:\Bo Yu\Bsinet_yb\Mymodel\para\hl\no_DTAB\model_config_no_DTAB.yaml
2025-06-11 23:27 - INFO - Epoch 1 - Train loss: 0.6234 - Val loss: 0.6120 - Boundary loss: 0.5708 - Mask loss: 0.6395 - LR: 0.00010
2025-06-11 23:28 - INFO - Epoch 2 - Train loss: 0.5387 - Val loss: 0.5035 - Boundary loss: 0.4158 - Mask loss: 0.5620 - LR: 0.00010
2025-06-11 23:29 - INFO - Epoch 3 - Train loss: 0.4946 - Val loss: 0.4567 - Boundary loss: 0.3700 - Mask loss: 0.5145 - LR: 0.00010
2025-06-11 23:29 - INFO - Epoch 4 - Train loss: 0.4586 - Val loss: 0.4394 - Boundary loss: 0.3439 - Mask loss: 0.5030 - LR: 0.00010
2025-06-11 23:30 - INFO - Epoch 5 - Train loss: 0.4285 - Val loss: 0.4382 - Boundary loss: 0.3196 - Mask loss: 0.5174 - LR: 0.00010
2025-06-11 23:31 - INFO - Epoch 6 - Train loss: 0.4093 - Val loss: 0.4106 - Boundary loss: 0.3180 - Mask loss: 0.4723 - LR: 0.00010
2025-06-11 23:32 - INFO - Epoch 7 - Train loss: 0.3858 - Val loss: 0.3713 - Boundary loss: 0.2815 - Mask loss: 0.4311 - LR: 0.00010
2025-06-11 23:33 - INFO - Epoch 8 - Train loss: 0.3725 - Val loss: 0.3494 - Boundary loss: 0.2929 - Mask loss: 0.3870 - LR: 0.00010
2025-06-11 23:34 - INFO - Epoch 9 - Train loss: 0.3575 - Val loss: 0.3326 - Boundary loss: 0.2723 - Mask loss: 0.3727 - LR: 0.00010
2025-06-11 23:34 - INFO - Epoch 10 - Train loss: 0.3447 - Val loss: 0.3416 - Boundary loss: 0.2558 - Mask loss: 0.3987 - LR: 0.00010
2025-06-11 23:34 - INFO - Checkpoint 10 saved!
2025-06-11 23:35 - INFO - Epoch 11 - Train loss: 0.3351 - Val loss: 0.3740 - Boundary loss: 0.2684 - Mask loss: 0.4444 - LR: 0.00010
2025-06-11 23:36 - INFO - Epoch 12 - Train loss: 0.3317 - Val loss: 0.3207 - Boundary loss: 0.2492 - Mask loss: 0.3684 - LR: 0.00010
2025-06-11 23:37 - INFO - Epoch 13 - Train loss: 0.3200 - Val loss: 0.3302 - Boundary loss: 0.2731 - Mask loss: 0.3683 - LR: 0.00010
2025-06-11 23:38 - INFO - Epoch 14 - Train loss: 0.3118 - Val loss: 0.3127 - Boundary loss: 0.2402 - Mask loss: 0.3610 - LR: 0.00010
2025-06-11 23:39 - INFO - Epoch 15 - Train loss: 0.3072 - Val loss: 0.3350 - Boundary loss: 0.2422 - Mask loss: 0.3970 - LR: 0.00010
2025-06-11 23:40 - INFO - Epoch 16 - Train loss: 0.2985 - Val loss: 0.3228 - Boundary loss: 0.2392 - Mask loss: 0.3785 - LR: 0.00010
2025-06-11 23:40 - INFO - Epoch 17 - Train loss: 0.2948 - Val loss: 0.3075 - Boundary loss: 0.2337 - Mask loss: 0.3566 - LR: 0.00010
2025-06-11 23:41 - INFO - Epoch 18 - Train loss: 0.2882 - Val loss: 0.2906 - Boundary loss: 0.2328 - Mask loss: 0.3292 - LR: 0.00010
2025-06-11 23:42 - INFO - Epoch 19 - Train loss: 0.2899 - Val loss: 0.3320 - Boundary loss: 0.2399 - Mask loss: 0.3934 - LR: 0.00010
2025-06-11 23:43 - INFO - Epoch 20 - Train loss: 0.2809 - Val loss: 0.3018 - Boundary loss: 0.2308 - Mask loss: 0.3491 - LR: 0.00010
2025-06-11 23:43 - INFO - Checkpoint 20 saved!
2025-06-11 23:44 - INFO - Epoch 21 - Train loss: 0.2904 - Val loss: 0.2928 - Boundary loss: 0.2265 - Mask loss: 0.3369 - LR: 0.00010
2025-06-11 23:45 - INFO - Epoch 22 - Train loss: 0.2755 - Val loss: 0.3059 - Boundary loss: 0.2336 - Mask loss: 0.3541 - LR: 0.00010
2025-06-11 23:45 - INFO - Epoch 23 - Train loss: 0.2728 - Val loss: 0.2875 - Boundary loss: 0.2235 - Mask loss: 0.3301 - LR: 0.00010
2025-06-11 23:46 - INFO - Epoch 24 - Train loss: 0.2773 - Val loss: 0.2876 - Boundary loss: 0.2233 - Mask loss: 0.3305 - LR: 0.00010
2025-06-11 23:47 - INFO - Epoch 25 - Train loss: 0.2679 - Val loss: 0.3099 - Boundary loss: 0.2257 - Mask loss: 0.3661 - LR: 0.00010
2025-06-11 23:48 - INFO - Epoch 26 - Train loss: 0.2629 - Val loss: 0.2796 - Boundary loss: 0.2172 - Mask loss: 0.3211 - LR: 0.00010
2025-06-11 23:49 - INFO - Epoch 27 - Train loss: 0.2586 - Val loss: 0.2847 - Boundary loss: 0.2271 - Mask loss: 0.3231 - LR: 0.00010
2025-06-11 23:50 - INFO - Epoch 28 - Train loss: 0.2623 - Val loss: 0.2796 - Boundary loss: 0.2229 - Mask loss: 0.3175 - LR: 0.00010
2025-06-11 23:51 - INFO - Epoch 29 - Train loss: 0.2539 - Val loss: 0.2843 - Boundary loss: 0.2159 - Mask loss: 0.3299 - LR: 0.00010
2025-06-11 23:51 - INFO - Epoch 30 - Train loss: 0.2590 - Val loss: 0.3777 - Boundary loss: 0.2218 - Mask loss: 0.4816 - LR: 0.00010
2025-06-11 23:51 - INFO - Checkpoint 30 saved!
2025-06-11 23:52 - INFO - Epoch 31 - Train loss: 0.2532 - Val loss: 0.2762 - Boundary loss: 0.2179 - Mask loss: 0.3151 - LR: 0.00010
2025-06-11 23:53 - INFO - Epoch 32 - Train loss: 0.2501 - Val loss: 0.3054 - Boundary loss: 0.2159 - Mask loss: 0.3650 - LR: 0.00010
2025-06-11 23:54 - INFO - Epoch 33 - Train loss: 0.2435 - Val loss: 0.3058 - Boundary loss: 0.2159 - Mask loss: 0.3658 - LR: 0.00010
2025-06-11 23:55 - INFO - Epoch 34 - Train loss: 0.2424 - Val loss: 0.2977 - Boundary loss: 0.2172 - Mask loss: 0.3514 - LR: 0.00010
2025-06-11 23:56 - INFO - Epoch 35 - Train loss: 0.2409 - Val loss: 0.2830 - Boundary loss: 0.2113 - Mask loss: 0.3308 - LR: 0.00010
2025-06-11 23:56 - INFO - Epoch 36 - Train loss: 0.2378 - Val loss: 0.3258 - Boundary loss: 0.2142 - Mask loss: 0.4002 - LR: 0.00010
2025-06-11 23:57 - INFO - Epoch 37 - Train loss: 0.2458 - Val loss: 0.2844 - Boundary loss: 0.2103 - Mask loss: 0.3338 - LR: 0.00010
2025-06-11 23:58 - INFO - Epoch 38 - Train loss: 0.2417 - Val loss: 0.2959 - Boundary loss: 0.2114 - Mask loss: 0.3522 - LR: 0.00010
2025-06-11 23:59 - INFO - Epoch 39 - Train loss: 0.2328 - Val loss: 0.2745 - Boundary loss: 0.2092 - Mask loss: 0.3180 - LR: 0.00010
2025-06-12 00:00 - INFO - Epoch 40 - Train loss: 0.2324 - Val loss: 0.2740 - Boundary loss: 0.2156 - Mask loss: 0.3129 - LR: 0.00010
2025-06-12 00:00 - INFO - Checkpoint 40 saved!
2025-06-12 00:01 - INFO - Epoch 41 - Train loss: 0.2308 - Val loss: 0.3066 - Boundary loss: 0.2114 - Mask loss: 0.3701 - LR: 0.00010
2025-06-12 00:02 - INFO - Epoch 42 - Train loss: 0.2256 - Val loss: 0.3174 - Boundary loss: 0.2142 - Mask loss: 0.3862 - LR: 0.00010
2025-06-12 00:02 - INFO - Epoch 43 - Train loss: 0.2223 - Val loss: 0.3501 - Boundary loss: 0.2140 - Mask loss: 0.4408 - LR: 0.00010
2025-06-12 00:03 - INFO - Epoch 44 - Train loss: 0.2220 - Val loss: 0.2866 - Boundary loss: 0.2081 - Mask loss: 0.3389 - LR: 0.00010
2025-06-12 00:04 - INFO - Epoch 45 - Train loss: 0.2260 - Val loss: 0.2791 - Boundary loss: 0.2080 - Mask loss: 0.3265 - LR: 0.00010
2025-06-12 00:05 - INFO - Epoch 46 - Train loss: 0.2209 - Val loss: 0.2736 - Boundary loss: 0.2096 - Mask loss: 0.3163 - LR: 0.00010
2025-06-12 00:06 - INFO - Epoch 47 - Train loss: 0.2177 - Val loss: 0.2854 - Boundary loss: 0.2088 - Mask loss: 0.3364 - LR: 0.00010
2025-06-12 00:07 - INFO - Epoch 48 - Train loss: 0.2144 - Val loss: 0.2806 - Boundary loss: 0.2096 - Mask loss: 0.3279 - LR: 0.00010
2025-06-12 00:07 - INFO - Epoch 49 - Train loss: 0.2142 - Val loss: 0.2891 - Boundary loss: 0.2109 - Mask loss: 0.3412 - LR: 0.00010
2025-06-12 00:08 - INFO - Epoch 50 - Train loss: 0.2147 - Val loss: 0.3389 - Boundary loss: 0.2150 - Mask loss: 0.4215 - LR: 0.00010
2025-06-12 00:08 - INFO - Checkpoint 50 saved!
2025-06-12 00:09 - INFO - Epoch 51 - Train loss: 0.2115 - Val loss: 0.2726 - Boundary loss: 0.2053 - Mask loss: 0.3174 - LR: 0.00010
2025-06-12 00:10 - INFO - Epoch 52 - Train loss: 0.2113 - Val loss: 0.2734 - Boundary loss: 0.2078 - Mask loss: 0.3171 - LR: 0.00010
2025-06-12 00:11 - INFO - Epoch 53 - Train loss: 0.2083 - Val loss: 0.2839 - Boundary loss: 0.2088 - Mask loss: 0.3340 - LR: 0.00010
2025-06-12 00:12 - INFO - Epoch 54 - Train loss: 0.2048 - Val loss: 0.3164 - Boundary loss: 0.2122 - Mask loss: 0.3859 - LR: 0.00010
2025-06-12 00:13 - INFO - Epoch 55 - Train loss: 0.2028 - Val loss: 0.2953 - Boundary loss: 0.2170 - Mask loss: 0.3475 - LR: 0.00010
2025-06-12 00:13 - INFO - Epoch 56 - Train loss: 0.2029 - Val loss: 0.2921 - Boundary loss: 0.2099 - Mask loss: 0.3470 - LR: 0.00010
2025-06-12 00:14 - INFO - Epoch 57 - Train loss: 0.2051 - Val loss: 0.2793 - Boundary loss: 0.2076 - Mask loss: 0.3271 - LR: 0.00010
2025-06-12 00:15 - INFO - Epoch 58 - Train loss: 0.2035 - Val loss: 0.3098 - Boundary loss: 0.2090 - Mask loss: 0.3770 - LR: 0.00010
2025-06-12 00:16 - INFO - Epoch 59 - Train loss: 0.1995 - Val loss: 0.2944 - Boundary loss: 0.2145 - Mask loss: 0.3477 - LR: 0.00010
2025-06-12 00:17 - INFO - Epoch 60 - Train loss: 0.2062 - Val loss: 0.2914 - Boundary loss: 0.2046 - Mask loss: 0.3493 - LR: 0.00010
2025-06-12 00:17 - INFO - Checkpoint 60 saved!
2025-06-12 00:18 - INFO - Epoch 61 - Train loss: 0.1978 - Val loss: 0.2715 - Boundary loss: 0.2064 - Mask loss: 0.3149 - LR: 0.00010
2025-06-12 00:19 - INFO - Epoch 62 - Train loss: 0.1939 - Val loss: 0.2798 - Boundary loss: 0.2098 - Mask loss: 0.3265 - LR: 0.00010
2025-06-12 00:19 - INFO - Epoch 63 - Train loss: 0.1928 - Val loss: 0.2675 - Boundary loss: 0.2101 - Mask loss: 0.3058 - LR: 0.00010
2025-06-12 00:20 - INFO - Epoch 64 - Train loss: 0.1913 - Val loss: 0.2724 - Boundary loss: 0.2076 - Mask loss: 0.3156 - LR: 0.00010
2025-06-12 00:21 - INFO - Epoch 65 - Train loss: 0.1927 - Val loss: 0.2699 - Boundary loss: 0.2048 - Mask loss: 0.3133 - LR: 0.00010
2025-06-12 00:22 - INFO - Epoch 66 - Train loss: 0.1886 - Val loss: 0.2723 - Boundary loss: 0.2051 - Mask loss: 0.3170 - LR: 0.00010
2025-06-12 00:23 - INFO - Epoch 67 - Train loss: 0.1887 - Val loss: 0.2864 - Boundary loss: 0.2086 - Mask loss: 0.3384 - LR: 0.00010
2025-06-12 00:24 - INFO - Epoch 68 - Train loss: 0.1863 - Val loss: 0.2886 - Boundary loss: 0.2204 - Mask loss: 0.3340 - LR: 0.00010
2025-06-12 00:24 - INFO - Epoch 69 - Train loss: 0.1863 - Val loss: 0.2635 - Boundary loss: 0.2084 - Mask loss: 0.3003 - LR: 0.00010
2025-06-12 00:25 - INFO - Epoch 70 - Train loss: 0.1989 - Val loss: 0.2861 - Boundary loss: 0.2128 - Mask loss: 0.3349 - LR: 0.00010
2025-06-12 00:25 - INFO - Checkpoint 70 saved!
2025-06-12 00:26 - INFO - Epoch 71 - Train loss: 0.1869 - Val loss: 0.2652 - Boundary loss: 0.2069 - Mask loss: 0.3041 - LR: 0.00010
2025-06-12 00:27 - INFO - Epoch 72 - Train loss: 0.1832 - Val loss: 0.2828 - Boundary loss: 0.2035 - Mask loss: 0.3357 - LR: 0.00010
2025-06-12 00:28 - INFO - Epoch 73 - Train loss: 0.1815 - Val loss: 0.2781 - Boundary loss: 0.2109 - Mask loss: 0.3228 - LR: 0.00010
2025-06-12 00:29 - INFO - Epoch 74 - Train loss: 0.1784 - Val loss: 0.2701 - Boundary loss: 0.2110 - Mask loss: 0.3095 - LR: 0.00010
2025-06-12 00:30 - INFO - Epoch 75 - Train loss: 0.1769 - Val loss: 0.2654 - Boundary loss: 0.2079 - Mask loss: 0.3038 - LR: 0.00010
2025-06-12 00:30 - INFO - Epoch 76 - Train loss: 0.1806 - Val loss: 0.2918 - Boundary loss: 0.2122 - Mask loss: 0.3450 - LR: 0.00010
2025-06-12 00:31 - INFO - Epoch 77 - Train loss: 0.1782 - Val loss: 0.2718 - Boundary loss: 0.2113 - Mask loss: 0.3122 - LR: 0.00010
2025-06-12 00:32 - INFO - Epoch 78 - Train loss: 0.1779 - Val loss: 0.2731 - Boundary loss: 0.2064 - Mask loss: 0.3175 - LR: 0.00010
2025-06-12 00:33 - INFO - Epoch 79 - Train loss: 0.1807 - Val loss: 0.2884 - Boundary loss: 0.2108 - Mask loss: 0.3402 - LR: 0.00010
2025-06-12 00:34 - INFO - Epoch 80 - Train loss: 0.1798 - Val loss: 0.2735 - Boundary loss: 0.2134 - Mask loss: 0.3135 - LR: 0.00010
2025-06-12 00:34 - INFO - Checkpoint 80 saved!
2025-06-12 00:35 - INFO - Epoch 81 - Train loss: 0.1746 - Val loss: 0.2639 - Boundary loss: 0.2128 - Mask loss: 0.2979 - LR: 0.00010
2025-06-12 00:35 - INFO - Epoch 82 - Train loss: 0.1722 - Val loss: 0.2728 - Boundary loss: 0.2085 - Mask loss: 0.3157 - LR: 0.00010
2025-06-12 00:36 - INFO - Epoch 83 - Train loss: 0.1699 - Val loss: 0.2768 - Boundary loss: 0.2125 - Mask loss: 0.3196 - LR: 0.00010
2025-06-12 00:37 - INFO - Epoch 84 - Train loss: 0.1686 - Val loss: 0.2767 - Boundary loss: 0.2127 - Mask loss: 0.3195 - LR: 0.00010
2025-06-12 00:38 - INFO - Epoch 85 - Train loss: 0.1681 - Val loss: 0.2687 - Boundary loss: 0.2100 - Mask loss: 0.3079 - LR: 0.00010
2025-06-12 00:39 - INFO - Epoch 86 - Train loss: 0.1677 - Val loss: 0.2677 - Boundary loss: 0.2071 - Mask loss: 0.3081 - LR: 0.00010
2025-06-12 00:40 - INFO - Epoch 87 - Train loss: 0.1667 - Val loss: 0.2677 - Boundary loss: 0.2051 - Mask loss: 0.3095 - LR: 0.00010
2025-06-12 00:41 - INFO - Epoch 88 - Train loss: 0.1659 - Val loss: 0.2805 - Boundary loss: 0.2089 - Mask loss: 0.3283 - LR: 0.00010
2025-06-12 00:41 - INFO - Epoch 89 - Train loss: 0.1654 - Val loss: 0.2722 - Boundary loss: 0.2120 - Mask loss: 0.3124 - LR: 0.00010
2025-06-12 00:42 - INFO - Epoch 90 - Train loss: 0.1656 - Val loss: 0.2751 - Boundary loss: 0.2120 - Mask loss: 0.3172 - LR: 0.00010
2025-06-12 00:42 - INFO - Checkpoint 90 saved!
2025-06-12 00:43 - INFO - Epoch 91 - Train loss: 0.1660 - Val loss: 0.2897 - Boundary loss: 0.2092 - Mask loss: 0.3433 - LR: 0.00010
2025-06-12 00:44 - INFO - Epoch 92 - Train loss: 0.1732 - Val loss: 0.3265 - Boundary loss: 0.2270 - Mask loss: 0.3928 - LR: 0.00010
2025-06-12 00:45 - INFO - Epoch 93 - Train loss: 0.1655 - Val loss: 0.2760 - Boundary loss: 0.2106 - Mask loss: 0.3196 - LR: 0.00010
2025-06-12 00:46 - INFO - Epoch 94 - Train loss: 0.1623 - Val loss: 0.2804 - Boundary loss: 0.2115 - Mask loss: 0.3263 - LR: 0.00010
2025-06-12 00:47 - INFO - Epoch 95 - Train loss: 0.1600 - Val loss: 0.2658 - Boundary loss: 0.2080 - Mask loss: 0.3043 - LR: 0.00010
2025-06-12 00:47 - INFO - Epoch 96 - Train loss: 0.1575 - Val loss: 0.2626 - Boundary loss: 0.2078 - Mask loss: 0.2991 - LR: 0.00010
2025-06-12 00:48 - INFO - Epoch 97 - Train loss: 0.1570 - Val loss: 0.2808 - Boundary loss: 0.2181 - Mask loss: 0.3226 - LR: 0.00010
2025-06-12 00:49 - INFO - Epoch 98 - Train loss: 0.1563 - Val loss: 0.2749 - Boundary loss: 0.2126 - Mask loss: 0.3165 - LR: 0.00010
2025-06-12 00:50 - INFO - Epoch 99 - Train loss: 0.1566 - Val loss: 0.2846 - Boundary loss: 0.2158 - Mask loss: 0.3305 - LR: 0.00010
2025-06-12 00:51 - INFO - Epoch 100 - Train loss: 0.1549 - Val loss: 0.2779 - Boundary loss: 0.2138 - Mask loss: 0.3207 - LR: 0.00010
2025-06-12 00:51 - INFO - Checkpoint 100 saved!
