2025-06-25 00:17 - INFO - Creating dataset with 300 examples
2025-06-25 00:17 - INFO - Starting training:
        Model:           main64-4
        Loss rate:       (0.6, 0.4)
        Epochs:          100
        Batch size:      2
        Learning rate:   0.0001
        Training size:   270
        Validation size: 30
        Device:          cuda
        Checkpoints:     True
    
2025-06-25 00:17 - INFO - Model config saved to F:\Bo Yu\Bsinet_yb\Mymodel\para\jy\main64-4\model_config_main64-4.yaml
2025-06-25 00:18 - INFO - Epoch 1 - Train loss: 0.6824 - Val loss: 0.6395 - Boundary loss: 0.4952 - Mask loss: 0.7357 - LR: 0.00010
2025-06-25 00:19 - INFO - Epoch 2 - Train loss: 0.6120 - Val loss: 0.6140 - Boundary loss: 0.4315 - Mask loss: 0.7357 - LR: 0.00010
2025-06-25 00:20 - INFO - Epoch 3 - Train loss: 0.5753 - Val loss: 0.5397 - Boundary loss: 0.3739 - Mask loss: 0.6502 - LR: 0.00010
2025-06-25 00:21 - INFO - Epoch 4 - Train loss: 0.5447 - Val loss: 0.5143 - Boundary loss: 0.3602 - Mask loss: 0.6170 - LR: 0.00010
2025-06-25 00:22 - INFO - Epoch 5 - Train loss: 0.5243 - Val loss: 0.5558 - Boundary loss: 0.3475 - Mask loss: 0.6948 - LR: 0.00010
2025-06-25 00:23 - INFO - Epoch 6 - Train loss: 0.5046 - Val loss: 0.4703 - Boundary loss: 0.3315 - Mask loss: 0.5628 - LR: 0.00010
2025-06-25 00:24 - INFO - Epoch 7 - Train loss: 0.4845 - Val loss: 0.4441 - Boundary loss: 0.2907 - Mask loss: 0.5464 - LR: 0.00010
2025-06-25 00:25 - INFO - Epoch 8 - Train loss: 0.4696 - Val loss: 0.4591 - Boundary loss: 0.2476 - Mask loss: 0.6002 - LR: 0.00010
2025-06-25 00:26 - INFO - Epoch 9 - Train loss: 0.4513 - Val loss: 0.4138 - Boundary loss: 0.2526 - Mask loss: 0.5213 - LR: 0.00010
2025-06-25 00:27 - INFO - Epoch 10 - Train loss: 0.4386 - Val loss: 0.4042 - Boundary loss: 0.2280 - Mask loss: 0.5216 - LR: 0.00010
2025-06-25 00:27 - INFO - Checkpoint 10 saved!
2025-06-25 00:29 - INFO - Epoch 11 - Train loss: 0.4176 - Val loss: 0.3737 - Boundary loss: 0.2079 - Mask loss: 0.4843 - LR: 0.00010
2025-06-25 00:30 - INFO - Epoch 12 - Train loss: 0.4050 - Val loss: 0.4066 - Boundary loss: 0.2202 - Mask loss: 0.5309 - LR: 0.00010
2025-06-25 00:31 - INFO - Epoch 13 - Train loss: 0.3848 - Val loss: 0.3656 - Boundary loss: 0.1929 - Mask loss: 0.4808 - LR: 0.00010
2025-06-25 00:32 - INFO - Epoch 14 - Train loss: 0.3836 - Val loss: 0.3455 - Boundary loss: 0.1806 - Mask loss: 0.4555 - LR: 0.00010
2025-06-25 00:33 - INFO - Epoch 15 - Train loss: 0.3679 - Val loss: 0.3362 - Boundary loss: 0.1864 - Mask loss: 0.4361 - LR: 0.00010
2025-06-25 00:34 - INFO - Epoch 16 - Train loss: 0.3586 - Val loss: 0.3258 - Boundary loss: 0.1755 - Mask loss: 0.4260 - LR: 0.00010
2025-06-25 00:35 - INFO - Epoch 17 - Train loss: 0.3530 - Val loss: 0.3121 - Boundary loss: 0.1614 - Mask loss: 0.4127 - LR: 0.00010
2025-06-25 00:36 - INFO - Epoch 18 - Train loss: 0.3381 - Val loss: 0.3408 - Boundary loss: 0.1636 - Mask loss: 0.4590 - LR: 0.00010
2025-06-25 00:37 - INFO - Epoch 19 - Train loss: 0.3274 - Val loss: 0.3084 - Boundary loss: 0.1512 - Mask loss: 0.4132 - LR: 0.00010
2025-06-25 00:38 - INFO - Epoch 20 - Train loss: 0.3208 - Val loss: 0.3020 - Boundary loss: 0.1473 - Mask loss: 0.4051 - LR: 0.00010
2025-06-25 00:38 - INFO - Checkpoint 20 saved!
2025-06-25 00:39 - INFO - Epoch 21 - Train loss: 0.3068 - Val loss: 0.2898 - Boundary loss: 0.1451 - Mask loss: 0.3862 - LR: 0.00010
2025-06-25 00:40 - INFO - Epoch 22 - Train loss: 0.3032 - Val loss: 0.2960 - Boundary loss: 0.1417 - Mask loss: 0.3988 - LR: 0.00010
2025-06-25 00:41 - INFO - Epoch 23 - Train loss: 0.2916 - Val loss: 0.2911 - Boundary loss: 0.1353 - Mask loss: 0.3949 - LR: 0.00010
2025-06-25 00:42 - INFO - Epoch 24 - Train loss: 0.2810 - Val loss: 0.2743 - Boundary loss: 0.1335 - Mask loss: 0.3682 - LR: 0.00010
2025-06-25 00:43 - INFO - Epoch 25 - Train loss: 0.2742 - Val loss: 0.3040 - Boundary loss: 0.1312 - Mask loss: 0.4193 - LR: 0.00010
2025-06-25 00:44 - INFO - Epoch 26 - Train loss: 0.2716 - Val loss: 0.2765 - Boundary loss: 0.1246 - Mask loss: 0.3777 - LR: 0.00010
2025-06-25 00:46 - INFO - Epoch 27 - Train loss: 0.2637 - Val loss: 0.2653 - Boundary loss: 0.1247 - Mask loss: 0.3591 - LR: 0.00010
2025-06-25 00:47 - INFO - Epoch 28 - Train loss: 0.2527 - Val loss: 0.2648 - Boundary loss: 0.1200 - Mask loss: 0.3612 - LR: 0.00010
2025-06-25 00:48 - INFO - Epoch 29 - Train loss: 0.2437 - Val loss: 0.2560 - Boundary loss: 0.1235 - Mask loss: 0.3442 - LR: 0.00010
2025-06-25 00:49 - INFO - Epoch 30 - Train loss: 0.2369 - Val loss: 0.2600 - Boundary loss: 0.1183 - Mask loss: 0.3544 - LR: 0.00010
2025-06-25 00:49 - INFO - Checkpoint 30 saved!
2025-06-25 00:50 - INFO - Epoch 31 - Train loss: 0.2341 - Val loss: 0.2487 - Boundary loss: 0.1129 - Mask loss: 0.3393 - LR: 0.00010
2025-06-25 00:51 - INFO - Epoch 32 - Train loss: 0.2238 - Val loss: 0.2462 - Boundary loss: 0.1151 - Mask loss: 0.3336 - LR: 0.00010
2025-06-25 00:52 - INFO - Epoch 33 - Train loss: 0.2213 - Val loss: 0.2442 - Boundary loss: 0.1131 - Mask loss: 0.3316 - LR: 0.00010
2025-06-25 00:53 - INFO - Epoch 34 - Train loss: 0.2115 - Val loss: 0.2240 - Boundary loss: 0.1095 - Mask loss: 0.3003 - LR: 0.00010
2025-06-25 00:54 - INFO - Epoch 35 - Train loss: 0.2055 - Val loss: 0.2213 - Boundary loss: 0.1091 - Mask loss: 0.2961 - LR: 0.00010
2025-06-25 00:55 - INFO - Epoch 36 - Train loss: 0.2063 - Val loss: 0.2238 - Boundary loss: 0.1064 - Mask loss: 0.3022 - LR: 0.00010
2025-06-25 00:56 - INFO - Epoch 37 - Train loss: 0.1924 - Val loss: 0.2219 - Boundary loss: 0.1112 - Mask loss: 0.2957 - LR: 0.00010
2025-06-25 00:57 - INFO - Epoch 38 - Train loss: 0.1864 - Val loss: 0.2247 - Boundary loss: 0.1085 - Mask loss: 0.3021 - LR: 0.00010
2025-06-25 00:58 - INFO - Epoch 39 - Train loss: 0.1838 - Val loss: 0.2101 - Boundary loss: 0.1074 - Mask loss: 0.2786 - LR: 0.00010
2025-06-25 00:59 - INFO - Epoch 40 - Train loss: 0.1756 - Val loss: 0.2038 - Boundary loss: 0.1040 - Mask loss: 0.2703 - LR: 0.00010
2025-06-25 00:59 - INFO - Checkpoint 40 saved!
2025-06-25 01:00 - INFO - Epoch 41 - Train loss: 0.1676 - Val loss: 0.1991 - Boundary loss: 0.1026 - Mask loss: 0.2635 - LR: 0.00010
2025-06-25 01:01 - INFO - Epoch 42 - Train loss: 0.1663 - Val loss: 0.1976 - Boundary loss: 0.1026 - Mask loss: 0.2610 - LR: 0.00010
2025-06-25 01:02 - INFO - Epoch 43 - Train loss: 0.1781 - Val loss: 0.2055 - Boundary loss: 0.1004 - Mask loss: 0.2756 - LR: 0.00010
2025-06-25 01:04 - INFO - Epoch 44 - Train loss: 0.1568 - Val loss: 0.1931 - Boundary loss: 0.1008 - Mask loss: 0.2545 - LR: 0.00010
2025-06-25 01:05 - INFO - Epoch 45 - Train loss: 0.1523 - Val loss: 0.1854 - Boundary loss: 0.1001 - Mask loss: 0.2422 - LR: 0.00010
2025-06-25 01:06 - INFO - Epoch 46 - Train loss: 0.1558 - Val loss: 0.1953 - Boundary loss: 0.1010 - Mask loss: 0.2581 - LR: 0.00010
2025-06-25 01:07 - INFO - Epoch 47 - Train loss: 0.1457 - Val loss: 0.1800 - Boundary loss: 0.0987 - Mask loss: 0.2342 - LR: 0.00010
2025-06-25 01:08 - INFO - Epoch 48 - Train loss: 0.1401 - Val loss: 0.1917 - Boundary loss: 0.0984 - Mask loss: 0.2538 - LR: 0.00010
2025-06-25 01:09 - INFO - Epoch 49 - Train loss: 0.1364 - Val loss: 0.1847 - Boundary loss: 0.0976 - Mask loss: 0.2427 - LR: 0.00010
2025-06-25 01:10 - INFO - Epoch 50 - Train loss: 0.1353 - Val loss: 0.1845 - Boundary loss: 0.0986 - Mask loss: 0.2418 - LR: 0.00010
2025-06-25 01:10 - INFO - Checkpoint 50 saved!
2025-06-25 01:11 - INFO - Epoch 51 - Train loss: 0.1370 - Val loss: 0.1764 - Boundary loss: 0.0962 - Mask loss: 0.2299 - LR: 0.00010
2025-06-25 01:12 - INFO - Epoch 52 - Train loss: 0.1332 - Val loss: 0.1886 - Boundary loss: 0.0974 - Mask loss: 0.2494 - LR: 0.00010
2025-06-25 01:13 - INFO - Epoch 53 - Train loss: 0.1319 - Val loss: 0.1761 - Boundary loss: 0.0960 - Mask loss: 0.2295 - LR: 0.00010
2025-06-25 01:14 - INFO - Epoch 54 - Train loss: 0.1245 - Val loss: 0.1758 - Boundary loss: 0.0973 - Mask loss: 0.2282 - LR: 0.00010
2025-06-25 01:15 - INFO - Epoch 55 - Train loss: 0.1216 - Val loss: 0.1661 - Boundary loss: 0.0942 - Mask loss: 0.2141 - LR: 0.00010
2025-06-25 01:16 - INFO - Epoch 56 - Train loss: 0.1202 - Val loss: 0.1705 - Boundary loss: 0.0947 - Mask loss: 0.2210 - LR: 0.00010
2025-06-25 01:17 - INFO - Epoch 57 - Train loss: 0.1178 - Val loss: 0.1704 - Boundary loss: 0.0942 - Mask loss: 0.2212 - LR: 0.00010
2025-06-25 01:18 - INFO - Epoch 58 - Train loss: 0.1187 - Val loss: 0.1723 - Boundary loss: 0.0933 - Mask loss: 0.2249 - LR: 0.00010
2025-06-25 01:19 - INFO - Epoch 59 - Train loss: 0.1173 - Val loss: 0.1716 - Boundary loss: 0.0934 - Mask loss: 0.2237 - LR: 0.00010
2025-06-25 01:20 - INFO - Epoch 60 - Train loss: 0.1173 - Val loss: 0.1792 - Boundary loss: 0.0941 - Mask loss: 0.2360 - LR: 0.00010
2025-06-25 01:20 - INFO - Checkpoint 60 saved!
2025-06-25 01:21 - INFO - Epoch 61 - Train loss: 0.1204 - Val loss: 0.1681 - Boundary loss: 0.0938 - Mask loss: 0.2176 - LR: 0.00010
2025-06-25 01:22 - INFO - Epoch 62 - Train loss: 0.1149 - Val loss: 0.1685 - Boundary loss: 0.0925 - Mask loss: 0.2191 - LR: 0.00010
2025-06-25 01:24 - INFO - Epoch 63 - Train loss: 0.1130 - Val loss: 0.1992 - Boundary loss: 0.0950 - Mask loss: 0.2686 - LR: 0.00010
2025-06-25 01:25 - INFO - Epoch 64 - Train loss: 0.1279 - Val loss: 0.1770 - Boundary loss: 0.0933 - Mask loss: 0.2328 - LR: 0.00010
2025-06-25 01:26 - INFO - Epoch 65 - Train loss: 0.1205 - Val loss: 0.1705 - Boundary loss: 0.0926 - Mask loss: 0.2224 - LR: 0.00010
2025-06-25 01:27 - INFO - Epoch 66 - Train loss: 0.1093 - Val loss: 0.1719 - Boundary loss: 0.0921 - Mask loss: 0.2250 - LR: 0.00010
2025-06-25 01:28 - INFO - Epoch 67 - Train loss: 0.1054 - Val loss: 0.1650 - Boundary loss: 0.0916 - Mask loss: 0.2139 - LR: 0.00010
2025-06-25 01:29 - INFO - Epoch 68 - Train loss: 0.1016 - Val loss: 0.1565 - Boundary loss: 0.0904 - Mask loss: 0.2006 - LR: 0.00010
2025-06-25 01:30 - INFO - Epoch 69 - Train loss: 0.0993 - Val loss: 0.1612 - Boundary loss: 0.0903 - Mask loss: 0.2085 - LR: 0.00010
2025-06-25 01:31 - INFO - Epoch 70 - Train loss: 0.0981 - Val loss: 0.1581 - Boundary loss: 0.0902 - Mask loss: 0.2033 - LR: 0.00010
2025-06-25 01:31 - INFO - Checkpoint 70 saved!
2025-06-25 01:32 - INFO - Epoch 71 - Train loss: 0.0958 - Val loss: 0.1623 - Boundary loss: 0.0896 - Mask loss: 0.2108 - LR: 0.00010
2025-06-25 01:33 - INFO - Epoch 72 - Train loss: 0.0948 - Val loss: 0.1567 - Boundary loss: 0.0890 - Mask loss: 0.2018 - LR: 0.00010
2025-06-25 01:34 - INFO - Epoch 73 - Train loss: 0.0930 - Val loss: 0.1559 - Boundary loss: 0.0889 - Mask loss: 0.2006 - LR: 0.00010
2025-06-25 01:35 - INFO - Epoch 74 - Train loss: 0.0930 - Val loss: 0.1592 - Boundary loss: 0.0898 - Mask loss: 0.2054 - LR: 0.00010
2025-06-25 01:36 - INFO - Epoch 75 - Train loss: 0.0933 - Val loss: 0.1625 - Boundary loss: 0.0892 - Mask loss: 0.2113 - LR: 0.00010
2025-06-25 01:37 - INFO - Epoch 76 - Train loss: 0.0924 - Val loss: 0.1604 - Boundary loss: 0.0891 - Mask loss: 0.2078 - LR: 0.00010
2025-06-25 01:38 - INFO - Epoch 77 - Train loss: 0.0884 - Val loss: 0.1561 - Boundary loss: 0.0878 - Mask loss: 0.2016 - LR: 0.00010
2025-06-25 01:39 - INFO - Epoch 78 - Train loss: 0.0870 - Val loss: 0.1581 - Boundary loss: 0.0886 - Mask loss: 0.2044 - LR: 0.00010
2025-06-25 01:40 - INFO - Epoch 79 - Train loss: 0.0864 - Val loss: 0.1626 - Boundary loss: 0.0907 - Mask loss: 0.2105 - LR: 0.00010
2025-06-25 01:41 - INFO - Epoch 80 - Train loss: 0.0890 - Val loss: 0.1677 - Boundary loss: 0.0897 - Mask loss: 0.2196 - LR: 0.00010
2025-06-25 01:41 - INFO - Checkpoint 80 saved!
2025-06-25 01:42 - INFO - Epoch 81 - Train loss: 0.0865 - Val loss: 0.1565 - Boundary loss: 0.0878 - Mask loss: 0.2023 - LR: 0.00010
2025-06-25 01:43 - INFO - Epoch 82 - Train loss: 0.0892 - Val loss: 0.1821 - Boundary loss: 0.0924 - Mask loss: 0.2419 - LR: 0.00010
2025-06-25 01:44 - INFO - Epoch 83 - Train loss: 0.1219 - Val loss: 0.1812 - Boundary loss: 0.0928 - Mask loss: 0.2401 - LR: 0.00010
2025-06-25 01:46 - INFO - Epoch 84 - Train loss: 0.1041 - Val loss: 0.1553 - Boundary loss: 0.0887 - Mask loss: 0.1998 - LR: 0.00010
2025-06-25 01:47 - INFO - Epoch 85 - Train loss: 0.0929 - Val loss: 0.1524 - Boundary loss: 0.0875 - Mask loss: 0.1957 - LR: 0.00010
2025-06-25 01:48 - INFO - Epoch 86 - Train loss: 0.0842 - Val loss: 0.1501 - Boundary loss: 0.0868 - Mask loss: 0.1923 - LR: 0.00010
2025-06-25 01:49 - INFO - Epoch 87 - Train loss: 0.0812 - Val loss: 0.1452 - Boundary loss: 0.0865 - Mask loss: 0.1844 - LR: 0.00010
2025-06-25 01:50 - INFO - Epoch 88 - Train loss: 0.0788 - Val loss: 0.1482 - Boundary loss: 0.0873 - Mask loss: 0.1888 - LR: 0.00010
2025-06-25 01:51 - INFO - Epoch 89 - Train loss: 0.0804 - Val loss: 0.1491 - Boundary loss: 0.0870 - Mask loss: 0.1905 - LR: 0.00010
2025-06-25 01:52 - INFO - Epoch 90 - Train loss: 0.0780 - Val loss: 0.1518 - Boundary loss: 0.0863 - Mask loss: 0.1956 - LR: 0.00010
2025-06-25 01:52 - INFO - Checkpoint 90 saved!
2025-06-25 01:53 - INFO - Epoch 91 - Train loss: 0.0808 - Val loss: 0.1487 - Boundary loss: 0.0868 - Mask loss: 0.1899 - LR: 0.00010
2025-06-25 01:54 - INFO - Epoch 92 - Train loss: 0.0771 - Val loss: 0.1461 - Boundary loss: 0.0857 - Mask loss: 0.1864 - LR: 0.00010
2025-06-25 01:55 - INFO - Epoch 93 - Train loss: 0.0745 - Val loss: 0.1457 - Boundary loss: 0.0857 - Mask loss: 0.1857 - LR: 0.00010
2025-06-25 01:56 - INFO - Epoch 94 - Train loss: 0.0729 - Val loss: 0.1448 - Boundary loss: 0.0857 - Mask loss: 0.1842 - LR: 0.00010
2025-06-25 01:57 - INFO - Epoch 95 - Train loss: 0.0725 - Val loss: 0.1458 - Boundary loss: 0.0852 - Mask loss: 0.1862 - LR: 0.00010
2025-06-25 01:58 - INFO - Epoch 96 - Train loss: 0.0722 - Val loss: 0.1451 - Boundary loss: 0.0852 - Mask loss: 0.1850 - LR: 0.00010
2025-06-25 01:59 - INFO - Epoch 97 - Train loss: 0.0708 - Val loss: 0.1442 - Boundary loss: 0.0859 - Mask loss: 0.1831 - LR: 0.00010
2025-06-25 02:00 - INFO - Epoch 98 - Train loss: 0.0699 - Val loss: 0.1496 - Boundary loss: 0.0854 - Mask loss: 0.1925 - LR: 0.00010
2025-06-25 02:01 - INFO - Epoch 99 - Train loss: 0.0703 - Val loss: 0.1491 - Boundary loss: 0.0870 - Mask loss: 0.1905 - LR: 0.00010
2025-06-25 02:02 - INFO - Epoch 100 - Train loss: 0.0716 - Val loss: 0.1465 - Boundary loss: 0.0850 - Mask loss: 0.1875 - LR: 0.00010
2025-06-25 02:02 - INFO - Checkpoint 100 saved!
