2025-06-19 00:55 - INFO - Creating dataset with 266 examples
2025-06-19 00:55 - INFO - Starting training:
        Model:           main55
        Loss rate:       (0.5, 0.5)
        Epochs:          100
        Batch size:      2
        Learning rate:   0.0001
        Training size:   240
        Validation size: 26
        Device:          cuda
        Checkpoints:     True
    
2025-06-19 00:55 - INFO - Model config saved to F:\Bo Yu\Bsinet_yb\Mymodel\para\hl\main55\model_config_main55.yaml
2025-06-19 00:55 - INFO - Epoch 1 - Train loss: 0.6154 - Val loss: 0.5501 - Boundary loss: 0.5338 - Mask loss: 0.5665 - LR: 0.00010
2025-06-19 00:56 - INFO - Epoch 2 - Train loss: 0.5250 - Val loss: 0.4902 - Boundary loss: 0.4507 - Mask loss: 0.5297 - LR: 0.00010
2025-06-19 00:57 - INFO - Epoch 3 - Train loss: 0.4849 - Val loss: 0.4603 - Boundary loss: 0.4306 - Mask loss: 0.4899 - LR: 0.00010
2025-06-19 00:58 - INFO - Epoch 4 - Train loss: 0.4629 - Val loss: 0.4305 - Boundary loss: 0.3967 - Mask loss: 0.4644 - LR: 0.00010
2025-06-19 00:59 - INFO - Epoch 5 - Train loss: 0.4415 - Val loss: 0.4149 - Boundary loss: 0.3785 - Mask loss: 0.4513 - LR: 0.00010
2025-06-19 01:00 - INFO - Epoch 6 - Train loss: 0.4201 - Val loss: 0.3972 - Boundary loss: 0.3520 - Mask loss: 0.4424 - LR: 0.00010
2025-06-19 01:01 - INFO - Epoch 7 - Train loss: 0.4009 - Val loss: 0.3681 - Boundary loss: 0.3262 - Mask loss: 0.4101 - LR: 0.00010
2025-06-19 01:02 - INFO - Epoch 8 - Train loss: 0.3859 - Val loss: 0.3619 - Boundary loss: 0.3170 - Mask loss: 0.4068 - LR: 0.00010
2025-06-19 01:03 - INFO - Epoch 9 - Train loss: 0.3744 - Val loss: 0.3379 - Boundary loss: 0.2835 - Mask loss: 0.3923 - LR: 0.00010
2025-06-19 01:04 - INFO - Epoch 10 - Train loss: 0.3651 - Val loss: 0.3263 - Boundary loss: 0.2726 - Mask loss: 0.3800 - LR: 0.00010
2025-06-19 01:04 - INFO - Checkpoint 10 saved!
2025-06-19 01:04 - INFO - Epoch 11 - Train loss: 0.3534 - Val loss: 0.3288 - Boundary loss: 0.2665 - Mask loss: 0.3912 - LR: 0.00010
2025-06-19 01:05 - INFO - Epoch 12 - Train loss: 0.3399 - Val loss: 0.3115 - Boundary loss: 0.2567 - Mask loss: 0.3663 - LR: 0.00010
2025-06-19 01:06 - INFO - Epoch 13 - Train loss: 0.3339 - Val loss: 0.3138 - Boundary loss: 0.2531 - Mask loss: 0.3745 - LR: 0.00010
2025-06-19 01:07 - INFO - Epoch 14 - Train loss: 0.3279 - Val loss: 0.3036 - Boundary loss: 0.2506 - Mask loss: 0.3567 - LR: 0.00010
2025-06-19 01:08 - INFO - Epoch 15 - Train loss: 0.3213 - Val loss: 0.3108 - Boundary loss: 0.2526 - Mask loss: 0.3689 - LR: 0.00010
2025-06-19 01:09 - INFO - Epoch 16 - Train loss: 0.3107 - Val loss: 0.2979 - Boundary loss: 0.2363 - Mask loss: 0.3595 - LR: 0.00010
2025-06-19 01:10 - INFO - Epoch 17 - Train loss: 0.3106 - Val loss: 0.2880 - Boundary loss: 0.2272 - Mask loss: 0.3488 - LR: 0.00010
2025-06-19 01:11 - INFO - Epoch 18 - Train loss: 0.3032 - Val loss: 0.2949 - Boundary loss: 0.2416 - Mask loss: 0.3482 - LR: 0.00010
2025-06-19 01:12 - INFO - Epoch 19 - Train loss: 0.2970 - Val loss: 0.2929 - Boundary loss: 0.2354 - Mask loss: 0.3505 - LR: 0.00010
2025-06-19 01:13 - INFO - Epoch 20 - Train loss: 0.2928 - Val loss: 0.2776 - Boundary loss: 0.2195 - Mask loss: 0.3358 - LR: 0.00010
2025-06-19 01:13 - INFO - Checkpoint 20 saved!
2025-06-19 01:14 - INFO - Epoch 21 - Train loss: 0.2975 - Val loss: 0.2868 - Boundary loss: 0.2196 - Mask loss: 0.3540 - LR: 0.00010
2025-06-19 01:14 - INFO - Epoch 22 - Train loss: 0.2877 - Val loss: 0.2752 - Boundary loss: 0.2152 - Mask loss: 0.3352 - LR: 0.00010
2025-06-19 01:15 - INFO - Epoch 23 - Train loss: 0.2855 - Val loss: 0.2690 - Boundary loss: 0.2109 - Mask loss: 0.3271 - LR: 0.00010
2025-06-19 01:16 - INFO - Epoch 24 - Train loss: 0.2798 - Val loss: 0.2641 - Boundary loss: 0.2097 - Mask loss: 0.3184 - LR: 0.00010
2025-06-19 01:17 - INFO - Epoch 25 - Train loss: 0.2742 - Val loss: 0.2668 - Boundary loss: 0.2108 - Mask loss: 0.3229 - LR: 0.00010
2025-06-19 01:18 - INFO - Epoch 26 - Train loss: 0.2762 - Val loss: 0.2729 - Boundary loss: 0.2161 - Mask loss: 0.3298 - LR: 0.00010
2025-06-19 01:19 - INFO - Epoch 27 - Train loss: 0.2677 - Val loss: 0.2679 - Boundary loss: 0.2116 - Mask loss: 0.3243 - LR: 0.00010
2025-06-19 01:20 - INFO - Epoch 28 - Train loss: 0.2683 - Val loss: 0.2675 - Boundary loss: 0.2037 - Mask loss: 0.3312 - LR: 0.00010
2025-06-19 01:21 - INFO - Epoch 29 - Train loss: 0.2690 - Val loss: 0.2629 - Boundary loss: 0.2029 - Mask loss: 0.3228 - LR: 0.00010
2025-06-19 01:22 - INFO - Epoch 30 - Train loss: 0.2605 - Val loss: 0.2620 - Boundary loss: 0.2007 - Mask loss: 0.3233 - LR: 0.00010
2025-06-19 01:22 - INFO - Checkpoint 30 saved!
2025-06-19 01:23 - INFO - Epoch 31 - Train loss: 0.2673 - Val loss: 0.2636 - Boundary loss: 0.2012 - Mask loss: 0.3259 - LR: 0.00010
2025-06-19 01:23 - INFO - Epoch 32 - Train loss: 0.2623 - Val loss: 0.2592 - Boundary loss: 0.2055 - Mask loss: 0.3129 - LR: 0.00010
2025-06-19 01:24 - INFO - Epoch 33 - Train loss: 0.2577 - Val loss: 0.2578 - Boundary loss: 0.1983 - Mask loss: 0.3173 - LR: 0.00010
2025-06-19 01:25 - INFO - Epoch 34 - Train loss: 0.2524 - Val loss: 0.2567 - Boundary loss: 0.1997 - Mask loss: 0.3137 - LR: 0.00010
2025-06-19 01:26 - INFO - Epoch 35 - Train loss: 0.2602 - Val loss: 0.2607 - Boundary loss: 0.1969 - Mask loss: 0.3246 - LR: 0.00010
2025-06-19 01:27 - INFO - Epoch 36 - Train loss: 0.2503 - Val loss: 0.2526 - Boundary loss: 0.1957 - Mask loss: 0.3096 - LR: 0.00010
2025-06-19 01:28 - INFO - Epoch 37 - Train loss: 0.2484 - Val loss: 0.2525 - Boundary loss: 0.1961 - Mask loss: 0.3089 - LR: 0.00010
2025-06-19 01:29 - INFO - Epoch 38 - Train loss: 0.2482 - Val loss: 0.2559 - Boundary loss: 0.1956 - Mask loss: 0.3163 - LR: 0.00010
2025-06-19 01:30 - INFO - Epoch 39 - Train loss: 0.2446 - Val loss: 0.2587 - Boundary loss: 0.1960 - Mask loss: 0.3214 - LR: 0.00010
2025-06-19 01:31 - INFO - Epoch 40 - Train loss: 0.2516 - Val loss: 0.2555 - Boundary loss: 0.1951 - Mask loss: 0.3160 - LR: 0.00010
2025-06-19 01:31 - INFO - Checkpoint 40 saved!
2025-06-19 01:32 - INFO - Epoch 41 - Train loss: 0.2509 - Val loss: 0.2583 - Boundary loss: 0.1941 - Mask loss: 0.3224 - LR: 0.00010
2025-06-19 01:33 - INFO - Epoch 42 - Train loss: 0.2466 - Val loss: 0.2517 - Boundary loss: 0.1926 - Mask loss: 0.3107 - LR: 0.00010
2025-06-19 01:33 - INFO - Epoch 43 - Train loss: 0.2398 - Val loss: 0.2514 - Boundary loss: 0.1931 - Mask loss: 0.3097 - LR: 0.00010
2025-06-19 01:34 - INFO - Epoch 44 - Train loss: 0.2371 - Val loss: 0.2507 - Boundary loss: 0.1914 - Mask loss: 0.3099 - LR: 0.00010
2025-06-19 01:35 - INFO - Epoch 45 - Train loss: 0.2353 - Val loss: 0.2511 - Boundary loss: 0.1919 - Mask loss: 0.3104 - LR: 0.00010
2025-06-19 01:36 - INFO - Epoch 46 - Train loss: 0.2336 - Val loss: 0.2495 - Boundary loss: 0.1914 - Mask loss: 0.3077 - LR: 0.00010
2025-06-19 01:37 - INFO - Epoch 47 - Train loss: 0.2321 - Val loss: 0.2541 - Boundary loss: 0.1900 - Mask loss: 0.3182 - LR: 0.00010
2025-06-19 01:38 - INFO - Epoch 48 - Train loss: 0.2323 - Val loss: 0.2527 - Boundary loss: 0.1914 - Mask loss: 0.3140 - LR: 0.00010
2025-06-19 01:39 - INFO - Epoch 49 - Train loss: 0.2340 - Val loss: 0.2475 - Boundary loss: 0.1902 - Mask loss: 0.3049 - LR: 0.00010
2025-06-19 01:40 - INFO - Epoch 50 - Train loss: 0.2310 - Val loss: 0.2490 - Boundary loss: 0.1893 - Mask loss: 0.3087 - LR: 0.00010
2025-06-19 01:40 - INFO - Checkpoint 50 saved!
2025-06-19 01:41 - INFO - Epoch 51 - Train loss: 0.2273 - Val loss: 0.2500 - Boundary loss: 0.1921 - Mask loss: 0.3080 - LR: 0.00010
2025-06-19 01:42 - INFO - Epoch 52 - Train loss: 0.2293 - Val loss: 0.2507 - Boundary loss: 0.1894 - Mask loss: 0.3120 - LR: 0.00010
2025-06-19 01:43 - INFO - Epoch 53 - Train loss: 0.2272 - Val loss: 0.2538 - Boundary loss: 0.1928 - Mask loss: 0.3148 - LR: 0.00010
2025-06-19 01:43 - INFO - Epoch 54 - Train loss: 0.2252 - Val loss: 0.2502 - Boundary loss: 0.1883 - Mask loss: 0.3122 - LR: 0.00010
2025-06-19 01:44 - INFO - Epoch 55 - Train loss: 0.2227 - Val loss: 0.2498 - Boundary loss: 0.1876 - Mask loss: 0.3121 - LR: 0.00010
2025-06-19 01:45 - INFO - Epoch 56 - Train loss: 0.2208 - Val loss: 0.2453 - Boundary loss: 0.1862 - Mask loss: 0.3043 - LR: 0.00010
2025-06-19 01:46 - INFO - Epoch 57 - Train loss: 0.2232 - Val loss: 0.2501 - Boundary loss: 0.1875 - Mask loss: 0.3127 - LR: 0.00010
2025-06-19 01:47 - INFO - Epoch 58 - Train loss: 0.2209 - Val loss: 0.2471 - Boundary loss: 0.1877 - Mask loss: 0.3065 - LR: 0.00010
2025-06-19 01:48 - INFO - Epoch 59 - Train loss: 0.2232 - Val loss: 0.2901 - Boundary loss: 0.1925 - Mask loss: 0.3877 - LR: 0.00010
2025-06-19 01:49 - INFO - Epoch 60 - Train loss: 0.2375 - Val loss: 0.2502 - Boundary loss: 0.1893 - Mask loss: 0.3112 - LR: 0.00010
2025-06-19 01:49 - INFO - Checkpoint 60 saved!
2025-06-19 01:50 - INFO - Epoch 61 - Train loss: 0.2232 - Val loss: 0.2433 - Boundary loss: 0.1864 - Mask loss: 0.3002 - LR: 0.00010
2025-06-19 01:51 - INFO - Epoch 62 - Train loss: 0.2173 - Val loss: 0.2416 - Boundary loss: 0.1858 - Mask loss: 0.2975 - LR: 0.00010
2025-06-19 01:52 - INFO - Epoch 63 - Train loss: 0.2142 - Val loss: 0.2430 - Boundary loss: 0.1874 - Mask loss: 0.2986 - LR: 0.00010
2025-06-19 01:52 - INFO - Epoch 64 - Train loss: 0.2125 - Val loss: 0.2423 - Boundary loss: 0.1860 - Mask loss: 0.2985 - LR: 0.00010
2025-06-19 01:53 - INFO - Epoch 65 - Train loss: 0.2131 - Val loss: 0.2450 - Boundary loss: 0.1863 - Mask loss: 0.3038 - LR: 0.00010
2025-06-19 01:54 - INFO - Epoch 66 - Train loss: 0.2118 - Val loss: 0.2408 - Boundary loss: 0.1849 - Mask loss: 0.2967 - LR: 0.00010
2025-06-19 01:55 - INFO - Epoch 67 - Train loss: 0.2088 - Val loss: 0.2435 - Boundary loss: 0.1844 - Mask loss: 0.3026 - LR: 0.00010
2025-06-19 01:56 - INFO - Epoch 68 - Train loss: 0.2084 - Val loss: 0.2409 - Boundary loss: 0.1847 - Mask loss: 0.2971 - LR: 0.00010
2025-06-19 01:57 - INFO - Epoch 69 - Train loss: 0.2081 - Val loss: 0.2418 - Boundary loss: 0.1854 - Mask loss: 0.2982 - LR: 0.00010
2025-06-19 01:58 - INFO - Epoch 70 - Train loss: 0.2066 - Val loss: 0.2424 - Boundary loss: 0.1839 - Mask loss: 0.3008 - LR: 0.00010
2025-06-19 01:58 - INFO - Checkpoint 70 saved!
2025-06-19 01:59 - INFO - Epoch 71 - Train loss: 0.2052 - Val loss: 0.2427 - Boundary loss: 0.1844 - Mask loss: 0.3010 - LR: 0.00010
2025-06-19 02:00 - INFO - Epoch 72 - Train loss: 0.2053 - Val loss: 0.2445 - Boundary loss: 0.1848 - Mask loss: 0.3042 - LR: 0.00010
2025-06-19 02:01 - INFO - Epoch 73 - Train loss: 0.2074 - Val loss: 0.2442 - Boundary loss: 0.1831 - Mask loss: 0.3052 - LR: 0.00010
2025-06-19 02:02 - INFO - Epoch 74 - Train loss: 0.2056 - Val loss: 0.2446 - Boundary loss: 0.1834 - Mask loss: 0.3058 - LR: 0.00010
2025-06-19 02:02 - INFO - Epoch 75 - Train loss: 0.2032 - Val loss: 0.2435 - Boundary loss: 0.1825 - Mask loss: 0.3045 - LR: 0.00010
2025-06-19 02:03 - INFO - Epoch 76 - Train loss: 0.2025 - Val loss: 0.2462 - Boundary loss: 0.1836 - Mask loss: 0.3088 - LR: 0.00010
2025-06-19 02:04 - INFO - Epoch 77 - Train loss: 0.2024 - Val loss: 0.2421 - Boundary loss: 0.1844 - Mask loss: 0.2998 - LR: 0.00010
2025-06-19 02:05 - INFO - Epoch 78 - Train loss: 0.1999 - Val loss: 0.2463 - Boundary loss: 0.1821 - Mask loss: 0.3105 - LR: 0.00010
2025-06-19 02:06 - INFO - Epoch 79 - Train loss: 0.1972 - Val loss: 0.2453 - Boundary loss: 0.1825 - Mask loss: 0.3081 - LR: 0.00010
2025-06-19 02:07 - INFO - Epoch 80 - Train loss: 0.1951 - Val loss: 0.2424 - Boundary loss: 0.1824 - Mask loss: 0.3023 - LR: 0.00010
2025-06-19 02:07 - INFO - Checkpoint 80 saved!
2025-06-19 02:08 - INFO - Epoch 81 - Train loss: 0.1946 - Val loss: 0.2435 - Boundary loss: 0.1819 - Mask loss: 0.3051 - LR: 0.00010
2025-06-19 02:09 - INFO - Epoch 82 - Train loss: 0.1936 - Val loss: 0.2419 - Boundary loss: 0.1821 - Mask loss: 0.3016 - LR: 0.00010
2025-06-19 02:10 - INFO - Epoch 83 - Train loss: 0.1945 - Val loss: 0.2450 - Boundary loss: 0.1836 - Mask loss: 0.3065 - LR: 0.00010
2025-06-19 02:11 - INFO - Epoch 84 - Train loss: 0.1925 - Val loss: 0.2410 - Boundary loss: 0.1811 - Mask loss: 0.3009 - LR: 0.00010
2025-06-19 02:12 - INFO - Epoch 85 - Train loss: 0.1910 - Val loss: 0.2431 - Boundary loss: 0.1821 - Mask loss: 0.3040 - LR: 0.00010
2025-06-19 02:12 - INFO - Epoch 86 - Train loss: 0.1904 - Val loss: 0.2481 - Boundary loss: 0.1833 - Mask loss: 0.3130 - LR: 0.00010
2025-06-19 02:13 - INFO - Epoch 87 - Train loss: 0.1916 - Val loss: 0.2439 - Boundary loss: 0.1829 - Mask loss: 0.3048 - LR: 0.00010
2025-06-19 02:14 - INFO - Epoch 88 - Train loss: 0.1886 - Val loss: 0.2497 - Boundary loss: 0.1822 - Mask loss: 0.3173 - LR: 0.00010
2025-06-19 02:15 - INFO - Epoch 89 - Train loss: 0.1869 - Val loss: 0.2447 - Boundary loss: 0.1810 - Mask loss: 0.3084 - LR: 0.00010
2025-06-19 02:16 - INFO - Epoch 90 - Train loss: 0.1850 - Val loss: 0.2467 - Boundary loss: 0.1815 - Mask loss: 0.3119 - LR: 0.00010
2025-06-19 02:16 - INFO - Checkpoint 90 saved!
2025-06-19 02:17 - INFO - Epoch 91 - Train loss: 0.1836 - Val loss: 0.2490 - Boundary loss: 0.1817 - Mask loss: 0.3162 - LR: 0.00010
2025-06-19 02:18 - INFO - Epoch 92 - Train loss: 0.1833 - Val loss: 0.2408 - Boundary loss: 0.1814 - Mask loss: 0.3002 - LR: 0.00010
2025-06-19 02:19 - INFO - Epoch 93 - Train loss: 0.1839 - Val loss: 0.2495 - Boundary loss: 0.1832 - Mask loss: 0.3158 - LR: 0.00010
2025-06-19 02:20 - INFO - Epoch 94 - Train loss: 0.1811 - Val loss: 0.2435 - Boundary loss: 0.1822 - Mask loss: 0.3048 - LR: 0.00010
2025-06-19 02:21 - INFO - Epoch 95 - Train loss: 0.1844 - Val loss: 0.2468 - Boundary loss: 0.1835 - Mask loss: 0.3100 - LR: 0.00010
2025-06-19 02:22 - INFO - Epoch 96 - Train loss: 0.1828 - Val loss: 0.2443 - Boundary loss: 0.1827 - Mask loss: 0.3060 - LR: 0.00010
2025-06-19 02:22 - INFO - Epoch 97 - Train loss: 0.1790 - Val loss: 0.2465 - Boundary loss: 0.1814 - Mask loss: 0.3116 - LR: 0.00010
2025-06-19 02:23 - INFO - Epoch 98 - Train loss: 0.1774 - Val loss: 0.2463 - Boundary loss: 0.1820 - Mask loss: 0.3106 - LR: 0.00010
2025-06-19 02:24 - INFO - Epoch 99 - Train loss: 0.1769 - Val loss: 0.2432 - Boundary loss: 0.1813 - Mask loss: 0.3051 - LR: 0.00010
2025-06-19 02:25 - INFO - Epoch 100 - Train loss: 0.1777 - Val loss: 0.2435 - Boundary loss: 0.1803 - Mask loss: 0.3067 - LR: 0.00010
2025-06-19 02:25 - INFO - Checkpoint 100 saved!
