2025-12-02 19:06 - INFO - Creating dataset with 266 examples
2025-12-02 19:06 - INFO - Starting training:
        Model:           main64-gaussian_noise3
        Loss rate:       (0.6, 0.4)
        Epochs:          100
        Batch size:      2
        Learning rate:   0.0001
        Training size:   240
        Validation size: 26
        Device:          cuda
        Checkpoints:     True
    
2025-12-02 19:06 - INFO - Model config saved to F:\Bo Yu\Bsinet_yb\Mymodel\noise\HL\main64\gaussian_noise3\model_config_main64-gaussian_noise3.yaml
2025-12-02 19:07 - INFO - Epoch 1 - Train loss: 0.6002 - Val loss: 0.5017 - Boundary loss: 0.4001 - Mask loss: 0.5693 - LR: 0.00010
2025-12-02 19:08 - INFO - Epoch 2 - Train loss: 0.5253 - Val loss: 0.4893 - Boundary loss: 0.3627 - Mask loss: 0.5737 - LR: 0.00010
2025-12-02 19:09 - INFO - Epoch 3 - Train loss: 0.5022 - Val loss: 0.4377 - Boundary loss: 0.3310 - Mask loss: 0.5089 - LR: 0.00010
2025-12-02 19:10 - INFO - Epoch 4 - Train loss: 0.4722 - Val loss: 0.4328 - Boundary loss: 0.3237 - Mask loss: 0.5056 - LR: 0.00010
2025-12-02 19:10 - INFO - Epoch 5 - Train loss: 0.4548 - Val loss: 0.3999 - Boundary loss: 0.3163 - Mask loss: 0.4557 - LR: 0.00010
2025-12-02 19:11 - INFO - Epoch 6 - Train loss: 0.4376 - Val loss: 0.4052 - Boundary loss: 0.3060 - Mask loss: 0.4714 - LR: 0.00010
2025-12-02 19:12 - INFO - Epoch 7 - Train loss: 0.4223 - Val loss: 0.3798 - Boundary loss: 0.2817 - Mask loss: 0.4452 - LR: 0.00010
2025-12-02 19:13 - INFO - Epoch 8 - Train loss: 0.4096 - Val loss: 0.3620 - Boundary loss: 0.2765 - Mask loss: 0.4190 - LR: 0.00010
2025-12-02 19:14 - INFO - Epoch 9 - Train loss: 0.3996 - Val loss: 0.3503 - Boundary loss: 0.2556 - Mask loss: 0.4135 - LR: 0.00010
2025-12-02 19:14 - INFO - Epoch 10 - Train loss: 0.3856 - Val loss: 0.3591 - Boundary loss: 0.2642 - Mask loss: 0.4223 - LR: 0.00010
2025-12-02 19:14 - INFO - Checkpoint 10 saved!
2025-12-02 19:15 - INFO - Epoch 11 - Train loss: 0.3820 - Val loss: 0.3716 - Boundary loss: 0.2536 - Mask loss: 0.4502 - LR: 0.00010
2025-12-02 19:16 - INFO - Epoch 12 - Train loss: 0.3717 - Val loss: 0.3310 - Boundary loss: 0.2424 - Mask loss: 0.3900 - LR: 0.00010
2025-12-02 19:17 - INFO - Epoch 13 - Train loss: 0.3623 - Val loss: 0.3186 - Boundary loss: 0.2395 - Mask loss: 0.3714 - LR: 0.00010
2025-12-02 19:18 - INFO - Epoch 14 - Train loss: 0.3542 - Val loss: 0.3251 - Boundary loss: 0.2512 - Mask loss: 0.3743 - LR: 0.00010
2025-12-02 19:18 - INFO - Epoch 15 - Train loss: 0.3439 - Val loss: 0.3222 - Boundary loss: 0.2412 - Mask loss: 0.3761 - LR: 0.00010
2025-12-02 19:19 - INFO - Epoch 16 - Train loss: 0.3421 - Val loss: 0.3102 - Boundary loss: 0.2331 - Mask loss: 0.3616 - LR: 0.00010
2025-12-02 19:20 - INFO - Epoch 17 - Train loss: 0.3432 - Val loss: 0.3113 - Boundary loss: 0.2314 - Mask loss: 0.3646 - LR: 0.00010
2025-12-02 19:21 - INFO - Epoch 18 - Train loss: 0.3341 - Val loss: 0.3110 - Boundary loss: 0.2306 - Mask loss: 0.3646 - LR: 0.00010
2025-12-02 19:22 - INFO - Epoch 19 - Train loss: 0.3271 - Val loss: 0.3115 - Boundary loss: 0.2305 - Mask loss: 0.3656 - LR: 0.00010
2025-12-02 19:22 - INFO - Epoch 20 - Train loss: 0.3256 - Val loss: 0.2923 - Boundary loss: 0.2251 - Mask loss: 0.3372 - LR: 0.00010
2025-12-02 19:22 - INFO - Checkpoint 20 saved!
2025-12-02 19:23 - INFO - Epoch 21 - Train loss: 0.3149 - Val loss: 0.2978 - Boundary loss: 0.2246 - Mask loss: 0.3466 - LR: 0.00010
2025-12-02 19:24 - INFO - Epoch 22 - Train loss: 0.3196 - Val loss: 0.3048 - Boundary loss: 0.2255 - Mask loss: 0.3577 - LR: 0.00010
2025-12-02 19:25 - INFO - Epoch 23 - Train loss: 0.3118 - Val loss: 0.2970 - Boundary loss: 0.2251 - Mask loss: 0.3449 - LR: 0.00010
2025-12-02 19:26 - INFO - Epoch 24 - Train loss: 0.3183 - Val loss: 0.2973 - Boundary loss: 0.2208 - Mask loss: 0.3482 - LR: 0.00010
2025-12-02 19:26 - INFO - Epoch 25 - Train loss: 0.3115 - Val loss: 0.2906 - Boundary loss: 0.2208 - Mask loss: 0.3371 - LR: 0.00010
2025-12-02 19:27 - INFO - Epoch 26 - Train loss: 0.3026 - Val loss: 0.2940 - Boundary loss: 0.2223 - Mask loss: 0.3418 - LR: 0.00010
2025-12-02 19:28 - INFO - Epoch 27 - Train loss: 0.3003 - Val loss: 0.2859 - Boundary loss: 0.2185 - Mask loss: 0.3307 - LR: 0.00010
2025-12-02 19:29 - INFO - Epoch 28 - Train loss: 0.2935 - Val loss: 0.2963 - Boundary loss: 0.2192 - Mask loss: 0.3477 - LR: 0.00010
2025-12-02 19:30 - INFO - Epoch 29 - Train loss: 0.3007 - Val loss: 0.2890 - Boundary loss: 0.2196 - Mask loss: 0.3353 - LR: 0.00010
2025-12-02 19:30 - INFO - Epoch 30 - Train loss: 0.2918 - Val loss: 0.2961 - Boundary loss: 0.2183 - Mask loss: 0.3479 - LR: 0.00010
2025-12-02 19:30 - INFO - Checkpoint 30 saved!
2025-12-02 19:31 - INFO - Epoch 31 - Train loss: 0.2904 - Val loss: 0.2794 - Boundary loss: 0.2144 - Mask loss: 0.3228 - LR: 0.00010
2025-12-02 19:32 - INFO - Epoch 32 - Train loss: 0.2942 - Val loss: 0.2792 - Boundary loss: 0.2167 - Mask loss: 0.3210 - LR: 0.00010
2025-12-02 19:33 - INFO - Epoch 33 - Train loss: 0.2854 - Val loss: 0.2846 - Boundary loss: 0.2124 - Mask loss: 0.3327 - LR: 0.00010
2025-12-02 19:34 - INFO - Epoch 34 - Train loss: 0.2916 - Val loss: 0.2794 - Boundary loss: 0.2122 - Mask loss: 0.3241 - LR: 0.00010
2025-12-02 19:34 - INFO - Epoch 35 - Train loss: 0.2838 - Val loss: 0.2830 - Boundary loss: 0.2178 - Mask loss: 0.3264 - LR: 0.00010
2025-12-02 19:35 - INFO - Epoch 36 - Train loss: 0.2838 - Val loss: 0.2772 - Boundary loss: 0.2118 - Mask loss: 0.3208 - LR: 0.00010
2025-12-02 19:36 - INFO - Epoch 37 - Train loss: 0.2786 - Val loss: 0.2808 - Boundary loss: 0.2128 - Mask loss: 0.3261 - LR: 0.00010
2025-12-02 19:37 - INFO - Epoch 38 - Train loss: 0.2783 - Val loss: 0.2829 - Boundary loss: 0.2129 - Mask loss: 0.3297 - LR: 0.00010
2025-12-02 19:38 - INFO - Epoch 39 - Train loss: 0.2975 - Val loss: 0.2870 - Boundary loss: 0.2117 - Mask loss: 0.3373 - LR: 0.00010
2025-12-02 19:38 - INFO - Epoch 40 - Train loss: 0.2887 - Val loss: 0.2814 - Boundary loss: 0.2135 - Mask loss: 0.3266 - LR: 0.00010
2025-12-02 19:38 - INFO - Checkpoint 40 saved!
2025-12-02 19:39 - INFO - Epoch 41 - Train loss: 0.2804 - Val loss: 0.2759 - Boundary loss: 0.2102 - Mask loss: 0.3197 - LR: 0.00010
2025-12-02 19:40 - INFO - Epoch 42 - Train loss: 0.2752 - Val loss: 0.2759 - Boundary loss: 0.2117 - Mask loss: 0.3186 - LR: 0.00010
2025-12-02 19:41 - INFO - Epoch 43 - Train loss: 0.2750 - Val loss: 0.2820 - Boundary loss: 0.2112 - Mask loss: 0.3292 - LR: 0.00010
2025-12-02 19:42 - INFO - Epoch 44 - Train loss: 0.2739 - Val loss: 0.2755 - Boundary loss: 0.2099 - Mask loss: 0.3191 - LR: 0.00010
2025-12-02 19:43 - INFO - Epoch 45 - Train loss: 0.2705 - Val loss: 0.2786 - Boundary loss: 0.2104 - Mask loss: 0.3241 - LR: 0.00010
2025-12-02 19:43 - INFO - Epoch 46 - Train loss: 0.2684 - Val loss: 0.2800 - Boundary loss: 0.2098 - Mask loss: 0.3268 - LR: 0.00010
2025-12-02 19:44 - INFO - Epoch 47 - Train loss: 0.2657 - Val loss: 0.2719 - Boundary loss: 0.2090 - Mask loss: 0.3138 - LR: 0.00010
2025-12-02 19:45 - INFO - Epoch 48 - Train loss: 0.2656 - Val loss: 0.2758 - Boundary loss: 0.2087 - Mask loss: 0.3205 - LR: 0.00010
2025-12-02 19:46 - INFO - Epoch 49 - Train loss: 0.2620 - Val loss: 0.2759 - Boundary loss: 0.2086 - Mask loss: 0.3207 - LR: 0.00010
2025-12-02 19:47 - INFO - Epoch 50 - Train loss: 0.2590 - Val loss: 0.2814 - Boundary loss: 0.2109 - Mask loss: 0.3283 - LR: 0.00010
2025-12-02 19:47 - INFO - Checkpoint 50 saved!
2025-12-02 19:47 - INFO - Epoch 51 - Train loss: 0.2571 - Val loss: 0.2805 - Boundary loss: 0.2095 - Mask loss: 0.3277 - LR: 0.00010
2025-12-02 19:48 - INFO - Epoch 52 - Train loss: 0.2591 - Val loss: 0.2743 - Boundary loss: 0.2080 - Mask loss: 0.3185 - LR: 0.00010
2025-12-02 19:49 - INFO - Epoch 53 - Train loss: 0.2582 - Val loss: 0.2742 - Boundary loss: 0.2089 - Mask loss: 0.3178 - LR: 0.00010
2025-12-02 19:50 - INFO - Epoch 54 - Train loss: 0.2566 - Val loss: 0.2751 - Boundary loss: 0.2076 - Mask loss: 0.3201 - LR: 0.00010
2025-12-02 19:51 - INFO - Epoch 55 - Train loss: 0.2542 - Val loss: 0.2695 - Boundary loss: 0.2063 - Mask loss: 0.3117 - LR: 0.00010
2025-12-02 19:51 - INFO - Epoch 56 - Train loss: 0.2522 - Val loss: 0.2714 - Boundary loss: 0.2072 - Mask loss: 0.3142 - LR: 0.00010
2025-12-02 19:52 - INFO - Epoch 57 - Train loss: 0.2508 - Val loss: 0.2821 - Boundary loss: 0.2068 - Mask loss: 0.3323 - LR: 0.00010
2025-12-02 19:53 - INFO - Epoch 58 - Train loss: 0.2516 - Val loss: 0.2813 - Boundary loss: 0.2076 - Mask loss: 0.3304 - LR: 0.00010
2025-12-02 19:54 - INFO - Epoch 59 - Train loss: 0.2487 - Val loss: 0.2756 - Boundary loss: 0.2073 - Mask loss: 0.3211 - LR: 0.00010
2025-12-02 19:55 - INFO - Epoch 60 - Train loss: 0.2464 - Val loss: 0.2760 - Boundary loss: 0.2059 - Mask loss: 0.3228 - LR: 0.00010
2025-12-02 19:55 - INFO - Checkpoint 60 saved!
2025-12-02 19:55 - INFO - Epoch 61 - Train loss: 0.2485 - Val loss: 0.2736 - Boundary loss: 0.2076 - Mask loss: 0.3176 - LR: 0.00010
2025-12-02 19:56 - INFO - Epoch 62 - Train loss: 0.2500 - Val loss: 0.2700 - Boundary loss: 0.2078 - Mask loss: 0.3115 - LR: 0.00010
2025-12-02 19:57 - INFO - Epoch 63 - Train loss: 0.2464 - Val loss: 0.2746 - Boundary loss: 0.2064 - Mask loss: 0.3200 - LR: 0.00010
2025-12-02 19:58 - INFO - Epoch 64 - Train loss: 0.2496 - Val loss: 0.2703 - Boundary loss: 0.2051 - Mask loss: 0.3139 - LR: 0.00010
2025-12-02 19:59 - INFO - Epoch 65 - Train loss: 0.2505 - Val loss: 0.2707 - Boundary loss: 0.2050 - Mask loss: 0.3145 - LR: 0.00010
2025-12-02 19:59 - INFO - Epoch 66 - Train loss: 0.2437 - Val loss: 0.2719 - Boundary loss: 0.2063 - Mask loss: 0.3156 - LR: 0.00010
2025-12-02 20:00 - INFO - Epoch 67 - Train loss: 0.2395 - Val loss: 0.2769 - Boundary loss: 0.2049 - Mask loss: 0.3248 - LR: 0.00010
2025-12-02 20:01 - INFO - Epoch 68 - Train loss: 0.2386 - Val loss: 0.2717 - Boundary loss: 0.2050 - Mask loss: 0.3162 - LR: 0.00010
2025-12-02 20:02 - INFO - Epoch 69 - Train loss: 0.2371 - Val loss: 0.2674 - Boundary loss: 0.2049 - Mask loss: 0.3090 - LR: 0.00010
2025-12-02 20:03 - INFO - Epoch 70 - Train loss: 0.2348 - Val loss: 0.2710 - Boundary loss: 0.2068 - Mask loss: 0.3139 - LR: 0.00010
2025-12-02 20:03 - INFO - Checkpoint 70 saved!
2025-12-02 20:04 - INFO - Epoch 71 - Train loss: 0.2351 - Val loss: 0.2714 - Boundary loss: 0.2054 - Mask loss: 0.3153 - LR: 0.00010
2025-12-02 20:04 - INFO - Epoch 72 - Train loss: 0.2332 - Val loss: 0.2697 - Boundary loss: 0.2056 - Mask loss: 0.3124 - LR: 0.00010
2025-12-02 20:05 - INFO - Epoch 73 - Train loss: 0.2330 - Val loss: 0.2655 - Boundary loss: 0.2045 - Mask loss: 0.3062 - LR: 0.00010
2025-12-02 20:06 - INFO - Epoch 74 - Train loss: 0.2303 - Val loss: 0.2735 - Boundary loss: 0.2047 - Mask loss: 0.3193 - LR: 0.00010
2025-12-02 20:07 - INFO - Epoch 75 - Train loss: 0.2293 - Val loss: 0.2780 - Boundary loss: 0.2051 - Mask loss: 0.3265 - LR: 0.00010
2025-12-02 20:08 - INFO - Epoch 76 - Train loss: 0.2306 - Val loss: 0.2750 - Boundary loss: 0.2055 - Mask loss: 0.3214 - LR: 0.00010
2025-12-02 20:08 - INFO - Epoch 77 - Train loss: 0.2279 - Val loss: 0.2716 - Boundary loss: 0.2037 - Mask loss: 0.3169 - LR: 0.00010
2025-12-02 20:09 - INFO - Epoch 78 - Train loss: 0.2237 - Val loss: 0.2670 - Boundary loss: 0.2038 - Mask loss: 0.3091 - LR: 0.00010
2025-12-02 20:10 - INFO - Epoch 79 - Train loss: 0.2387 - Val loss: 0.2762 - Boundary loss: 0.2044 - Mask loss: 0.3240 - LR: 0.00010
2025-12-02 20:11 - INFO - Epoch 80 - Train loss: 0.2326 - Val loss: 0.2681 - Boundary loss: 0.2030 - Mask loss: 0.3114 - LR: 0.00010
2025-12-02 20:11 - INFO - Checkpoint 80 saved!
2025-12-02 20:12 - INFO - Epoch 81 - Train loss: 0.2243 - Val loss: 0.2756 - Boundary loss: 0.2030 - Mask loss: 0.3240 - LR: 0.00010
2025-12-02 20:12 - INFO - Epoch 82 - Train loss: 0.2223 - Val loss: 0.2714 - Boundary loss: 0.2035 - Mask loss: 0.3167 - LR: 0.00010
2025-12-02 20:13 - INFO - Epoch 83 - Train loss: 0.2220 - Val loss: 0.2780 - Boundary loss: 0.2042 - Mask loss: 0.3272 - LR: 0.00010
2025-12-02 20:14 - INFO - Epoch 84 - Train loss: 0.2218 - Val loss: 0.2733 - Boundary loss: 0.2041 - Mask loss: 0.3195 - LR: 0.00010
2025-12-02 20:15 - INFO - Epoch 85 - Train loss: 0.2175 - Val loss: 0.2694 - Boundary loss: 0.2021 - Mask loss: 0.3143 - LR: 0.00010
2025-12-02 20:16 - INFO - Epoch 86 - Train loss: 0.2152 - Val loss: 0.2720 - Boundary loss: 0.2032 - Mask loss: 0.3178 - LR: 0.00010
2025-12-02 20:17 - INFO - Epoch 87 - Train loss: 0.2142 - Val loss: 0.2741 - Boundary loss: 0.2033 - Mask loss: 0.3212 - LR: 0.00010
2025-12-02 20:17 - INFO - Epoch 88 - Train loss: 0.2140 - Val loss: 0.2691 - Boundary loss: 0.2030 - Mask loss: 0.3131 - LR: 0.00010
2025-12-02 20:18 - INFO - Epoch 89 - Train loss: 0.2129 - Val loss: 0.2684 - Boundary loss: 0.2035 - Mask loss: 0.3117 - LR: 0.00010
2025-12-02 20:19 - INFO - Epoch 90 - Train loss: 0.2096 - Val loss: 0.2735 - Boundary loss: 0.2019 - Mask loss: 0.3212 - LR: 0.00010
2025-12-02 20:19 - INFO - Checkpoint 90 saved!
2025-12-02 20:20 - INFO - Epoch 91 - Train loss: 0.2099 - Val loss: 0.2693 - Boundary loss: 0.2025 - Mask loss: 0.3137 - LR: 0.00010
2025-12-02 20:21 - INFO - Epoch 92 - Train loss: 0.2093 - Val loss: 0.2727 - Boundary loss: 0.2032 - Mask loss: 0.3190 - LR: 0.00010
2025-12-02 20:21 - INFO - Epoch 93 - Train loss: 0.2070 - Val loss: 0.2747 - Boundary loss: 0.2025 - Mask loss: 0.3228 - LR: 0.00010
2025-12-02 20:22 - INFO - Epoch 94 - Train loss: 0.2086 - Val loss: 0.2813 - Boundary loss: 0.2029 - Mask loss: 0.3335 - LR: 0.00010
2025-12-02 20:23 - INFO - Epoch 95 - Train loss: 0.2103 - Val loss: 0.2757 - Boundary loss: 0.2023 - Mask loss: 0.3245 - LR: 0.00010
2025-12-02 20:24 - INFO - Epoch 96 - Train loss: 0.2099 - Val loss: 0.2721 - Boundary loss: 0.2028 - Mask loss: 0.3183 - LR: 0.00010
2025-12-02 20:25 - INFO - Epoch 97 - Train loss: 0.2059 - Val loss: 0.2731 - Boundary loss: 0.2027 - Mask loss: 0.3200 - LR: 0.00010
2025-12-02 20:25 - INFO - Epoch 98 - Train loss: 0.2027 - Val loss: 0.2699 - Boundary loss: 0.2011 - Mask loss: 0.3158 - LR: 0.00010
2025-12-02 20:26 - INFO - Epoch 99 - Train loss: 0.2032 - Val loss: 0.2757 - Boundary loss: 0.2030 - Mask loss: 0.3241 - LR: 0.00010
2025-12-02 20:27 - INFO - Epoch 100 - Train loss: 0.2012 - Val loss: 0.2693 - Boundary loss: 0.2013 - Mask loss: 0.3146 - LR: 0.00010
2025-12-02 20:27 - INFO - Checkpoint 100 saved!
