2025-06-18 21:06 - INFO - Creating dataset with 300 examples
2025-06-18 21:06 - INFO - Starting training:
        Model:           main64-2
        Loss rate:       (0.6, 0.4)
        Epochs:          100
        Batch size:      2
        Learning rate:   0.0001
        Training size:   270
        Validation size: 30
        Device:          cuda
        Checkpoints:     True
    
2025-06-18 21:06 - INFO - Model config saved to F:\Bo Yu\Bsinet_yb\Mymodel\para\jy\main64-2\model_config_main64-2.yaml
2025-06-18 21:07 - INFO - Epoch 1 - Train loss: 0.6926 - Val loss: 0.7350 - Boundary loss: 0.5380 - Mask loss: 0.8663 - LR: 0.00010
2025-06-18 21:08 - INFO - Epoch 2 - Train loss: 0.6163 - Val loss: 0.6270 - Boundary loss: 0.3862 - Mask loss: 0.7875 - LR: 0.00010
2025-06-18 21:09 - INFO - Epoch 3 - Train loss: 0.5771 - Val loss: 0.5682 - Boundary loss: 0.3716 - Mask loss: 0.6992 - LR: 0.00010
2025-06-18 21:11 - INFO - Epoch 4 - Train loss: 0.5453 - Val loss: 0.5396 - Boundary loss: 0.3274 - Mask loss: 0.6811 - LR: 0.00010
2025-06-18 21:12 - INFO - Epoch 5 - Train loss: 0.5219 - Val loss: 0.5015 - Boundary loss: 0.3141 - Mask loss: 0.6264 - LR: 0.00010
2025-06-18 21:13 - INFO - Epoch 6 - Train loss: 0.5041 - Val loss: 0.4832 - Boundary loss: 0.2996 - Mask loss: 0.6055 - LR: 0.00010
2025-06-18 21:14 - INFO - Epoch 7 - Train loss: 0.4809 - Val loss: 0.4713 - Boundary loss: 0.2711 - Mask loss: 0.6048 - LR: 0.00010
2025-06-18 21:15 - INFO - Epoch 8 - Train loss: 0.4624 - Val loss: 0.4505 - Boundary loss: 0.2511 - Mask loss: 0.5835 - LR: 0.00010
2025-06-18 21:16 - INFO - Epoch 9 - Train loss: 0.4472 - Val loss: 0.4139 - Boundary loss: 0.2342 - Mask loss: 0.5338 - LR: 0.00010
2025-06-18 21:17 - INFO - Epoch 10 - Train loss: 0.4282 - Val loss: 0.4091 - Boundary loss: 0.2277 - Mask loss: 0.5301 - LR: 0.00010
2025-06-18 21:17 - INFO - Checkpoint 10 saved!
2025-06-18 21:18 - INFO - Epoch 11 - Train loss: 0.4101 - Val loss: 0.4468 - Boundary loss: 0.2193 - Mask loss: 0.5984 - LR: 0.00010
2025-06-18 21:19 - INFO - Epoch 12 - Train loss: 0.4071 - Val loss: 0.4045 - Boundary loss: 0.1981 - Mask loss: 0.5422 - LR: 0.00010
2025-06-18 21:20 - INFO - Epoch 13 - Train loss: 0.3903 - Val loss: 0.3809 - Boundary loss: 0.1955 - Mask loss: 0.5046 - LR: 0.00010
2025-06-18 21:21 - INFO - Epoch 14 - Train loss: 0.3721 - Val loss: 0.3711 - Boundary loss: 0.1952 - Mask loss: 0.4884 - LR: 0.00010
2025-06-18 21:22 - INFO - Epoch 15 - Train loss: 0.3630 - Val loss: 0.3592 - Boundary loss: 0.1707 - Mask loss: 0.4848 - LR: 0.00010
2025-06-18 21:23 - INFO - Epoch 16 - Train loss: 0.3545 - Val loss: 0.3479 - Boundary loss: 0.1844 - Mask loss: 0.4570 - LR: 0.00010
2025-06-18 21:24 - INFO - Epoch 17 - Train loss: 0.3354 - Val loss: 0.3356 - Boundary loss: 0.1604 - Mask loss: 0.4524 - LR: 0.00010
2025-06-18 21:25 - INFO - Epoch 18 - Train loss: 0.3258 - Val loss: 0.3162 - Boundary loss: 0.1523 - Mask loss: 0.4254 - LR: 0.00010
2025-06-18 21:26 - INFO - Epoch 19 - Train loss: 0.3299 - Val loss: 0.3217 - Boundary loss: 0.1541 - Mask loss: 0.4335 - LR: 0.00010
2025-06-18 21:27 - INFO - Epoch 20 - Train loss: 0.3114 - Val loss: 0.3243 - Boundary loss: 0.1467 - Mask loss: 0.4427 - LR: 0.00010
2025-06-18 21:27 - INFO - Checkpoint 20 saved!
2025-06-18 21:28 - INFO - Epoch 21 - Train loss: 0.3070 - Val loss: 0.3154 - Boundary loss: 0.1344 - Mask loss: 0.4361 - LR: 0.00010
2025-06-18 21:29 - INFO - Epoch 22 - Train loss: 0.2931 - Val loss: 0.2942 - Boundary loss: 0.1344 - Mask loss: 0.4008 - LR: 0.00010
2025-06-18 21:30 - INFO - Epoch 23 - Train loss: 0.2829 - Val loss: 0.2842 - Boundary loss: 0.1236 - Mask loss: 0.3912 - LR: 0.00010
2025-06-18 21:32 - INFO - Epoch 24 - Train loss: 0.2848 - Val loss: 0.2952 - Boundary loss: 0.1229 - Mask loss: 0.4101 - LR: 0.00010
2025-06-18 21:33 - INFO - Epoch 25 - Train loss: 0.2631 - Val loss: 0.3015 - Boundary loss: 0.1195 - Mask loss: 0.4228 - LR: 0.00010
2025-06-18 21:34 - INFO - Epoch 26 - Train loss: 0.2645 - Val loss: 0.2762 - Boundary loss: 0.1164 - Mask loss: 0.3827 - LR: 0.00010
2025-06-18 21:35 - INFO - Epoch 27 - Train loss: 0.2546 - Val loss: 0.2675 - Boundary loss: 0.1192 - Mask loss: 0.3663 - LR: 0.00010
2025-06-18 21:36 - INFO - Epoch 28 - Train loss: 0.2421 - Val loss: 0.2604 - Boundary loss: 0.1123 - Mask loss: 0.3591 - LR: 0.00010
2025-06-18 21:37 - INFO - Epoch 29 - Train loss: 0.2401 - Val loss: 0.2715 - Boundary loss: 0.1081 - Mask loss: 0.3804 - LR: 0.00010
2025-06-18 21:38 - INFO - Epoch 30 - Train loss: 0.2311 - Val loss: 0.2698 - Boundary loss: 0.1162 - Mask loss: 0.3722 - LR: 0.00010
2025-06-18 21:38 - INFO - Checkpoint 30 saved!
2025-06-18 21:39 - INFO - Epoch 31 - Train loss: 0.2207 - Val loss: 0.2621 - Boundary loss: 0.1074 - Mask loss: 0.3653 - LR: 0.00010
2025-06-18 21:40 - INFO - Epoch 32 - Train loss: 0.2204 - Val loss: 0.2594 - Boundary loss: 0.1074 - Mask loss: 0.3607 - LR: 0.00010
2025-06-18 21:41 - INFO - Epoch 33 - Train loss: 0.2135 - Val loss: 0.2413 - Boundary loss: 0.1053 - Mask loss: 0.3319 - LR: 0.00010
2025-06-18 21:42 - INFO - Epoch 34 - Train loss: 0.2073 - Val loss: 0.2373 - Boundary loss: 0.1019 - Mask loss: 0.3276 - LR: 0.00010
2025-06-18 21:43 - INFO - Epoch 35 - Train loss: 0.1967 - Val loss: 0.2269 - Boundary loss: 0.1030 - Mask loss: 0.3096 - LR: 0.00010
2025-06-18 21:44 - INFO - Epoch 36 - Train loss: 0.1916 - Val loss: 0.2205 - Boundary loss: 0.1001 - Mask loss: 0.3007 - LR: 0.00010
2025-06-18 21:45 - INFO - Epoch 37 - Train loss: 0.1903 - Val loss: 0.2242 - Boundary loss: 0.0983 - Mask loss: 0.3081 - LR: 0.00010
2025-06-18 21:46 - INFO - Epoch 38 - Train loss: 0.1871 - Val loss: 0.2557 - Boundary loss: 0.1035 - Mask loss: 0.3571 - LR: 0.00010
2025-06-18 21:48 - INFO - Epoch 39 - Train loss: 0.1834 - Val loss: 0.2140 - Boundary loss: 0.0969 - Mask loss: 0.2921 - LR: 0.00010
2025-06-18 21:49 - INFO - Epoch 40 - Train loss: 0.1768 - Val loss: 0.2329 - Boundary loss: 0.0966 - Mask loss: 0.3238 - LR: 0.00010
2025-06-18 21:49 - INFO - Checkpoint 40 saved!
2025-06-18 21:50 - INFO - Epoch 41 - Train loss: 0.1681 - Val loss: 0.2046 - Boundary loss: 0.0952 - Mask loss: 0.2775 - LR: 0.00010
2025-06-18 21:51 - INFO - Epoch 42 - Train loss: 0.1634 - Val loss: 0.2076 - Boundary loss: 0.0943 - Mask loss: 0.2831 - LR: 0.00010
2025-06-18 21:52 - INFO - Epoch 43 - Train loss: 0.1604 - Val loss: 0.2051 - Boundary loss: 0.0950 - Mask loss: 0.2786 - LR: 0.00010
2025-06-18 21:53 - INFO - Epoch 44 - Train loss: 0.1500 - Val loss: 0.2005 - Boundary loss: 0.0939 - Mask loss: 0.2717 - LR: 0.00010
2025-06-18 21:54 - INFO - Epoch 45 - Train loss: 0.1493 - Val loss: 0.2014 - Boundary loss: 0.0927 - Mask loss: 0.2739 - LR: 0.00010
2025-06-18 21:55 - INFO - Epoch 46 - Train loss: 0.1491 - Val loss: 0.2037 - Boundary loss: 0.0925 - Mask loss: 0.2779 - LR: 0.00010
2025-06-18 21:56 - INFO - Epoch 47 - Train loss: 0.1424 - Val loss: 0.1976 - Boundary loss: 0.0919 - Mask loss: 0.2680 - LR: 0.00010
2025-06-18 21:57 - INFO - Epoch 48 - Train loss: 0.1376 - Val loss: 0.1891 - Boundary loss: 0.0908 - Mask loss: 0.2546 - LR: 0.00010
2025-06-18 21:58 - INFO - Epoch 49 - Train loss: 0.1348 - Val loss: 0.1892 - Boundary loss: 0.0910 - Mask loss: 0.2546 - LR: 0.00010
2025-06-18 21:59 - INFO - Epoch 50 - Train loss: 0.1321 - Val loss: 0.1911 - Boundary loss: 0.0911 - Mask loss: 0.2578 - LR: 0.00010
2025-06-18 21:59 - INFO - Checkpoint 50 saved!
2025-06-18 22:00 - INFO - Epoch 51 - Train loss: 0.1283 - Val loss: 0.1895 - Boundary loss: 0.0895 - Mask loss: 0.2561 - LR: 0.00010
2025-06-18 22:01 - INFO - Epoch 52 - Train loss: 0.1287 - Val loss: 0.2072 - Boundary loss: 0.0911 - Mask loss: 0.2845 - LR: 0.00010
2025-06-18 22:03 - INFO - Epoch 53 - Train loss: 0.1282 - Val loss: 0.1874 - Boundary loss: 0.0891 - Mask loss: 0.2530 - LR: 0.00010
2025-06-18 22:04 - INFO - Epoch 54 - Train loss: 0.1249 - Val loss: 0.1925 - Boundary loss: 0.0894 - Mask loss: 0.2612 - LR: 0.00010
2025-06-18 22:05 - INFO - Epoch 55 - Train loss: 0.1255 - Val loss: 0.1914 - Boundary loss: 0.0887 - Mask loss: 0.2598 - LR: 0.00010
2025-06-18 22:06 - INFO - Epoch 56 - Train loss: 0.1204 - Val loss: 0.1842 - Boundary loss: 0.0879 - Mask loss: 0.2483 - LR: 0.00010
2025-06-18 22:07 - INFO - Epoch 57 - Train loss: 0.1177 - Val loss: 0.1875 - Boundary loss: 0.0897 - Mask loss: 0.2527 - LR: 0.00010
2025-06-18 22:08 - INFO - Epoch 58 - Train loss: 0.1239 - Val loss: 0.1846 - Boundary loss: 0.0880 - Mask loss: 0.2490 - LR: 0.00010
2025-06-18 22:09 - INFO - Epoch 59 - Train loss: 0.1183 - Val loss: 0.1782 - Boundary loss: 0.0871 - Mask loss: 0.2389 - LR: 0.00010
2025-06-18 22:10 - INFO - Epoch 60 - Train loss: 0.1131 - Val loss: 0.1814 - Boundary loss: 0.0875 - Mask loss: 0.2440 - LR: 0.00010
2025-06-18 22:10 - INFO - Checkpoint 60 saved!
2025-06-18 22:11 - INFO - Epoch 61 - Train loss: 0.1106 - Val loss: 0.1758 - Boundary loss: 0.0866 - Mask loss: 0.2353 - LR: 0.00010
2025-06-18 22:12 - INFO - Epoch 62 - Train loss: 0.1067 - Val loss: 0.1726 - Boundary loss: 0.0861 - Mask loss: 0.2303 - LR: 0.00010
2025-06-18 22:13 - INFO - Epoch 63 - Train loss: 0.1045 - Val loss: 0.1769 - Boundary loss: 0.0870 - Mask loss: 0.2368 - LR: 0.00010
2025-06-18 22:14 - INFO - Epoch 64 - Train loss: 0.1142 - Val loss: 0.1926 - Boundary loss: 0.0871 - Mask loss: 0.2630 - LR: 0.00010
2025-06-18 22:15 - INFO - Epoch 65 - Train loss: 0.1071 - Val loss: 0.1772 - Boundary loss: 0.0860 - Mask loss: 0.2381 - LR: 0.00010
2025-06-18 22:16 - INFO - Epoch 66 - Train loss: 0.1072 - Val loss: 0.1811 - Boundary loss: 0.0865 - Mask loss: 0.2441 - LR: 0.00010
2025-06-18 22:17 - INFO - Epoch 67 - Train loss: 0.1055 - Val loss: 0.1762 - Boundary loss: 0.0864 - Mask loss: 0.2360 - LR: 0.00010
2025-06-18 22:19 - INFO - Epoch 68 - Train loss: 0.1006 - Val loss: 0.1778 - Boundary loss: 0.0864 - Mask loss: 0.2387 - LR: 0.00010
2025-06-18 22:20 - INFO - Epoch 69 - Train loss: 0.0995 - Val loss: 0.1726 - Boundary loss: 0.0859 - Mask loss: 0.2304 - LR: 0.00010
2025-06-18 22:21 - INFO - Epoch 70 - Train loss: 0.0968 - Val loss: 0.1713 - Boundary loss: 0.0849 - Mask loss: 0.2289 - LR: 0.00010
2025-06-18 22:21 - INFO - Checkpoint 70 saved!
2025-06-18 22:22 - INFO - Epoch 71 - Train loss: 0.0956 - Val loss: 0.1680 - Boundary loss: 0.0851 - Mask loss: 0.2233 - LR: 0.00010
2025-06-18 22:23 - INFO - Epoch 72 - Train loss: 0.0951 - Val loss: 0.1986 - Boundary loss: 0.0870 - Mask loss: 0.2730 - LR: 0.00010
2025-06-18 22:24 - INFO - Epoch 73 - Train loss: 0.1085 - Val loss: 0.1927 - Boundary loss: 0.0881 - Mask loss: 0.2625 - LR: 0.00010
2025-06-18 22:25 - INFO - Epoch 74 - Train loss: 0.1069 - Val loss: 0.1845 - Boundary loss: 0.0856 - Mask loss: 0.2505 - LR: 0.00010
2025-06-18 22:26 - INFO - Epoch 75 - Train loss: 0.0956 - Val loss: 0.1733 - Boundary loss: 0.0853 - Mask loss: 0.2320 - LR: 0.00010
2025-06-18 22:27 - INFO - Epoch 76 - Train loss: 0.0920 - Val loss: 0.1796 - Boundary loss: 0.0854 - Mask loss: 0.2424 - LR: 0.00010
2025-06-18 22:28 - INFO - Epoch 77 - Train loss: 0.0889 - Val loss: 0.1653 - Boundary loss: 0.0841 - Mask loss: 0.2194 - LR: 0.00010
2025-06-18 22:29 - INFO - Epoch 78 - Train loss: 0.0870 - Val loss: 0.1654 - Boundary loss: 0.0836 - Mask loss: 0.2199 - LR: 0.00010
2025-06-18 22:30 - INFO - Epoch 79 - Train loss: 0.0856 - Val loss: 0.1647 - Boundary loss: 0.0837 - Mask loss: 0.2187 - LR: 0.00010
2025-06-18 22:31 - INFO - Epoch 80 - Train loss: 0.0839 - Val loss: 0.1631 - Boundary loss: 0.0838 - Mask loss: 0.2160 - LR: 0.00010
2025-06-18 22:31 - INFO - Checkpoint 80 saved!
2025-06-18 22:32 - INFO - Epoch 81 - Train loss: 0.0826 - Val loss: 0.1614 - Boundary loss: 0.0833 - Mask loss: 0.2134 - LR: 0.00010
2025-06-18 22:33 - INFO - Epoch 82 - Train loss: 0.0832 - Val loss: 0.1655 - Boundary loss: 0.0839 - Mask loss: 0.2200 - LR: 0.00010
2025-06-18 22:34 - INFO - Epoch 83 - Train loss: 0.0828 - Val loss: 0.1699 - Boundary loss: 0.0838 - Mask loss: 0.2273 - LR: 0.00010
2025-06-18 22:35 - INFO - Epoch 84 - Train loss: 0.0814 - Val loss: 0.1643 - Boundary loss: 0.0830 - Mask loss: 0.2185 - LR: 0.00010
2025-06-18 22:37 - INFO - Epoch 85 - Train loss: 0.0800 - Val loss: 0.1657 - Boundary loss: 0.0834 - Mask loss: 0.2205 - LR: 0.00010
2025-06-18 22:38 - INFO - Epoch 86 - Train loss: 0.0788 - Val loss: 0.1691 - Boundary loss: 0.0835 - Mask loss: 0.2262 - LR: 0.00010
2025-06-18 22:39 - INFO - Epoch 87 - Train loss: 0.0768 - Val loss: 0.1623 - Boundary loss: 0.0827 - Mask loss: 0.2155 - LR: 0.00010
2025-06-18 22:40 - INFO - Epoch 88 - Train loss: 0.0768 - Val loss: 0.1624 - Boundary loss: 0.0829 - Mask loss: 0.2154 - LR: 0.00010
2025-06-18 22:41 - INFO - Epoch 89 - Train loss: 0.0758 - Val loss: 0.1672 - Boundary loss: 0.0827 - Mask loss: 0.2235 - LR: 0.00010
2025-06-18 22:42 - INFO - Epoch 90 - Train loss: 0.0747 - Val loss: 0.1619 - Boundary loss: 0.0827 - Mask loss: 0.2148 - LR: 0.00010
2025-06-18 22:42 - INFO - Checkpoint 90 saved!
2025-06-18 22:43 - INFO - Epoch 91 - Train loss: 0.0742 - Val loss: 0.1662 - Boundary loss: 0.0833 - Mask loss: 0.2214 - LR: 0.00010
2025-06-18 22:44 - INFO - Epoch 92 - Train loss: 0.0734 - Val loss: 0.1745 - Boundary loss: 0.0829 - Mask loss: 0.2356 - LR: 0.00010
2025-06-18 22:45 - INFO - Epoch 93 - Train loss: 0.0734 - Val loss: 0.1650 - Boundary loss: 0.0831 - Mask loss: 0.2196 - LR: 0.00010
2025-06-18 22:46 - INFO - Epoch 94 - Train loss: 0.0736 - Val loss: 0.2153 - Boundary loss: 0.0892 - Mask loss: 0.2994 - LR: 0.00010
2025-06-18 22:47 - INFO - Epoch 95 - Train loss: 0.1354 - Val loss: 0.2117 - Boundary loss: 0.0886 - Mask loss: 0.2937 - LR: 0.00010
2025-06-18 22:48 - INFO - Epoch 96 - Train loss: 0.1352 - Val loss: 0.1813 - Boundary loss: 0.0852 - Mask loss: 0.2454 - LR: 0.00010
2025-06-18 22:49 - INFO - Epoch 97 - Train loss: 0.0856 - Val loss: 0.1713 - Boundary loss: 0.0832 - Mask loss: 0.2300 - LR: 0.00010
2025-06-18 22:50 - INFO - Epoch 98 - Train loss: 0.0765 - Val loss: 0.1734 - Boundary loss: 0.0835 - Mask loss: 0.2333 - LR: 0.00010
2025-06-18 22:51 - INFO - Epoch 99 - Train loss: 0.0733 - Val loss: 0.1676 - Boundary loss: 0.0826 - Mask loss: 0.2244 - LR: 0.00010
2025-06-18 22:52 - INFO - Epoch 100 - Train loss: 0.0705 - Val loss: 0.1681 - Boundary loss: 0.0837 - Mask loss: 0.2243 - LR: 0.00010
2025-06-18 22:52 - INFO - Checkpoint 100 saved!
