2025-06-04 12:23 - INFO - Creating dataset with 266 examples
2025-06-04 12:23 - INFO - Starting training:
        Model:           hl_TAFbgm4
        Loss rate:       (0.6, 0.4)
        Epochs:          100
        Batch size:      2
        Learning rate:   0.0001
        Training size:   240
        Validation size: 26
        Device:          cuda
        Checkpoints:     True
    
2025-06-04 12:23 - INFO - Model config saved to F:\Bo Yu\Bsinet_yb\para\model_config_hl_TAFbgm4.yaml
2025-06-04 12:24 - INFO - Epoch 1 - Train loss: 0.6566 - Val loss: 0.6986 - Boundary loss: 0.7061 - Mask loss: 0.6937 - LR: 0.00010
2025-06-04 12:25 - INFO - Epoch 2 - Train loss: 0.5806 - Val loss: 0.5596 - Boundary loss: 0.5823 - Mask loss: 0.5444 - LR: 0.00010
2025-06-04 12:26 - INFO - Epoch 3 - Train loss: 0.5423 - Val loss: 0.4823 - Boundary loss: 0.4844 - Mask loss: 0.4809 - LR: 0.00010
2025-06-04 12:27 - INFO - Epoch 4 - Train loss: 0.5156 - Val loss: 0.4929 - Boundary loss: 0.4877 - Mask loss: 0.4963 - LR: 0.00010
2025-06-04 12:28 - INFO - Epoch 5 - Train loss: 0.4923 - Val loss: 0.4574 - Boundary loss: 0.4550 - Mask loss: 0.4591 - LR: 0.00010
2025-06-04 12:29 - INFO - Epoch 6 - Train loss: 0.4754 - Val loss: 0.4567 - Boundary loss: 0.4596 - Mask loss: 0.4547 - LR: 0.00010
2025-06-04 12:29 - INFO - Epoch 7 - Train loss: 0.4590 - Val loss: 0.3984 - Boundary loss: 0.3752 - Mask loss: 0.4138 - LR: 0.00010
2025-06-04 12:30 - INFO - Epoch 8 - Train loss: 0.4375 - Val loss: 0.4099 - Boundary loss: 0.3901 - Mask loss: 0.4231 - LR: 0.00010
2025-06-04 12:31 - INFO - Epoch 9 - Train loss: 0.4258 - Val loss: 0.3776 - Boundary loss: 0.3422 - Mask loss: 0.4012 - LR: 0.00010
2025-06-04 12:32 - INFO - Epoch 10 - Train loss: 0.4096 - Val loss: 0.3969 - Boundary loss: 0.4273 - Mask loss: 0.3765 - LR: 0.00010
2025-06-04 12:32 - INFO - Checkpoint 10 saved!
2025-06-04 12:33 - INFO - Epoch 11 - Train loss: 0.3970 - Val loss: 0.3851 - Boundary loss: 0.3625 - Mask loss: 0.4002 - LR: 0.00010
2025-06-04 12:34 - INFO - Epoch 12 - Train loss: 0.3856 - Val loss: 0.3981 - Boundary loss: 0.3961 - Mask loss: 0.3994 - LR: 0.00010
2025-06-04 12:35 - INFO - Epoch 13 - Train loss: 0.3802 - Val loss: 0.3480 - Boundary loss: 0.3285 - Mask loss: 0.3610 - LR: 0.00010
2025-06-04 12:36 - INFO - Epoch 14 - Train loss: 0.3641 - Val loss: 0.3421 - Boundary loss: 0.3304 - Mask loss: 0.3499 - LR: 0.00010
2025-06-04 12:37 - INFO - Epoch 15 - Train loss: 0.3576 - Val loss: 0.3215 - Boundary loss: 0.2934 - Mask loss: 0.3403 - LR: 0.00010
2025-06-04 12:38 - INFO - Epoch 16 - Train loss: 0.3457 - Val loss: 0.3077 - Boundary loss: 0.2627 - Mask loss: 0.3377 - LR: 0.00010
2025-06-04 12:39 - INFO - Epoch 17 - Train loss: 0.3421 - Val loss: 0.3054 - Boundary loss: 0.2720 - Mask loss: 0.3277 - LR: 0.00010
2025-06-04 12:39 - INFO - Epoch 18 - Train loss: 0.3328 - Val loss: 0.3140 - Boundary loss: 0.3068 - Mask loss: 0.3188 - LR: 0.00010
2025-06-04 12:40 - INFO - Epoch 19 - Train loss: 0.3227 - Val loss: 0.3209 - Boundary loss: 0.2673 - Mask loss: 0.3566 - LR: 0.00010
2025-06-04 12:41 - INFO - Epoch 20 - Train loss: 0.3231 - Val loss: 0.3010 - Boundary loss: 0.2469 - Mask loss: 0.3370 - LR: 0.00010
2025-06-04 12:41 - INFO - Checkpoint 20 saved!
2025-06-04 12:42 - INFO - Epoch 21 - Train loss: 0.3199 - Val loss: 0.2921 - Boundary loss: 0.2631 - Mask loss: 0.3115 - LR: 0.00010
2025-06-04 12:43 - INFO - Epoch 22 - Train loss: 0.3090 - Val loss: 0.3000 - Boundary loss: 0.2703 - Mask loss: 0.3197 - LR: 0.00010
2025-06-04 12:44 - INFO - Epoch 23 - Train loss: 0.3144 - Val loss: 0.2784 - Boundary loss: 0.2316 - Mask loss: 0.3096 - LR: 0.00010
2025-06-04 12:45 - INFO - Epoch 24 - Train loss: 0.3090 - Val loss: 0.3010 - Boundary loss: 0.2753 - Mask loss: 0.3182 - LR: 0.00010
2025-06-04 12:46 - INFO - Epoch 25 - Train loss: 0.2997 - Val loss: 0.2723 - Boundary loss: 0.2255 - Mask loss: 0.3034 - LR: 0.00010
2025-06-04 12:47 - INFO - Epoch 26 - Train loss: 0.2958 - Val loss: 0.2722 - Boundary loss: 0.2234 - Mask loss: 0.3047 - LR: 0.00010
2025-06-04 12:48 - INFO - Epoch 27 - Train loss: 0.2916 - Val loss: 0.2736 - Boundary loss: 0.2258 - Mask loss: 0.3055 - LR: 0.00010
2025-06-04 12:49 - INFO - Epoch 28 - Train loss: 0.2899 - Val loss: 0.2764 - Boundary loss: 0.2384 - Mask loss: 0.3018 - LR: 0.00010
2025-06-04 12:49 - INFO - Epoch 29 - Train loss: 0.2873 - Val loss: 0.2712 - Boundary loss: 0.2173 - Mask loss: 0.3072 - LR: 0.00010
2025-06-04 12:50 - INFO - Epoch 30 - Train loss: 0.2801 - Val loss: 0.2625 - Boundary loss: 0.2144 - Mask loss: 0.2947 - LR: 0.00010
2025-06-04 12:50 - INFO - Checkpoint 30 saved!
2025-06-04 12:51 - INFO - Epoch 31 - Train loss: 0.2762 - Val loss: 0.2685 - Boundary loss: 0.2280 - Mask loss: 0.2956 - LR: 0.00010
2025-06-04 12:52 - INFO - Epoch 32 - Train loss: 0.2805 - Val loss: 0.2562 - Boundary loss: 0.2086 - Mask loss: 0.2879 - LR: 0.00010
2025-06-04 12:53 - INFO - Epoch 33 - Train loss: 0.2753 - Val loss: 0.2581 - Boundary loss: 0.2130 - Mask loss: 0.2881 - LR: 0.00010
2025-06-04 12:54 - INFO - Epoch 34 - Train loss: 0.2767 - Val loss: 0.2620 - Boundary loss: 0.2115 - Mask loss: 0.2956 - LR: 0.00010
2025-06-04 12:55 - INFO - Epoch 35 - Train loss: 0.2717 - Val loss: 0.2558 - Boundary loss: 0.2062 - Mask loss: 0.2889 - LR: 0.00010
2025-06-04 12:56 - INFO - Epoch 36 - Train loss: 0.2652 - Val loss: 0.2599 - Boundary loss: 0.2055 - Mask loss: 0.2961 - LR: 0.00010
2025-06-04 12:57 - INFO - Epoch 37 - Train loss: 0.2680 - Val loss: 0.2608 - Boundary loss: 0.2043 - Mask loss: 0.2985 - LR: 0.00010
2025-06-04 12:58 - INFO - Epoch 38 - Train loss: 0.2620 - Val loss: 0.2519 - Boundary loss: 0.2012 - Mask loss: 0.2857 - LR: 0.00010
2025-06-04 12:59 - INFO - Epoch 39 - Train loss: 0.2660 - Val loss: 0.2510 - Boundary loss: 0.2014 - Mask loss: 0.2841 - LR: 0.00010
2025-06-04 12:59 - INFO - Epoch 40 - Train loss: 0.2575 - Val loss: 0.2450 - Boundary loss: 0.2009 - Mask loss: 0.2744 - LR: 0.00010
2025-06-04 12:59 - INFO - Checkpoint 40 saved!
2025-06-04 13:00 - INFO - Epoch 41 - Train loss: 0.2573 - Val loss: 0.2539 - Boundary loss: 0.2192 - Mask loss: 0.2771 - LR: 0.00010
2025-06-04 13:01 - INFO - Epoch 42 - Train loss: 0.2541 - Val loss: 0.2472 - Boundary loss: 0.1994 - Mask loss: 0.2790 - LR: 0.00010
2025-06-04 13:02 - INFO - Epoch 43 - Train loss: 0.2553 - Val loss: 0.2484 - Boundary loss: 0.1999 - Mask loss: 0.2808 - LR: 0.00010
2025-06-04 13:03 - INFO - Epoch 44 - Train loss: 0.2521 - Val loss: 0.2512 - Boundary loss: 0.2010 - Mask loss: 0.2847 - LR: 0.00010
2025-06-04 13:04 - INFO - Epoch 45 - Train loss: 0.2557 - Val loss: 0.2499 - Boundary loss: 0.1964 - Mask loss: 0.2855 - LR: 0.00010
2025-06-04 13:05 - INFO - Epoch 46 - Train loss: 0.2486 - Val loss: 0.2454 - Boundary loss: 0.1956 - Mask loss: 0.2786 - LR: 0.00010
2025-06-04 13:06 - INFO - Epoch 47 - Train loss: 0.2583 - Val loss: 0.2717 - Boundary loss: 0.1997 - Mask loss: 0.3196 - LR: 0.00010
2025-06-04 13:07 - INFO - Epoch 48 - Train loss: 0.2601 - Val loss: 0.2493 - Boundary loss: 0.1982 - Mask loss: 0.2834 - LR: 0.00010
2025-06-04 13:08 - INFO - Epoch 49 - Train loss: 0.2454 - Val loss: 0.2444 - Boundary loss: 0.1962 - Mask loss: 0.2766 - LR: 0.00010
2025-06-04 13:09 - INFO - Epoch 50 - Train loss: 0.2460 - Val loss: 0.2451 - Boundary loss: 0.1964 - Mask loss: 0.2776 - LR: 0.00010
2025-06-04 13:09 - INFO - Checkpoint 50 saved!
2025-06-04 13:09 - INFO - Epoch 51 - Train loss: 0.2491 - Val loss: 0.2446 - Boundary loss: 0.1948 - Mask loss: 0.2777 - LR: 0.00010
2025-06-04 13:10 - INFO - Epoch 52 - Train loss: 0.2412 - Val loss: 0.2423 - Boundary loss: 0.1945 - Mask loss: 0.2741 - LR: 0.00010
2025-06-04 13:11 - INFO - Epoch 53 - Train loss: 0.2403 - Val loss: 0.2456 - Boundary loss: 0.1930 - Mask loss: 0.2808 - LR: 0.00010
2025-06-04 13:12 - INFO - Epoch 54 - Train loss: 0.2435 - Val loss: 0.2451 - Boundary loss: 0.1914 - Mask loss: 0.2809 - LR: 0.00010
2025-06-04 13:13 - INFO - Epoch 55 - Train loss: 0.2363 - Val loss: 0.2423 - Boundary loss: 0.1917 - Mask loss: 0.2761 - LR: 0.00010
2025-06-04 13:14 - INFO - Epoch 56 - Train loss: 0.2359 - Val loss: 0.2370 - Boundary loss: 0.1897 - Mask loss: 0.2685 - LR: 0.00010
2025-06-04 13:15 - INFO - Epoch 57 - Train loss: 0.2335 - Val loss: 0.2405 - Boundary loss: 0.1902 - Mask loss: 0.2740 - LR: 0.00010
2025-06-04 13:16 - INFO - Epoch 58 - Train loss: 0.2350 - Val loss: 0.2445 - Boundary loss: 0.1910 - Mask loss: 0.2801 - LR: 0.00010
2025-06-04 13:17 - INFO - Epoch 59 - Train loss: 0.2397 - Val loss: 0.2493 - Boundary loss: 0.1931 - Mask loss: 0.2868 - LR: 0.00010
2025-06-04 13:18 - INFO - Epoch 60 - Train loss: 0.2425 - Val loss: 0.2430 - Boundary loss: 0.1921 - Mask loss: 0.2770 - LR: 0.00010
2025-06-04 13:18 - INFO - Checkpoint 60 saved!
2025-06-04 13:19 - INFO - Epoch 61 - Train loss: 0.2352 - Val loss: 0.2391 - Boundary loss: 0.1892 - Mask loss: 0.2724 - LR: 0.00010
2025-06-04 13:19 - INFO - Epoch 62 - Train loss: 0.2285 - Val loss: 0.2392 - Boundary loss: 0.1894 - Mask loss: 0.2723 - LR: 0.00010
2025-06-04 13:20 - INFO - Epoch 63 - Train loss: 0.2262 - Val loss: 0.2485 - Boundary loss: 0.1897 - Mask loss: 0.2877 - LR: 0.00010
2025-06-04 13:21 - INFO - Epoch 64 - Train loss: 0.2283 - Val loss: 0.2376 - Boundary loss: 0.1888 - Mask loss: 0.2701 - LR: 0.00010
2025-06-04 13:22 - INFO - Epoch 65 - Train loss: 0.2266 - Val loss: 0.2356 - Boundary loss: 0.1884 - Mask loss: 0.2670 - LR: 0.00010
2025-06-04 13:23 - INFO - Epoch 66 - Train loss: 0.2238 - Val loss: 0.2362 - Boundary loss: 0.1874 - Mask loss: 0.2688 - LR: 0.00010
2025-06-04 13:24 - INFO - Epoch 67 - Train loss: 0.2241 - Val loss: 0.2343 - Boundary loss: 0.1873 - Mask loss: 0.2657 - LR: 0.00010
2025-06-04 13:25 - INFO - Epoch 68 - Train loss: 0.2223 - Val loss: 0.2336 - Boundary loss: 0.1864 - Mask loss: 0.2650 - LR: 0.00010
2025-06-04 13:26 - INFO - Epoch 69 - Train loss: 0.2175 - Val loss: 0.2349 - Boundary loss: 0.1867 - Mask loss: 0.2670 - LR: 0.00010
2025-06-04 13:27 - INFO - Epoch 70 - Train loss: 0.2217 - Val loss: 0.2300 - Boundary loss: 0.1866 - Mask loss: 0.2589 - LR: 0.00010
2025-06-04 13:27 - INFO - Checkpoint 70 saved!
2025-06-04 13:28 - INFO - Epoch 71 - Train loss: 0.2170 - Val loss: 0.2344 - Boundary loss: 0.1868 - Mask loss: 0.2661 - LR: 0.00010
2025-06-04 13:29 - INFO - Epoch 72 - Train loss: 0.2173 - Val loss: 0.2375 - Boundary loss: 0.1887 - Mask loss: 0.2700 - LR: 0.00010
2025-06-04 13:29 - INFO - Epoch 73 - Train loss: 0.2151 - Val loss: 0.2371 - Boundary loss: 0.1862 - Mask loss: 0.2710 - LR: 0.00010
2025-06-04 13:30 - INFO - Epoch 74 - Train loss: 0.2168 - Val loss: 0.2327 - Boundary loss: 0.1852 - Mask loss: 0.2644 - LR: 0.00010
2025-06-04 13:31 - INFO - Epoch 75 - Train loss: 0.2145 - Val loss: 0.2298 - Boundary loss: 0.1869 - Mask loss: 0.2585 - LR: 0.00010
2025-06-04 13:32 - INFO - Epoch 76 - Train loss: 0.2128 - Val loss: 0.2323 - Boundary loss: 0.1871 - Mask loss: 0.2623 - LR: 0.00010
2025-06-04 13:33 - INFO - Epoch 77 - Train loss: 0.2130 - Val loss: 0.2488 - Boundary loss: 0.1872 - Mask loss: 0.2898 - LR: 0.00010
2025-06-04 13:34 - INFO - Epoch 78 - Train loss: 0.2154 - Val loss: 0.2400 - Boundary loss: 0.1847 - Mask loss: 0.2768 - LR: 0.00010
2025-06-04 13:35 - INFO - Epoch 79 - Train loss: 0.2096 - Val loss: 0.2342 - Boundary loss: 0.1846 - Mask loss: 0.2672 - LR: 0.00010
2025-06-04 13:36 - INFO - Epoch 80 - Train loss: 0.2075 - Val loss: 0.2314 - Boundary loss: 0.1838 - Mask loss: 0.2631 - LR: 0.00010
2025-06-04 13:36 - INFO - Checkpoint 80 saved!
2025-06-04 13:37 - INFO - Epoch 81 - Train loss: 0.2074 - Val loss: 0.2327 - Boundary loss: 0.1865 - Mask loss: 0.2636 - LR: 0.00010
2025-06-04 13:38 - INFO - Epoch 82 - Train loss: 0.2059 - Val loss: 0.2327 - Boundary loss: 0.1842 - Mask loss: 0.2650 - LR: 0.00010
2025-06-04 13:39 - INFO - Epoch 83 - Train loss: 0.2043 - Val loss: 0.2312 - Boundary loss: 0.1901 - Mask loss: 0.2585 - LR: 0.00010
2025-06-04 13:40 - INFO - Epoch 84 - Train loss: 0.2082 - Val loss: 0.2386 - Boundary loss: 0.1852 - Mask loss: 0.2742 - LR: 0.00010
2025-06-04 13:40 - INFO - Epoch 85 - Train loss: 0.2047 - Val loss: 0.2355 - Boundary loss: 0.1833 - Mask loss: 0.2703 - LR: 0.00010
2025-06-04 13:41 - INFO - Epoch 86 - Train loss: 0.2018 - Val loss: 0.2326 - Boundary loss: 0.1844 - Mask loss: 0.2648 - LR: 0.00010
2025-06-04 13:42 - INFO - Epoch 87 - Train loss: 0.1983 - Val loss: 0.2310 - Boundary loss: 0.1826 - Mask loss: 0.2633 - LR: 0.00010
2025-06-04 13:43 - INFO - Epoch 88 - Train loss: 0.1977 - Val loss: 0.2306 - Boundary loss: 0.1821 - Mask loss: 0.2630 - LR: 0.00010
2025-06-04 13:44 - INFO - Epoch 89 - Train loss: 0.1980 - Val loss: 0.2356 - Boundary loss: 0.1837 - Mask loss: 0.2702 - LR: 0.00010
2025-06-04 13:45 - INFO - Epoch 90 - Train loss: 0.1955 - Val loss: 0.2303 - Boundary loss: 0.1819 - Mask loss: 0.2626 - LR: 0.00010
2025-06-04 13:45 - INFO - Checkpoint 90 saved!
2025-06-04 13:46 - INFO - Epoch 91 - Train loss: 0.1980 - Val loss: 0.2305 - Boundary loss: 0.1822 - Mask loss: 0.2628 - LR: 0.00010
2025-06-04 13:47 - INFO - Epoch 92 - Train loss: 0.1951 - Val loss: 0.2329 - Boundary loss: 0.1845 - Mask loss: 0.2651 - LR: 0.00010
2025-06-04 13:48 - INFO - Epoch 93 - Train loss: 0.1927 - Val loss: 0.2326 - Boundary loss: 0.1823 - Mask loss: 0.2662 - LR: 0.00010
2025-06-04 13:49 - INFO - Epoch 94 - Train loss: 0.1907 - Val loss: 0.2310 - Boundary loss: 0.1829 - Mask loss: 0.2631 - LR: 0.00010
2025-06-04 13:50 - INFO - Epoch 95 - Train loss: 0.1896 - Val loss: 0.2328 - Boundary loss: 0.1816 - Mask loss: 0.2670 - LR: 0.00010
2025-06-04 13:50 - INFO - Epoch 96 - Train loss: 0.1884 - Val loss: 0.2314 - Boundary loss: 0.1826 - Mask loss: 0.2639 - LR: 0.00010
2025-06-04 13:51 - INFO - Epoch 97 - Train loss: 0.1892 - Val loss: 0.2343 - Boundary loss: 0.1814 - Mask loss: 0.2695 - LR: 0.00010
2025-06-04 13:52 - INFO - Epoch 98 - Train loss: 0.1900 - Val loss: 0.2298 - Boundary loss: 0.1831 - Mask loss: 0.2610 - LR: 0.00010
2025-06-04 13:53 - INFO - Epoch 99 - Train loss: 0.1915 - Val loss: 0.2350 - Boundary loss: 0.1842 - Mask loss: 0.2689 - LR: 0.00010
2025-06-04 13:54 - INFO - Epoch 100 - Train loss: 0.1875 - Val loss: 0.2286 - Boundary loss: 0.1820 - Mask loss: 0.2597 - LR: 0.00010
2025-06-04 13:54 - INFO - Checkpoint 100 saved!
