2025-06-16 09:42 - INFO - Creating dataset with 266 examples
2025-06-16 09:42 - INFO - Starting training:
        Model:           only_TAB
        Loss rate:       (0.6, 0.4)
        Epochs:          100
        Batch size:      2
        Learning rate:   0.0001
        Training size:   240
        Validation size: 26
        Device:          cuda
        Checkpoints:     True
    
2025-06-16 09:42 - INFO - Model config saved to F:\Bo Yu\Bsinet_yb\Mymodel\para\hl\only_TAB\model_config_only_TAB.yaml
2025-06-16 09:43 - INFO - Epoch 1 - Train loss: 0.5866 - Val loss: 0.5136 - Boundary loss: 0.4180 - Mask loss: 0.5773 - LR: 0.00010
2025-06-16 09:43 - INFO - Epoch 2 - Train loss: 0.5345 - Val loss: 0.5016 - Boundary loss: 0.4025 - Mask loss: 0.5677 - LR: 0.00010
2025-06-16 09:44 - INFO - Epoch 3 - Train loss: 0.5013 - Val loss: 0.4421 - Boundary loss: 0.3600 - Mask loss: 0.4968 - LR: 0.00010
2025-06-16 09:45 - INFO - Epoch 4 - Train loss: 0.4769 - Val loss: 0.4113 - Boundary loss: 0.3389 - Mask loss: 0.4596 - LR: 0.00010
2025-06-16 09:46 - INFO - Epoch 5 - Train loss: 0.4544 - Val loss: 0.4027 - Boundary loss: 0.3226 - Mask loss: 0.4561 - LR: 0.00010
2025-06-16 09:46 - INFO - Epoch 6 - Train loss: 0.4332 - Val loss: 0.3837 - Boundary loss: 0.3057 - Mask loss: 0.4358 - LR: 0.00010
2025-06-16 09:47 - INFO - Epoch 7 - Train loss: 0.4171 - Val loss: 0.3762 - Boundary loss: 0.2932 - Mask loss: 0.4315 - LR: 0.00010
2025-06-16 09:48 - INFO - Epoch 8 - Train loss: 0.4003 - Val loss: 0.3584 - Boundary loss: 0.2814 - Mask loss: 0.4097 - LR: 0.00010
2025-06-16 09:49 - INFO - Epoch 9 - Train loss: 0.3889 - Val loss: 0.3439 - Boundary loss: 0.2724 - Mask loss: 0.3915 - LR: 0.00010
2025-06-16 09:50 - INFO - Epoch 10 - Train loss: 0.3749 - Val loss: 0.3323 - Boundary loss: 0.2663 - Mask loss: 0.3763 - LR: 0.00010
2025-06-16 09:50 - INFO - Checkpoint 10 saved!
2025-06-16 09:50 - INFO - Epoch 11 - Train loss: 0.3674 - Val loss: 0.3412 - Boundary loss: 0.2659 - Mask loss: 0.3914 - LR: 0.00010
2025-06-16 09:51 - INFO - Epoch 12 - Train loss: 0.3573 - Val loss: 0.3020 - Boundary loss: 0.2439 - Mask loss: 0.3408 - LR: 0.00010
2025-06-16 09:52 - INFO - Epoch 13 - Train loss: 0.3491 - Val loss: 0.2978 - Boundary loss: 0.2402 - Mask loss: 0.3362 - LR: 0.00010
2025-06-16 09:53 - INFO - Epoch 14 - Train loss: 0.3382 - Val loss: 0.2980 - Boundary loss: 0.2342 - Mask loss: 0.3405 - LR: 0.00010
2025-06-16 09:54 - INFO - Epoch 15 - Train loss: 0.3360 - Val loss: 0.3119 - Boundary loss: 0.2316 - Mask loss: 0.3654 - LR: 0.00010
2025-06-16 09:54 - INFO - Epoch 16 - Train loss: 0.3257 - Val loss: 0.2954 - Boundary loss: 0.2276 - Mask loss: 0.3406 - LR: 0.00010
2025-06-16 09:55 - INFO - Epoch 17 - Train loss: 0.3197 - Val loss: 0.2721 - Boundary loss: 0.2199 - Mask loss: 0.3068 - LR: 0.00010
2025-06-16 09:56 - INFO - Epoch 18 - Train loss: 0.3138 - Val loss: 0.2724 - Boundary loss: 0.2223 - Mask loss: 0.3058 - LR: 0.00010
2025-06-16 09:57 - INFO - Epoch 19 - Train loss: 0.3132 - Val loss: 0.2760 - Boundary loss: 0.2213 - Mask loss: 0.3125 - LR: 0.00010
2025-06-16 09:58 - INFO - Epoch 20 - Train loss: 0.3042 - Val loss: 0.2875 - Boundary loss: 0.2189 - Mask loss: 0.3333 - LR: 0.00010
2025-06-16 09:58 - INFO - Checkpoint 20 saved!
2025-06-16 09:58 - INFO - Epoch 21 - Train loss: 0.3008 - Val loss: 0.2574 - Boundary loss: 0.2089 - Mask loss: 0.2897 - LR: 0.00010
2025-06-16 09:59 - INFO - Epoch 22 - Train loss: 0.2913 - Val loss: 0.2611 - Boundary loss: 0.2090 - Mask loss: 0.2958 - LR: 0.00010
2025-06-16 10:00 - INFO - Epoch 23 - Train loss: 0.2948 - Val loss: 0.2596 - Boundary loss: 0.2098 - Mask loss: 0.2928 - LR: 0.00010
2025-06-16 10:01 - INFO - Epoch 24 - Train loss: 0.2836 - Val loss: 0.2538 - Boundary loss: 0.2056 - Mask loss: 0.2858 - LR: 0.00010
2025-06-16 10:02 - INFO - Epoch 25 - Train loss: 0.2834 - Val loss: 0.2486 - Boundary loss: 0.2013 - Mask loss: 0.2802 - LR: 0.00010
2025-06-16 10:02 - INFO - Epoch 26 - Train loss: 0.2832 - Val loss: 0.2744 - Boundary loss: 0.2109 - Mask loss: 0.3167 - LR: 0.00010
2025-06-16 10:03 - INFO - Epoch 27 - Train loss: 0.2810 - Val loss: 0.2488 - Boundary loss: 0.2006 - Mask loss: 0.2809 - LR: 0.00010
2025-06-16 10:04 - INFO - Epoch 28 - Train loss: 0.2826 - Val loss: 0.2462 - Boundary loss: 0.2024 - Mask loss: 0.2755 - LR: 0.00010
2025-06-16 10:05 - INFO - Epoch 29 - Train loss: 0.2756 - Val loss: 0.2461 - Boundary loss: 0.1989 - Mask loss: 0.2775 - LR: 0.00010
2025-06-16 10:06 - INFO - Epoch 30 - Train loss: 0.2696 - Val loss: 0.2492 - Boundary loss: 0.1977 - Mask loss: 0.2836 - LR: 0.00010
2025-06-16 10:06 - INFO - Checkpoint 30 saved!
2025-06-16 10:06 - INFO - Epoch 31 - Train loss: 0.2663 - Val loss: 0.2447 - Boundary loss: 0.1970 - Mask loss: 0.2765 - LR: 0.00010
2025-06-16 10:07 - INFO - Epoch 32 - Train loss: 0.2686 - Val loss: 0.2452 - Boundary loss: 0.1972 - Mask loss: 0.2771 - LR: 0.00010
2025-06-16 10:08 - INFO - Epoch 33 - Train loss: 0.2654 - Val loss: 0.2368 - Boundary loss: 0.1961 - Mask loss: 0.2639 - LR: 0.00010
2025-06-16 10:09 - INFO - Epoch 34 - Train loss: 0.2628 - Val loss: 0.2440 - Boundary loss: 0.1954 - Mask loss: 0.2764 - LR: 0.00010
2025-06-16 10:10 - INFO - Epoch 35 - Train loss: 0.2617 - Val loss: 0.2327 - Boundary loss: 0.1921 - Mask loss: 0.2598 - LR: 0.00010
2025-06-16 10:10 - INFO - Epoch 36 - Train loss: 0.2590 - Val loss: 0.2458 - Boundary loss: 0.2002 - Mask loss: 0.2762 - LR: 0.00010
2025-06-16 10:11 - INFO - Epoch 37 - Train loss: 0.2592 - Val loss: 0.2406 - Boundary loss: 0.1942 - Mask loss: 0.2716 - LR: 0.00010
2025-06-16 10:12 - INFO - Epoch 38 - Train loss: 0.2520 - Val loss: 0.2361 - Boundary loss: 0.1936 - Mask loss: 0.2644 - LR: 0.00010
2025-06-16 10:13 - INFO - Epoch 39 - Train loss: 0.2561 - Val loss: 0.2384 - Boundary loss: 0.1952 - Mask loss: 0.2672 - LR: 0.00010
2025-06-16 10:14 - INFO - Epoch 40 - Train loss: 0.2504 - Val loss: 0.2393 - Boundary loss: 0.1932 - Mask loss: 0.2700 - LR: 0.00010
2025-06-16 10:14 - INFO - Checkpoint 40 saved!
2025-06-16 10:14 - INFO - Epoch 41 - Train loss: 0.2536 - Val loss: 0.2388 - Boundary loss: 0.1926 - Mask loss: 0.2696 - LR: 0.00010
2025-06-16 10:15 - INFO - Epoch 42 - Train loss: 0.2463 - Val loss: 0.2264 - Boundary loss: 0.1890 - Mask loss: 0.2514 - LR: 0.00010
2025-06-16 10:16 - INFO - Epoch 43 - Train loss: 0.2418 - Val loss: 0.2279 - Boundary loss: 0.1890 - Mask loss: 0.2538 - LR: 0.00010
2025-06-16 10:17 - INFO - Epoch 44 - Train loss: 0.2409 - Val loss: 0.2359 - Boundary loss: 0.1914 - Mask loss: 0.2656 - LR: 0.00010
2025-06-16 10:18 - INFO - Epoch 45 - Train loss: 0.2390 - Val loss: 0.2275 - Boundary loss: 0.1884 - Mask loss: 0.2535 - LR: 0.00010
2025-06-16 10:18 - INFO - Epoch 46 - Train loss: 0.2405 - Val loss: 0.2344 - Boundary loss: 0.1917 - Mask loss: 0.2628 - LR: 0.00010
2025-06-16 10:19 - INFO - Epoch 47 - Train loss: 0.2401 - Val loss: 0.2240 - Boundary loss: 0.1875 - Mask loss: 0.2483 - LR: 0.00010
2025-06-16 10:20 - INFO - Epoch 48 - Train loss: 0.2371 - Val loss: 0.2259 - Boundary loss: 0.1890 - Mask loss: 0.2505 - LR: 0.00010
2025-06-16 10:21 - INFO - Epoch 49 - Train loss: 0.2363 - Val loss: 0.2195 - Boundary loss: 0.1859 - Mask loss: 0.2419 - LR: 0.00010
2025-06-16 10:22 - INFO - Epoch 50 - Train loss: 0.2359 - Val loss: 0.2297 - Boundary loss: 0.1884 - Mask loss: 0.2572 - LR: 0.00010
2025-06-16 10:22 - INFO - Checkpoint 50 saved!
2025-06-16 10:22 - INFO - Epoch 51 - Train loss: 0.2380 - Val loss: 0.2362 - Boundary loss: 0.1897 - Mask loss: 0.2671 - LR: 0.00010
2025-06-16 10:23 - INFO - Epoch 52 - Train loss: 0.2337 - Val loss: 0.2227 - Boundary loss: 0.1863 - Mask loss: 0.2470 - LR: 0.00010
2025-06-16 10:24 - INFO - Epoch 53 - Train loss: 0.2296 - Val loss: 0.2291 - Boundary loss: 0.1874 - Mask loss: 0.2569 - LR: 0.00010
2025-06-16 10:25 - INFO - Epoch 54 - Train loss: 0.2291 - Val loss: 0.2189 - Boundary loss: 0.1854 - Mask loss: 0.2413 - LR: 0.00010
2025-06-16 10:26 - INFO - Epoch 55 - Train loss: 0.2284 - Val loss: 0.2247 - Boundary loss: 0.1863 - Mask loss: 0.2503 - LR: 0.00010
2025-06-16 10:26 - INFO - Epoch 56 - Train loss: 0.2242 - Val loss: 0.2178 - Boundary loss: 0.1845 - Mask loss: 0.2400 - LR: 0.00010
2025-06-16 10:27 - INFO - Epoch 57 - Train loss: 0.2266 - Val loss: 0.2223 - Boundary loss: 0.1856 - Mask loss: 0.2468 - LR: 0.00010
2025-06-16 10:28 - INFO - Epoch 58 - Train loss: 0.2226 - Val loss: 0.2255 - Boundary loss: 0.1862 - Mask loss: 0.2517 - LR: 0.00010
2025-06-16 10:29 - INFO - Epoch 59 - Train loss: 0.2169 - Val loss: 0.2238 - Boundary loss: 0.1848 - Mask loss: 0.2499 - LR: 0.00010
2025-06-16 10:30 - INFO - Epoch 60 - Train loss: 0.2157 - Val loss: 0.2176 - Boundary loss: 0.1834 - Mask loss: 0.2404 - LR: 0.00010
2025-06-16 10:30 - INFO - Checkpoint 60 saved!
2025-06-16 10:30 - INFO - Epoch 61 - Train loss: 0.2154 - Val loss: 0.2232 - Boundary loss: 0.1850 - Mask loss: 0.2486 - LR: 0.00010
2025-06-16 10:31 - INFO - Epoch 62 - Train loss: 0.2143 - Val loss: 0.2176 - Boundary loss: 0.1828 - Mask loss: 0.2408 - LR: 0.00010
2025-06-16 10:32 - INFO - Epoch 63 - Train loss: 0.2119 - Val loss: 0.2200 - Boundary loss: 0.1853 - Mask loss: 0.2430 - LR: 0.00010
2025-06-16 10:33 - INFO - Epoch 64 - Train loss: 0.2129 - Val loss: 0.2190 - Boundary loss: 0.1839 - Mask loss: 0.2425 - LR: 0.00010
2025-06-16 10:34 - INFO - Epoch 65 - Train loss: 0.2096 - Val loss: 0.2177 - Boundary loss: 0.1837 - Mask loss: 0.2404 - LR: 0.00010
2025-06-16 10:34 - INFO - Epoch 66 - Train loss: 0.2105 - Val loss: 0.2227 - Boundary loss: 0.1827 - Mask loss: 0.2493 - LR: 0.00010
2025-06-16 10:35 - INFO - Epoch 67 - Train loss: 0.2077 - Val loss: 0.2160 - Boundary loss: 0.1830 - Mask loss: 0.2379 - LR: 0.00010
2025-06-16 10:36 - INFO - Epoch 68 - Train loss: 0.2087 - Val loss: 0.2255 - Boundary loss: 0.1844 - Mask loss: 0.2528 - LR: 0.00010
2025-06-16 10:37 - INFO - Epoch 69 - Train loss: 0.2054 - Val loss: 0.2200 - Boundary loss: 0.1822 - Mask loss: 0.2452 - LR: 0.00010
2025-06-16 10:38 - INFO - Epoch 70 - Train loss: 0.2029 - Val loss: 0.2121 - Boundary loss: 0.1801 - Mask loss: 0.2335 - LR: 0.00010
2025-06-16 10:38 - INFO - Checkpoint 70 saved!
2025-06-16 10:38 - INFO - Epoch 71 - Train loss: 0.2041 - Val loss: 0.2186 - Boundary loss: 0.1821 - Mask loss: 0.2428 - LR: 0.00010
2025-06-16 10:39 - INFO - Epoch 72 - Train loss: 0.2034 - Val loss: 0.2181 - Boundary loss: 0.1818 - Mask loss: 0.2422 - LR: 0.00010
2025-06-16 10:40 - INFO - Epoch 73 - Train loss: 0.1983 - Val loss: 0.2222 - Boundary loss: 0.1830 - Mask loss: 0.2482 - LR: 0.00010
2025-06-16 10:41 - INFO - Epoch 74 - Train loss: 0.2016 - Val loss: 0.2329 - Boundary loss: 0.1857 - Mask loss: 0.2643 - LR: 0.00010
2025-06-16 10:42 - INFO - Epoch 75 - Train loss: 0.1999 - Val loss: 0.2201 - Boundary loss: 0.1823 - Mask loss: 0.2453 - LR: 0.00010
2025-06-16 10:42 - INFO - Epoch 76 - Train loss: 0.1975 - Val loss: 0.2222 - Boundary loss: 0.1823 - Mask loss: 0.2487 - LR: 0.00010
2025-06-16 10:43 - INFO - Epoch 77 - Train loss: 0.1960 - Val loss: 0.2203 - Boundary loss: 0.1825 - Mask loss: 0.2455 - LR: 0.00010
2025-06-16 10:44 - INFO - Epoch 78 - Train loss: 0.1988 - Val loss: 0.2179 - Boundary loss: 0.1815 - Mask loss: 0.2423 - LR: 0.00010
2025-06-16 10:45 - INFO - Epoch 79 - Train loss: 0.1982 - Val loss: 0.2184 - Boundary loss: 0.1828 - Mask loss: 0.2422 - LR: 0.00010
2025-06-16 10:45 - INFO - Epoch 80 - Train loss: 0.1915 - Val loss: 0.2184 - Boundary loss: 0.1813 - Mask loss: 0.2431 - LR: 0.00010
2025-06-16 10:46 - INFO - Checkpoint 80 saved!
2025-06-16 10:46 - INFO - Epoch 81 - Train loss: 0.1919 - Val loss: 0.2191 - Boundary loss: 0.1824 - Mask loss: 0.2435 - LR: 0.00010
2025-06-16 10:47 - INFO - Epoch 82 - Train loss: 0.1885 - Val loss: 0.2155 - Boundary loss: 0.1812 - Mask loss: 0.2384 - LR: 0.00010
2025-06-16 10:48 - INFO - Epoch 83 - Train loss: 0.1851 - Val loss: 0.2141 - Boundary loss: 0.1806 - Mask loss: 0.2365 - LR: 0.00010
2025-06-16 10:49 - INFO - Epoch 84 - Train loss: 0.1851 - Val loss: 0.2142 - Boundary loss: 0.1798 - Mask loss: 0.2372 - LR: 0.00010
2025-06-16 10:49 - INFO - Epoch 85 - Train loss: 0.1822 - Val loss: 0.2160 - Boundary loss: 0.1822 - Mask loss: 0.2385 - LR: 0.00010
2025-06-16 10:50 - INFO - Epoch 86 - Train loss: 0.1815 - Val loss: 0.2155 - Boundary loss: 0.1806 - Mask loss: 0.2387 - LR: 0.00010
2025-06-16 10:51 - INFO - Epoch 87 - Train loss: 0.1838 - Val loss: 0.2190 - Boundary loss: 0.1825 - Mask loss: 0.2433 - LR: 0.00010
2025-06-16 10:52 - INFO - Epoch 88 - Train loss: 0.1817 - Val loss: 0.2205 - Boundary loss: 0.1815 - Mask loss: 0.2465 - LR: 0.00010
2025-06-16 10:53 - INFO - Epoch 89 - Train loss: 0.1806 - Val loss: 0.2155 - Boundary loss: 0.1810 - Mask loss: 0.2385 - LR: 0.00010
2025-06-16 10:53 - INFO - Epoch 90 - Train loss: 0.1774 - Val loss: 0.2180 - Boundary loss: 0.1806 - Mask loss: 0.2429 - LR: 0.00010
2025-06-16 10:53 - INFO - Checkpoint 90 saved!
2025-06-16 10:54 - INFO - Epoch 91 - Train loss: 0.1783 - Val loss: 0.2183 - Boundary loss: 0.1813 - Mask loss: 0.2430 - LR: 0.00010
2025-06-16 10:55 - INFO - Epoch 92 - Train loss: 0.1762 - Val loss: 0.2206 - Boundary loss: 0.1827 - Mask loss: 0.2459 - LR: 0.00010
2025-06-16 10:56 - INFO - Epoch 93 - Train loss: 0.1740 - Val loss: 0.2216 - Boundary loss: 0.1837 - Mask loss: 0.2469 - LR: 0.00010
2025-06-16 10:57 - INFO - Epoch 94 - Train loss: 0.1716 - Val loss: 0.2191 - Boundary loss: 0.1819 - Mask loss: 0.2439 - LR: 0.00010
2025-06-16 10:57 - INFO - Epoch 95 - Train loss: 0.1728 - Val loss: 0.2177 - Boundary loss: 0.1821 - Mask loss: 0.2414 - LR: 0.00010
2025-06-16 10:58 - INFO - Epoch 96 - Train loss: 0.1718 - Val loss: 0.2178 - Boundary loss: 0.1822 - Mask loss: 0.2415 - LR: 0.00010
2025-06-16 10:59 - INFO - Epoch 97 - Train loss: 0.1687 - Val loss: 0.2173 - Boundary loss: 0.1817 - Mask loss: 0.2411 - LR: 0.00010
2025-06-16 11:00 - INFO - Epoch 98 - Train loss: 0.1705 - Val loss: 0.2216 - Boundary loss: 0.1845 - Mask loss: 0.2463 - LR: 0.00010
2025-06-16 11:01 - INFO - Epoch 99 - Train loss: 0.1709 - Val loss: 0.2230 - Boundary loss: 0.1824 - Mask loss: 0.2501 - LR: 0.00010
2025-06-16 11:01 - INFO - Epoch 100 - Train loss: 0.1693 - Val loss: 0.2219 - Boundary loss: 0.1834 - Mask loss: 0.2475 - LR: 0.00010
2025-06-16 11:02 - INFO - Checkpoint 100 saved!
